=== limit point (94/77,-17/77,1): P_*(1;k), Phi_*(1;k) ===
k=      3: P0*=-0.0005459602  P*(1)=-0.00057604386  Phi*(1)=-0.0023940453  Phi*(1)/|Y0|=-0.98315462
k=      5: P0*=-0.00015557359  P*(1)=-0.00019247566  Phi*(1)=-0.0023766034  Phi*(1)/|Y0|=-0.9759918
k=      8: P0*=3.4274121e-5  P*(1)=-8.8620776e-6  Phi*(1)=-0.0023559848  Phi*(1)/|Y0|=-0.96752443
k=    8.5: P0*=5.0766723e-5  P*(1)=6.8471859e-6  Phi*(1)=-0.0023529802  Phi*(1)/|Y0|=-0.96629054
k=      9: P0*=6.4983521e-5  P*(1)=2.0331786e-5  Phi*(1)=-0.0023500726  Phi*(1)/|Y0|=-0.96509649
k=     12: P0*=0.00011967202  P*(1)=7.1447014e-5  Phi*(1)=-0.0023343159  Phi*(1)/|Y0|=-0.95862572
k=     16: P0*=0.00015230831  P*(1)=0.00010073912  Phi*(1)=-0.0023166429  Phi*(1)/|Y0|=-0.95136801
k=     30: P0*=0.00017643629  P*(1)=0.00011856215  Phi*(1)=-0.0022712153  Phi*(1)/|Y0|=-0.93271242
k=    100: P0*=0.00015115643  P*(1)=8.5456726e-5  Phi*(1)=-0.0021589575  Phi*(1)/|Y0|=-0.88661186
k=   1000: P0*=9.3629223e-5  P*(1)=2.4033786e-5  Phi*(1)=-0.0018745643  Phi*(1)/|Y0|=-0.76982108
k=  10000: P0*=7.3984726e-5  P*(1)=5.1430115e-6  Phi*(1)=-0.0015537129  Phi*(1)/|Y0|=-0.63805808
=== path gamma(1-eps): S1 signs and Phi(tau1) ===
eps=1e-2 k=    5: P0=-3.32146e-5 P(tau)=(-5.6503e-5,-5.6502e-5,-5.6502e-5) S1=False  Phi(tau1)=-0.002533806 Phi/|Y0|=-0.98889
eps=1e-2 k=    8: P0=0.000166551 P(tau)=(0.00014014,0.00014014,0.00014014) S1=False  Phi(tau1)=-0.00252603 Phi/|Y0|=-0.985855
eps=1e-2 k=  8.5: P0=0.000183905 P(tau)=(0.00015712,0.00015712,0.00015712) S1=False  Phi(tau1)=-0.002524974 Phi/|Y0|=-0.985443
eps=1e-2 k=    9: P0=0.000198864 P(tau)=(0.00017174,0.00017174,0.00017174) S1=False  Phi(tau1)=-0.002523971 Phi/|Y0|=-0.985052
eps=1e-2 k=   12: P0=0.00025641 P(tau)=(0.00022769,0.00022769,0.00022769) S1=False  Phi(tau1)=-0.002518826 Phi/|Y0|=-0.983044
eps=1e-2 k=   20: P0=0.000305896 P(tau)=(0.0002749,0.00027491,0.0002749) S1=False  Phi(tau1)=-0.002509589 Phi/|Y0|=-0.979439
eps=1e-2 k=   50: P0=0.000310464 P(tau)=(0.00027716,0.00027716,0.00027716) S1=False  Phi(tau1)=-0.002494531 Phi/|Y0|=-0.973562
eps=1e-2 k=  200: P0=0.000266649 P(tau)=(0.00023277,0.00023279,0.00023277) S1=False  Phi(tau1)=-0.002480008 Phi/|Y0|=-0.967894
eps=1e-3 k=    5: P0=-0.000131825 P(tau)=(-0.00016495,-0.00016495,-0.00016495) S1=False  Phi(tau1)=-0.002410752 Phi/|Y0|=-0.980144
eps=1e-3 k=    8: P0=5.99351e-5 P(tau)=(2.1525e-5,2.1525e-5,2.1525e-5) S1=False  Phi(tau1)=-0.002394651 Phi/|Y0|=-0.973598
