{
  "arithmetic": "exact rational SymPy; zero ODE calls",
  "N_left_bernstein_degrees": [
    4,
    4
  ],
  "N_left_bernstein_rows": [
    [
      "0",
      "0",
      "0",
      "0",
      "0"
    ],
    [
      "693",
      "24759/20",
      "35343/20",
      "11403/5",
      "27783/10"
    ],
    [
      "942",
      "15807/10",
      "114203/50",
      "150129/50",
      "92169/25"
    ],
    [
      "945",
      "2835/2",
      "82971/40",
      "1184841/400",
      "103194/25"
    ],
    [
      "900",
      "1440",
      "4551/2",
      "71127/20",
      "137592/25"
    ]
  ],
  "N_K_derivative": "-5*(x + 1)**2*(10*c**2*x - 16*c*x - 11*c + 5)/(11*c - 5)",
  "positive_root_coefficient_thresholds": [
    "21*(25*c**2 - 396*c + 305)/(25*(5*c**2 - 19*c + 5))",
    "4*(-1375*c**3 + 6529*c**2 - 13445*c + 7625)/(25*(20*c**2 - 43*c + 5))",
    "(-14465*c**3 + 47192*c**2 - 56089*c + 22570)/(50*c*(5*c - 8))"
  ],
  "A_bernstein_c_1_to_11_over_10": [
    "288",
    "1446/5",
    "31909/120",
    "34271/160",
    "26451/200"
  ],
  "minus_B_bernstein_c_11_over_10_to_8_over_5": [
    "17541/25",
    "352493/200",
    "559283/200",
    "101556/25",
    "141561/25"
  ],
  "quartic_recurrence_verified": true,
  "first_focal_numerator": "f_z*g_zz-f_zz*g_z = 2K",
  "analytic_density_necessary_order": "n = 4q = 16c/(2c+1)",
  "monic_quartic_one_sign_scalar_certificate_at_fold": "impossible for c>1/2, K!=0, m>0",
  "cycle_count_bound_proved": false,
  "fold_component_excluded": false
}
