medium accepted 1 D/amp -0.02279531970700551 c [-1.76659077  0.3300697   0.40523528  0.6451661   0.87920737] roots [1.07062003 1.47585531 2.12102141] lower 9.498350445071159 calls 33
medium accepted 2 D/amp -0.013382451028988107 c [-1.78525067  0.32622609  0.40010273  0.63349515  0.73590729] roots [1.14497242 1.54507515 2.1785703 ] lower 9.76916711068084 calls 53
medium accepted 3 D/amp -0.0073347599527187855 c [-1.80287387  0.32245216  0.39510891  0.62201575  0.58919314] roots [1.21621792 1.61132683 2.23334258] lower 10.0429342506147 calls 73
medium accepted 4 D/amp -0.0036281515154731217 c [-1.81909779  0.31889281  0.39032893  0.61086999  0.43816779] roots [1.28263211 1.67296104 2.28383103] lower 10.312181505331202 calls 93
medium accepted 5 D/amp -0.0014983356145189947 c [-1.83334483  0.31573382  0.38590472  0.60035374  0.28168286] roots [1.34159673 1.72750145 2.32785519] lower 10.563707130992968 calls 113
medium accepted 6 D/amp -0.0007859074158379504 c [-1.84461248  0.31323998  0.38213873  0.59115765  0.2       ] roots [1.3887258  1.77086453 2.36202218] lower 10.773561398970967 calls 133
medium accepted 7 D/amp -0.0005164275933552771 c [-1.87578474  0.30637316  0.37142827  0.56451497  0.2       ] roots [1.5199388  1.89136707 2.45588204] lower 11.413129211278592 calls 154
medium accepted 8 D/amp -0.000313120968141712 c [-1.9076854   0.29956297  0.36198336  0.5409635   0.2       ] roots [1.65166611 2.01364947 2.55461297] lower 12.179273100583455 calls 175
medium accepted 9 D/amp -0.00016341658280854025 c [-1.94045773  0.2932898   0.354136    0.52134449  0.2       ] roots [1.78105603 2.13519203 2.65653652] lower 13.124323889861248 calls 196
medium accepted 10 D/amp -6.672072957326638e-05 c [-1.97        0.28829352  0.34841186  0.50699483  0.2       ] roots [1.8928371  2.24124896 2.74824379] lower 14.172409179038286 calls 217
medium accepted 11 D/amp -5.3622083645282076e-05 c [-1.97        0.26872724  0.32695269  0.4530676   0.2       ] roots [2.059493   2.38644568 2.83951328] lower 14.32709100754475 calls 238
medium accepted 12 D/amp -4.224845244890515e-05 c [-1.97        0.2489084   0.30566527  0.39944204  0.2       ] roots [2.23616614 2.54183141 2.94127345] lower 14.501902439125951 calls 259
medium accepted 13 D/amp -3.252155294443734e-05 c [-1.97        0.22885612  0.28455335  0.34609496  0.2       ] roots [2.42470205 2.7092554  3.05535036] lower 14.700820842097045 calls 280
medium accepted 14 D/amp -2.4349416123268124e-05 c [-1.97        0.20858405  0.26362547  0.29300827  0.2       ] roots [2.62753959 2.89116506 3.18417333] lower 14.929205102341076 calls 301
medium accepted 15 D/amp -1.7627348345585158e-05 c [-1.97        0.18809991  0.24289668  0.24016966  0.2       ] roots [2.84798001 3.09087669 3.33104635] lower 15.194475393320102 calls 322
medium accepted 16 D/amp -1.223883649440108e-05 c [-1.97        0.16740452  0.22239115  0.18757378  0.2       ] roots [3.09063284 3.31302399 3.50059777] lower 15.507260235407928 calls 343
medium accepted 17 D/amp -8.056415536086247e-06 c [-1.97        0.14648987  0.20214635  0.13522442  0.2       ] roots [3.36219699 3.56434334 3.69956776] lower 15.883448437246145 calls 364
medium accepted 18 D/amp -4.942496908388778e-06 c [-1.97        0.12533555  0.18222031  0.08313859  0.2       ] roots [3.67293143 3.85515174 3.93829033] lower 16.348144257294656 calls 388
medium accepted 19 D/amp -3.7283856202701697e-06 c [-1.97        0.10390204  0.16270492  0.08        0.2       ] roots [4.02368263 4.18638754 4.26638754] lower 16.944817514791737 calls 412
medium accepted 20 D/amp -2.2150132821964317e-06 c [-1.97        0.07125785  0.1374576   0.08        0.2       ] roots [4.72137493 4.85883252 4.93883252] lower 18.27409549630125 calls 436
medium accepted 21 D/amp -1.7042308906767632e-06 c [-1.97        0.06        0.11930747  0.08        0.2       ] roots [5.04754548 5.16685295 5.24685295] lower 18.941456393035164 calls 460
medium accepted 22 D/amp -1.5381863668203603e-06 c [-1.97  0.06  0.08  0.08  0.2 ] roots [5.07358729 5.15358729 5.23358729] lower 18.940921117304153 calls 476
medium STOP projected gradient small calls 476
