strong_divided accepted 1 D/amp -0.0006958872938930375 c [-1.75679763  0.3242612   0.40490475  0.6442491   0.86440645] roots [1.76095031 2.16585507 2.81010417] lower 14.01803143277814 calls 34
strong_divided accepted 2 D/amp -0.0004395608434138957 c [-1.7641768   0.31428695  0.39943777  0.63161638  0.70443038] roots [1.82678131 2.22621909 2.85783546] lower 14.01368643034256 calls 55
strong_divided accepted 3 D/amp -0.00025504555402578686 c [-1.77077864  0.30521009  0.3941999   0.61936934  0.54205196] roots [1.88849386 2.28269377 2.90206311] lower 14.016775682781287 calls 76
strong_divided accepted 4 D/amp -0.0001291610486730341 c [-1.77642634  0.29729381  0.38931867  0.60777107  0.37691191] roots [1.94393479 2.33325346 2.94102453] lower 14.024491568719817 calls 96
strong_divided accepted 5 D/amp -4.9741584445374336e-05 c [-1.78089147  0.29090042  0.38502436  0.59733488  0.20865999] roots [1.99005471 2.37507907 2.97241395] lower 14.033693919242548 calls 116
strong_divided accepted 6 D/amp -4.475283561201343e-05 c [-1.78383168  0.28659241  0.38179172  0.5892158   0.2       ] roots [2.0220739  2.40386562 2.99308143] lower 14.040979981439552 calls 136
strong_divided accepted 7 D/amp -3.485554281415697e-05 c [-1.79895066  0.26442461  0.36519644  0.54744718  0.2       ] roots [2.19346697 2.55866341 3.10611059] lower 14.10784332729558 calls 157
strong_divided accepted 8 D/amp -2.6512663399484922e-05 c [-1.81436963  0.24179232  0.34910697  0.50693461  0.2       ] roots [2.38033414 2.72944111 3.23637572] lower 14.229636468645737 calls 178
strong_divided accepted 9 D/amp -1.9604965825035116e-05 c [-1.83004322  0.21860163  0.33360561  0.46787276  0.2       ] roots [2.58681044 2.92041605 3.38828881] lower 14.413922180611639 calls 199
strong_divided accepted 10 D/amp -1.4003578934978258e-05 c [-1.84591218  0.19473812  0.31879714  0.43051574  0.2       ] roots [2.81884806 3.13764521 3.56816095] lower 14.67246199083804 calls 220
strong_divided accepted 11 D/amp -9.572460980351819e-06 c [-1.86189253  0.1700612   0.30481719  0.39519899  0.2       ] roots [3.08543957 3.39025676 3.78545575] lower 15.023816736062189 calls 241
strong_divided accepted 12 D/amp -6.171347482885564e-06 c [-1.87785575  0.14439685  0.29184375  0.3623698   0.2       ] roots [3.40105578 3.69289953 4.05526932] lower 15.498627663284376 calls 262
strong_divided accepted 13 D/amp -3.6592990129306e-06 c [-1.89359106  0.11752929  0.28011286  0.33262887  0.2       ] roots [3.79109041 4.07120327 4.40383214] lower 16.151697832836213 calls 286
strong_divided accepted 14 D/amp -1.899039463594937e-06 c [-1.90873058  0.08919321  0.26993905  0.30678432  0.2       ] roots [4.30619348 4.57613253 4.88291684] lower 17.094961722403223 calls 310
strong_divided accepted 15 D/amp -7.841129854840799e-07 c [-1.92259246  0.06        0.26173952  0.28591554  0.2       ] roots [5.0441686  5.30590812 5.59182366] lower 18.57487570475203 calls 334
strong_divided accepted 16 D/amp -4.826253098038405e-07 c [-1.95133467  0.06        0.24715155  0.24873043  0.2       ] roots [5.17530997 5.42246152 5.67119195] lower 20.12708871617687 calls 355
strong_divided accepted 17 D/amp -3.1651250721106537e-07 c [-1.97        0.06        0.23439771  0.21603933  0.2       ] roots [5.2691175  5.50351522 5.71955455] lower 21.402723568800393 calls 376
strong_divided accepted 18 D/amp -2.3090327964335918e-07 c [-1.97        0.06        0.20907371  0.15078065  0.2       ] roots [5.30692339 5.51599711 5.66677776] lower 21.40002636754051 calls 395
strong_divided accepted 19 D/amp -1.5836284002631366e-07 c [-1.97        0.06        0.18401429  0.08541992  0.2       ] roots [5.34478681 5.52880111 5.61422103] lower 21.39797988935043 calls 414
strong_divided accepted 20 D/amp -1.455736101382881e-07 c [-1.97        0.06        0.15934647  0.08        0.2       ] roots [5.36284835 5.52219482 5.60219482] lower 21.397362242489717 calls 430
strong_divided accepted 21 D/amp -1.226712969938437e-07 c [-1.97        0.06        0.08934647  0.08        0.2       ] roots [5.40916038 5.49850685 5.57850685] lower 21.39621107923576 calls 449
strong_divided reject no objective improvement rho 0.35 calls 456
strong_divided reject no objective improvement rho 0.175 calls 463
strong_divided reject no objective improvement rho 0.0875 calls 470
strong_divided reject no objective improvement rho 0.04375 calls 477
strong_divided reject no objective improvement rho 0.021875 calls 484
strong_divided reject no objective improvement rho 0.0109375 calls 491
strong_divided reject no objective improvement rho 0.00546875 calls 498
strong_divided STOP persistent trust-region gate calls 498
