{"eval": 510, "purpose": "seed_chart_corrector", "status": "NUMERICAL_ONLY", "r": 6.949087993605231, "c": "48444423969533229/50000000000000000", "K": "1/512", "L": -2.0244139698127403e-11}
{"eval": 511, "purpose": "fold_decreasing", "status": "NUMERICAL_ONLY", "r": 6.948317713952093, "c": "12109431622532589/12500000000000000", "K": "1/1024", "L": 2.161913978832114e-09}
{"eval": 512, "purpose": "fold_decreasing", "status": "NUMERICAL_ONLY", "r": 6.94831027078015, "c": "9687545430394523/10000000000000000", "K": "1/1024", "L": -2.4424906541753475e-15}
{"eval": 513, "purpose": "fold_pair_profile", "status": "NUMERICAL_ONLY", "r": 0.04681734633771783, "c": 0.9687552192654083, "K": null, "L": 7.240087170226776e-09}
{"eval": 514, "purpose": "fold_pair_profile", "status": "NUMERICAL_ONLY", "r": 0.9403515385118967, "c": 0.9687552192654083, "K": null, "L": 1.081210941801594e-06}
{"eval": 515, "purpose": "fold_pair_profile", "status": "NUMERICAL_ONLY", "r": 2.5561404995003945, "c": 0.9687552192654083, "K": null, "L": 1.5423747555023158e-06}
{"eval": 516, "purpose": "fold_pair_profile", "status": "NUMERICAL_ONLY", "r": 4.8963914914889815, "c": 0.9687552192654083, "K": null, "L": 3.85464518175787e-07}
{"eval": 517, "purpose": "fold_pair_profile", "status": "NUMERICAL_ONLY", "r": 6.94831027078015, "c": 0.9687552192654083, "K": null, "L": -1.1024075704883558e-07}
{"eval": 518, "purpose": "fold_pair_profile", "status": "NUMERICAL_ONLY", "r": 9.860121622821337, "c": 0.9687552192654083, "K": null, "L": 7.962237072825301e-07}
{"eval": 519, "purpose": "fold_pair_profile", "status": "NUMERICAL_ONLY", "r": 18.887465547557024, "c": 0.9687552192654083, "K": null, "L": 1.2478726166478673e-05}
{"eval": 520, "purpose": "fold_pair_profile", "status": "NUMERICAL_ONLY", "r": 51.341454383570536, "c": 0.9687552192654083, "K": null, "L": 8.725948443620929e-05}
{"eval": 521, "purpose": "fold_pair_profile", "status": "NUMERICAL_ONLY", "r": 379.3648866408916, "c": 0.9687552192654083, "K": null, "L": 0.0006650743636404526}
{"eval": 522, "purpose": "fold_pair_profile", "status": "NUMERICAL_ONLY", "r": 7619.7474379865325, "c": 0.9687552192654083, "K": null, "L": 0.0033648158202116835}
{"eval": 523, "purpose": "fold_pair_profile", "status": "NUMERICAL_ONLY", "r": 416024.11383385514, "c": 0.9687552192654083, "K": null, "L": 0.012050539720229554}
{"eval": 524, "purpose": "fold_pair_profile", "status": "NUMERICAL_ONLY", "r": 61743452.99693238, "c": 0.9687552192654083, "K": null, "L": 0.034150500957886416}
{"eval": 525, "purpose": "pair_root_isolation", "status": "NUMERICAL_ONLY", "r": 6.427986808406005, "c": 0.9687552192654083, "K": null, "L": -7.120224674663427e-08}
{"eval": 526, "purpose": "pair_root_isolation", "status": "NUMERICAL_ONLY", "r": 6.160922320522243, "c": 0.9687552192654083, "K": null, "L": -2.722565354698404e-08}
{"eval": 527, "purpose": "pair_root_isolation", "status": "NUMERICAL_ONLY", "r": 6.02100202422521, "c": 0.9687552192654083, "K": null, "L": 2.1694908068695617e-09}
{"eval": 528, "purpose": "pair_root_isolation", "status": "NUMERICAL_ONLY", "r": 6.034849851241634, "c": 0.9687552192654083, "K": null, "L": -9.32118938025465e-10}
{"eval": 529, "purpose": "pair_root_isolation", "status": "NUMERICAL_ONLY", "r": 7.250454604615886, "c": 0.9687552192654083, "K": null, "L": -1.0429111818410975e-07}
{"eval": 530, "purpose": "pair_root_isolation", "status": "NUMERICAL_ONLY", "r": 7.513256497169494, "c": 0.9687552192654083, "K": null, "L": -8.20237453846566e-08}
{"eval": 531, "purpose": "pair_root_isolation", "status": "NUMERICAL_ONLY", "r": 7.720290124899664, "c": 0.9687552192654083, "K": null, "L": -5.3321576132757826e-08}
{"eval": 532, "purpose": "pair_root_isolation", "status": "NUMERICAL_ONLY", "r": 7.911493694715828, "c": 0.9687552192654083, "K": null, "L": -1.8128447463191056e-08}
{"eval": 533, "purpose": "pair_root_isolation", "status": "NUMERICAL_ONLY", "r": 8.08762237049077, "c": 0.9687552192654083, "K": null, "L": 2.1623683720738443e-08}
{"eval": 534, "purpose": "pair_root_isolation", "status": "NUMERICAL_ONLY", "r": 7.991334062249933, "c": 0.9687552192654083, "K": null, "L": -9.828839968973604e-10}
{"eval": 535, "purpose": "fold_decreasing", "status": "NUMERICAL_ONLY", "r": 6.947924296606327, "c": "48434379080420953/50000000000000000", "K": "1/2048", "L": 5.459885875255767e-10}
{"eval": 536, "purpose": "fold_decreasing", "status": "NUMERICAL_ONLY", "r": 6.9479243495891785, "c": "48434379247580911/50000000000000000", "K": "1/2048", "L": 6.439293542825701e-14}
{"eval": 537, "purpose": "fold_pair_profile", "status": "NUMERICAL_ONLY", "r": 0.046814746021187244, "c": 0.9686879230539862, "K": null, "L": 3.6813918512473073e-09}
{"eval": 538, "purpose": "fold_pair_profile", "status": "NUMERICAL_ONLY", "r": 0.9402993097582095, "c": 0.9686879230539862, "K": null, "L": 5.405161289926984e-07}
{"eval": 539, "purpose": "fold_pair_profile", "status": "NUMERICAL_ONLY", "r": 2.555998527028324, "c": 0.9686879230539862, "K": null, "L": 7.710759164889295e-07}
{"eval": 540, "purpose": "fold_pair_profile", "status": "NUMERICAL_ONLY", "r": 4.896119537422133, "c": 0.9686879230539862, "K": null, "L": 1.928403843856914e-07}
{"eval": 541, "purpose": "fold_pair_profile", "status": "NUMERICAL_ONLY", "r": 6.9479243495891785, "c": 0.9686879230539862, "K": null, "L": -5.501255447066908e-08}
{"eval": 542, "purpose": "fold_pair_profile", "status": "NUMERICAL_ONLY", "r": 9.859573974582915, "c": 0.9686879230539862, "K": null, "L": 3.9819380525294154e-07}
{"eval": 543, "purpose": "fold_pair_profile", "status": "NUMERICAL_ONLY", "r": 18.88641650499639, "c": 0.9686879230539862, "K": null, "L": 6.239033375554583e-06}
{"eval": 544, "purpose": "fold_pair_profile", "status": "NUMERICAL_ONLY", "r": 51.33860279024068, "c": 0.9686879230539862, "K": null, "L": 4.362617285037259e-05}
{"eval": 545, "purpose": "fold_pair_profile", "status": "NUMERICAL_ONLY", "r": 379.343816057806, "c": 0.9686879230539862, "K": null, "L": 0.00033247627677722506}
{"eval": 546, "purpose": "fold_pair_profile", "status": "NUMERICAL_ONLY", "r": 7619.3242240119735, "c": 0.9686879230539862, "K": null, "L": 0.0016816582046885696}
{"eval": 547, "purpose": "fold_pair_profile", "status": "NUMERICAL_ONLY", "r": 416001.00713377603, "c": 0.9686879230539862, "K": null, "L": 0.006019563468942275}
{"eval": 548, "purpose": "fold_pair_profile", "status": "NUMERICAL_ONLY", "r": 61740023.658577316, "c": 0.9686879230539862, "K": null, "L": 0.01704483047635221}
{"eval": 549, "purpose": "pair_root_isolation", "status": "NUMERICAL_ONLY", "r": 6.428609149045468, "c": 0.9686879230539862, "K": null, "L": -3.556780833162289e-08}
{"eval": 550, "purpose": "pair_root_isolation", "status": "NUMERICAL_ONLY", "r": 6.16170285643909, "c": 0.9686879230539862, "K": null, "L": -1.3624430010403932e-08}
{"eval": 551, "purpose": "pair_root_isolation", "status": "NUMERICAL_ONLY", "r": 6.02165510183497, "c": 0.9686879230539862, "K": null, "L": 1.0713099290827973e-09}
{"eval": 552, "purpose": "pair_root_isolation", "status": "NUMERICAL_ONLY", "r": 6.035515429186089, "c": 0.9686879230539862, "K": null, "L": -4.796311127193181e-10}
{"eval": 553, "purpose": "pair_root_isolation", "status": "NUMERICAL_ONLY", "r": 6.031225695697923, "c": 0.9686879230539862, "K": null, "L": -1.841082841737592e-12}
{"eval": 554, "purpose": "pair_root_isolation", "status": "NUMERICAL_ONLY", "r": 6.030267952208689, "c": 0.9686879230539862, "K": null, "L": 1.050708409111901e-10}
{"eval": 555, "purpose": "pair_root_isolation", "status": "NUMERICAL_ONLY", "r": 6.031129914504384, "c": 0.9686879230539862, "K": null, "L": 8.813172414040582e-12}
{"eval": 556, "purpose": "pair_root_isolation", "status": "NUMERICAL_ONLY", "r": 6.031209144351439, "c": 0.9686879230539862, "K": null, "L": -5.1847415249996155e-14}
{"eval": 557, "purpose": "pair_root_isolation", "status": "NUMERICAL_ONLY", "r": 6.031201221319896, "c": 0.9686879230539862, "K": null, "L": 8.257838857158504e-13}
{"eval": 558, "purpose": "pair_root_isolation", "status": "NUMERICAL_ONLY", "r": 7.249465832275606, "c": 0.9686879230539862, "K": null, "L": -5.204523159096116e-08}
{"eval": 559, "purpose": "pair_root_isolation", "status": "NUMERICAL_ONLY", "r": 7.511798380084281, "c": 0.9686879230539862, "K": null, "L": -4.095935941034744e-08}
{"eval": 560, "purpose": "pair_root_isolation", "status": "NUMERICAL_ONLY", "r": 7.718898771430607, "c": 0.9686879230539862, "K": null, "L": -2.66308856293719e-08}
{"eval": 561, "purpose": "pair_root_isolation", "status": "NUMERICAL_ONLY", "r": 7.910166516353555, "c": 0.9686879230539862, "K": null, "L": -9.04822409982923e-09}
{"eval": 562, "purpose": "pair_root_isolation", "status": "NUMERICAL_ONLY", "r": 8.08635639379219, "c": 0.9686879230539862, "K": null, "L": 1.0825858817418336e-08}
{"eval": 563, "purpose": "pair_root_isolation", "status": "NUMERICAL_ONLY", "r": 7.989900689418506, "c": 0.9686879230539862, "K": null, "L": -4.957662059886695e-10}
{"eval": 564, "purpose": "pair_root_isolation", "status": "NUMERICAL_ONLY", "r": 7.999494257535621, "c": 0.9686879230539862, "K": null, "L": 5.816565005729938e-10}
{"eval": 565, "purpose": "pair_root_isolation", "status": "NUMERICAL_ONLY", "r": 7.994313652202503, "c": 0.9686879230539862, "K": null, "L": -1.4657164371112058e-12}
{"eval": 566, "purpose": "pair_root_isolation", "status": "NUMERICAL_ONLY", "r": 7.994831561722878, "c": 0.9686879230539862, "K": null, "L": 5.670841573940567e-11}
{"eval": 567, "purpose": "fold_decreasing", "status": "NUMERICAL_ONLY", "r": 6.947731398309904, "c": "96865410757981607/100000000000000000", "K": "1/4096", "L": 1.3655165885984303e-10}
{"eval": 568, "purpose": "fold_decreasing", "status": "NUMERICAL_ONLY", "r": 6.947731202511141, "c": "9686541084159801/10000000000000000", "K": "1/4096", "L": 3.774758283725461e-14}
{"eval": 569, "purpose": "fold_pair_profile", "status": "NUMERICAL_ONLY", "r": 0.04681344460641241, "c": 0.9686542774643208, "K": null, "L": 1.902801692176717e-09}
{"eval": 570, "purpose": "fold_pair_profile", "status": "NUMERICAL_ONLY", "r": 0.940273170143697, "c": 0.9686542774643208, "K": null, "L": 2.7025672489499276e-07}
{"eval": 571, "purpose": "fold_pair_profile", "status": "NUMERICAL_ONLY", "r": 2.555927472189192, "c": 0.9686542774643208, "K": null, "L": 3.855183131235293e-07}
{"eval": 572, "purpose": "fold_pair_profile", "status": "NUMERICAL_ONLY", "r": 4.895983428976676, "c": 0.9686542774643208, "K": null, "L": 9.654622257450806e-08}
{"eval": 573, "purpose": "fold_pair_profile", "status": "NUMERICAL_ONLY", "r": 6.947731202511141, "c": 0.9686542774643208, "K": null, "L": -2.740280762101481e-08}
{"eval": 574, "purpose": "fold_pair_profile", "status": "NUMERICAL_ONLY", "r": 9.85929988583237, "c": 0.9686542774643208, "K": null, "L": 1.9920478303411155e-07}
{"eval": 575, "purpose": "fold_pair_profile", "status": "NUMERICAL_ONLY", "r": 18.885891476803945, "c": 0.9686542774643208, "K": null, "L": 3.119545894367223e-06}
{"eval": 576, "purpose": "fold_pair_profile", "status": "NUMERICAL_ONLY", "r": 51.33717561564573, "c": 0.9686542774643208, "K": null, "L": 2.18123272799911e-05}
{"eval": 577, "purpose": "fold_pair_profile", "status": "NUMERICAL_ONLY", "r": 379.3332705846608, "c": 0.9686542774643208, "K": null, "L": 0.00016622245094415246}
{"eval": 578, "purpose": "fold_pair_profile", "status": "NUMERICAL_ONLY", "r": 7619.112412521742, "c": 0.9686542774643208, "K": null, "L": 0.0008406402416538094}
{"eval": 579, "purpose": "fold_pair_profile", "status": "NUMERICAL_ONLY", "r": 415989.44261825364, "c": 0.9686542774643208, "K": null, "L": 0.003008356346421662}
{"eval": 580, "purpose": "fold_pair_profile", "status": "NUMERICAL_ONLY", "r": 61738307.33229504, "c": 0.9686542774643208, "K": null, "L": 0.00851483529491697}
{"eval": 581, "purpose": "pair_root_isolation", "status": "NUMERICAL_ONLY", "r": 6.430399841244495, "c": 0.9686542774643208, "K": null, "L": -1.775346418980353e-08}
{"eval": 582, "purpose": "pair_root_isolation", "status": "NUMERICAL_ONLY", "r": 6.163791537201903, "c": 0.9686542774643208, "K": null, "L": -6.825298904922101e-09}
{"eval": 583, "purpose": "pair_root_isolation", "status": "NUMERICAL_ONLY", "r": 6.0234754125459675, "c": 0.9686542774643208, "K": null, "L": 5.218678821054492e-10}
{"eval": 584, "purpose": "pair_root_isolation", "status": "NUMERICAL_ONLY", "r": 6.037362069968127, "c": 0.9686542774643208, "K": null, "L": -2.5381619031984814e-10}
{"eval": 585, "purpose": "pair_root_isolation", "status": "NUMERICAL_ONLY", "r": 6.032814614002319, "c": 0.9686542774643208, "K": null, "L": -9.353628982471318e-13}
{"eval": 586, "purpose": "pair_root_isolation", "status": "NUMERICAL_ONLY", "r": 6.031880042621148, "c": 0.9686542774643208, "K": null, "L": 5.1155080170530144e-11}
{"eval": 587, "purpose": "pair_root_isolation", "status": "NUMERICAL_ONLY", "r": 6.032721150348517, "c": 0.9686542774643208, "K": null, "L": 4.335642955756763e-12}
{"eval": 588, "purpose": "pair_root_isolation", "status": "NUMERICAL_ONLY", "r": 6.032798028365051, "c": 0.9686542774643208, "K": null, "L": 2.2204460492502885e-14}
{"eval": 589, "purpose": "pair_root_isolation", "status": "NUMERICAL_ONLY", "r": 6.032799686926727, "c": 0.9686542774643208, "K": null, "L": -9.02611319020293e-14}
{"eval": 590, "purpose": "pair_root_isolation", "status": "NUMERICAL_ONLY", "r": 7.248099889845319, "c": 0.9686542774643208, "K": null, "L": -2.5926142902217454e-08}
{"eval": 591, "purpose": "pair_root_isolation", "status": "NUMERICAL_ONLY", "r": 7.509518777362709, "c": 0.9686542774643208, "K": null, "L": -2.042982359725687e-08}
{"eval": 592, "purpose": "pair_root_isolation", "status": "NUMERICAL_ONLY", "r": 7.716769080810022, "c": 0.9686542774643208, "K": null, "L": -1.328716445704368e-08}
{"eval": 593, "purpose": "pair_root_isolation", "status": "NUMERICAL_ONLY", "r": 7.90818028848239, "c": 0.9686542774643208, "K": null, "L": -4.50846816452593e-09}
{"eval": 594, "purpose": "pair_root_isolation", "status": "NUMERICAL_ONLY", "r": 8.084506474247664, "c": 0.9686542774643208, "K": null, "L": 5.428014911691302e-09}
{"eval": 595, "purpose": "pair_root_isolation", "status": "NUMERICAL_ONLY", "r": 7.9877028441380835, "c": 0.9686542774643208, "K": null, "L": -2.522484443863783e-10}
{"eval": 596, "purpose": "pair_root_isolation", "status": "NUMERICAL_ONLY", "r": 7.997330816124931, "c": 0.9686542774643208, "K": null, "L": 2.8723556862213883e-10}
{"eval": 597, "purpose": "pair_root_isolation", "status": "NUMERICAL_ONLY", "r": 7.992203185343823, "c": 0.9686542774643208, "K": null, "L": -7.52287121486289e-13}
{"eval": 598, "purpose": "pair_root_isolation", "status": "NUMERICAL_ONLY", "r": 7.992715800441918, "c": 0.9686542774643208, "K": null, "L": 2.7946311930869018e-11}
{"eval": 599, "purpose": "fold_decreasing", "status": "NUMERICAL_ONLY", "r": 6.947634519505439, "c": "48431868528318883/50000000000000000", "K": "1/8192", "L": 3.417910399092104e-11}
{"eval": 600, "purpose": "fold_decreasing", "status": "NUMERICAL_ONLY", "r": 6.947634627431674, "c": "96863737077567469/100000000000000000", "K": "1/8192", "L": -2.2426505097428415e-14}
{"eval": 601, "purpose": "fold_pair_profile", "status": "NUMERICAL_ONLY", "r": 0.04681279388864553, "c": 0.9686374552989833, "K": null, "L": 1.0136964595921715e-09}
{"eval": 602, "purpose": "fold_pair_profile", "status": "NUMERICAL_ONLY", "r": 0.9402601001279637, "c": 0.9686374552989833, "K": null, "L": 1.3514902882822734e-07}
{"eval": 603, "purpose": "fold_pair_profile", "status": "NUMERICAL_ONLY", "r": 2.555891944202926, "c": 0.9686374552989833, "K": null, "L": 1.9276237924284232e-07}
{"eval": 604, "purpose": "fold_pair_profile", "status": "NUMERICAL_ONLY", "r": 4.895915373668412, "c": 0.9686374552989833, "K": null, "L": 4.8403464730621625e-08}
{"eval": 605, "purpose": "fold_pair_profile", "status": "NUMERICAL_ONLY", "r": 6.947634627431674, "c": 0.9686374552989833, "K": null, "L": -1.3599072405154028e-08}
{"eval": 606, "purpose": "fold_pair_profile", "status": "NUMERICAL_ONLY", "r": 9.859162839271091, "c": 0.9686374552989833, "K": null, "L": 9.971678385442433e-08}
{"eval": 607, "purpose": "fold_pair_profile", "status": "NUMERICAL_ONLY", "r": 18.88562895852035, "c": 0.9686374552989833, "K": null, "L": 1.5598919997419062e-06}
{"eval": 608, "purpose": "fold_pair_profile", "status": "NUMERICAL_ONLY", "r": 51.3364620169658, "c": 0.9686374552989833, "K": null, "L": 1.0906108549755797e-05}
{"eval": 609, "purpose": "fold_pair_profile", "status": "NUMERICAL_ONLY", "r": 379.32799776398275, "c": 0.9686374552989833, "K": null, "L": 8.310684477177009e-05}
{"eval": 610, "purpose": "fold_pair_profile", "status": "NUMERICAL_ONLY", "r": 7619.006505087325, "c": 0.9686374552989833, "K": null, "L": 0.0004202713582036915}
{"eval": 611, "purpose": "fold_pair_profile", "status": "NUMERICAL_ONLY", "r": 415983.6602682597, "c": 0.9686374552989833, "K": null, "L": 0.0015038209317068737}
{"eval": 612, "purpose": "fold_pair_profile", "status": "NUMERICAL_ONLY", "r": 61737449.15546529, "c": 0.9686374552989833, "K": null, "L": 0.004255526529348165}
{"eval": 613, "purpose": "pair_root_isolation", "status": "NUMERICAL_ONLY", "r": 6.434251031935019, "c": 0.9686374552989833, "K": null, "L": -8.846740046361364e-09}
{"eval": 614, "purpose": "pair_root_isolation", "status": "NUMERICAL_ONLY", "r": 6.168237902911111, "c": 0.9686374552989833, "K": null, "L": -3.4258541617822483e-09}
{"eval": 615, "purpose": "pair_root_isolation", "status": "NUMERICAL_ONLY", "r": 6.027377524729701, "c": 0.9686374552989833, "K": null, "L": 2.4708768361636987e-10}
{"eval": 616, "purpose": "pair_root_isolation", "status": "NUMERICAL_ONLY", "r": 6.04131758222732, "c": 0.9686374552989833, "K": null, "L": -1.4086631861968862e-10}
{"eval": 617, "purpose": "pair_root_isolation", "status": "NUMERICAL_ONLY", "r": 6.03625221540566, "c": 0.9686374552989833, "K": null, "L": -5.226929999936603e-13}
{"eval": 618, "purpose": "pair_root_isolation", "status": "NUMERICAL_ONLY", "r": 6.035364158637347, "c": 0.9686374552989833, "K": null, "L": 2.421152167612739e-11}
{"eval": 619, "purpose": "pair_root_isolation", "status": "NUMERICAL_ONLY", "r": 6.036163403848968, "c": 0.9686374552989833, "K": null, "L": 1.8858248296265125e-12}
{"eval": 620, "purpose": "pair_root_isolation", "status": "NUMERICAL_ONLY", "r": 6.03623294154112, "c": 0.9686374552989833, "K": null, "L": 3.330669073875464e-15}
{"eval": 621, "purpose": "pair_root_isolation", "status": "NUMERICAL_ONLY", "r": 6.036234868924804, "c": 0.9686374552989833, "K": null, "L": -2.764455331316678e-14}
{"eval": 622, "purpose": "pair_root_isolation", "status": "NUMERICAL_ONLY", "r": 7.2456759699055375, "c": 0.9686374552989833, "K": null, "L": -1.2867413772894855e-08}
{"eval": 623, "purpose": "pair_root_isolation", "status": "NUMERICAL_ONLY", "r": 7.505275953874198, "c": 0.9686374552989833, "K": null, "L": -1.0165565996244771e-08}
{"eval": 624, "purpose": "pair_root_isolation", "status": "NUMERICAL_ONLY", "r": 7.712834322274247, "c": 0.9686374552989833, "K": null, "L": -6.615521929942483e-09}
{"eval": 625, "purpose": "pair_root_isolation", "status": "NUMERICAL_ONLY", "r": 7.904540085654606, "c": 0.9686374552989833, "K": null, "L": -2.2385201495297895e-09}
{"eval": 626, "purpose": "pair_root_isolation", "status": "NUMERICAL_ONLY", "r": 8.0811459335367, "c": 0.9686374552989833, "K": null, "L": 2.7296422862526003e-09}
{"eval": 627, "purpose": "pair_root_isolation", "status": "NUMERICAL_ONLY", "r": 7.983631076245691, "c": 0.9686374552989833, "K": null, "L": -1.3055279080873112e-10}
{"eval": 628, "purpose": "pair_root_isolation", "status": "NUMERICAL_ONLY", "r": 7.993329374340481, "c": 0.9686374552989833, "K": null, "L": 1.4011236614392827e-10}
{"eval": 629, "purpose": "pair_root_isolation", "status": "NUMERICAL_ONLY", "r": 7.988307489132638, "c": 0.9686374552989833, "K": null, "L": -4.244382623142874e-13}
{"eval": 630, "purpose": "pair_root_isolation", "status": "NUMERICAL_ONLY", "r": 7.9888095356435835, "c": 0.9686374552989833, "K": null, "L": 1.3576917368048873e-11}
