{"eval": 1811, "purpose": "neutral infinity connection finite-radius convergence", "status": "NUMERICAL_TWO_HALF_PASSAGES", "r": "1000000", "c": "1.60000000000000000000000000000000008", "K": "7.18499469694143500000000000000000012", "L": null}
{"eval": 1812, "purpose": "neutral infinity connection finite-radius convergence", "status": "NUMERICAL_TWO_HALF_PASSAGES", "r": "1000000", "c": "1.60000000000000000000000000000000008", "K": "7.18499225795730484310169683098560233", "L": null}
{"eval": 1813, "purpose": "neutral infinity connection finite-radius convergence", "status": "NUMERICAL_TWO_HALF_PASSAGES", "r": "1000000", "c": "1.60000000000000000000000000000000008", "K": "7.18499225795748962443704776638475041", "L": null}
{"eval": 1814, "purpose": "neutral infinity connection finite-radius convergence", "status": "NUMERICAL_TWO_HALF_PASSAGES", "r": "10000000000", "c": "1.60000000000000000000000000000000008", "K": "7.18499225795748962443704776638475041", "L": null}
{"eval": 1815, "purpose": "neutral infinity connection finite-radius convergence", "status": "NUMERICAL_TWO_HALF_PASSAGES", "r": "10000000000", "c": "1.60000000000000000000000000000000008", "K": "7.18499469636778908200563222016155146", "L": null}
{"eval": 1816, "purpose": "neutral infinity connection finite-radius convergence", "status": "NUMERICAL_TWO_HALF_PASSAGES", "r": "10000000000", "c": "1.60000000000000000000000000000000008", "K": "7.18499469636797377643913171191092722", "L": null}
{"eval": 1817, "purpose": "neutral infinity connection finite-radius convergence", "status": "NUMERICAL_TWO_HALF_PASSAGES", "r": "100000000000000", "c": "1.60000000000000000000000000000000008", "K": "7.18499469636797377643913171191092722", "L": null}
{"eval": 1818, "purpose": "neutral infinity connection finite-radius convergence", "status": "NUMERICAL_TWO_HALF_PASSAGES", "r": "100000000000000", "c": "1.60000000000000000000000000000000008", "K": "7.18499469640662040162374877009356249", "L": null}
{"eval": 1819, "purpose": "neutral infinity connection finite-radius convergence", "status": "NUMERICAL_TWO_HALF_PASSAGES", "r": "100000000000000", "c": "1.60000000000000000000000000000000008", "K": "7.18499469640662040162379516212772519", "L": null}
{"eval": 1820, "purpose": "neutral infinity connection finite-radius convergence", "status": "NUMERICAL_TWO_HALF_PASSAGES", "r": "100000000000000000", "c": "1.60000000000000000000000000000000008", "K": "7.18499469640662040162379516212772519", "L": null}
{"eval": 1821, "purpose": "neutral infinity connection finite-radius convergence", "status": "UNRESOLVED", "r": null, "c": null, "K": null, "L": null}
{"eval": 1822, "purpose": "finite fold crossing c=1", "status": "NUMERICAL_TWO_HALF_PASSAGES", "r": "4", "c": "1", "K": "0.220000000000000000000000000000000001", "L": null}
{"eval": 1823, "purpose": "finite fold crossing c=1", "status": "NUMERICAL_TWO_HALF_PASSAGES", "r": "10.8731273138361809414411498854106493", "c": "1", "K": "0.265545869598726614171063108677916018", "L": null}
{"eval": 1824, "purpose": "finite fold crossing c=1", "status": "NUMERICAL_TWO_HALF_PASSAGES", "r": "7.84780643493161783261753448385212639", "c": "1", "K": "0.234661632077228635973578194747085483", "L": null}
{"eval": 1825, "purpose": "finite fold crossing c=1", "status": "NUMERICAL_TWO_HALF_PASSAGES", "r": "7.04423181700266828846559511926336001", "c": "1", "K": "0.225301786889404320958696988461605971", "L": null}
{"eval": 1826, "purpose": "finite fold crossing c=1", "status": "NUMERICAL_TWO_HALF_PASSAGES", "r": "6.95438077406321549605828738888532116", "c": "1", "K": "0.224230326006120672892025428612509922", "L": null}
{"eval": 1827, "purpose": "finite fold crossing c=1", "status": "NUMERICAL_TWO_HALF_PASSAGES", "r": "6.95315457511077536755164708188286291", "c": "1", "K": "0.224215786681948511918227733330736645", "L": null}
{"eval": 1828, "purpose": "finite fold crossing c=1", "status": "NUMERICAL_TWO_HALF_PASSAGES", "r": "6.95315434526928364595253903417586622", "c": "1", "K": "0.224215783967328881817028996545592834", "L": null}
{"eval": 1829, "purpose": "finite fold crossing c=1", "status": "NUMERICAL_TWO_HALF_PASSAGES", "r": "6.95315434526927557067870425575470893", "c": "1", "K": "0.224215783967328786567399385115329013", "L": null}
{"eval": 1830, "purpose": "center-limit finite fold continuation", "status": "NUMERICAL_TWO_HALF_PASSAGES", "r": "4", "c": "0.968637370566555809601625399537985516", "K": "0.0001220703125", "L": null}
{"eval": 1831, "purpose": "center-limit finite fold continuation", "status": "NUMERICAL_TWO_HALF_PASSAGES", "r": "10.8731273138361809414411498854106493", "c": "0.968634387086090269343615521981886565", "K": "0.0001220703125", "L": null}
{"eval": 1832, "purpose": "center-limit finite fold continuation", "status": "NUMERICAL_TWO_HALF_PASSAGES", "r": "7.35210211205473000122885513962693254", "c": "0.968636482845962816635793825088474205", "K": "0.0001220703125", "L": null}
{"eval": 1833, "purpose": "center-limit finite fold continuation", "status": "NUMERICAL_TWO_HALF_PASSAGES", "r": "6.77748196343386970382893318495057286", "c": "0.968637315987347903337206383262883706", "K": "0.0001220703125", "L": null}
{"eval": 1834, "purpose": "center-limit finite fold continuation", "status": "NUMERICAL_TWO_HALF_PASSAGES", "r": "6.75803479933591155354635069705165789", "c": "0.968637370676719515833726625701267519", "K": "0.0001220703125", "L": null}
{"eval": 1835, "purpose": "center-limit finite fold continuation", "status": "NUMERICAL_TWO_HALF_PASSAGES", "r": "6.7580341155139104921911588394578125", "c": "0.968637370775707990685510922669925649", "K": "0.0001220703125", "L": null}
{"eval": 1836, "purpose": "center-limit finite fold continuation", "status": "NUMERICAL_TWO_HALF_PASSAGES", "r": "6.75803411551756454870591274093511547", "c": "0.968637370775707994762661339791273492", "K": "0.0001220703125", "L": null}
{"eval": 1837, "purpose": "center-limit finite fold continuation", "status": "NUMERICAL_TWO_HALF_PASSAGES", "r": "6.75803411551756454870591274093511547", "c": "0.968622004649604286164125399537985499", "K": "9.99999999999999999999999999999999966e-06", "L": null}
{"eval": 1838, "purpose": "center-limit finite fold continuation", "status": "NUMERICAL_TWO_HALF_PASSAGES", "r": "6.75795093763684156553273137050344982", "c": "0.968622004651007532061110340026390717", "K": "9.99999999999999999999999999999999966e-06", "L": null}
{"eval": 1839, "purpose": "center-limit finite fold continuation", "status": "NUMERICAL_TWO_HALF_PASSAGES", "r": "6.757950936624849334624334796870506", "c": "0.968622004651007592845124549640142221", "K": "9.99999999999999999999999999999999966e-06", "L": null}
{"eval": 1840, "purpose": "center-limit finite fold continuation", "status": "NUMERICAL_TWO_HALF_PASSAGES", "r": "6.757950936624849334624334796870506", "c": "0.968620647264455386164125399537985505", "K": "9.99999999999999999999999999999999976e-08", "L": null}
{"eval": 1841, "purpose": "center-limit finite fold continuation", "status": "NUMERICAL_TWO_HALF_PASSAGES", "r": "6.75794358948165806126007049036757652", "c": "0.968620647264455522682760346817659941", "K": "9.99999999999999999999999999999999976e-08", "L": null}
{"eval": 1842, "purpose": "center-limit finite fold continuation", "status": "NUMERICAL_TWO_HALF_PASSAGES", "r": "6.7579435894732176540211743066122398", "c": "0.968620647264455522687019665322229157", "K": "9.99999999999999999999999999999999976e-08", "L": null}
{"eval": 1843, "purpose": "center-limit finite fold continuation", "status": "NUMERICAL_TWO_HALF_PASSAGES", "r": "6.7579435894732176540211743066122398", "c": "0.968620633690603897164125399537985501", "K": "9.99999999999999999999999999999999932e-10", "L": null}
{"eval": 1844, "purpose": "center-limit finite fold continuation", "status": "NUMERICAL_TWO_HALF_PASSAGES", "r": "6.75794351600223952992274665437781355", "c": "0.968620633690603897139694356131424924", "K": "9.99999999999999999999999999999999932e-10", "L": null}
{"eval": 1845, "purpose": "center-limit finite fold continuation", "status": "NUMERICAL_TWO_HALF_PASSAGES", "r": "6.75794351600223866723681265358655452", "c": "0.968620633690603897139694360227050151", "K": "9.99999999999999999999999999999999932e-10", "L": null}
