{"eval": 1322, "purpose": "two-sided fixed-amplitude fold correction", "status": "NUMERICAL_TWO_HALF_PASSAGES", "r": "556117.45111284822547759", "c": "1.576725009130655178022", "K": "6.7525496687070613328202", "L": null}
{"eval": 1323, "purpose": "two-sided fixed-amplitude fold correction", "status": "NUMERICAL_TWO_HALF_PASSAGES", "r": "556117.45111284822547759", "c": "1.576462047846046623926", "K": "6.7474783979189481585882", "L": null}
{"eval": 1324, "purpose": "two-sided fixed-amplitude fold correction", "status": "NUMERICAL_TWO_HALF_PASSAGES", "r": "556117.45111284822547759", "c": "1.5764619705305078696013", "K": "6.7474760318519183669751", "L": null}
{"eval": 1325, "purpose": "two-sided fixed-amplitude fold correction", "status": "NUMERICAL_TWO_HALF_PASSAGES", "r": "556117.45111284822547759", "c": "1.5764619705305016747953", "K": "6.7474760318518484636906", "L": null}
{"eval": 1326, "purpose": "two-sided pair-side stationary/root profile", "status": "NUMERICAL_TWO_HALF_PASSAGES", "r": "0.0024787521766663582001986", "c": "1.5764619709209779043792", "K": "6.7474760318518484636906", "L": null}
{"eval": 1327, "purpose": "two-sided pair-side stationary/root profile", "status": "NUMERICAL_TWO_HALF_PASSAGES", "r": "3.4169037130289588383505", "c": "1.5764619709209779043792", "K": "6.7474760318518484636906", "L": null}
{"eval": 1328, "purpose": "two-sided pair-side stationary/root profile", "status": "NUMERICAL_TWO_HALF_PASSAGES", "r": "507.11347439995161678894", "c": "1.5764619709209779043792", "K": "6.7474760318518484636906", "L": null}
{"eval": 1329, "purpose": "two-sided pair-side stationary/root profile", "status": "NUMERICAL_TWO_HALF_PASSAGES", "r": "10185.646414306212308887", "c": "1.5764619709209779043792", "K": "6.7474760318518484636906", "L": null}
{"eval": 1330, "purpose": "two-sided pair-side stationary/root profile", "status": "NUMERICAL_TWO_HALF_PASSAGES", "r": "75262.312759180426645855", "c": "1.5764619709209779043792", "K": "6.7474760318518484636906", "L": null}
{"eval": 1331, "purpose": "two-sided pair-side stationary/root profile", "status": "NUMERICAL_TWO_HALF_PASSAGES", "r": "204584.17714108150001096", "c": "1.5764619709209779043792", "K": "6.7474760318518484636906", "L": null}
{"eval": 1332, "purpose": "two-sided pair-side stationary/root profile", "status": "NUMERICAL_TWO_HALF_PASSAGES", "r": "411981.94062347244815214", "c": "1.5764619709209779043792", "K": "6.7474760318518484636906", "L": null}
{"eval": 1333, "purpose": "two-sided pair-side stationary/root profile", "status": "NUMERICAL_TWO_HALF_PASSAGES", "r": "556117.45111284822547759", "c": "1.5764619709209779043792", "K": "6.7474760318518484636906", "L": null}
{"eval": 1334, "purpose": "two-sided pair-side stationary/root profile", "status": "NUMERICAL_TWO_HALF_PASSAGES", "r": "750680.03943139549772923", "c": "1.5764619709209779043792", "K": "6.7474760318518484636906", "L": null}
{"eval": 1335, "purpose": "two-sided pair-side stationary/root profile", "status": "NUMERICAL_TWO_HALF_PASSAGES", "r": "1511683.9618490167748632", "c": "1.5764619709209779043792", "K": "6.7474760318518484636906", "L": null}
{"eval": 1336, "purpose": "two-sided pair-side stationary/root profile", "status": "NUMERICAL_TWO_HALF_PASSAGES", "r": "4109183.04386715889882", "c": "1.5764619709209779043792", "K": "6.7474760318518484636906", "L": null}
{"eval": 1337, "purpose": "two-sided pair-side stationary/root profile", "status": "NUMERICAL_TWO_HALF_PASSAGES", "r": "30362984.031909044097119", "c": "1.5764619709209779043792", "K": "6.7474760318518484636906", "L": null}
{"eval": 1338, "purpose": "two-sided pair-side stationary/root profile", "status": "NUMERICAL_TWO_HALF_PASSAGES", "r": "609856836.87106666801265", "c": "1.5764619709209779043792", "K": "6.7474760318518484636906", "L": null}
{"eval": 1339, "purpose": "two-sided pair-side stationary/root profile", "status": "NUMERICAL_TWO_HALF_PASSAGES", "r": "90510779760.339722797275", "c": "1.5764619709209779043792", "K": "6.7474760318518484636906", "L": null}
{"eval": 1340, "purpose": "two-sided simple-root refinement", "status": "NUMERICAL_TWO_HALF_PASSAGES", "r": "533130.66157492356683179", "c": "1.5764619709209779043792", "K": "6.7474760318518484636906", "L": null}
{"eval": 1341, "purpose": "two-sided simple-root refinement", "status": "NUMERICAL_TWO_HALF_PASSAGES", "r": "516016.34170486844874404", "c": "1.5764619709209779043792", "K": "6.7474760318518484636906", "L": null}
{"eval": 1342, "purpose": "two-sided simple-root refinement", "status": "NUMERICAL_TWO_HALF_PASSAGES", "r": "505278.17080605740716237", "c": "1.5764619709209779043792", "K": "6.7474760318518484636906", "L": null}
{"eval": 1343, "purpose": "two-sided simple-root refinement", "status": "NUMERICAL_TWO_HALF_PASSAGES", "r": "499251.06712632938609886", "c": "1.5764619709209779043792", "K": "6.7474760318518484636906", "L": null}
{"eval": 1344, "purpose": "two-sided simple-root refinement", "status": "NUMERICAL_TWO_HALF_PASSAGES", "r": "496078.98675927313033185", "c": "1.5764619709209779043792", "K": "6.7474760318518484636906", "L": null}
{"eval": 1345, "purpose": "two-sided simple-root refinement", "status": "NUMERICAL_TWO_HALF_PASSAGES", "r": "452079.17853802030370503", "c": "1.5764619709209779043792", "K": "6.7474760318518484636906", "L": null}
{"eval": 1346, "purpose": "two-sided simple-root refinement", "status": "NUMERICAL_TWO_HALF_PASSAGES", "r": "493860.14435481366660952", "c": "1.5764619709209779043792", "K": "6.7474760318518484636906", "L": null}
{"eval": 1347, "purpose": "two-sided simple-root refinement", "status": "NUMERICAL_TWO_HALF_PASSAGES", "r": "472508.08286482495640257", "c": "1.5764619709209779043792", "K": "6.7474760318518484636906", "L": null}
{"eval": 1348, "purpose": "two-sided simple-root refinement", "status": "NUMERICAL_TWO_HALF_PASSAGES", "r": "594616.63864875071976712", "c": "1.5764619709209779043792", "K": "6.7474760318518484636906", "L": null}
{"eval": 1349, "purpose": "two-sided simple-root refinement", "status": "NUMERICAL_TWO_HALF_PASSAGES", "r": "619240.00162002468749733", "c": "1.5764619709209779043792", "K": "6.7474760318518484636906", "L": null}
{"eval": 1350, "purpose": "two-sided simple-root refinement", "status": "NUMERICAL_TWO_HALF_PASSAGES", "r": "629778.08316067400522797", "c": "1.5764619709209779043792", "K": "6.7474760318518484636906", "L": null}
{"eval": 1351, "purpose": "two-sided simple-root refinement", "status": "NUMERICAL_TWO_HALF_PASSAGES", "r": "633492.65897844981094522", "c": "1.5764619709209779043792", "K": "6.7474760318518484636906", "L": null}
{"eval": 1352, "purpose": "two-sided simple-root refinement", "status": "NUMERICAL_TWO_HALF_PASSAGES", "r": "689601.54743260421804507", "c": "1.5764619709209779043792", "K": "6.7474760318518484636906", "L": null}
{"eval": 1353, "purpose": "two-sided simple-root refinement", "status": "NUMERICAL_TWO_HALF_PASSAGES", "r": "660951.97852698347577416", "c": "1.5764619709209779043792", "K": "6.7474760318518484636906", "L": null}
{"eval": 1354, "purpose": "two-sided simple-root refinement", "status": "NUMERICAL_TWO_HALF_PASSAGES", "r": "635082.63530065033597793", "c": "1.5764619709209779043792", "K": "6.7474760318518484636906", "L": null}
{"eval": 1355, "purpose": "two-sided simple-root refinement", "status": "NUMERICAL_TWO_HALF_PASSAGES", "r": "647888.20357380756900056", "c": "1.5764619709209779043792", "K": "6.7474760318518484636906", "L": null}
POINT 556117.45111284822547759 1.5764619705305016747953 6.7474760318518484636906 BRACKETS 2
{"eval": 1356, "purpose": "two-sided fixed-amplitude fold correction", "status": "NUMERICAL_TWO_HALF_PASSAGES", "r": "1511683.9618490167748632", "c": "1.5787088562584163336892", "K": "6.789950590555914688648", "L": null}
{"eval": 1357, "purpose": "two-sided fixed-amplitude fold correction", "status": "NUMERICAL_TWO_HALF_PASSAGES", "r": "1511683.9618490167748632", "c": "1.5785125533316674130511", "K": "6.7861831599801819342108", "L": null}
{"eval": 1358, "purpose": "two-sided fixed-amplitude fold correction", "status": "NUMERICAL_TWO_HALF_PASSAGES", "r": "1511683.9618490167748632", "c": "1.5785125111264862382554", "K": "6.7861818601483412881879", "L": null}
{"eval": 1359, "purpose": "two-sided pair-side stationary/root profile", "status": "NUMERICAL_TWO_HALF_PASSAGES", "r": "0.0024787521766663582001986", "c": "1.5785125112341697576918", "K": "6.7861818601483412881879", "L": null}
{"eval": 1360, "purpose": "two-sided pair-side stationary/root profile", "status": "NUMERICAL_TWO_HALF_PASSAGES", "r": "9.2881072727208590176368", "c": "1.5785125112341697576918", "K": "6.7861818601483412881879", "L": null}
{"eval": 1361, "purpose": "two-sided pair-side stationary/root profile", "status": "NUMERICAL_TWO_HALF_PASSAGES", "r": "1378.4773424281197081731", "c": "1.5785125112341697576918", "K": "6.7861818601483412881879", "L": null}
{"eval": 1362, "purpose": "two-sided pair-side stationary/root profile", "status": "NUMERICAL_TWO_HALF_PASSAGES", "r": "27687.457559117608601795", "c": "1.5785125112341697576918", "K": "6.7861818601483412881879", "L": null}
{"eval": 1363, "purpose": "two-sided pair-side stationary/root profile", "status": "NUMERICAL_TWO_HALF_PASSAGES", "r": "204584.17714108150001096", "c": "1.5785125112341697576918", "K": "6.7861818601483412881879", "L": null}
{"eval": 1364, "purpose": "two-sided pair-side stationary/root profile", "status": "NUMERICAL_TWO_HALF_PASSAGES", "r": "556117.45111284822547759", "c": "1.5785125112341697576918", "K": "6.7861818601483412881879", "L": null}
{"eval": 1365, "purpose": "two-sided pair-side stationary/root profile", "status": "NUMERICAL_TWO_HALF_PASSAGES", "r": "1119883.0228500784929793", "c": "1.5785125112341697576918", "K": "6.7861818601483412881879", "L": null}
{"eval": 1366, "purpose": "two-sided pair-side stationary/root profile", "status": "NUMERICAL_TWO_HALF_PASSAGES", "r": "1511683.9618490167748632", "c": "1.5785125112341697576918", "K": "6.7861818601483412881879", "L": null}
{"eval": 1367, "purpose": "two-sided pair-side stationary/root profile", "status": "NUMERICAL_TWO_HALF_PASSAGES", "r": "2040559.9101732819294739", "c": "1.5785125112341697576918", "K": "6.7861818601483412881879", "L": null}
{"eval": 1368, "purpose": "two-sided pair-side stationary/root profile", "status": "NUMERICAL_TWO_HALF_PASSAGES", "r": "4109183.04386715889882", "c": "1.5785125112341697576918", "K": "6.7861818601483412881879", "L": null}
{"eval": 1369, "purpose": "two-sided pair-side stationary/root profile", "status": "NUMERICAL_TWO_HALF_PASSAGES", "r": "11169917.597956125778182", "c": "1.5785125112341697576918", "K": "6.7861818601483412881879", "L": null}
{"eval": 1370, "purpose": "two-sided pair-side stationary/root profile", "status": "NUMERICAL_TWO_HALF_PASSAGES", "r": "82535147.75173050986632", "c": "1.5785125112341697576918", "K": "6.7861818601483412881879", "L": null}
{"eval": 1371, "purpose": "two-sided pair-side stationary/root profile", "status": "NUMERICAL_TWO_HALF_PASSAGES", "r": "1657762757.6281327778706", "c": "1.5785125112341697576918", "K": "6.7861818601483412881879", "L": null}
{"eval": 1372, "purpose": "two-sided pair-side stationary/root profile", "status": "NUMERICAL_TWO_HALF_PASSAGES", "r": "246033807902.19020578265", "c": "1.5785125112341697576918", "K": "6.7861818601483412881879", "L": null}
{"eval": 1373, "purpose": "two-sided simple-root refinement", "status": "NUMERICAL_TWO_HALF_PASSAGES", "r": "1449251.8201565125048091", "c": "1.5785125112341697576918", "K": "6.7861818601483412881879", "L": null}
{"eval": 1374, "purpose": "two-sided simple-root refinement", "status": "NUMERICAL_TWO_HALF_PASSAGES", "r": "1402753.5425597615640072", "c": "1.5785125112341697576918", "K": "6.7861818601483412881879", "L": null}
{"eval": 1375, "purpose": "two-sided simple-root refinement", "status": "NUMERICAL_TWO_HALF_PASSAGES", "r": "1373561.9683698343354763", "c": "1.5785125112341697576918", "K": "6.7861818601483412881879", "L": null}
{"eval": 1376, "purpose": "two-sided simple-root refinement", "status": "NUMERICAL_TWO_HALF_PASSAGES", "r": "1357166.4838852705521504", "c": "1.5785125112341697576918", "K": "6.7861818601483412881879", "L": null}
{"eval": 1377, "purpose": "two-sided simple-root refinement", "status": "NUMERICAL_TWO_HALF_PASSAGES", "r": "1348531.6574976562194479", "c": "1.5785125112341697576918", "K": "6.7861818601483412881879", "L": null}
{"eval": 1378, "purpose": "two-sided simple-root refinement", "status": "NUMERICAL_TWO_HALF_PASSAGES", "r": "1228901.0167655904270987", "c": "1.5785125112341697576918", "K": "6.7861818601483412881879", "L": null}
{"eval": 1379, "purpose": "two-sided simple-root refinement", "status": "NUMERICAL_TWO_HALF_PASSAGES", "r": "1342485.5739210496728901", "c": "1.5785125112341697576918", "K": "6.7861818601483412881879", "L": null}
{"eval": 1380, "purpose": "two-sided simple-root refinement", "status": "NUMERICAL_TWO_HALF_PASSAGES", "r": "1284438.3546066798883203", "c": "1.5785125112341697576918", "K": "6.7861818601483412881879", "L": null}
{"eval": 1381, "purpose": "two-sided simple-root refinement", "status": "NUMERICAL_TWO_HALF_PASSAGES", "r": "1616424.5670166355295123", "c": "1.5785125112341697576918", "K": "6.7861818601483412881879", "L": null}
{"eval": 1382, "purpose": "two-sided simple-root refinement", "status": "NUMERICAL_TWO_HALF_PASSAGES", "r": "1683376.1715177334765485", "c": "1.5785125112341697576918", "K": "6.7861818601483412881879", "L": null}
{"eval": 1383, "purpose": "two-sided simple-root refinement", "status": "NUMERICAL_TWO_HALF_PASSAGES", "r": "1711998.1305707258853772", "c": "1.5785125112341697576918", "K": "6.7861818601483412881879", "L": null}
{"eval": 1384, "purpose": "two-sided simple-root refinement", "status": "NUMERICAL_TWO_HALF_PASSAGES", "r": "1722074.9363163454376036", "c": "1.5785125112341697576918", "K": "6.7861818601483412881879", "L": null}
{"eval": 1385, "purpose": "two-sided simple-root refinement", "status": "NUMERICAL_TWO_HALF_PASSAGES", "r": "1874565.8370303620907862", "c": "1.5785125112341697576918", "K": "6.7861818601483412881879", "L": null}
{"eval": 1386, "purpose": "two-sided simple-root refinement", "status": "NUMERICAL_TWO_HALF_PASSAGES", "r": "1796703.3267695748265851", "c": "1.5785125112341697576918", "K": "6.7861818601483412881879", "L": null}
{"eval": 1387, "purpose": "two-sided simple-root refinement", "status": "NUMERICAL_TWO_HALF_PASSAGES", "r": "1726381.3876280302913528", "c": "1.5785125112341697576918", "K": "6.7861818601483412881879", "L": null}
{"eval": 1388, "purpose": "two-sided simple-root refinement", "status": "NUMERICAL_TWO_HALF_PASSAGES", "r": "1761191.4099337291885377", "c": "1.5785125112341697576918", "K": "6.7861818601483412881879", "L": null}
POINT 1511683.9618490167748632 1.5785125111264862382554 6.7861818601483412881879 BRACKETS 2
{"eval": 1389, "purpose": "two-sided fixed-amplitude fold correction", "status": "NUMERICAL_TWO_HALF_PASSAGES", "r": "4109183.0438671588985926", "c": "1.5803838748463625531919", "K": "6.8214534760527587371921", "L": null}
{"eval": 1390, "purpose": "two-sided fixed-amplitude fold correction", "status": "NUMERICAL_TWO_HALF_PASSAGES", "r": "4109183.0438671588985926", "c": "1.5802335520719460946722", "K": "6.8185803032958585893734", "L": null}
{"eval": 1391, "purpose": "two-sided fixed-amplitude fold correction", "status": "NUMERICAL_TWO_HALF_PASSAGES", "r": "4109183.0438671588985926", "c": "1.5802335277487991693855", "K": "6.8185795501679076330813", "L": null}
{"eval": 1392, "purpose": "two-sided pair-side stationary/root profile", "status": "NUMERICAL_TWO_HALF_PASSAGES", "r": "0.0024787521766663581999868", "c": "1.5802335277787065190942", "K": "6.8185795501679076330813", "L": null}
{"eval": 1393, "purpose": "two-sided pair-side stationary/root profile", "status": "NUMERICAL_TWO_HALF_PASSAGES", "r": "25.247693220215412570132", "c": "1.5802335277787065190942", "K": "6.8185795501679076330813", "L": null}
{"eval": 1394, "purpose": "two-sided pair-side stationary/root profile", "status": "NUMERICAL_TWO_HALF_PASSAGES", "r": "3747.0899108648746549388", "c": "1.5802335277787065190942", "K": "6.8185795501679076330813", "L": null}
{"eval": 1395, "purpose": "two-sided pair-side stationary/root profile", "status": "NUMERICAL_TWO_HALF_PASSAGES", "r": "75262.312759180426645855", "c": "1.5802335277787065190942", "K": "6.8185795501679076330813", "L": null}
{"eval": 1396, "purpose": "two-sided pair-side stationary/root profile", "status": "NUMERICAL_TWO_HALF_PASSAGES", "r": "556117.45111284822542075", "c": "1.5802335277787065190942", "K": "6.8185795501679076330813", "L": null}
{"eval": 1397, "purpose": "two-sided pair-side stationary/root profile", "status": "NUMERICAL_TWO_HALF_PASSAGES", "r": "1511683.9618490167747495", "c": "1.5802335277787065190942", "K": "6.8185795501679076330813", "L": null}
{"eval": 1398, "purpose": "two-sided pair-side stationary/root profile", "status": "NUMERICAL_TWO_HALF_PASSAGES", "r": "3044157.6710131541015016", "c": "1.5802335277787065190942", "K": "6.8185795501679076330813", "L": null}
{"eval": 1399, "purpose": "two-sided pair-side stationary/root profile", "status": "NUMERICAL_TWO_HALF_PASSAGES", "r": "4109183.0438671588985926", "c": "1.5802335277787065190942", "K": "6.8185795501679076330813", "L": null}
{"eval": 1400, "purpose": "two-sided pair-side stationary/root profile", "status": "NUMERICAL_TWO_HALF_PASSAGES", "r": "5546816.9237060539039703", "c": "1.5802335277787065190942", "K": "6.8185795501679076330813", "L": null}
{"eval": 1401, "purpose": "two-sided pair-side stationary/root profile", "status": "NUMERICAL_TWO_HALF_PASSAGES", "r": "11169917.597956125777273", "c": "1.5802335277787065190942", "K": "6.8185795501679076330813", "L": null}
{"eval": 1402, "purpose": "two-sided pair-side stationary/root profile", "status": "NUMERICAL_TWO_HALF_PASSAGES", "r": "30362984.0319090440953", "c": "1.5802335277787065190942", "K": "6.8185795501679076330813", "L": null}
{"eval": 1403, "purpose": "two-sided pair-side stationary/root profile", "status": "NUMERICAL_TWO_HALF_PASSAGES", "r": "224353792.34271146684478", "c": "1.5802335277787065190942", "K": "6.8185795501679076330813", "L": null}
{"eval": 1404, "purpose": "two-sided pair-side stationary/root profile", "status": "NUMERICAL_TWO_HALF_PASSAGES", "r": "4506266379.9567098063417", "c": "1.5802335277787065190942", "K": "6.8185795501679076330813", "L": null}
{"eval": 1405, "purpose": "two-sided pair-side stationary/root profile", "status": "UNRESOLVED", "r": null, "c": null, "K": null, "L": null}
{"eval": 1406, "purpose": "two-sided simple-root refinement", "status": "NUMERICAL_TWO_HALF_PASSAGES", "r": "3939594.3020942002565334", "c": "1.5802335277787065190942", "K": "6.8185795501679076330813", "L": null}
{"eval": 1407, "purpose": "two-sided simple-root refinement", "status": "NUMERICAL_TWO_HALF_PASSAGES", "r": "3813251.8131774859391498", "c": "1.5802335277787065190942", "K": "6.8185795501679076330813", "L": null}
{"eval": 1408, "purpose": "two-sided simple-root refinement", "status": "NUMERICAL_TWO_HALF_PASSAGES", "r": "3733895.8110824975169635", "c": "1.5802335277787065190942", "K": "6.8185795501679076330813", "L": null}
{"eval": 1409, "purpose": "two-sided simple-root refinement", "status": "NUMERICAL_TWO_HALF_PASSAGES", "r": "3689301.1065766207364049", "c": "1.5802335277787065190942", "K": "6.8185795501679076330813", "L": null}
{"eval": 1410, "purpose": "two-sided simple-root refinement", "status": "NUMERICAL_TWO_HALF_PASSAGES", "r": "3665801.4911932276768312", "c": "1.5802335277787065190942", "K": "6.8185795501679076330813", "L": null}
{"eval": 1411, "purpose": "two-sided simple-root refinement", "status": "NUMERICAL_TWO_HALF_PASSAGES", "r": "3340550.5129884390510142", "c": "1.5802335277787065190942", "K": "6.8185795501679076330813", "L": null}
{"eval": 1412, "purpose": "two-sided simple-root refinement", "status": "NUMERICAL_TWO_HALF_PASSAGES", "r": "3649333.2802663339496121", "c": "1.5802335277787065190942", "K": "6.8185795501679076330813", "L": null}
{"eval": 1413, "purpose": "two-sided simple-root refinement", "status": "NUMERICAL_TWO_HALF_PASSAGES", "r": "3491530.0602256720217156", "c": "1.5802335277787065190942", "K": "6.8185795501679076330813", "L": null}
{"eval": 1414, "purpose": "two-sided simple-root refinement", "status": "NUMERICAL_TWO_HALF_PASSAGES", "r": "4394095.3287319608248254", "c": "1.5802335277787065190942", "K": "6.8185795501679076330813", "L": null}
{"eval": 1415, "purpose": "two-sided simple-root refinement", "status": "NUMERICAL_TWO_HALF_PASSAGES", "r": "4576130.1232169538207017", "c": "1.5802335277787065190942", "K": "6.8185795501679076330813", "L": null}
{"eval": 1416, "purpose": "two-sided simple-root refinement", "status": "NUMERICAL_TWO_HALF_PASSAGES", "r": "4653879.6094990562346538", "c": "1.5802335277787065190942", "K": "6.8185795501679076330813", "L": null}
{"eval": 1417, "purpose": "two-sided simple-root refinement", "status": "NUMERICAL_TWO_HALF_PASSAGES", "r": "4681225.2572814497530089", "c": "1.5802335277787065190942", "K": "6.8185795501679076330813", "L": null}
{"eval": 1418, "purpose": "two-sided simple-root refinement", "status": "NUMERICAL_TWO_HALF_PASSAGES", "r": "5095674.5854468544380325", "c": "1.5802335277787065190942", "K": "6.8185795501679076330813", "L": null}
{"eval": 1419, "purpose": "two-sided simple-root refinement", "status": "NUMERICAL_TWO_HALF_PASSAGES", "r": "4884055.750324825682128", "c": "1.5802335277787065190942", "K": "6.8185795501679076330813", "L": null}
{"eval": 1420, "purpose": "two-sided simple-root refinement", "status": "NUMERICAL_TWO_HALF_PASSAGES", "r": "4692897.1714284615741235", "c": "1.5802335277787065190942", "K": "6.8185795501679076330813", "L": null}
{"eval": 1421, "purpose": "two-sided simple-root refinement", "status": "NUMERICAL_TWO_HALF_PASSAGES", "r": "4787522.4715711034446031", "c": "1.5802335277787065190942", "K": "6.8185795501679076330813", "L": null}
POINT 4109183.0438671588985926 1.5802335277487991693855 6.8185795501679076330813 BRACKETS 2
{"eval": 1422, "purpose": "two-sided fixed-amplitude fold correction", "status": "NUMERICAL_TWO_HALF_PASSAGES", "r": "11169917.597956125778182", "c": "1.5818162969388288867541", "K": "6.8483378475954726511549", "L": null}
{"eval": 1423, "purpose": "two-sided fixed-amplitude fold correction", "status": "NUMERICAL_TWO_HALF_PASSAGES", "r": "11169917.597956125778182", "c": "1.5816986602891802519977", "K": "6.846097242832636751899", "L": null}
{"eval": 1424, "purpose": "two-sided fixed-amplitude fold correction", "status": "NUMERICAL_TWO_HALF_PASSAGES", "r": "11169917.597956125778182", "c": "1.5816986456124914806791", "K": "6.8460967863030362345715", "L": null}
{"eval": 1425, "purpose": "two-sided pair-side stationary/root profile", "status": "NUMERICAL_TWO_HALF_PASSAGES", "r": "0.0024787521766663582001986", "c": "1.5816986456208483344081", "K": "6.8460967863030362345715", "L": null}
{"eval": 1426, "purpose": "two-sided pair-side stationary/root profile", "status": "NUMERICAL_TWO_HALF_PASSAGES", "r": "68.630345691020191514764", "c": "1.5816986456208483344081", "K": "6.8460967863030362345715", "L": null}
{"eval": 1427, "purpose": "two-sided pair-side stationary/root profile", "status": "NUMERICAL_TWO_HALF_PASSAGES", "r": "10185.646414306212308887", "c": "1.5816986456208483344081", "K": "6.8460967863030362345715", "L": null}
{"eval": 1428, "purpose": "two-sided pair-side stationary/root profile", "status": "NUMERICAL_TWO_HALF_PASSAGES", "r": "204584.17714108149999674", "c": "1.5816986456208483344081", "K": "6.8460967863030362345715", "L": null}
{"eval": 1429, "purpose": "two-sided pair-side stationary/root profile", "status": "NUMERICAL_TWO_HALF_PASSAGES", "r": "1511683.9618490167748632", "c": "1.5816986456208483344081", "K": "6.8460967863030362345715", "L": null}
{"eval": 1430, "purpose": "two-sided pair-side stationary/root profile", "status": "NUMERICAL_TWO_HALF_PASSAGES", "r": "4109183.04386715889882", "c": "1.5816986456208483344081", "K": "6.8460967863030362345715", "L": null}
{"eval": 1431, "purpose": "two-sided pair-side stationary/root profile", "status": "NUMERICAL_TWO_HALF_PASSAGES", "r": "8274878.4800792652181372", "c": "1.5816986456208483344081", "K": "6.8460967863030362345715", "L": null}
{"eval": 1432, "purpose": "two-sided pair-side stationary/root profile", "status": "NUMERICAL_TWO_HALF_PASSAGES", "r": "11169917.597956125778182", "c": "1.5816986456208483344081", "K": "6.8460967863030362345715", "L": null}
{"eval": 1433, "purpose": "two-sided pair-side stationary/root profile", "status": "NUMERICAL_TWO_HALF_PASSAGES", "r": "15077811.649499268621184", "c": "1.5816986456208483344081", "K": "6.8460967863030362345715", "L": null}
{"eval": 1434, "purpose": "two-sided pair-side stationary/root profile", "status": "NUMERICAL_TWO_HALF_PASSAGES", "r": "30362984.031909044097119", "c": "1.5816986456208483344081", "K": "6.8460967863030362345715", "L": null}
{"eval": 1435, "purpose": "two-sided pair-side stationary/root profile", "status": "NUMERICAL_TWO_HALF_PASSAGES", "r": "82535147.75173050986632", "c": "1.5816986456208483344081", "K": "6.8460967863030362345715", "L": null}
{"eval": 1436, "purpose": "two-sided pair-side stationary/root profile", "status": "NUMERICAL_TWO_HALF_PASSAGES", "r": "609856836.87106666801265", "c": "1.5816986456208483344081", "K": "6.8460967863030362345715", "L": null}
{"eval": 1437, "purpose": "two-sided pair-side stationary/root profile", "status": "NUMERICAL_TWO_HALF_PASSAGES", "r": "12249302014.832247805782", "c": "1.5816986456208483344081", "K": "6.8460967863030362345715", "L": null}
{"eval": 1438, "purpose": "two-sided pair-side stationary/root profile", "status": "UNRESOLVED", "r": null, "c": null, "K": null, "L": null}
{"eval": 1439, "purpose": "two-sided simple-root refinement", "status": "NUMERICAL_TWO_HALF_PASSAGES", "r": "10709196.445623667103064", "c": "1.5816986456208483344081", "K": "6.8460967863030362345715", "L": null}
{"eval": 1440, "purpose": "two-sided simple-root refinement", "status": "NUMERICAL_TWO_HALF_PASSAGES", "r": "10365883.768609849091263", "c": "1.5816986456208483344081", "K": "6.8460967863030362345715", "L": null}
{"eval": 1441, "purpose": "two-sided simple-root refinement", "status": "NUMERICAL_TWO_HALF_PASSAGES", "r": "10150165.359389077570086", "c": "1.5816986456208483344081", "K": "6.8460967863030362345715", "L": null}
{"eval": 1442, "purpose": "two-sided simple-root refinement", "status": "NUMERICAL_TWO_HALF_PASSAGES", "r": "10028878.939989271716513", "c": "1.5816986456208483344081", "K": "6.8460967863030362345715", "L": null}
{"eval": 1443, "purpose": "two-sided simple-root refinement", "status": "NUMERICAL_TWO_HALF_PASSAGES", "r": "9964939.2826338168870279", "c": "1.5816986456208483344081", "K": "6.8460967863030362345715", "L": null}
{"eval": 1444, "purpose": "two-sided simple-root refinement", "status": "NUMERICAL_TWO_HALF_PASSAGES", "r": "9080675.1745210599274287", "c": "1.5816986456208483344081", "K": "6.8460967863030362345715", "L": null}
{"eval": 1445, "purpose": "two-sided simple-root refinement", "status": "NUMERICAL_TWO_HALF_PASSAGES", "r": "9920097.1700276920682882", "c": "1.5816986456208483344081", "K": "6.8460967863030362345715", "L": null}
{"eval": 1446, "purpose": "two-sided simple-root refinement", "status": "NUMERICAL_TWO_HALF_PASSAGES", "r": "9491110.5831039122585935", "c": "1.5816986456208483344081", "K": "6.8460967863030362345715", "L": null}
{"eval": 1447, "purpose": "two-sided simple-root refinement", "status": "NUMERICAL_TWO_HALF_PASSAGES", "r": "11944852.62282775028325", "c": "1.5816986456208483344081", "K": "6.8460967863030362345715", "L": null}
{"eval": 1448, "purpose": "two-sided simple-root refinement", "status": "NUMERICAL_TWO_HALF_PASSAGES", "r": "12439759.366320637300305", "c": "1.5816986456208483344081", "K": "6.8460967863030362345715", "L": null}
{"eval": 1449, "purpose": "two-sided simple-root refinement", "status": "NUMERICAL_TWO_HALF_PASSAGES", "r": "12650978.255826208081089", "c": "1.5816986456208483344081", "K": "6.8460967863030362345715", "L": null}
{"eval": 1450, "purpose": "two-sided simple-root refinement", "status": "NUMERICAL_TWO_HALF_PASSAGES", "r": "12725215.63996918317298", "c": "1.5816986456208483344081", "K": "6.8460967863030362345715", "L": null}
{"eval": 1451, "purpose": "two-sided simple-root refinement", "status": "NUMERICAL_TWO_HALF_PASSAGES", "r": "13851657.107318158015005", "c": "1.5816986456208483344081", "K": "6.8460967863030362345715", "L": null}
{"eval": 1452, "purpose": "two-sided simple-root refinement", "status": "NUMERICAL_TWO_HALF_PASSAGES", "r": "13276495.157289642106662", "c": "1.5816986456208483344081", "K": "6.8460967863030362345715", "L": null}
{"eval": 1453, "purpose": "two-sided simple-root refinement", "status": "NUMERICAL_TWO_HALF_PASSAGES", "r": "12756861.728195690844586", "c": "1.5816986456208483344081", "K": "6.8460967863030362345715", "L": null}
{"eval": 1454, "purpose": "two-sided simple-root refinement", "status": "NUMERICAL_TWO_HALF_PASSAGES", "r": "13014085.175555124826133", "c": "1.5816986456208483344081", "K": "6.8460967863030362345715", "L": null}
POINT 11169917.597956125778182 1.5816986456124914806791 6.8460967863030362345715 BRACKETS 2
{"eval": 1455, "purpose": "two-sided fixed-amplitude fold correction", "status": "NUMERICAL_TWO_HALF_PASSAGES", "r": "30362984.0319090440953", "c": "1.5830548758178964914318", "K": "6.8715420706444993400631", "L": null}
{"eval": 1456, "purpose": "two-sided fixed-amplitude fold correction", "status": "NUMERICAL_TWO_HALF_PASSAGES", "r": "30362984.0319090440953", "c": "1.5829610927610206866324", "K": "6.8697611339980681048091", "L": null}
{"eval": 1457, "purpose": "two-sided fixed-amplitude fold correction", "status": "NUMERICAL_TWO_HALF_PASSAGES", "r": "30362984.0319090440953", "c": "1.5829610835512431533641", "K": "6.8697608463805224796386", "L": null}
{"eval": 1458, "purpose": "two-sided pair-side stationary/root profile", "status": "NUMERICAL_TWO_HALF_PASSAGES", "r": "0.0024787521766663581999868", "c": "1.5829610835535905380205", "K": "6.8697608463805224796386", "L": null}
{"eval": 1459, "purpose": "two-sided pair-side stationary/root profile", "status": "NUMERICAL_TWO_HALF_PASSAGES", "r": "186.55662157276272256068", "c": "1.5829610835535905380205", "K": "6.8697608463805224796386", "L": null}
{"eval": 1460, "purpose": "two-sided pair-side stationary/root profile", "status": "NUMERICAL_TWO_HALF_PASSAGES", "r": "27687.457559117608600019", "c": "1.5829610835535905380205", "K": "6.8697608463805224796386", "L": null}
{"eval": 1461, "purpose": "two-sided pair-side stationary/root profile", "status": "NUMERICAL_TWO_HALF_PASSAGES", "r": "556117.45111284822542075", "c": "1.5829610835535905380205", "K": "6.8697608463805224796386", "L": null}
{"eval": 1462, "purpose": "two-sided pair-side stationary/root profile", "status": "NUMERICAL_TWO_HALF_PASSAGES", "r": "4109183.0438671588985926", "c": "1.5829610835535905380205", "K": "6.8697608463805224796386", "L": null}
{"eval": 1463, "purpose": "two-sided pair-side stationary/root profile", "status": "NUMERICAL_TWO_HALF_PASSAGES", "r": "11169917.597956125777273", "c": "1.5829610835535905380205", "K": "6.8697608463805224796386", "L": null}
{"eval": 1464, "purpose": "two-sided pair-side stationary/root profile", "status": "NUMERICAL_TWO_HALF_PASSAGES", "r": "22493451.805106270179749", "c": "1.5829610835535905380205", "K": "6.8697608463805224796386", "L": null}
{"eval": 1465, "purpose": "two-sided pair-side stationary/root profile", "status": "NUMERICAL_TWO_HALF_PASSAGES", "r": "30362984.0319090440953", "c": "1.5829610835535905380205", "K": "6.8697608463805224796386", "L": null}
{"eval": 1466, "purpose": "two-sided pair-side stationary/root profile", "status": "NUMERICAL_TWO_HALF_PASSAGES", "r": "40985741.419761964789359", "c": "1.5829610835535905380205", "K": "6.8697608463805224796386", "L": null}
{"eval": 1467, "purpose": "two-sided pair-side stationary/root profile", "status": "NUMERICAL_TWO_HALF_PASSAGES", "r": "82535147.75173050986632", "c": "1.5829610835535905380205", "K": "6.8697608463805224796386", "L": null}
{"eval": 1468, "purpose": "two-sided pair-side stationary/root profile", "status": "NUMERICAL_TWO_HALF_PASSAGES", "r": "224353792.34271146684478", "c": "1.5829610835535905380205", "K": "6.8697608463805224796386", "L": null}
{"eval": 1469, "purpose": "two-sided pair-side stationary/root profile", "status": "NUMERICAL_TWO_HALF_PASSAGES", "r": "1657762757.6281327777542", "c": "1.5829610835535905380205", "K": "6.8697608463805224796386", "L": null}
{"eval": 1470, "purpose": "two-sided pair-side stationary/root profile", "status": "NUMERICAL_TWO_HALF_PASSAGES", "r": "33297055078.225269403309", "c": "1.5829610835535905380205", "K": "6.8697608463805224796386", "L": null}
{"eval": 1471, "purpose": "two-sided pair-side stationary/root profile", "status": "UNRESOLVED", "r": null, "c": null, "K": null, "L": null}
{"eval": 1472, "purpose": "two-sided simple-root refinement", "status": "NUMERICAL_TWO_HALF_PASSAGES", "r": "29111204.972924317555226", "c": "1.5829610835535905380205", "K": "6.8697608463805224796386", "L": null}
{"eval": 1473, "purpose": "two-sided simple-root refinement", "status": "NUMERICAL_TWO_HALF_PASSAGES", "r": "28178237.488856705080252", "c": "1.5829610835535905380205", "K": "6.8697608463805224796386", "L": null}
{"eval": 1474, "purpose": "two-sided simple-root refinement", "status": "NUMERICAL_TWO_HALF_PASSAGES", "r": "27591834.139981620648541", "c": "1.5829610835535905380205", "K": "6.8697608463805224796386", "L": null}
{"eval": 1475, "purpose": "two-sided simple-root refinement", "status": "NUMERICAL_TWO_HALF_PASSAGES", "r": "27261974.181234084704556", "c": "1.5829610835535905380205", "K": "6.8697608463805224796386", "L": null}
{"eval": 1476, "purpose": "two-sided simple-root refinement", "status": "NUMERICAL_TWO_HALF_PASSAGES", "r": "27088061.264991752179412", "c": "1.5829610835535905380205", "K": "6.8697608463805224796386", "L": null}
{"eval": 1477, "purpose": "two-sided simple-root refinement", "status": "NUMERICAL_TWO_HALF_PASSAGES", "r": "24684083.952171649598313", "c": "1.5829610835535905380205", "K": "6.8697608463805224796386", "L": null}
{"eval": 1478, "purpose": "two-sided simple-root refinement", "status": "NUMERICAL_TWO_HALF_PASSAGES", "r": "26965988.427482961809801", "c": "1.5829610835535905380205", "K": "6.8697608463805224796386", "L": null}
{"eval": 1479, "purpose": "two-sided simple-root refinement", "status": "NUMERICAL_TWO_HALF_PASSAGES", "r": "25799820.196995144842731", "c": "1.5829610835535905380205", "K": "6.8697608463805224796386", "L": null}
{"eval": 1480, "purpose": "two-sided simple-root refinement", "status": "NUMERICAL_TWO_HALF_PASSAGES", "r": "32470624.699400157382115", "c": "1.5829610835535905380205", "K": "6.8697608463805224796386", "L": null}
{"eval": 1481, "purpose": "two-sided simple-root refinement", "status": "NUMERICAL_TWO_HALF_PASSAGES", "r": "33816124.045889868175436", "c": "1.5829610835535905380205", "K": "6.8697608463805224796386", "L": null}
{"eval": 1482, "purpose": "two-sided simple-root refinement", "status": "NUMERICAL_TWO_HALF_PASSAGES", "r": "34390010.888703002401598", "c": "1.5829610835535905380205", "K": "6.8697608463805224796386", "L": null}
{"eval": 1483, "purpose": "two-sided simple-root refinement", "status": "NUMERICAL_TWO_HALF_PASSAGES", "r": "34591539.635171401645493", "c": "1.5829610835535905380205", "K": "6.8697608463805224796386", "L": null}
{"eval": 1484, "purpose": "two-sided simple-root refinement", "status": "NUMERICAL_TWO_HALF_PASSAGES", "r": "37653152.574500082631857", "c": "1.5829610835535905380205", "K": "6.8697608463805224796386", "L": null}
{"eval": 1485, "purpose": "two-sided simple-root refinement", "status": "NUMERICAL_TWO_HALF_PASSAGES", "r": "36089894.980035280106677", "c": "1.5829610835535905380205", "K": "6.8697608463805224796386", "L": null}
{"eval": 1486, "purpose": "two-sided simple-root refinement", "status": "NUMERICAL_TWO_HALF_PASSAGES", "r": "34677343.185215189230803", "c": "1.5829610835535905380205", "K": "6.8697608463805224796386", "L": null}
{"eval": 1487, "purpose": "two-sided simple-root refinement", "status": "NUMERICAL_TWO_HALF_PASSAGES", "r": "35376569.55869319854537", "c": "1.5829610835535905380205", "K": "6.8697608463805224796386", "L": null}
POINT 30362984.0319090440953 1.5829610835512431533641 6.8697608463805224796386 BRACKETS 2
{"eval": 1488, "purpose": "two-sided fixed-amplitude fold correction", "status": "NUMERICAL_TWO_HALF_PASSAGES", "r": "82535147.75173050986632", "c": "1.5841362294345745771566", "K": "6.8917686294287220250682", "L": null}
{"eval": 1489, "purpose": "two-sided fixed-amplitude fold correction", "status": "NUMERICAL_TWO_HALF_PASSAGES", "r": "82535147.75173050986632", "c": "1.5840602564067721852448", "K": "6.8903296339181062278231", "L": null}
{"eval": 1490, "purpose": "two-sided fixed-amplitude fold correction", "status": "NUMERICAL_TWO_HALF_PASSAGES", "r": "82535147.75173050986632", "c": "1.584060250429665121937", "K": "6.8903294466055304253252", "L": null}
{"eval": 1491, "purpose": "two-sided pair-side stationary/root profile", "status": "NUMERICAL_TWO_HALF_PASSAGES", "r": "0.0024787521766663582001986", "c": "1.5840602504303275026775", "K": "6.8903294466055304253252", "L": null}
{"eval": 1492, "purpose": "two-sided pair-side stationary/root profile", "status": "NUMERICAL_TWO_HALF_PASSAGES", "r": "507.11347439995161676118", "c": "1.5840602504303275026775", "K": "6.8903294466055304253252", "L": null}
{"eval": 1493, "purpose": "two-sided pair-side stationary/root profile", "status": "NUMERICAL_TWO_HALF_PASSAGES", "r": "75262.312759180426645855", "c": "1.5840602504303275026775", "K": "6.8903294466055304253252", "L": null}
{"eval": 1494, "purpose": "two-sided pair-side stationary/root profile", "status": "NUMERICAL_TWO_HALF_PASSAGES", "r": "1511683.9618490167748632", "c": "1.5840602504303275026775", "K": "6.8903294466055304253252", "L": null}
{"eval": 1495, "purpose": "two-sided pair-side stationary/root profile", "status": "NUMERICAL_TWO_HALF_PASSAGES", "r": "11169917.597956125778182", "c": "1.5840602504303275026775", "K": "6.8903294466055304253252", "L": null}
{"eval": 1496, "purpose": "two-sided pair-side stationary/root profile", "status": "NUMERICAL_TWO_HALF_PASSAGES", "r": "30362984.0319090440953", "c": "1.5840602504303275026775", "K": "6.8903294466055304253252", "L": null}
{"eval": 1497, "purpose": "two-sided pair-side stationary/root profile", "status": "NUMERICAL_TWO_HALF_PASSAGES", "r": "61143541.301139683717338", "c": "1.5840602504303275026775", "K": "6.8903294466055304253252", "L": null}
{"eval": 1498, "purpose": "two-sided pair-side stationary/root profile", "status": "NUMERICAL_TWO_HALF_PASSAGES", "r": "82535147.75173050986632", "c": "1.5840602504303275026775", "K": "6.8903294466055304253252", "L": null}
{"eval": 1499, "purpose": "two-sided pair-side stationary/root profile", "status": "NUMERICAL_TWO_HALF_PASSAGES", "r": "111410796.12726017829118", "c": "1.5840602504303275026775", "K": "6.8903294466055304253252", "L": null}
{"eval": 1500, "purpose": "two-sided pair-side stationary/root profile", "status": "NUMERICAL_TWO_HALF_PASSAGES", "r": "224353792.34271146684478", "c": "1.5840602504303275026775", "K": "6.8903294466055304253252", "L": null}
{"eval": 1501, "purpose": "two-sided pair-side stationary/root profile", "status": "NUMERICAL_TWO_HALF_PASSAGES", "r": "609856836.87106666801265", "c": "1.5840602504303275026775", "K": "6.8903294466055304253252", "L": null}
{"eval": 1502, "purpose": "two-sided pair-side stationary/root profile", "status": "NUMERICAL_TWO_HALF_PASSAGES", "r": "4506266379.9567098068073", "c": "1.5840602504303275026775", "K": "6.8903294466055304253252", "L": null}
{"eval": 1503, "purpose": "two-sided pair-side stationary/root profile", "status": "NUMERICAL_TWO_HALF_PASSAGES", "r": "90510779760.339722797275", "c": "1.5840602504303275026775", "K": "6.8903294466055304253252", "L": null}
{"eval": 1504, "purpose": "two-sided pair-side stationary/root profile", "status": "UNRESOLVED", "r": null, "c": null, "K": null, "L": null}
{"eval": 1505, "purpose": "two-sided simple-root refinement", "status": "NUMERICAL_TWO_HALF_PASSAGES", "r": "79134089.843128380482085", "c": "1.5840602504303275026775", "K": "6.8903294466055304253252", "L": null}
{"eval": 1506, "purpose": "two-sided simple-root refinement", "status": "NUMERICAL_TWO_HALF_PASSAGES", "r": "76598871.62313158968027", "c": "1.5840602504303275026775", "K": "6.8903294466055304253252", "L": null}
{"eval": 1507, "purpose": "two-sided simple-root refinement", "status": "NUMERICAL_TWO_HALF_PASSAGES", "r": "75004922.061266007614904", "c": "1.5840602504303275026775", "K": "6.8903294466055304253252", "L": null}
{"eval": 1508, "purpose": "two-sided simple-root refinement", "status": "NUMERICAL_TWO_HALF_PASSAGES", "r": "74107908.688112762865785", "c": "1.5840602504303275026775", "K": "6.8903294466055304253252", "L": null}
{"eval": 1509, "purpose": "two-sided simple-root refinement", "status": "NUMERICAL_TWO_HALF_PASSAGES", "r": "73634556.490630212989345", "c": "1.5840602504303275026775", "K": "6.8903294466055304253252", "L": null}
{"eval": 1510, "purpose": "two-sided simple-root refinement", "status": "NUMERICAL_TWO_HALF_PASSAGES", "r": "67099013.002993953101395", "c": "1.5840602504303275026775", "K": "6.8903294466055304253252", "L": null}
{"eval": 1511, "purpose": "two-sided simple-root refinement", "status": "NUMERICAL_TWO_HALF_PASSAGES", "r": "73302474.253657382934762", "c": "1.5840602504303275026775", "K": "6.8903294466055304253252", "L": null}
{"eval": 1512, "purpose": "two-sided simple-root refinement", "status": "NUMERICAL_TWO_HALF_PASSAGES", "r": "70132187.140412113381899", "c": "1.5840602504303275026775", "K": "6.8903294466055304253252", "L": null}
{"eval": 1513, "purpose": "two-sided simple-root refinement", "status": "NUMERICAL_TWO_HALF_PASSAGES", "r": "88266578.832180729215906", "c": "1.5840602504303275026775", "K": "6.8903294466055304253252", "L": null}
{"eval": 1514, "purpose": "two-sided simple-root refinement", "status": "NUMERICAL_TWO_HALF_PASSAGES", "r": "91924002.713928891818796", "c": "1.5840602504303275026775", "K": "6.8903294466055304253252", "L": null}
{"eval": 1515, "purpose": "two-sided simple-root refinement", "status": "NUMERICAL_TWO_HALF_PASSAGES", "r": "93483979.374017379421275", "c": "1.5840602504303275026775", "K": "6.8903294466055304253252", "L": null}
{"eval": 1516, "purpose": "two-sided simple-root refinement", "status": "NUMERICAL_TWO_HALF_PASSAGES", "r": "94030585.351695261866553", "c": "1.5840602504303275026775", "K": "6.8903294466055304253252", "L": null}
{"eval": 1517, "purpose": "two-sided simple-root refinement", "status": "NUMERICAL_TWO_HALF_PASSAGES", "r": "102352441.95594288863504", "c": "1.5840602504303275026775", "K": "6.8903294466055304253252", "L": null}
{"eval": 1518, "purpose": "two-sided simple-root refinement", "status": "NUMERICAL_TWO_HALF_PASSAGES", "r": "98103313.039329731502221", "c": "1.5840602504303275026775", "K": "6.8903294466055304253252", "L": null}
{"eval": 1519, "purpose": "two-sided simple-root refinement", "status": "NUMERICAL_TWO_HALF_PASSAGES", "r": "94263917.561084083659807", "c": "1.5840602504303275026775", "K": "6.8903294466055304253252", "L": null}
{"eval": 1520, "purpose": "two-sided simple-root refinement", "status": "NUMERICAL_TWO_HALF_PASSAGES", "r": "96164456.078161244113289", "c": "1.5840602504303275026775", "K": "6.8903294466055304253252", "L": null}
POINT 82535147.75173050986632 1.584060250429665121937 6.8903294466055304253252 BRACKETS 2
{"eval": 1521, "purpose": "two-sided fixed-amplitude fold correction", "status": "NUMERICAL_TWO_HALF_PASSAGES", "r": "224353792.34271146684478", "c": "1.5850883606539674943424", "K": "6.9095531634984519451029", "L": null}
{"eval": 1522, "purpose": "two-sided fixed-amplitude fold correction", "status": "NUMERICAL_TWO_HALF_PASSAGES", "r": "224353792.34271146684478", "c": "1.5850259529179831419947", "K": "6.9083737761942436931412", "L": null}
{"eval": 1523, "purpose": "two-sided fixed-amplitude fold correction", "status": "NUMERICAL_TWO_HALF_PASSAGES", "r": "224353792.34271146684478", "c": "1.585025948924048712612", "K": "6.9083736506459054666288", "L": null}
{"eval": 1524, "purpose": "two-sided pair-side stationary/root profile", "status": "NUMERICAL_TWO_HALF_PASSAGES", "r": "0.0024787521766663582001986", "c": "1.5850259489242363720703", "K": "6.9083736506459054666288", "L": null}
{"eval": 1525, "purpose": "two-sided pair-side stationary/root profile", "status": "NUMERICAL_TWO_HALF_PASSAGES", "r": "1378.4773424281197081731", "c": "1.5850259489242363720703", "K": "6.9083736506459054666288", "L": null}
{"eval": 1526, "purpose": "two-sided pair-side stationary/root profile", "status": "NUMERICAL_TWO_HALF_PASSAGES", "r": "204584.17714108149999674", "c": "1.5850259489242363720703", "K": "6.9083736506459054666288", "L": null}
{"eval": 1527, "purpose": "two-sided pair-side stationary/root profile", "status": "NUMERICAL_TWO_HALF_PASSAGES", "r": "4109183.0438671588985926", "c": "1.5850259489242363720703", "K": "6.9083736506459054666288", "L": null}
{"eval": 1528, "purpose": "two-sided pair-side stationary/root profile", "status": "NUMERICAL_TWO_HALF_PASSAGES", "r": "30362984.0319090440953", "c": "1.5850259489242363720703", "K": "6.9083736506459054666288", "L": null}
{"eval": 1529, "purpose": "two-sided pair-side stationary/root profile", "status": "NUMERICAL_TWO_HALF_PASSAGES", "r": "82535147.75173050986632", "c": "1.5850259489242363720703", "K": "6.9083736506459054666288", "L": null}
{"eval": 1530, "purpose": "two-sided pair-side stationary/root profile", "status": "NUMERICAL_TWO_HALF_PASSAGES", "r": "166205377.24652312924445", "c": "1.5850259489242363720703", "K": "6.9083736506459054666288", "L": null}
{"eval": 1531, "purpose": "two-sided pair-side stationary/root profile", "status": "NUMERICAL_TWO_HALF_PASSAGES", "r": "224353792.34271146684478", "c": "1.5850259489242363720703", "K": "6.9083736506459054666288", "L": null}
{"eval": 1532, "purpose": "two-sided pair-side stationary/root profile", "status": "NUMERICAL_TWO_HALF_PASSAGES", "r": "302845942.60688671318348", "c": "1.5850259489242363720703", "K": "6.9083736506459054666288", "L": null}
{"eval": 1533, "purpose": "two-sided pair-side stationary/root profile", "status": "NUMERICAL_TWO_HALF_PASSAGES", "r": "609856836.87106666795444", "c": "1.5850259489242363720703", "K": "6.9083736506459054666288", "L": null}
{"eval": 1534, "purpose": "two-sided pair-side stationary/root profile", "status": "NUMERICAL_TWO_HALF_PASSAGES", "r": "1657762757.6281327777542", "c": "1.5850259489242363720703", "K": "6.9083736506459054666288", "L": null}
{"eval": 1535, "purpose": "two-sided pair-side stationary/root profile", "status": "NUMERICAL_TWO_HALF_PASSAGES", "r": "12249302014.83224780485", "c": "1.5850259489242363720703", "K": "6.9083736506459054666288", "L": null}
{"eval": 1536, "purpose": "two-sided pair-side stationary/root profile", "status": "NUMERICAL_TWO_HALF_PASSAGES", "r": "246033807902.19020578265", "c": "1.5850259489242363720703", "K": "6.9083736506459054666288", "L": null}
{"eval": 1537, "purpose": "two-sided pair-side stationary/root profile", "status": "UNRESOLVED", "r": null, "c": null, "K": null, "L": null}
{"eval": 1538, "purpose": "two-sided simple-root refinement", "status": "NUMERICAL_TWO_HALF_PASSAGES", "r": "215111846.2171835549525", "c": "1.5850259489242363720703", "K": "6.9083736506459054666288", "L": null}
{"eval": 1539, "purpose": "two-sided simple-root refinement", "status": "NUMERICAL_TWO_HALF_PASSAGES", "r": "208224059.30256247865327", "c": "1.5850259489242363720703", "K": "6.9083736506459054666288", "L": null}
{"eval": 1540, "purpose": "two-sided simple-root refinement", "status": "NUMERICAL_TWO_HALF_PASSAGES", "r": "203888107.95347678252438", "c": "1.5850259489242363720703", "K": "6.9083736506459054666288", "L": null}
{"eval": 1541, "purpose": "two-sided simple-root refinement", "status": "NUMERICAL_TWO_HALF_PASSAGES", "r": "201450965.61389560427051", "c": "1.5850259489242363720703", "K": "6.9083736506459054666288", "L": null}
{"eval": 1542, "purpose": "two-sided simple-root refinement", "status": "NUMERICAL_TWO_HALF_PASSAGES", "r": "200165305.97629778718692", "c": "1.5850259489242363720703", "K": "6.9083736506459054666288", "L": null}
{"eval": 1543, "purpose": "two-sided simple-root refinement", "status": "NUMERICAL_TWO_HALF_PASSAGES", "r": "182396683.6087112203968", "c": "1.5850259489242363720703", "K": "6.9083736506459054666288", "L": null}
{"eval": 1544, "purpose": "two-sided simple-root refinement", "status": "NUMERICAL_TWO_HALF_PASSAGES", "r": "199261452.54658092564205", "c": "1.5850259489242363720703", "K": "6.9083736506459054666288", "L": null}
{"eval": 1545, "purpose": "two-sided simple-root refinement", "status": "NUMERICAL_TWO_HALF_PASSAGES", "r": "190642671.28728275817411", "c": "1.5850259489242363720703", "K": "6.9083736506459054666288", "L": null}
{"eval": 1546, "purpose": "two-sided simple-root refinement", "status": "NUMERICAL_TWO_HALF_PASSAGES", "r": "239941209.61949766732869", "c": "1.5850259489242363720703", "K": "6.9083736506459054666288", "L": null}
{"eval": 1547, "purpose": "two-sided simple-root refinement", "status": "NUMERICAL_TWO_HALF_PASSAGES", "r": "249882706.31317089292861", "c": "1.5850259489242363720703", "K": "6.9083736506459054666288", "L": null}
{"eval": 1548, "purpose": "two-sided simple-root refinement", "status": "NUMERICAL_TWO_HALF_PASSAGES", "r": "254125453.95564640272642", "c": "1.5850259489242363720703", "K": "6.9083736506459054666288", "L": null}
{"eval": 1549, "purpose": "two-sided simple-root refinement", "status": "NUMERICAL_TWO_HALF_PASSAGES", "r": "255608289.07589478988666", "c": "1.5850259489242363720703", "K": "6.9083736506459054666288", "L": null}
{"eval": 1550, "purpose": "two-sided simple-root refinement", "status": "NUMERICAL_TWO_HALF_PASSAGES", "r": "278226406.44504421582678", "c": "1.5850259489242363720703", "K": "6.9083736506459054666288", "L": null}
{"eval": 1551, "purpose": "two-sided simple-root refinement", "status": "NUMERICAL_TWO_HALF_PASSAGES", "r": "266677662.59503674297594", "c": "1.5850259489242363720703", "K": "6.9083736506459054666288", "L": null}
{"eval": 1552, "purpose": "two-sided simple-root refinement", "status": "NUMERICAL_TWO_HALF_PASSAGES", "r": "256230139.35124879302748", "c": "1.5850259489242363720703", "K": "6.9083736506459054666288", "L": null}
{"eval": 1553, "purpose": "two-sided simple-root refinement", "status": "NUMERICAL_TWO_HALF_PASSAGES", "r": "261401711.25796321472444", "c": "1.5850259489242363720703", "K": "6.9083736506459054666288", "L": null}
POINT 224353792.34271146684478 1.585025948924048712612 6.9083736506459054666288 BRACKETS 2
{"eval": 1554, "purpose": "two-sided fixed-amplitude fold correction", "status": "NUMERICAL_TWO_HALF_PASSAGES", "r": "609856836.87106666801265", "c": "1.5859330314293449764543", "K": "6.9253108443055802849984", "L": null}
{"eval": 1555, "purpose": "two-sided fixed-amplitude fold correction", "status": "NUMERICAL_TWO_HALF_PASSAGES", "r": "609856836.87106666801265", "c": "1.5858811378848906247212", "K": "6.9243321065797144497553", "L": null}
{"eval": 1556, "purpose": "two-sided fixed-amplitude fold correction", "status": "NUMERICAL_TWO_HALF_PASSAGES", "r": "609856836.87106666801265", "c": "1.5858811351471421687226", "K": "6.9243320202843599625239", "L": null}
{"eval": 1557, "purpose": "two-sided fixed-amplitude fold correction", "status": "NUMERICAL_TWO_HALF_PASSAGES", "r": "609856836.87106666801265", "c": "1.5858811351472328702574", "K": "6.924332020286051205156", "L": null}
{"eval": 1558, "purpose": "two-sided pair-side stationary/root profile", "status": "NUMERICAL_TWO_HALF_PASSAGES", "r": "0.0024787521766663582001986", "c": "1.5858811351472862247137", "K": "6.924332020286051205156", "L": null}
{"eval": 1559, "purpose": "two-sided pair-side stationary/root profile", "status": "NUMERICAL_TWO_HALF_PASSAGES", "r": "3747.0899108648746551609", "c": "1.5858811351472862247137", "K": "6.924332020286051205156", "L": null}
{"eval": 1560, "purpose": "two-sided pair-side stationary/root profile", "status": "NUMERICAL_TWO_HALF_PASSAGES", "r": "556117.45111284822547759", "c": "1.5858811351472862247137", "K": "6.924332020286051205156", "L": null}
{"eval": 1561, "purpose": "two-sided pair-side stationary/root profile", "status": "NUMERICAL_TWO_HALF_PASSAGES", "r": "11169917.597956125778182", "c": "1.5858811351472862247137", "K": "6.924332020286051205156", "L": null}
{"eval": 1562, "purpose": "two-sided pair-side stationary/root profile", "status": "NUMERICAL_TWO_HALF_PASSAGES", "r": "82535147.75173050986632", "c": "1.5858811351472862247137", "K": "6.924332020286051205156", "L": null}
{"eval": 1563, "purpose": "two-sided pair-side stationary/root profile", "status": "NUMERICAL_TWO_HALF_PASSAGES", "r": "224353792.34271146685933", "c": "1.5858811351472862247137", "K": "6.924332020286051205156", "L": null}
{"eval": 1564, "purpose": "two-sided pair-side stationary/root profile", "status": "NUMERICAL_TWO_HALF_PASSAGES", "r": "451793056.76140428494546", "c": "1.5858811351472862247137", "K": "6.924332020286051205156", "L": null}
{"eval": 1565, "purpose": "two-sided pair-side stationary/root profile", "status": "NUMERICAL_TWO_HALF_PASSAGES", "r": "609856836.87106666801265", "c": "1.5858811351472862247137", "K": "6.924332020286051205156", "L": null}
{"eval": 1566, "purpose": "two-sided pair-side stationary/root profile", "status": "NUMERICAL_TWO_HALF_PASSAGES", "r": "823220622.61085108719999", "c": "1.5858811351472862247137", "K": "6.924332020286051205156", "L": null}
{"eval": 1567, "purpose": "two-sided pair-side stationary/root profile", "status": "NUMERICAL_TWO_HALF_PASSAGES", "r": "1657762757.6281327778706", "c": "1.5858811351472862247137", "K": "6.924332020286051205156", "L": null}
{"eval": 1568, "purpose": "two-sided pair-side stationary/root profile", "status": "NUMERICAL_TWO_HALF_PASSAGES", "r": "4506266379.9567098068073", "c": "1.5858811351472862247137", "K": "6.924332020286051205156", "L": null}
{"eval": 1569, "purpose": "two-sided pair-side stationary/root profile", "status": "NUMERICAL_TWO_HALF_PASSAGES", "r": "33297055078.225269405171", "c": "1.5858811351472862247137", "K": "6.924332020286051205156", "L": null}
{"eval": 1570, "purpose": "two-sided pair-side stationary/root profile", "status": "UNRESOLVED", "r": null, "c": null, "K": null, "L": null}
{"eval": 1571, "purpose": "two-sided pair-side stationary/root profile", "status": "UNRESOLVED", "r": null, "c": null, "K": null, "L": null}
{"eval": 1572, "purpose": "two-sided simple-root refinement", "status": "NUMERICAL_TWO_HALF_PASSAGES", "r": "584745943.45087801042246", "c": "1.5858811351472862247137", "K": "6.924332020286051205156", "L": null}
{"eval": 1573, "purpose": "two-sided simple-root refinement", "status": "NUMERICAL_TWO_HALF_PASSAGES", "r": "565978345.43929444364039", "c": "1.5858811351472862247137", "K": "6.924332020286051205156", "L": null}
{"eval": 1574, "purpose": "two-sided simple-root refinement", "status": "NUMERICAL_TWO_HALF_PASSAGES", "r": "554193046.30391853378387", "c": "1.5858811351472862247137", "K": "6.924332020286051205156", "L": null}
{"eval": 1575, "purpose": "two-sided simple-root refinement", "status": "NUMERICAL_TWO_HALF_PASSAGES", "r": "547581365.41493228403851", "c": "1.5858811351472862247137", "K": "6.924332020286051205156", "L": null}
{"eval": 1576, "purpose": "two-sided simple-root refinement", "status": "NUMERICAL_TWO_HALF_PASSAGES", "r": "544070918.49847711232724", "c": "1.5858811351472862247137", "K": "6.924332020286051205156", "L": null}
{"eval": 1577, "purpose": "two-sided simple-root refinement", "status": "NUMERICAL_TWO_HALF_PASSAGES", "r": "495789737.04929777880898", "c": "1.5858811351472862247137", "K": "6.924332020286051205156", "L": null}
{"eval": 1578, "purpose": "two-sided simple-root refinement", "status": "NUMERICAL_TWO_HALF_PASSAGES", "r": "541569877.76274175365688", "c": "1.5858811351472862247137", "K": "6.924332020286051205156", "L": null}
{"eval": 1579, "purpose": "two-sided simple-root refinement", "status": "NUMERICAL_TWO_HALF_PASSAGES", "r": "518174475.72203908630763", "c": "1.5858811351472862247137", "K": "6.924332020286051205156", "L": null}
{"eval": 1580, "purpose": "two-sided simple-root refinement", "status": "NUMERICAL_TWO_HALF_PASSAGES", "r": "652235015.5222892255988", "c": "1.5858811351472862247137", "K": "6.924332020286051205156", "L": null}
{"eval": 1581, "purpose": "two-sided simple-root refinement", "status": "NUMERICAL_TWO_HALF_PASSAGES", "r": "679354081.73940239759395", "c": "1.5858811351472862247137", "K": "6.924332020286051205156", "L": null}
{"eval": 1582, "purpose": "two-sided simple-root refinement", "status": "NUMERICAL_TWO_HALF_PASSAGES", "r": "690827725.01904630247736", "c": "1.5858811351472862247137", "K": "6.924332020286051205156", "L": null}
{"eval": 1583, "purpose": "two-sided simple-root refinement", "status": "NUMERICAL_TWO_HALF_PASSAGES", "r": "694801435.53941162291449", "c": "1.5858811351472862247137", "K": "6.924332020286051205156", "L": null}
{"eval": 1584, "purpose": "two-sided simple-root refinement", "status": "NUMERICAL_TWO_HALF_PASSAGES", "r": "756290202.47234960069181", "c": "1.5858811351472862247137", "K": "6.924332020286051205156", "L": null}
{"eval": 1585, "purpose": "two-sided simple-root refinement", "status": "NUMERICAL_TWO_HALF_PASSAGES", "r": "724894142.86651590786641", "c": "1.5858811351472862247137", "K": "6.924332020286051205156", "L": null}
{"eval": 1586, "purpose": "two-sided simple-root refinement", "status": "NUMERICAL_TWO_HALF_PASSAGES", "r": "696630920.1364251713967", "c": "1.5858811351472862247137", "K": "6.924332020286051205156", "L": null}
{"eval": 1587, "purpose": "two-sided simple-root refinement", "status": "NUMERICAL_TWO_HALF_PASSAGES", "r": "710622032.97294844134012", "c": "1.5858811351472862247137", "K": "6.924332020286051205156", "L": null}
POINT 609856836.87106666801265 1.5858811351472328702574 6.924332020286051205156 BRACKETS 2
