{"eval": 4, "purpose": "seed_chart_corrector", "status": "NUMERICAL_ONLY", "r": 6.949087993605231, "c": "48444423969533229/50000000000000000", "K": "1/512", "L": -1.9749313296042077e-11}
{"eval": 5, "purpose": "fold_increasing", "status": "NUMERICAL_ONLY", "r": 6.9506288090620805, "c": "96915637856678349/100000000000000000", "K": "1/256", "L": 8.702115434795127e-09}
{"eval": 6, "purpose": "fold_increasing", "status": "NUMERICAL_ONLY", "r": 6.95063087484733, "c": "969156431824303/1000000000000000", "K": "1/256", "L": 6.217248937900858e-15}
{"eval": 7, "purpose": "fold_pair_profile", "status": "NUMERICAL_ONLY", "r": 0.04683298244492836, "c": 0.969164244324303, "K": null, "L": 2.8634686655958885e-08}
{"eval": 8, "purpose": "fold_pair_profile", "status": "NUMERICAL_ONLY", "r": 0.9406655981206085, "c": 0.969164244324303, "K": null, "L": 4.307082523056687e-06}
{"eval": 9, "purpose": "fold_pair_profile", "status": "NUMERICAL_ONLY", "r": 2.556994202027809, "c": 0.969164244324303, "K": null, "L": 5.963171317882742e-06}
{"eval": 10, "purpose": "fold_pair_profile", "status": "NUMERICAL_ONLY", "r": 4.898026793536075, "c": 0.969164244324303, "K": null, "L": 9.745924379015096e-07}
{"eval": 11, "purpose": "fold_pair_profile", "status": "NUMERICAL_ONLY", "r": 6.95063087484733, "c": 0.969164244324303, "K": null, "L": -1.2763474454717266e-06}
{"eval": 12, "purpose": "fold_pair_profile", "status": "NUMERICAL_ONLY", "r": 9.863414716746208, "c": 0.969164244324303, "K": null, "L": 2.076104629158912e-06}
{"eval": 13, "purpose": "fold_pair_profile", "status": "NUMERICAL_ONLY", "r": 18.89377360342389, "c": 0.969164244324303, "K": null, "L": 4.853165254673221e-05}
{"eval": 14, "purpose": "fold_pair_profile", "status": "NUMERICAL_ONLY", "r": 51.35860145720635, "c": 0.969164244324303, "K": null, "L": 0.00034912816692342255}
{"eval": 15, "purpose": "fold_pair_profile", "status": "NUMERICAL_ONLY", "r": 379.4915873299191, "c": 0.969164244324303, "K": null, "L": 0.0026808616722603677}
{"eval": 16, "purpose": "fold_pair_profile", "status": "NUMERICAL_ONLY", "r": 7622.292289354181, "c": 0.969164244324303, "K": null, "L": 0.013607285182071941}
{"eval": 17, "purpose": "fold_pair_profile", "status": "NUMERICAL_ONLY", "r": 416163.05801063805, "c": 0.969164244324303, "K": null, "L": 0.04890904154601896}
{"eval": 18, "purpose": "fold_pair_profile", "status": "NUMERICAL_ONLY", "r": 61764074.14114764, "c": 0.969164244324303, "K": null, "L": 0.13935368304075385}
{"eval": 19, "purpose": "pair_root_isolation", "status": "NUMERICAL_ONLY", "r": 5.6994654786001915, "c": 0.969164244324303, "K": null, "L": -3.337467387611738e-07}
{"eval": 20, "purpose": "pair_root_isolation", "status": "NUMERICAL_ONLY", "r": 5.4833475184502305, "c": 0.969164244324303, "K": null, "L": -3.044351062064456e-08}
{"eval": 21, "purpose": "pair_root_isolation", "status": "NUMERICAL_ONLY", "r": 5.421797707584028, "c": 0.969164244324303, "K": null, "L": 6.300911993495775e-08}
{"eval": 22, "purpose": "pair_root_isolation", "status": "NUMERICAL_ONLY", "r": 5.463220447812977, "c": 0.969164244324303, "K": null, "L": -1.9057022628427647e-10}
{"eval": 23, "purpose": "pair_root_isolation", "status": "NUMERICAL_ONLY", "r": 7.941360643864249, "c": 0.969164244324303, "K": null, "L": -9.917966832265003e-07}
{"eval": 24, "purpose": "pair_root_isolation", "status": "NUMERICAL_ONLY", "r": 8.517775777611249, "c": 0.969164244324303, "K": null, "L": -4.1018667815079724e-07}
{"eval": 25, "purpose": "pair_root_isolation", "status": "NUMERICAL_ONLY", "r": 8.726409052919825, "c": 0.969164244324303, "K": null, "L": -1.263442644828124e-07}
{"eval": 26, "purpose": "pair_root_isolation", "status": "NUMERICAL_ONLY", "r": 8.83394598630432, "c": 0.969164244324303, "K": null, "L": 3.489946359844111e-08}
{"eval": 27, "purpose": "pair_root_isolation", "status": "NUMERICAL_ONLY", "r": 8.810558964046397, "c": 0.969164244324303, "K": null, "L": -1.0255769572183796e-09}
{"eval": 28, "purpose": "pair_root_isolation", "status": "NUMERICAL_ONLY", "r": 8.812894877393717, "c": 0.969164244324303, "K": null, "L": 2.5412933947105397e-09}
{"eval": 29, "purpose": "pair_root_isolation", "status": "NUMERICAL_ONLY", "r": 8.811230542331227, "c": 0.969164244324303, "K": null, "L": -6.38045172252281e-13}
{"eval": 30, "purpose": "fold_increasing", "status": "NUMERICAL_ONLY", "r": 6.95373186838801, "c": "12121155545059753/12500000000000000", "K": "1/128", "L": 3.479733818276764e-08}
{"eval": 31, "purpose": "fold_increasing", "status": "NUMERICAL_ONLY", "r": 6.953739891642767, "c": "12121158205513069/12500000000000000", "K": "1/128", "L": -3.208544541166754e-14}
{"eval": 32, "purpose": "fold_pair_profile", "status": "NUMERICAL_ONLY", "r": 0.04685393083531528, "c": 0.9697082814410455, "K": null, "L": 5.727623233760419e-08}
{"eval": 33, "purpose": "fold_pair_profile", "status": "NUMERICAL_ONLY", "r": 0.9410863577892064, "c": 0.9697082814410455, "K": null, "L": 8.62924122600748e-06}
{"eval": 34, "purpose": "fold_pair_profile", "status": "NUMERICAL_ONLY", "r": 2.5581379453891073, "c": 0.9697082814410455, "K": null, "L": 1.1941860518889316e-05}
{"eval": 35, "purpose": "fold_pair_profile", "status": "NUMERICAL_ONLY", "r": 4.900217680642556, "c": 0.9697082814410455, "K": null, "L": 1.9514404187839615e-06}
{"eval": 36, "purpose": "fold_pair_profile", "status": "NUMERICAL_ONLY", "r": 6.953739891642767, "c": 0.9697082814410455, "K": null, "L": -2.5544356839324922e-06}
{"eval": 37, "purpose": "fold_pair_profile", "status": "NUMERICAL_ONLY", "r": 9.867826621588643, "c": 0.9697082814410455, "K": null, "L": 4.15523007990801e-06}
{"eval": 38, "purpose": "fold_pair_profile", "status": "NUMERICAL_ONLY", "r": 18.902224787283302, "c": 0.9697082814410455, "K": null, "L": 9.712164587553817e-05}
{"eval": 39, "purpose": "fold_pair_profile", "status": "NUMERICAL_ONLY", "r": 51.38157415672034, "c": 0.9697082814410455, "K": null, "L": 0.0006987292408447796}
{"eval": 40, "purpose": "fold_pair_profile", "status": "NUMERICAL_ONLY", "r": 379.6613338953719, "c": 0.9697082814410455, "K": null, "L": 0.005369523589674394}
{"eval": 41, "purpose": "fold_pair_profile", "status": "NUMERICAL_ONLY", "r": 7625.701740262174, "c": 0.9697082814410455, "K": null, "L": 0.027312756152878214}
{"eval": 42, "purpose": "fold_pair_profile", "status": "NUMERICAL_ONLY", "r": 416349.2077228433, "c": 0.9697082814410455, "K": null, "L": 0.09857900223136626}
{"eval": 43, "purpose": "fold_pair_profile", "status": "NUMERICAL_ONLY", "r": 61791701.208002165, "c": 0.9697082814410455, "K": null, "L": 0.2828572791856818}
{"eval": 44, "purpose": "pair_root_isolation", "status": "NUMERICAL_ONLY", "r": 5.702247490671729, "c": 0.9697082814410455, "K": null, "L": -6.682560669440722e-07}
{"eval": 45, "purpose": "pair_root_isolation", "status": "NUMERICAL_ONLY", "r": 5.485969264868896, "c": 0.9697082814410455, "K": null, "L": -6.094056445307734e-08}
{"eval": 46, "purpose": "pair_root_isolation", "status": "NUMERICAL_ONLY", "r": 5.424373310245716, "c": 0.9697082814410455, "K": null, "L": 1.2607865578346304e-07}
{"eval": 47, "purpose": "pair_root_isolation", "status": "NUMERICAL_ONLY", "r": 5.465821665681664, "c": 0.9697082814410455, "K": null, "L": -4.411313537651547e-10}
{"eval": 48, "purpose": "pair_root_isolation", "status": "NUMERICAL_ONLY", "r": 7.94488295338931, "c": 0.9697082814410455, "K": null, "L": -1.984914418679429e-06}
{"eval": 49, "purpose": "pair_root_isolation", "status": "NUMERICAL_ONLY", "r": 8.521539257804767, "c": 0.9697082814410455, "K": null, "L": -8.209104699283748e-07}
{"eval": 50, "purpose": "pair_root_isolation", "status": "NUMERICAL_ONLY", "r": 8.730259743896086, "c": 0.9697082814410455, "K": null, "L": -2.528483565772865e-07}
{"eval": 51, "purpose": "pair_root_isolation", "status": "NUMERICAL_ONLY", "r": 8.837849457934553, "c": 0.9697082814410455, "K": null, "L": 6.987346101850728e-08}
{"eval": 52, "purpose": "pair_root_isolation", "status": "NUMERICAL_ONLY", "r": 8.814442986481335, "c": 0.9697082814410455, "K": null, "L": -2.0542195743327575e-09}
{"eval": 53, "purpose": "pair_root_isolation", "status": "NUMERICAL_ONLY", "r": 8.816780841340435, "c": 0.9697082814410455, "K": null, "L": 5.087023012102147e-09}
{"eval": 54, "purpose": "pair_root_isolation", "status": "NUMERICAL_ONLY", "r": 8.815115420381572, "c": 0.9697082814410455, "K": null, "L": -1.2612133559749731e-12}
{"eval": 55, "purpose": "fold_increasing", "status": "NUMERICAL_ONLY", "r": 6.959978098726344, "c": "24269138266642709/25000000000000000", "K": "1/64", "L": 1.3846485754139344e-07}
{"eval": 56, "purpose": "fold_increasing", "status": "NUMERICAL_ONLY", "r": 6.9600101678821575, "c": "24269159414160621/25000000000000000", "K": "1/64", "L": -7.446265826163698e-13}
{"eval": 57, "purpose": "fold_pair_profile", "status": "NUMERICAL_ONLY", "r": 0.046896179624285925, "c": 0.9707976265664249, "K": null, "L": 1.1495740031941653e-07}
{"eval": 58, "purpose": "fold_pair_profile", "status": "NUMERICAL_ONLY", "r": 0.9419349474000361, "c": 0.9707976265664249, "K": null, "L": 1.731922048144676e-05}
{"eval": 59, "purpose": "fold_pair_profile", "status": "NUMERICAL_ONLY", "r": 2.5604446511080448, "c": 0.9707976265664249, "K": null, "L": 2.3946009195554123e-05}
{"eval": 60, "purpose": "fold_pair_profile", "status": "NUMERICAL_ONLY", "r": 4.9046362696277, "c": 0.9707976265664249, "K": null, "L": 3.912645449769465e-06}
{"eval": 61, "purpose": "fold_pair_profile", "status": "NUMERICAL_ONLY", "r": 6.9600101678821575, "c": 0.9707976265664249, "K": null, "L": -5.115329965465157e-06}
{"eval": 62, "purpose": "fold_pair_profile", "status": "NUMERICAL_ONLY", "r": 9.876724567120679, "c": 0.9707976265664249, "K": null, "L": 8.323077132667772e-06}
{"eval": 63, "purpose": "fold_pair_profile", "status": "NUMERICAL_ONLY", "r": 18.91926916524426, "c": 0.9707976265664249, "K": null, "L": 0.00019447696129813982}
{"eval": 64, "purpose": "fold_pair_profile", "status": "NUMERICAL_ONLY", "r": 51.427905579608996, "c": 0.9707976265664249, "K": null, "L": 0.0013993498576773135}
{"eval": 65, "purpose": "fold_pair_profile", "status": "NUMERICAL_ONLY", "r": 380.0036793782395, "c": 0.9707976265664249, "K": null, "L": 0.010770381746340232}
{"eval": 66, "purpose": "fold_pair_profile", "status": "NUMERICAL_ONLY", "r": 7632.577933098797, "c": 0.9707976265664249, "K": null, "L": 0.05502349429115511}
{"eval": 67, "purpose": "fold_pair_profile", "status": "NUMERICAL_ONLY", "r": 416724.6351309941, "c": 0.9707976265664249, "K": null, "L": 0.20029001918721923}
{"eval": 68, "purpose": "fold_pair_profile", "status": "NUMERICAL_ONLY", "r": 61847419.57565941, "c": 0.9707976265664249, "K": null, "L": 0.5832437532686215}
{"eval": 69, "purpose": "pair_root_isolation", "status": "NUMERICAL_ONLY", "r": 5.7079952580273785, "c": 0.9707976265664249, "K": null, "L": -1.3398195428095918e-06}
{"eval": 70, "purpose": "pair_root_isolation", "status": "NUMERICAL_ONLY", "r": 5.491354607275711, "c": 0.9707976265664249, "K": null, "L": -1.2245295572313367e-07}
{"eval": 71, "purpose": "pair_root_isolation", "status": "NUMERICAL_ONLY", "r": 5.429654820022556, "c": 0.9707976265664249, "K": null, "L": 2.5247010181754194e-07}
{"eval": 72, "purpose": "pair_root_isolation", "status": "NUMERICAL_ONLY", "r": 5.471126232931939, "c": 0.9707976265664249, "K": null, "L": -8.851377412720163e-10}
{"eval": 73, "purpose": "pair_root_isolation", "status": "NUMERICAL_ONLY", "r": 7.951880512553452, "c": 0.9707976265664249, "K": null, "L": -3.97492790194112e-06}
{"eval": 74, "purpose": "pair_root_isolation", "status": "NUMERICAL_ONLY", "r": 8.529008017288321, "c": 0.9707976265664249, "K": null, "L": -1.6440624036560272e-06}
{"eval": 75, "purpose": "pair_root_isolation", "status": "NUMERICAL_ONLY", "r": 8.73792083859622, "c": 0.9707976265664249, "K": null, "L": -5.064334741633376e-07}
{"eval": 76, "purpose": "pair_root_isolation", "status": "NUMERICAL_ONLY", "r": 8.845626335339633, "c": 0.9707976265664249, "K": null, "L": 1.3995921263952535e-07}
{"eval": 77, "purpose": "pair_root_isolation", "status": "NUMERICAL_ONLY", "r": 8.822193514456433, "c": 0.9707976265664249, "K": null, "L": -4.1178924799342946e-09}
{"eval": 78, "purpose": "pair_root_isolation", "status": "NUMERICAL_ONLY", "r": 8.824534000428034, "c": 0.9707976265664249, "K": null, "L": 1.0186592406555449e-08}
{"eval": 79, "purpose": "pair_root_isolation", "status": "NUMERICAL_ONLY", "r": 8.822867216402761, "c": 0.9707976265664249, "K": null, "L": -2.347566585572649e-12}
{"eval": 80, "purpose": "fold_increasing", "status": "NUMERICAL_ONLY", "r": 6.9726318854725475, "c": "97291550312346697/100000000000000000", "K": "1/32", "L": 5.479996325111297e-07}
{"eval": 81, "purpose": "fold_increasing", "status": "NUMERICAL_ONLY", "r": 6.972760979444573, "c": "97291884271408779/100000000000000000", "K": "1/32", "L": -1.1872725025411906e-11}
{"eval": 82, "purpose": "fold_pair_profile", "status": "NUMERICAL_ONLY", "r": 0.04698209391678879, "c": 0.9729813427140878, "K": null, "L": 2.3189334050999953e-07}
{"eval": 83, "purpose": "fold_pair_profile", "status": "NUMERICAL_ONLY", "r": 0.9436605820943321, "c": 0.9729813427140878, "K": null, "L": 3.488369466367863e-05}
{"eval": 84, "purpose": "fold_pair_profile", "status": "NUMERICAL_ONLY", "r": 2.565135412540108, "c": 0.9729813427140878, "K": null, "L": 4.814242441819982e-05}
{"eval": 85, "purpose": "fold_pair_profile", "status": "NUMERICAL_ONLY", "r": 4.913621614669982, "c": 0.9729813427140878, "K": null, "L": 7.864749334934627e-06}
{"eval": 86, "purpose": "fold_pair_profile", "status": "NUMERICAL_ONLY", "r": 6.972760979444573, "c": 0.9729813427140878, "K": null, "L": -1.0256761530799363e-05}
{"eval": 87, "purpose": "fold_pair_profile", "status": "NUMERICAL_ONLY", "r": 9.894818830027127, "c": 0.9729813427140878, "K": null, "L": 1.6695987762722884e-05}
{"eval": 88, "purpose": "fold_pair_profile", "status": "NUMERICAL_ONLY", "r": 18.95392946461247, "c": 0.9729813427140878, "K": null, "L": 0.0003898850568278879}
{"eval": 89, "purpose": "fold_pair_profile", "status": "NUMERICAL_ONLY", "r": 51.52212204155056, "c": 0.9729813427140878, "K": null, "L": 0.0028062552991049445}
{"eval": 90, "purpose": "fold_pair_profile", "status": "NUMERICAL_ONLY", "r": 380.6998501009685, "c": 0.9729813427140878, "K": null, "L": 0.0216672085155495}
{"eval": 91, "purpose": "fold_pair_profile", "status": "NUMERICAL_ONLY", "r": 7646.560895855013, "c": 0.9729813427140878, "K": null, "L": 0.11168237691783317}
{"eval": 92, "purpose": "fold_pair_profile", "status": "NUMERICAL_ONLY", "r": 417488.0790294658, "c": 0.9729813427140878, "K": null, "L": 0.41386909908316893}
{"eval": 93, "purpose": "fold_pair_profile", "status": "NUMERICAL_ONLY", "r": 61960724.69642918, "c": 0.9729813427140878, "K": null, "L": 1.2451957383635865}
{"eval": 94, "purpose": "pair_root_isolation", "status": "NUMERICAL_ONLY", "r": 5.719672409497366, "c": 0.9729813427140878, "K": null, "L": -2.6929984506994794e-06}
{"eval": 95, "purpose": "pair_root_isolation", "status": "NUMERICAL_ONLY", "r": 5.502298133375745, "c": 0.9729813427140878, "K": null, "L": -2.472217317810013e-07}
{"eval": 96, "purpose": "pair_root_isolation", "status": "NUMERICAL_ONLY", "r": 5.440388042266814, "c": 0.9729813427140878, "K": null, "L": 5.062563135091669e-07}
{"eval": 97, "purpose": "pair_root_isolation", "status": "NUMERICAL_ONLY", "r": 5.481907705531447, "c": 0.9729813427140878, "K": null, "L": -1.795391392724559e-09}
{"eval": 98, "purpose": "pair_root_isolation", "status": "NUMERICAL_ONLY", "r": 5.477741519907226, "c": 0.9729813427140878, "K": null, "L": 4.868264694995663e-08}
{"eval": 99, "purpose": "pair_root_isolation", "status": "NUMERICAL_ONLY", "r": 5.481490944419056, "c": 0.9729813427140878, "K": null, "L": 3.2497584570509774e-09}
{"eval": 100, "purpose": "pair_root_isolation", "status": "NUMERICAL_ONLY", "r": 5.48175939127755, "c": 0.9729813427140878, "K": null, "L": 3.528288772258125e-13}
{"eval": 101, "purpose": "pair_root_isolation", "status": "NUMERICAL_ONLY", "r": 7.966158466429662, "c": 0.9729813427140878, "K": null, "L": -7.970374121901639e-06}
{"eval": 102, "purpose": "pair_root_isolation", "status": "NUMERICAL_ONLY", "r": 8.54425598352757, "c": 0.9729813427140878, "K": null, "L": -3.297014932119739e-06}
{"eval": 103, "purpose": "pair_root_isolation", "status": "NUMERICAL_ONLY", "r": 8.7535548865599, "c": 0.9729813427140878, "K": null, "L": -1.0157604316190013e-06}
{"eval": 104, "purpose": "pair_root_isolation", "status": "NUMERICAL_ONLY", "r": 8.861490943575708, "c": 0.9729813427140878, "K": null, "L": 2.808224933526358e-07}
{"eval": 105, "purpose": "pair_root_isolation", "status": "NUMERICAL_ONLY", "r": 8.838001087952888, "c": 0.9729813427140878, "K": null, "L": -8.261135587534417e-09}
{"eval": 106, "purpose": "pair_root_isolation", "status": "NUMERICAL_ONLY", "r": 8.840347268799075, "c": 0.9729813427140878, "K": null, "L": 2.0440358974122973e-08}
{"eval": 107, "purpose": "pair_root_isolation", "status": "NUMERICAL_ONLY", "r": 8.838676324086048, "c": 0.9729813427140878, "K": null, "L": -4.720335233809919e-12}
{"eval": 108, "purpose": "fold_increasing", "status": "NUMERICAL_ONLY", "r": 6.998591708177887, "c": "97723040941796913/100000000000000000", "K": "1/16", "L": 2.144080788531621e-06}
{"eval": 109, "purpose": "fold_increasing", "status": "NUMERICAL_ONLY", "r": 6.999115224419238, "c": "1954486816853797/2000000000000000", "K": "1/16", "L": -1.8624313204498469e-10}
{"eval": 110, "purpose": "fold_pair_profile", "status": "NUMERICAL_ONLY", "r": 0.047159667422629, "c": 0.9773684084268985, "K": null, "L": 4.725077523148973e-07}
{"eval": 111, "purpose": "fold_pair_profile", "status": "NUMERICAL_ONLY", "r": 0.9472272413024656, "c": 0.9773684084268985, "K": null, "L": 7.076582823981177e-05}
{"eval": 112, "purpose": "fold_pair_profile", "status": "NUMERICAL_ONLY", "r": 2.574830597453883, "c": 0.9773684084268985, "K": null, "L": 9.729608422174093e-05}
{"eval": 113, "purpose": "fold_pair_profile", "status": "NUMERICAL_ONLY", "r": 4.9321931372171575, "c": 0.9773684084268985, "K": null, "L": 1.5884857614005506e-05}
{"eval": 114, "purpose": "fold_pair_profile", "status": "NUMERICAL_ONLY", "r": 6.999115224419238, "c": 0.9773684084268985, "K": null, "L": -2.062447656888143e-05}
{"eval": 115, "purpose": "fold_pair_profile", "status": "NUMERICAL_ONLY", "r": 9.932217283838352, "c": 0.9773684084268985, "K": null, "L": 3.358103317173147e-05}
{"eval": 116, "purpose": "fold_pair_profile", "status": "NUMERICAL_ONLY", "r": 19.025567729829863, "c": 0.9773684084268985, "K": null, "L": 0.0007834585789999033}
{"eval": 117, "purpose": "fold_pair_profile", "status": "NUMERICAL_ONLY", "r": 51.71685503611332, "c": 0.9773684084268985, "K": null, "L": 0.005642639915610732}
{"eval": 118, "purpose": "fold_pair_profile", "status": "NUMERICAL_ONLY", "r": 382.1387431221055, "c": 0.9773684084268985, "K": null, "L": 0.04384928786390787}
{"eval": 119, "purpose": "fold_pair_profile", "status": "NUMERICAL_ONLY", "r": 7675.461834759577, "c": 0.9773684084268985, "K": null, "L": 0.2302794162100606}
{"eval": 120, "purpose": "fold_pair_profile", "status": "NUMERICAL_ONLY", "r": 419066.0168278759, "c": 0.9773684084268985, "K": null, "L": 0.8880168826708107}
{"eval": 121, "purpose": "fold_pair_profile", "status": "NUMERICAL_ONLY", "r": 62194911.42995871, "c": 0.9773684084268985, "K": null, "L": 2.900534800491549}
{"eval": 122, "purpose": "pair_root_isolation", "status": "NUMERICAL_ONLY", "r": 5.743480318671919, "c": 0.9773684084268985, "K": null, "L": -5.439462950415158e-06}
{"eval": 123, "purpose": "pair_root_isolation", "status": "NUMERICAL_ONLY", "r": 5.524655907875104, "c": 0.9773684084268985, "K": null, "L": -5.031438905626133e-07}
{"eval": 124, "purpose": "pair_root_isolation", "status": "NUMERICAL_ONLY", "r": 5.462339862309227, "c": 0.9773684084268985, "K": null, "L": 1.0181880562105147e-06}
{"eval": 125, "purpose": "pair_root_isolation", "status": "NUMERICAL_ONLY", "r": 5.503968092797604, "c": 0.9773684084268985, "K": null, "L": -3.628340856575068e-09}
{"eval": 126, "purpose": "pair_root_isolation", "status": "NUMERICAL_ONLY", "r": 5.499791033378534, "c": 0.9773684084268985, "K": null, "L": 9.789165798446231e-08}
{"eval": 127, "purpose": "pair_root_isolation", "status": "NUMERICAL_ONLY", "r": 5.503550244135077, "c": 0.9773684084268985, "K": null, "L": 6.517002249931257e-09}
{"eval": 128, "purpose": "pair_root_isolation", "status": "NUMERICAL_ONLY", "r": 5.503818651391102, "c": 0.9773684084268985, "K": null, "L": -1.861844012296561e-13}
{"eval": 129, "purpose": "pair_root_isolation", "status": "NUMERICAL_ONLY", "r": 7.9961013872834386, "c": 0.9773684084268985, "K": null, "L": -1.6025599673461434e-05}
{"eval": 130, "purpose": "pair_root_isolation", "status": "NUMERICAL_ONLY", "r": 8.576292302640097, "c": 0.9773684084268985, "K": null, "L": -6.627928093930887e-06}
{"eval": 131, "purpose": "pair_root_isolation", "status": "NUMERICAL_ONLY", "r": 8.786327450358279, "c": 0.9773684084268985, "K": null, "L": -2.0416771057126128e-06}
{"eval": 132, "purpose": "pair_root_isolation", "status": "NUMERICAL_ONLY", "r": 8.894699232359786, "c": 0.9773684084268985, "K": null, "L": 5.662152797899327e-07}
{"eval": 133, "purpose": "pair_root_isolation", "status": "NUMERICAL_ONLY", "r": 8.87105694272504, "c": 0.9773684084268985, "K": null, "L": -1.664667373368904e-08}
{"eval": 134, "purpose": "pair_root_isolation", "status": "NUMERICAL_ONLY", "r": 8.873418341052913, "c": 0.9773684084268985, "K": null, "L": 4.1221153418153665e-08}
{"eval": 135, "purpose": "pair_root_isolation", "status": "NUMERICAL_ONLY", "r": 8.871736175092241, "c": 0.9773684084268985, "K": null, "L": -9.56845713777769e-12}
{"eval": 136, "purpose": "fold_increasing", "status": "NUMERICAL_ONLY", "r": 7.031502235120514, "c": "12280603292049537/12500000000000000", "K": "10000000000000001/100000000000000000", "L": 2.9661313691401116e-06}
{"eval": 137, "purpose": "fold_increasing", "status": "NUMERICAL_ONLY", "r": 7.032269362940124, "c": "98246612355103147/100000000000000000", "K": "10000000000000001/100000000000000000", "L": -3.707663066142674e-10}
{"eval": 138, "purpose": "fold_pair_profile", "status": "NUMERICAL_ONLY", "r": 0.04738305825078306, "c": 0.9826661235510314, "K": null, "L": 7.734857296420802e-07}
{"eval": 139, "purpose": "fold_pair_profile", "status": "NUMERICAL_ONLY", "r": 0.9517141660296555, "c": 0.9826661235510314, "K": null, "L": 0.00011519198163071897}
{"eval": 140, "purpose": "fold_pair_profile", "status": "NUMERICAL_ONLY", "r": 2.5870273234054673, "c": 0.9826661235510314, "K": null, "L": 0.00015764230508202002}
{"eval": 141, "purpose": "fold_pair_profile", "status": "NUMERICAL_ONLY", "r": 4.95555646375771, "c": 0.9826661235510314, "K": null, "L": 2.570528441065937e-05}
{"eval": 142, "purpose": "fold_pair_profile", "status": "NUMERICAL_ONLY", "r": 7.032269362940124, "c": 0.9826661235510314, "K": null, "L": -3.323185524651735e-05}
{"eval": 143, "purpose": "fold_pair_profile", "status": "NUMERICAL_ONLY", "r": 9.979265245914906, "c": 0.9826661235510314, "K": null, "L": 5.4061600008164826e-05}
{"eval": 144, "purpose": "fold_pair_profile", "status": "NUMERICAL_ONLY", "r": 19.115690022109398, "c": 0.9826661235510314, "K": null, "L": 0.0012605059839046137}
{"eval": 145, "purpose": "fold_pair_profile", "status": "NUMERICAL_ONLY", "r": 51.96183282555587, "c": 0.9826661235510314, "K": null, "L": 0.009085772803556285}
{"eval": 146, "purpose": "fold_pair_profile", "status": "NUMERICAL_ONLY", "r": 383.9488977512884, "c": 0.9826661235510314, "K": null, "L": 0.07117394087435279}
{"eval": 147, "purpose": "fold_pair_profile", "status": "NUMERICAL_ONLY", "r": 7711.81976240071, "c": 0.9826661235510314, "K": null, "L": 0.38289877754008295}
{"eval": 148, "purpose": "fold_pair_profile", "status": "NUMERICAL_ONLY", "r": 421051.09241612075, "c": 0.9826661235510314, "K": null, "L": 1.5626704076649403}
{"eval": 149, "purpose": "fold_pair_profile", "status": "NUMERICAL_ONLY", "r": 62489522.769067414, "c": 0.9826661235510314, "K": null, "L": 5.928092474170839}
{"eval": 150, "purpose": "pair_root_isolation", "status": "NUMERICAL_ONLY", "r": 5.7728222159150215, "c": 0.9826661235510314, "K": null, "L": -8.804017245703096e-06}
{"eval": 151, "purpose": "pair_root_isolation", "status": "NUMERICAL_ONLY", "r": 5.552324013177832, "c": 0.9826661235510314, "K": null, "L": -8.209142618982283e-07}
{"eval": 152, "purpose": "pair_root_isolation", "status": "NUMERICAL_ONLY", "r": 5.489547719908109, "c": 0.9826661235510314, "K": null, "L": 1.6398595860318445e-06}
{"eval": 153, "purpose": "pair_root_isolation", "status": "NUMERICAL_ONLY", "r": 5.531302445129168, "c": 0.9826661235510314, "K": null, "L": -6.008680016056258e-09}
{"eval": 154, "purpose": "pair_root_isolation", "status": "NUMERICAL_ONLY", "r": 5.527112720498576, "c": 0.9826661235510314, "K": null, "L": 1.5750858686995815e-07}
{"eval": 155, "purpose": "pair_root_isolation", "status": "NUMERICAL_ONLY", "r": 5.530883329788402, "c": 0.9826661235510314, "K": null, "L": 1.033229341187574e-08}
{"eval": 156, "purpose": "pair_root_isolation", "status": "NUMERICAL_ONLY", "r": 5.531148330056861, "c": 0.9826661235510314, "K": null, "L": -2.911004770567584e-13}
{"eval": 157, "purpose": "pair_root_isolation", "status": "NUMERICAL_ONLY", "r": 8.034553313591076, "c": 0.9826661235510314, "K": null, "L": -2.5812218064992786e-05}
{"eval": 158, "purpose": "pair_root_isolation", "status": "NUMERICAL_ONLY", "r": 8.617538343786851, "c": 0.9826661235510314, "K": null, "L": -1.0664788939667886e-05}
{"eval": 159, "purpose": "pair_root_isolation", "status": "NUMERICAL_ONLY", "r": 8.828388288164138, "c": 0.9826661235510314, "K": null, "L": -3.2818932019142248e-06}
{"eval": 160, "purpose": "pair_root_isolation", "status": "NUMERICAL_ONLY", "r": 8.937234225014096, "c": 0.9826661235510314, "K": null, "L": 9.176700836371684e-07}
{"eval": 161, "purpose": "pair_root_isolation", "status": "NUMERICAL_ONLY", "r": 8.913335678073778, "c": 0.9826661235510314, "K": null, "L": -2.6900143807893578e-08}
{"eval": 162, "purpose": "pair_root_isolation", "status": "NUMERICAL_ONLY", "r": 8.915722654186018, "c": 0.9826661235510314, "K": null, "L": 6.687520069476981e-08}
{"eval": 163, "purpose": "pair_root_isolation", "status": "NUMERICAL_ONLY", "r": 8.914020334265677, "c": 0.9826661235510314, "K": null, "L": -1.5438761380556605e-11}
{"eval": 164, "purpose": "fold_increasing", "status": "NUMERICAL_ONLY", "r": 7.077751142555724, "c": "395781245455637/400000000000000", "K": "14999999999999999/100000000000000000", "L": 4.99233868207419e-06}
{"eval": 165, "purpose": "fold_increasing", "status": "NUMERICAL_ONLY", "r": 7.079146493042024, "c": "24737071873490027/25000000000000000", "K": "14999999999999999/100000000000000000", "L": -1.1061626065689928e-09}
{"eval": 166, "purpose": "fold_pair_profile", "status": "NUMERICAL_ONLY", "r": 0.0476989138688789, "c": 0.989782874939601, "K": null, "L": 1.1968714675553227e-06}
{"eval": 167, "purpose": "fold_pair_profile", "status": "NUMERICAL_ONLY", "r": 0.9580582957093157, "c": 0.989782874939601, "K": null, "L": 0.00017685051515944084}
{"eval": 168, "purpose": "fold_pair_profile", "status": "NUMERICAL_ONLY", "r": 2.6042724558310755, "c": 0.989782874939601, "K": null, "L": 0.00024046851806067016}
{"eval": 169, "purpose": "fold_pair_profile", "status": "NUMERICAL_ONLY", "r": 4.988590219020714, "c": 0.989782874939601, "K": null, "L": 3.911157573218411e-05}
{"eval": 170, "purpose": "fold_pair_profile", "status": "NUMERICAL_ONLY", "r": 7.079146493042024, "c": 0.989782874939601, "K": null, "L": -5.036660765988676e-05}
{"eval": 171, "purpose": "fold_pair_profile", "status": "NUMERICAL_ONLY", "r": 10.045787060013698, "c": 0.989782874939601, "K": null, "L": 8.167203857489878e-05}
{"eval": 172, "purpose": "fold_pair_profile", "status": "NUMERICAL_ONLY", "r": 19.243115273035706, "c": 0.989782874939601, "K": null, "L": 0.001904403625422903}
{"eval": 173, "purpose": "fold_pair_profile", "status": "NUMERICAL_ONLY", "r": 52.308210569635676, "c": 0.989782874939601, "K": null, "L": 0.013742892593200788}
{"eval": 174, "purpose": "fold_pair_profile", "status": "NUMERICAL_ONLY", "r": 386.5083023337152, "c": 0.989782874939601, "K": null, "L": 0.10886229728844102}
{"eval": 175, "purpose": "fold_pair_profile", "status": "NUMERICAL_ONLY", "r": 7763.226777642426, "c": 0.989782874939601, "K": null, "L": 0.6067885493458831}
{"eval": 176, "purpose": "fold_pair_profile", "status": "NUMERICAL_ONLY", "r": 423857.82034704403, "c": 0.989782874939601, "K": null, "L": 2.729701930990229}
{"eval": 177, "purpose": "fold_pair_profile", "status": "UNRESOLVED", "r": null, "c": null, "K": null, "L": null}
{"eval": 178, "purpose": "pair_root_isolation", "status": "NUMERICAL_ONLY", "r": 5.813256640625334, "c": 0.989782874939601, "K": null, "L": -1.3403471151168156e-05}
{"eval": 179, "purpose": "pair_root_isolation", "status": "NUMERICAL_ONLY", "r": 5.590639898253532, "c": 0.989782874939601, "K": null, "L": -1.2604638794019665e-06}
{"eval": 180, "purpose": "pair_root_isolation", "status": "NUMERICAL_ONLY", "r": 5.527301447082223, "c": 0.989782874939601, "K": null, "L": 2.48204296531092e-06}
{"eval": 181, "purpose": "pair_root_isolation", "status": "NUMERICAL_ONLY", "r": 5.569227069424488, "c": 0.989782874939601, "K": null, "L": -9.240120267208389e-09}
{"eval": 182, "purpose": "pair_root_isolation", "status": "NUMERICAL_ONLY", "r": 5.565020236215379, "c": 0.989782874939601, "K": null, "L": 2.3826619769708032e-07}
{"eval": 183, "purpose": "pair_root_isolation", "status": "NUMERICAL_ONLY", "r": 5.568806243037718, "c": 0.989782874939601, "K": null, "L": 1.5493955553986128e-08}
{"eval": 184, "purpose": "pair_root_isolation", "status": "NUMERICAL_ONLY", "r": 5.569069853990753, "c": 0.989782874939601, "K": null, "L": -4.409805853812094e-13}
{"eval": 185, "purpose": "pair_root_isolation", "status": "NUMERICAL_ONLY", "r": 8.090269829659919, "c": 0.989782874939601, "K": null, "L": -3.908311721567764e-05}
{"eval": 186, "purpose": "pair_root_isolation", "status": "NUMERICAL_ONLY", "r": 8.677476464929475, "c": 0.989782874939601, "K": null, "L": -1.6103761873929635e-05}
{"eval": 187, "purpose": "pair_root_isolation", "status": "NUMERICAL_ONLY", "r": 8.889285619723827, "c": 0.989782874939601, "K": null, "L": -4.941676107256787e-06}
{"eval": 188, "purpose": "pair_root_isolation", "status": "NUMERICAL_ONLY", "r": 8.998675092593192, "c": 0.989782874939601, "K": null, "L": 1.4078949733935078e-06}
{"eval": 189, "purpose": "pair_root_isolation", "status": "NUMERICAL_ONLY", "r": 8.974304516505011, "c": 0.989782874939601, "K": null, "L": -4.096057832425611e-08}
{"eval": 190, "purpose": "pair_root_isolation", "status": "NUMERICAL_ONLY", "r": 8.976738601098168, "c": 0.989782874939601, "K": null, "L": 1.0286731870138561e-07}
{"eval": 191, "purpose": "pair_root_isolation", "status": "NUMERICAL_ONLY", "r": 8.97499764938024, "c": 0.989782874939601, "K": null, "L": -2.3923973913328752e-11}
{"eval": 192, "purpose": "fold_increasing", "status": "NUMERICAL_ONLY", "r": 7.127744284068795, "c": "3986114228618181/4000000000000000", "K": "20000000000000001/100000000000000000", "L": 4.623263584120731e-06}
{"eval": 193, "purpose": "fold_increasing", "status": "NUMERICAL_ONLY", "r": 7.129171916878844, "c": "24913895190899199/25000000000000000", "K": "20000000000000001/100000000000000000", "L": -1.014159201576885e-09}
{"eval": 194, "purpose": "fold_pair_profile", "status": "NUMERICAL_ONLY", "r": 0.048035982523298194, "c": 0.9969558076359679, "K": null, "L": 1.647328103995321e-06}
{"eval": 195, "purpose": "fold_pair_profile", "status": "NUMERICAL_ONLY", "r": 0.9648285006133034, "c": 0.9969558076359679, "K": null, "L": 0.00024141990574272175}
{"eval": 196, "purpose": "fold_pair_profile", "status": "NUMERICAL_ONLY", "r": 2.6226757807965293, "c": 0.9969558076359679, "K": null, "L": 0.00032606770504458216}
{"eval": 197, "purpose": "fold_pair_profile", "status": "NUMERICAL_ONLY", "r": 5.023842539381651, "c": 0.9969558076359679, "K": null, "L": 5.2846807225925496e-05}
{"eval": 198, "purpose": "fold_pair_profile", "status": "NUMERICAL_ONLY", "r": 7.129171916878844, "c": 0.9969558076359679, "K": null, "L": -6.79301074491719e-05}
{"eval": 199, "purpose": "fold_pair_profile", "status": "NUMERICAL_ONLY", "r": 10.116776515585155, "c": 0.9969558076359679, "K": null, "L": 0.00010953521632191049}
{"eval": 200, "purpose": "fold_pair_profile", "status": "NUMERICAL_ONLY", "r": 19.379098473612302, "c": 0.9969558076359679, "K": null, "L": 0.002556903018837114}
{"eval": 201, "purpose": "fold_pair_profile", "status": "NUMERICAL_ONLY", "r": 52.67785123273874, "c": 0.9969558076359679, "K": null, "L": 0.018474639771361594}
{"eval": 202, "purpose": "fold_pair_profile", "status": "NUMERICAL_ONLY", "r": 389.2395979298298, "c": 0.9969558076359679, "K": null, "L": 0.1480670270802423}
{"eval": 203, "purpose": "fold_pair_profile", "status": "NUMERICAL_ONLY", "r": 7818.086316186319, "c": 0.9969558076359679, "K": null, "L": 0.8589408285674234}
{"eval": 204, "purpose": "fold_pair_profile", "status": "NUMERICAL_ONLY", "r": 426853.0496632126, "c": 0.9969558076359679, "K": null, "L": 4.441622545899298}
{"eval": 205, "purpose": "fold_pair_profile", "status": "UNRESOLVED", "r": null, "c": null, "K": null, "L": null}
{"eval": 206, "purpose": "pair_root_isolation", "status": "NUMERICAL_ONLY", "r": 5.855258245920553, "c": 0.9969558076359679, "K": null, "L": -1.8127301143100725e-05}
{"eval": 207, "purpose": "pair_root_isolation", "status": "NUMERICAL_ONLY", "r": 5.630654891238223, "c": 0.9969558076359679, "K": null, "L": -1.7154771222953095e-06}
{"eval": 208, "purpose": "pair_root_isolation", "status": "NUMERICAL_ONLY", "r": 5.566812845541526, "c": 0.9969558076359679, "K": null, "L": 3.339671373833619e-06}
{"eval": 209, "purpose": "pair_root_isolation", "status": "NUMERICAL_ONLY", "r": 5.608908280309617, "c": 0.9969558076359679, "K": null, "L": -1.2605462642102556e-08}
{"eval": 210, "purpose": "pair_root_isolation", "status": "NUMERICAL_ONLY", "r": 5.604684452010881, "c": 0.9969558076359679, "K": null, "L": 3.2043676174393737e-07}
{"eval": 211, "purpose": "pair_root_isolation", "status": "NUMERICAL_ONLY", "r": 5.608485754276161, "c": 0.9969558076359679, "K": null, "L": 2.0676223186320363e-08}
{"eval": 212, "purpose": "pair_root_isolation", "status": "NUMERICAL_ONLY", "r": 5.608748244523184, "c": 0.9969558076359679, "K": null, "L": -6.417089082335464e-13}
{"eval": 213, "purpose": "pair_root_isolation", "status": "NUMERICAL_ONLY", "r": 8.151222781556214, "c": 0.9969558076359679, "K": null, "L": -5.2630988447703884e-05}
{"eval": 214, "purpose": "pair_root_isolation", "status": "NUMERICAL_ONLY", "r": 8.74322825179187, "c": 0.9969558076359679, "K": null, "L": -2.159179781756105e-05}
{"eval": 215, "purpose": "pair_root_isolation", "status": "NUMERICAL_ONLY", "r": 8.955845260707536, "c": 0.9969558076359679, "K": null, "L": -6.5958957168827286e-06}
{"eval": 216, "purpose": "pair_root_isolation", "status": "NUMERICAL_ONLY", "r": 9.065674853357688, "c": 0.9969558076359679, "K": null, "L": 1.9312339892910187e-06}
{"eval": 217, "purpose": "pair_root_isolation", "status": "NUMERICAL_ONLY", "r": 9.040683131267805, "c": 0.9969558076359679, "K": null, "L": -5.553625447189314e-08}
{"eval": 218, "purpose": "pair_root_isolation", "status": "NUMERICAL_ONLY", "r": 9.043179200031158, "c": 0.9969558076359679, "K": null, "L": 1.4166721169656757e-07}
{"eval": 219, "purpose": "pair_root_isolation", "status": "NUMERICAL_ONLY", "r": 9.041386002103287, "c": 0.9969558076359679, "K": null, "L": -3.299038819958317e-11}
{"eval": 220, "purpose": "fold_increasing", "status": "NUMERICAL_ONLY", "r": 7.233198299560305, "c": "2021508905374069/2000000000000000", "K": "29999999999999999/100000000000000000", "L": 1.6517237970582704e-05}
{"eval": 221, "purpose": "fold_increasing", "status": "NUMERICAL_ONLY", "r": 7.239135859227883, "c": "2527123557520523/2500000000000000", "K": "29999999999999999/100000000000000000", "L": -1.4154311378774715e-08}
{"eval": 222, "purpose": "fold_pair_profile", "status": "NUMERICAL_ONLY", "r": 0.04877691373865651, "c": 1.0114494230082092, "K": null, "L": 2.638356958766485e-06}
{"eval": 223, "purpose": "fold_pair_profile", "status": "NUMERICAL_ONLY", "r": 0.9797105018969251, "c": 1.0114494230082092, "K": null, "L": 0.00037993598640639095}
{"eval": 224, "purpose": "fold_pair_profile", "status": "NUMERICAL_ONLY", "r": 2.6631292544569023, "c": 1.0114494230082092, "K": null, "L": 0.0005058774209089963}
{"eval": 225, "purpose": "fold_pair_profile", "status": "NUMERICAL_ONLY", "r": 5.101332819853534, "c": 1.0114494230082092, "K": null, "L": 8.114730434429576e-05}
{"eval": 226, "purpose": "fold_pair_profile", "status": "NUMERICAL_ONLY", "r": 7.239135859227883, "c": 1.0114494230082092, "K": null, "L": -0.00010463346785975419}
{"eval": 227, "purpose": "fold_pair_profile", "status": "NUMERICAL_ONLY", "r": 10.272822777688056, "c": 1.0114494230082092, "K": null, "L": 0.0001655543958200592}
{"eval": 228, "purpose": "fold_pair_profile", "status": "NUMERICAL_ONLY", "r": 19.67801145988541, "c": 1.0114494230082092, "K": null, "L": 0.00388599057640348}
{"eval": 229, "purpose": "fold_pair_profile", "status": "NUMERICAL_ONLY", "r": 53.49038097161536, "c": 1.0114494230082092, "K": null, "L": 0.028156292099392525}
{"eval": 230, "purpose": "fold_pair_profile", "status": "NUMERICAL_ONLY", "r": 395.24342575243867, "c": 1.0114494230082092, "K": null, "L": 0.23142537111514386}
{"eval": 231, "purpose": "fold_pair_profile", "status": "NUMERICAL_ONLY", "r": 7938.67642159779, "c": 1.0114494230082092, "K": null, "L": 1.4803487716230206}
{"eval": 232, "purpose": "fold_pair_profile", "status": "NUMERICAL_ONLY", "r": 433437.0463309808, "c": 1.0114494230082092, "K": null, "L": 18.44195954008542}
{"eval": 233, "purpose": "fold_pair_profile", "status": "UNRESOLVED", "r": null, "c": null, "K": null, "L": null}
{"eval": 234, "purpose": "pair_root_isolation", "status": "NUMERICAL_ONLY", "r": 5.94397778778211, "c": 1.0114494230082092, "K": null, "L": -2.7920648894265855e-05}
{"eval": 235, "purpose": "pair_root_isolation", "status": "NUMERICAL_ONLY", "r": 5.715850902217518, "c": 1.0114494230082092, "K": null, "L": -2.6557419721911313e-06}
{"eval": 236, "purpose": "pair_root_isolation", "status": "NUMERICAL_ONLY", "r": 5.651206386936893, "c": 1.0114494230082092, "K": null, "L": 5.104149934538576e-06}
{"eval": 237, "purpose": "pair_root_isolation", "status": "NUMERICAL_ONLY", "r": 5.693644183096115, "c": 1.0114494230082092, "K": null, "L": -1.9483716274763515e-08}
{"eval": 238, "purpose": "pair_root_isolation", "status": "NUMERICAL_ONLY", "r": 5.68938610189353, "c": 1.0114494230082092, "K": null, "L": 4.89539727057234e-07}
{"eval": 239, "purpose": "pair_root_isolation", "status": "NUMERICAL_ONLY", "r": 5.693218231606665, "c": 1.0114494230082092, "K": null, "L": 3.138483801333947e-08}
{"eval": 240, "purpose": "pair_root_isolation", "status": "NUMERICAL_ONLY", "r": 5.693481031034423, "c": 1.0114494230082092, "K": null, "L": -8.633094239488944e-13}
{"eval": 241, "purpose": "pair_root_isolation", "status": "NUMERICAL_ONLY", "r": 8.289946461644618, "c": 1.0114494230082092, "K": null, "L": -8.066800121251661e-05}
{"eval": 242, "purpose": "pair_root_isolation", "status": "NUMERICAL_ONLY", "r": 8.893359629430362, "c": 1.0114494230082092, "K": null, "L": -3.263395206654789e-05}
{"eval": 243, "purpose": "pair_root_isolation", "status": "NUMERICAL_ONLY", "r": 9.107047349500714, "c": 1.0114494230082092, "K": null, "L": -9.824796709620217e-06}
{"eval": 244, "purpose": "pair_root_isolation", "status": "NUMERICAL_ONLY", "r": 9.217408066849556, "c": 1.0114494230082092, "K": null, "L": 3.118513797403273e-06}
{"eval": 245, "purpose": "pair_root_isolation", "status": "NUMERICAL_ONLY", "r": 9.190696475857786, "c": 1.0114494230082092, "K": null, "L": -8.644132861183714e-08}
{"eval": 246, "purpose": "pair_root_isolation", "status": "NUMERICAL_ONLY", "r": 9.193364147851018, "c": 1.0114494230082092, "K": null, "L": 2.3156841294494586e-07}
{"eval": 247, "purpose": "pair_root_isolation", "status": "NUMERICAL_ONLY", "r": 9.191421525174926, "c": 1.0114494230082092, "K": null, "L": -5.4457660604673834e-11}
{"eval": 248, "purpose": "fold_increasing", "status": "NUMERICAL_ONLY", "r": 7.4163921970220885, "c": "5162105571100053/5000000000000000", "K": "45000000000000001/100000000000000000", "L": 2.8167388213272225e-05}
{"eval": 249, "purpose": "fold_increasing", "status": "NUMERICAL_ONLY", "r": 7.430488112466857, "c": "2581439474934687/2500000000000000", "K": "45000000000000001/100000000000000000", "L": -4.9106853790043446e-08}
{"eval": 250, "purpose": "fold_pair_profile", "status": "NUMERICAL_ONLY", "r": 0.050066235079136295, "c": 1.0334757899738747, "K": null, "L": 4.388001790705554e-06}
{"eval": 251, "purpose": "fold_pair_profile", "status": "NUMERICAL_ONLY", "r": 1.0056072132869858, "c": 1.0334757899738747, "K": null, "L": 0.0006137227594839592}
{"eval": 252, "purpose": "fold_pair_profile", "status": "NUMERICAL_ONLY", "r": 2.7335238144453524, "c": 1.0334757899738747, "K": null, "L": 0.0007981718136234168}
{"eval": 253, "purpose": "fold_pair_profile", "status": "NUMERICAL_ONLY", "r": 5.236176473651877, "c": 1.0334757899738747, "K": null, "L": 0.0001250558183816061}
{"eval": 254, "purpose": "fold_pair_profile", "status": "NUMERICAL_ONLY", "r": 7.430488112466857, "c": 1.0334757899738747, "K": null, "L": -0.00016474182440527968}
{"eval": 255, "purpose": "fold_pair_profile", "status": "NUMERICAL_ONLY", "r": 10.544364550609682, "c": 1.0334757899738747, "K": null, "L": 0.00024842775930179035}
{"eval": 256, "purpose": "fold_pair_profile", "status": "NUMERICAL_ONLY", "r": 20.19816081269961, "c": 1.0334757899738747, "K": null, "L": 0.005932298138433202}
{"eval": 257, "purpose": "fold_pair_profile", "status": "NUMERICAL_ONLY", "r": 54.90429350545492, "c": 1.0334757899738747, "K": null, "L": 0.04319629172418163}
{"eval": 258, "purpose": "fold_pair_profile", "status": "NUMERICAL_ONLY", "r": 405.6909047839602, "c": 1.0334757899738747, "K": null, "L": 0.37062393473947364}
{"eval": 259, "purpose": "fold_pair_profile", "status": "NUMERICAL_ONLY", "r": 8148.519647439652, "c": 1.0334757899738747, "K": null, "L": 2.965297324572434}
{"eval": 260, "purpose": "fold_pair_profile", "status": "UNRESOLVED", "r": null, "c": null, "K": null, "L": null}
{"eval": 261, "purpose": "fold_pair_profile", "status": "UNRESOLVED", "r": null, "c": null, "K": null, "L": null}
{"eval": 262, "purpose": "pair_root_isolation", "status": "NUMERICAL_ONLY", "r": 6.089867819506573, "c": 1.0334757899738747, "K": null, "L": -4.33566836566609e-05}
{"eval": 263, "purpose": "pair_root_isolation", "status": "NUMERICAL_ONLY", "r": 5.857620488064317, "c": 1.0334757899738747, "K": null, "L": -4.080504273823641e-06}
{"eval": 264, "purpose": "pair_root_isolation", "status": "NUMERICAL_ONLY", "r": 5.792293169588468, "c": 1.0334757899738747, "K": null, "L": 7.883467453371778e-06}
{"eval": 265, "purpose": "pair_root_isolation", "status": "NUMERICAL_ONLY", "r": 5.835257181724577, "c": 1.0334757899738747, "K": null, "L": -2.95374518099151e-08}
{"eval": 266, "purpose": "pair_root_isolation", "status": "NUMERICAL_ONLY", "r": 5.830946478620148, "c": 1.0334757899738747, "K": null, "L": 7.566701491451187e-07}
{"eval": 267, "purpose": "pair_root_isolation", "status": "NUMERICAL_ONLY", "r": 5.834825968046213, "c": 1.0334757899738747, "K": null, "L": 4.903174701507595e-08}
{"eval": 268, "purpose": "pair_root_isolation", "status": "NUMERICAL_ONLY", "r": 5.835095066708269, "c": 1.0334757899738747, "K": null, "L": -1.3644640972652484e-12}
{"eval": 269, "purpose": "pair_root_isolation", "status": "NUMERICAL_ONLY", "r": 8.543288158336903, "c": 1.0334757899738747, "K": null, "L": -0.00012543478512432545}
{"eval": 270, "purpose": "pair_root_isolation", "status": "NUMERICAL_ONLY", "r": 9.16830708436316, "c": 1.0334757899738747, "K": null, "L": -4.900147863314669e-05}
{"eval": 271, "purpose": "pair_root_isolation", "status": "NUMERICAL_ONLY", "r": 9.381982722832381, "c": 1.0334757899738747, "K": null, "L": -1.422731540041317e-05}
{"eval": 272, "purpose": "pair_root_isolation", "status": "NUMERICAL_ONLY", "r": 9.49220714720692, "c": 1.0334757899738747, "K": null, "L": 5.39566963501533e-06}
{"eval": 273, "purpose": "pair_root_isolation", "status": "NUMERICAL_ONLY", "r": 9.461770645830544, "c": 1.0334757899738747, "K": null, "L": -1.366475939172665e-07}
{"eval": 274, "purpose": "pair_root_isolation", "status": "NUMERICAL_ONLY", "r": 9.46480989907486, "c": 1.0334757899738747, "K": null, "L": 4.118916008203458e-07}
{"eval": 275, "purpose": "pair_root_isolation", "status": "NUMERICAL_ONLY", "r": 9.462527668430575, "c": 1.0334757899738747, "K": null, "L": -9.749090424313649e-11}
{"eval": 276, "purpose": "fold_increasing", "status": "NUMERICAL_ONLY", "r": 7.712995394622561, "c": "5308574815148629/5000000000000000", "K": "32500000000000001/50000000000000000", "L": 2.3040866057519048e-05}
{"eval": 277, "purpose": "fold_increasing", "status": "NUMERICAL_ONLY", "r": 7.739637183013012, "c": "10618317388597909/10000000000000000", "K": "32500000000000001/50000000000000000", "L": -3.42152425583427e-08}
{"eval": 278, "purpose": "fold_pair_profile", "status": "NUMERICAL_ONLY", "r": 0.052149265131292824, "c": 1.063131738859791, "K": null, "L": 7.338690078059154e-06}
{"eval": 279, "purpose": "fold_pair_profile", "status": "NUMERICAL_ONLY", "r": 1.0474459903116853, "c": 1.063131738859791, "K": null, "L": 0.000981770847305521}
{"eval": 280, "purpose": "fold_pair_profile", "status": "NUMERICAL_ONLY", "r": 2.847253401756543, "c": 1.063131738859791, "K": null, "L": 0.0012326351228832929}
{"eval": 281, "purpose": "fold_pair_profile", "status": "NUMERICAL_ONLY", "r": 5.454030141613363, "c": 1.063131738859791, "K": null, "L": 0.00018419688126370494}
{"eval": 282, "purpose": "fold_pair_profile", "status": "NUMERICAL_ONLY", "r": 7.739637183013012, "c": 1.063131738859791, "K": null, "L": -0.00025785849204081247}
{"eval": 283, "purpose": "fold_pair_profile", "status": "NUMERICAL_ONLY", "r": 10.983067964299499, "c": 1.063131738859791, "K": null, "L": 0.0003505779130621681}
{"eval": 284, "purpose": "fold_pair_profile", "status": "NUMERICAL_ONLY", "r": 21.038515113450224, "c": 1.063131738859791, "K": null, "L": 0.008733572320979495}
{"eval": 285, "purpose": "fold_pair_profile", "status": "NUMERICAL_ONLY", "r": 57.188613330652736, "c": 1.063131738859791, "K": null, "L": 0.06411406565282618}
{"eval": 286, "purpose": "fold_pair_profile", "status": "NUMERICAL_ONLY", "r": 422.56987212024626, "c": 1.063131738859791, "K": null, "L": 0.5893119945493484}
{"eval": 287, "purpose": "fold_pair_profile", "status": "UNRESOLVED", "r": null, "c": null, "K": null, "L": null}
{"eval": 288, "purpose": "fold_pair_profile", "status": "UNRESOLVED", "r": null, "c": null, "K": null, "L": null}
{"eval": 289, "purpose": "fold_pair_profile", "status": "UNRESOLVED", "r": null, "c": null, "K": null, "L": null}
{"eval": 290, "purpose": "pair_root_isolation", "status": "NUMERICAL_ONLY", "r": 6.310366765092177, "c": 1.063131738859791, "K": null, "L": -6.485575341540019e-05}
{"eval": 291, "purpose": "pair_root_isolation", "status": "NUMERICAL_ONLY", "r": 6.0752059726275185, "c": 1.063131738859791, "K": null, "L": -5.811838070676145e-06}
{"eval": 292, "purpose": "pair_root_isolation", "status": "NUMERICAL_ONLY", "r": 6.010030271215443, "c": 1.063131738859791, "K": null, "L": 1.1848852576573499e-05}
{"eval": 293, "purpose": "pair_root_isolation", "status": "NUMERICAL_ONLY", "r": 6.0536800853322, "c": 1.063131738859791, "K": null, "L": -4.037883775597177e-08}
{"eval": 294, "purpose": "pair_root_isolation", "status": "NUMERICAL_ONLY", "r": 6.049300875818573, "c": 1.063131738859791, "K": null, "L": 1.141194085546821e-06}
{"eval": 295, "purpose": "pair_root_isolation", "status": "NUMERICAL_ONLY", "r": 6.053242021759821, "c": 1.063131738859791, "K": null, "L": 7.770400420966215e-08}
{"eval": 296, "purpose": "pair_root_isolation", "status": "NUMERICAL_ONLY", "r": 6.053530284406114, "c": 1.063131738859791, "K": null, "L": -1.8971491044812673e-12}
{"eval": 297, "purpose": "pair_root_isolation", "status": "NUMERICAL_ONLY", "r": 8.977187338163192, "c": 1.063131738859791, "K": null, "L": -0.00019088484628031226}
{"eval": 298, "purpose": "pair_root_isolation", "status": "NUMERICAL_ONLY", "r": 9.63865731895766, "c": 1.063131738859791, "K": null, "L": -6.906690874474927e-05}
{"eval": 299, "purpose": "pair_root_isolation", "status": "NUMERICAL_ONLY", "r": 9.848036241024557, "c": 1.063131738859791, "K": null, "L": -1.8543971349948374e-05}
{"eval": 300, "purpose": "pair_root_isolation", "status": "NUMERICAL_ONLY", "r": 9.956049368043203, "c": 1.063131738859791, "K": null, "L": 9.716678891541382e-06}
{"eval": 301, "purpose": "pair_root_isolation", "status": "NUMERICAL_ONLY", "r": 9.918778918829783, "c": 1.063131738859791, "K": null, "L": -2.0259362641345313e-07}
{"eval": 302, "purpose": "pair_root_isolation", "status": "NUMERICAL_ONLY", "r": 9.922499676633143, "c": 1.063131738859791, "K": null, "L": 7.797309371392648e-07}
{"eval": 303, "purpose": "pair_root_isolation", "status": "NUMERICAL_ONLY", "r": 9.91954616994452, "c": 1.063131738859791, "K": null, "L": -1.7414425458734695e-10}
{"eval": 304, "purpose": "fold_increasing", "status": "NUMERICAL_ONLY", "r": 8.179272368880813, "c": "5492340737798973/5000000000000000", "K": "45000000000000001/50000000000000000", "L": -3.005201234092763e-05}
{"eval": 305, "purpose": "fold_increasing", "status": "NUMERICAL_ONLY", "r": 8.22342243603072, "c": "5491655141875217/5000000000000000", "K": "45000000000000001/50000000000000000", "L": 3.3469781740512445e-07}
{"eval": 306, "purpose": "fold_increasing", "status": "NUMERICAL_ONLY", "r": 8.223287060052522, "c": "2196665044578093/2000000000000000", "K": "45000000000000001/50000000000000000", "L": 6.355582726748975e-12}
{"eval": 307, "purpose": "fold_pair_profile", "status": "NUMERICAL_ONLY", "r": 0.05540807236889925, "c": 1.1001325222890466, "K": null, "L": 1.237019851687402e-05}
{"eval": 308, "purpose": "fold_pair_profile", "status": "NUMERICAL_ONLY", "r": 1.1129008834081802, "c": 1.1001325222890466, "K": null, "L": 0.0015505385791988618}
{"eval": 309, "purpose": "fold_pair_profile", "status": "NUMERICAL_ONLY", "r": 3.0251782482444747, "c": 1.1001325222890466, "K": null, "L": 0.001851541493415616}
{"eval": 310, "purpose": "fold_pair_profile", "status": "NUMERICAL_ONLY", "r": 5.794852449557027, "c": 1.1001325222890466, "K": null, "L": 0.00025293348249231606}
{"eval": 311, "purpose": "fold_pair_profile", "status": "NUMERICAL_ONLY", "r": 8.223287060052522, "c": 1.1001325222890466, "K": null, "L": -0.0004045886492118512}
{"eval": 312, "purpose": "fold_pair_profile", "status": "NUMERICAL_ONLY", "r": 11.669399809687388, "c": 1.1001325222890466, "K": null, "L": 0.00044791380371435834}
{"eval": 313, "purpose": "fold_pair_profile", "status": "NUMERICAL_ONLY", "r": 22.353211785543177, "c": 1.1001325222890466, "K": null, "L": 0.012283808066647644}
{"eval": 314, "purpose": "fold_pair_profile", "status": "NUMERICAL_ONLY", "r": 60.76232940433856, "c": 1.1001325222890466, "K": null, "L": 0.09136201536196568}
{"eval": 315, "purpose": "fold_pair_profile", "status": "NUMERICAL_ONLY", "r": 448.976260670361, "c": 1.1001325222890466, "K": null, "L": 0.9384354571906687}
{"eval": 316, "purpose": "fold_pair_profile", "status": "UNRESOLVED", "r": null, "c": null, "K": null, "L": null}
{"eval": 317, "purpose": "fold_pair_profile", "status": "UNRESOLVED", "r": null, "c": null, "K": null, "L": null}
{"eval": 318, "purpose": "fold_pair_profile", "status": "UNRESOLVED", "r": null, "c": null, "K": null, "L": null}
{"eval": 319, "purpose": "pair_root_isolation", "status": "NUMERICAL_ONLY", "r": 6.630013765114223, "c": 1.1001325222890466, "K": null, "L": -9.147176528065516e-05}
{"eval": 320, "purpose": "pair_root_isolation", "status": "NUMERICAL_ONLY", "r": 6.39712208942913, "c": 1.1001325222890466, "K": null, "L": -7.245241362778486e-06}
{"eval": 321, "purpose": "pair_root_isolation", "status": "NUMERICAL_ONLY", "r": 6.334180189009597, "c": 1.1001325222890466, "K": null, "L": 1.7130243019707745e-05}
{"eval": 322, "purpose": "pair_root_isolation", "status": "NUMERICAL_ONLY", "r": 6.378348524107109, "c": 1.1001325222890466, "K": null, "L": -4.584156270849118e-08}
{"eval": 323, "purpose": "pair_root_isolation", "status": "NUMERICAL_ONLY", "r": 6.373917866512148, "c": 1.1001325222890466, "K": null, "L": 1.6620767072432459e-06}
{"eval": 324, "purpose": "pair_root_isolation", "status": "NUMERICAL_ONLY", "r": 6.377905319789563, "c": 1.1001325222890466, "K": null, "L": 1.2485210929532194e-07}
{"eval": 325, "purpose": "pair_root_isolation", "status": "NUMERICAL_ONLY", "r": 6.378229493948557, "c": 1.1001325222890466, "K": null, "L": -2.0851098625506803e-12}
{"eval": 326, "purpose": "pair_root_isolation", "status": "NUMERICAL_ONLY", "r": 9.709223535382247, "c": 1.1001325222890466, "K": null, "L": -0.00028128230015338906}
{"eval": 327, "purpose": "pair_root_isolation", "status": "NUMERICAL_ONLY", "r": 10.422969989398322, "c": 1.1001325222890466, "K": null, "L": -8.666137059377255e-05}
{"eval": 328, "purpose": "pair_root_isolation", "status": "NUMERICAL_ONLY", "r": 10.615592777472626, "c": 1.1001325222890466, "K": null, "L": -1.9851249557751827e-05}
{"eval": 329, "purpose": "pair_root_isolation", "status": "NUMERICAL_ONLY", "r": 10.716542169097838, "c": 1.1001325222890466, "K": null, "L": 1.752765940068952e-05}
{"eval": 330, "purpose": "pair_root_isolation", "status": "NUMERICAL_ONLY", "r": 10.669086157872798, "c": 1.1001325222890466, "K": null, "L": -2.453803477263133e-07}
{"eval": 331, "purpose": "pair_root_isolation", "status": "NUMERICAL_ONLY", "r": 10.67382228688956, "c": 1.1001325222890466, "K": null, "L": 1.512354553733036e-06}
{"eval": 332, "purpose": "pair_root_isolation", "status": "NUMERICAL_ONLY", "r": 10.669747196751896, "c": 1.1001325222890466, "K": null, "L": -2.604102489540022e-10}
{"eval": 333, "purpose": "fold_increasing", "status": "NUMERICAL_ONLY", "r": 8.900785233503637, "c": "2854581182792169/2500000000000000", "K": "6/5", "L": -0.0001837902079193942}
{"eval": 334, "purpose": "fold_increasing", "status": "NUMERICAL_ONLY", "r": 8.967680300719763, "c": "5705676147919687/5000000000000000", "K": "6/5", "L": 1.6842982457530657e-06}
{"eval": 335, "purpose": "fold_increasing", "status": "NUMERICAL_ONLY", "r": 8.96775169649114, "c": "11411415046385451/10000000000000000", "K": "6/5", "L": -3.4673597327274317e-11}
{"eval": 336, "purpose": "fold_pair_profile", "status": "NUMERICAL_ONLY", "r": 0.06042423563191608, "c": 1.143541504638545, "K": null, "L": 2.1264776001140192e-05}
{"eval": 337, "purpose": "fold_pair_profile", "status": "NUMERICAL_ONLY", "r": 1.2136532158402424, "c": 1.143541504638545, "K": null, "L": 0.002428772527109869}
{"eval": 338, "purpose": "fold_pair_profile", "status": "NUMERICAL_ONLY", "r": 3.299051482669414, "c": 1.143541504638545, "K": null, "L": 0.002707597635037629}
{"eval": 339, "purpose": "fold_pair_profile", "status": "NUMERICAL_ONLY", "r": 6.319467812072093, "c": 1.143541504638545, "K": null, "L": 0.00031221374763766433}
{"eval": 340, "purpose": "fold_pair_profile", "status": "NUMERICAL_ONLY", "r": 8.96775169649114, "c": 1.143541504638545, "K": null, "L": -0.0006473055521876229}
{"eval": 341, "purpose": "fold_pair_profile", "status": "NUMERICAL_ONLY", "r": 12.725845416332707, "c": 1.143541504638545, "K": null, "L": 0.000481257633731403}
{"eval": 342, "purpose": "fold_pair_profile", "status": "NUMERICAL_ONLY", "r": 24.37687647870464, "c": 1.143541504638545, "K": null, "L": 0.016465695110975162}
{"eval": 343, "purpose": "fold_pair_profile", "status": "NUMERICAL_ONLY", "r": 66.26322036665357, "c": 1.143541504638545, "K": null, "L": 0.1250121381900324}
{"eval": 344, "purpose": "fold_pair_profile", "status": "NUMERICAL_ONLY", "r": 489.62265258500724, "c": 1.143541504638545, "K": null, "L": 1.5553108688987165}
{"eval": 345, "purpose": "fold_pair_profile", "status": "UNRESOLVED", "r": null, "c": null, "K": null, "L": null}
{"eval": 346, "purpose": "fold_pair_profile", "status": "UNRESOLVED", "r": null, "c": null, "K": null, "L": null}
{"eval": 347, "purpose": "fold_pair_profile", "status": "UNRESOLVED", "r": null, "c": null, "K": null, "L": null}
{"eval": 348, "purpose": "pair_root_isolation", "status": "NUMERICAL_ONLY", "r": 7.081742208122372, "c": 1.143541504638545, "K": null, "L": -0.00011743660491705844}
{"eval": 349, "purpose": "pair_root_isolation", "status": "NUMERICAL_ONLY", "r": 6.864695651018381, "c": 1.143541504638545, "K": null, "L": -7.200591158594119e-06}
{"eval": 350, "purpose": "pair_root_isolation", "status": "NUMERICAL_ONLY", "r": 6.808120113402991, "c": 1.143541504638545, "K": null, "L": 2.3147742460119078e-05}
{"eval": 351, "purpose": "pair_root_isolation", "status": "NUMERICAL_ONLY", "r": 6.851229871841782, "c": 1.143541504638545, "K": null, "L": -3.732013168195919e-08}
{"eval": 352, "purpose": "pair_root_isolation", "status": "NUMERICAL_ONLY", "r": 6.8469066405179415, "c": 1.143541504638545, "K": null, "L": 2.2704391185351585e-06}
{"eval": 353, "purpose": "pair_root_isolation", "status": "NUMERICAL_ONLY", "r": 6.850797425899173, "c": 1.143541504638545, "K": null, "L": 1.9334708519130825e-07}
{"eval": 354, "purpose": "pair_root_isolation", "status": "NUMERICAL_ONLY", "r": 6.851159903656914, "c": 1.143541504638545, "K": null, "L": -1.6626700016800168e-12}
{"eval": 355, "purpose": "pair_root_isolation", "status": "NUMERICAL_ONLY", "r": 10.961434110298386, "c": 1.143541504638545, "K": null, "L": -0.00038642831862438823}
{"eval": 356, "purpose": "pair_root_isolation", "status": "NUMERICAL_ONLY", "r": 11.714802328334747, "c": 1.143541504638545, "K": null, "L": -8.44143288336902e-05}
{"eval": 357, "purpose": "pair_root_isolation", "status": "NUMERICAL_ONLY", "r": 11.860417495108715, "c": 1.143541504638545, "K": null, "L": -1.4011656994990589e-05}
{"eval": 358, "purpose": "pair_root_isolation", "status": "NUMERICAL_ONLY", "r": 11.944243360738486, "c": 1.143541504638545, "K": null, "L": 2.824052473591408e-05}
{"eval": 359, "purpose": "pair_root_isolation", "status": "NUMERICAL_ONLY", "r": 11.88815040432378, "c": 1.143541504638545, "K": null, "L": -1.7176022391743566e-07}
{"eval": 360, "purpose": "pair_root_isolation", "status": "NUMERICAL_ONLY", "r": 11.893747825349413, "c": 1.143541504638545, "K": null, "L": 2.6382571737386083e-06}
{"eval": 361, "purpose": "pair_root_isolation", "status": "NUMERICAL_ONLY", "r": 11.888710027864567, "c": 1.143541504638545, "K": null, "L": 1.0893026975557707e-07}
{"eval": 362, "purpose": "pair_root_isolation", "status": "NUMERICAL_ONLY", "r": 11.888492846226404, "c": 1.143541504638545, "K": null, "L": -8.210432334044126e-12}
{"eval": 363, "purpose": "fold_increasing", "status": "NUMERICAL_ONLY", "r": 10.165424494667255, "c": "59854550595239/50000000000000", "K": "16000000000000001/10000000000000000", "L": -0.0007081063285512387}
{"eval": 364, "purpose": "fold_increasing", "status": "NUMERICAL_ONLY", "r": 10.291037422533153, "c": "11950587968839173/10000000000000000", "K": "16000000000000001/10000000000000000", "L": 8.34690294257854e-06}
{"eval": 365, "purpose": "fold_increasing", "status": "NUMERICAL_ONLY", "r": 10.292271403111624, "c": "933657972349/781250000000", "K": "16000000000000001/10000000000000000", "L": -1.3486162196086885e-09}
{"eval": 366, "purpose": "fold_pair_profile", "status": "NUMERICAL_ONLY", "r": 0.06934877921436913, "c": 1.19828220460672, "K": null, "L": 4.0851248821929693e-05}
{"eval": 367, "purpose": "fold_pair_profile", "status": "NUMERICAL_ONLY", "r": 1.3929074654882008, "c": 1.19828220460672, "K": null, "L": 0.004014100227702482}
{"eval": 368, "purpose": "fold_pair_profile", "status": "NUMERICAL_ONLY", "r": 3.786315052161521, "c": 1.19828220460672, "K": null, "L": 0.004029135434197902}
{"eval": 369, "purpose": "fold_pair_profile", "status": "NUMERICAL_ONLY", "r": 7.252841073925272, "c": 1.19828220460672, "K": null, "L": 0.00030457524972103044}
{"eval": 370, "purpose": "fold_pair_profile", "status": "NUMERICAL_ONLY", "r": 10.292271403111624, "c": 1.19828220460672, "K": null, "L": -0.0011493692126524166}
{"eval": 371, "purpose": "fold_pair_profile", "status": "NUMERICAL_ONLY", "r": 14.605428349470099, "c": 1.19828220460672, "K": null, "L": 0.00027072384002977854}
{"eval": 372, "purpose": "fold_pair_profile", "status": "NUMERICAL_ONLY", "r": 27.97729432864701, "c": 1.19828220460672, "K": null, "L": 0.02151233877833778}
{"eval": 373, "purpose": "fold_pair_profile", "status": "NUMERICAL_ONLY", "r": 76.05017078301151, "c": 1.19828220460672, "K": null, "L": 0.16969333807568918}
{"eval": 374, "purpose": "fold_pair_profile", "status": "NUMERICAL_ONLY", "r": 561.9389782489287, "c": 1.19828220460672, "K": null, "L": 3.5914328480018387}
{"eval": 375, "purpose": "fold_pair_profile", "status": "UNRESOLVED", "r": null, "c": null, "K": null, "L": null}
{"eval": 376, "purpose": "fold_pair_profile", "status": "UNRESOLVED", "r": null, "c": null, "K": null, "L": null}
{"eval": 377, "purpose": "fold_pair_profile", "status": "UNRESOLVED", "r": null, "c": null, "K": null, "L": null}
{"eval": 378, "purpose": "pair_root_isolation", "status": "NUMERICAL_ONLY", "r": 7.804589653923378, "c": 1.19828220460672, "K": null, "L": -0.00012048933940139454}
{"eval": 379, "purpose": "pair_root_isolation", "status": "NUMERICAL_ONLY", "r": 7.644060673256126, "c": 1.19828220460672, "K": null, "L": -3.991854221653799e-06}
{"eval": 380, "purpose": "pair_root_isolation", "status": "NUMERICAL_ONLY", "r": 7.604007369463498, "c": 1.19828220460672, "K": null, "L": 2.6001596864975715e-05}
{"eval": 381, "purpose": "pair_root_isolation", "status": "NUMERICAL_ONLY", "r": 7.63871779773298, "c": 1.19828220460672, "K": null, "L": -1.2197856021920493e-08}
{"eval": 382, "purpose": "pair_root_isolation", "status": "NUMERICAL_ONLY", "r": 7.63523963680476, "c": 1.19828220460672, "K": null, "L": 2.5820473098090613e-06}
{"eval": 383, "purpose": "pair_root_isolation", "status": "NUMERICAL_ONLY", "r": 7.6383699103521225, "c": 1.19828220460672, "K": null, "L": 2.4715470546783076e-07}
{"eval": 384, "purpose": "pair_root_isolation", "status": "NUMERICAL_ONLY", "r": 7.638683008281907, "c": 1.19828220460672, "K": null, "L": 1.3736777398928868e-08}
{"eval": 385, "purpose": "pair_root_isolation", "status": "NUMERICAL_ONLY", "r": 7.638701435164045, "c": 1.19828220460672, "K": null, "L": 6.683542608243219e-14}
{"eval": 386, "purpose": "pair_root_isolation", "status": "NUMERICAL_ONLY", "r": 13.662705980162357, "c": 1.19828220460672, "K": null, "L": -0.00034878051302779877}
{"eval": 387, "purpose": "pair_root_isolation", "status": "NUMERICAL_ONLY", "r": 14.185710001326546, "c": 1.19828220460672, "K": null, "L": -2.453376317672371e-05}
{"eval": 388, "purpose": "pair_root_isolation", "status": "NUMERICAL_ONLY", "r": 14.227133261305582, "c": 1.19828220460672, "K": null, "L": 3.2374210947808337e-06}
{"eval": 389, "purpose": "pair_root_isolation", "status": "NUMERICAL_ONLY", "r": 14.22229813008078, "c": 1.19828220460672, "K": null, "L": -1.9769129751000535e-08}
{"eval": 390, "purpose": "pair_root_isolation", "status": "NUMERICAL_ONLY", "r": 14.22278156924856, "c": 1.19828220460672, "K": null, "L": 3.0571482424319044e-07}
{"eval": 391, "purpose": "pair_root_isolation", "status": "NUMERICAL_ONLY", "r": 14.222346473258094, "c": 1.19828220460672, "K": null, "L": 1.2777018472662488e-08}
{"eval": 392, "purpose": "pair_root_isolation", "status": "NUMERICAL_ONLY", "r": 14.222327494597302, "c": 1.19828220460672, "K": null, "L": 2.731148640577848e-14}
{"eval": 393, "purpose": "fold_increasing", "status": "NUMERICAL_ONLY", "r": 11.955188930891905, "c": "12468086050715317/10000000000000000", "K": "2", "L": -0.0011966522610704791}
{"eval": 394, "purpose": "fold_increasing", "status": "NUMERICAL_ONLY", "r": 12.08964190911822, "c": "12443301063747967/10000000000000000", "K": "2", "L": 1.046885395258387e-05}
{"eval": 395, "purpose": "fold_increasing", "status": "NUMERICAL_ONLY", "r": 12.091680554407578, "c": "777719637749283/625000000000000", "K": "2", "L": -2.063887618495705e-09}
{"eval": 396, "purpose": "fold_pair_profile", "status": "NUMERICAL_ONLY", "r": 0.08147310270547065, "c": 1.2483514203988528, "K": null, "L": 7.552213748806111e-05}
{"eval": 397, "purpose": "fold_pair_profile", "status": "NUMERICAL_ONLY", "r": 1.6364310126373915, "c": 1.2483514203988528, "K": null, "L": 0.00618164971436633}
{"eval": 398, "purpose": "fold_pair_profile", "status": "NUMERICAL_ONLY", "r": 4.448280685179056, "c": 1.2483514203988528, "K": null, "L": 0.005508582005039741}
{"eval": 399, "purpose": "fold_pair_profile", "status": "NUMERICAL_ONLY", "r": 8.52086327137439, "c": 1.2483514203988528, "K": null, "L": 0.00010480945533318951}
{"eval": 400, "purpose": "fold_pair_profile", "status": "NUMERICAL_ONLY", "r": 12.091680554407578, "c": 1.2483514203988528, "K": null, "L": -0.00198339215713738}
{"eval": 401, "purpose": "fold_pair_profile", "status": "NUMERICAL_ONLY", "r": 17.158911482715922, "c": 1.2483514203988528, "K": null, "L": -0.0004438246756422548}
{"eval": 402, "purpose": "fold_pair_profile", "status": "NUMERICAL_ONLY", "r": 32.868595526577714, "c": 1.2483514203988528, "K": null, "L": 0.02530855057304287}
{"eval": 403, "purpose": "fold_pair_profile", "status": "NUMERICAL_ONLY", "r": 89.34610594686646, "c": 1.2483514203988528, "K": null, "L": 0.21116808366700643}
{"eval": 404, "purpose": "fold_pair_profile", "status": "UNRESOLVED", "r": null, "c": null, "K": null, "L": null}
{"eval": 405, "purpose": "fold_pair_profile", "status": "UNRESOLVED", "r": null, "c": null, "K": null, "L": null}
{"eval": 406, "purpose": "fold_pair_profile", "status": "UNRESOLVED", "r": null, "c": null, "K": null, "L": null}
{"eval": 407, "purpose": "fold_pair_profile", "status": "UNRESOLVED", "r": null, "c": null, "K": null, "L": null}
{"eval": 408, "purpose": "pair_root_isolation", "status": "NUMERICAL_ONLY", "r": 8.824373939822152, "c": 1.2483514203988528, "K": null, "L": -0.00018616526821121145}
{"eval": 409, "purpose": "pair_root_isolation", "status": "NUMERICAL_ONLY", "r": 8.628966160629167, "c": 1.2483514203988528, "K": null, "L": -1.2294480907093435e-06}
{"eval": 410, "purpose": "pair_root_isolation", "status": "NUMERICAL_ONLY", "r": 8.618094440086278, "c": 1.2483514203988528, "K": null, "L": 9.314943571111708e-06}
{"eval": 411, "purpose": "pair_root_isolation", "status": "NUMERICAL_ONLY", "r": 8.627697840868914, "c": 1.2483514203988528, "K": null, "L": -6.977194380244809e-10}
{"eval": 412, "purpose": "pair_root_isolation", "status": "NUMERICAL_ONLY", "r": 18.31128723738984, "c": 1.2483514203988528, "K": null, "L": 0.0005130793000779857}
{"eval": 413, "purpose": "pair_root_isolation", "status": "NUMERICAL_ONLY", "r": 17.68409265301233, "c": 1.2483514203988528, "K": null, "L": -3.228371485455961e-05}
{"eval": 414, "purpose": "pair_root_isolation", "status": "NUMERICAL_ONLY", "r": 17.745833032907825, "c": 1.2483514203988528, "K": null, "L": 1.8832402374449646e-05}
{"eval": 415, "purpose": "pair_root_isolation", "status": "NUMERICAL_ONLY", "r": 17.72306135908445, "c": 1.2483514203988528, "K": null, "L": -8.68725030786952e-08}
{"eval": 416, "purpose": "pair_root_isolation", "status": "NUMERICAL_ONLY", "r": 17.725337210907387, "c": 1.2483514203988528, "K": null, "L": 1.8004897215803705e-06}
{"eval": 417, "purpose": "pair_root_isolation", "status": "NUMERICAL_ONLY", "r": 17.723288931116723, "c": 1.2483514203988528, "K": null, "L": 1.0181817492587708e-07}
{"eval": 418, "purpose": "pair_root_isolation", "status": "NUMERICAL_ONLY", "r": 17.7231661320589, "c": 1.2483514203988528, "K": null, "L": -1.2223555501130444e-12}
{"eval": 419, "purpose": "fold_increasing", "status": "NUMERICAL_ONLY", "r": 18.5989487908985, "c": "13612590062524303/10000000000000000", "K": "3", "L": -0.017228172834814072}
{"eval": 420, "purpose": "fold_increasing", "status": "NUMERICAL_ONLY", "r": 19.822381377370643, "c": "1681937697003299/1250000000000000", "K": "3", "L": 0.0008243801755080763}
{"eval": 421, "purpose": "fold_increasing", "status": "NUMERICAL_ONLY", "r": 19.932745756209087, "c": "13462413083890961/10000000000000000", "K": "3", "L": -5.979648758956378e-06}
{"eval": 422, "purpose": "fold_increasing", "status": "NUMERICAL_ONLY", "r": 19.932184763652717, "c": "13462363668855051/10000000000000000", "K": "3", "L": -2.459853432360001e-10}
{"eval": 423, "purpose": "fold_pair_profile", "status": "NUMERICAL_ONLY", "r": 0.13430200451347088, "c": 1.352236366885505, "K": null, "L": 0.00033571394992701597}
{"eval": 424, "purpose": "fold_pair_profile", "status": "NUMERICAL_ONLY", "r": 2.6975278705134365, "c": 1.352236366885505, "K": null, "L": 0.01476031703921026}
{"eval": 425, "purpose": "fold_pair_profile", "status": "NUMERICAL_ONLY", "r": 7.332640992178498, "c": 1.352236366885505, "K": null, "L": 0.009071658347866626}
{"eval": 426, "purpose": "fold_pair_profile", "status": "NUMERICAL_ONLY", "r": 14.045973205018877, "c": 1.352236366885505, "K": null, "L": -0.002539581138493327}
{"eval": 427, "purpose": "fold_pair_profile", "status": "NUMERICAL_ONLY", "r": 19.932184763652717, "c": 1.352236366885505, "K": null, "L": -0.007361027129462982}
{"eval": 428, "purpose": "fold_pair_profile", "status": "NUMERICAL_ONLY", "r": 28.285116570664535, "c": 1.352236366885505, "K": null, "L": -0.007310441997493187}
{"eval": 429, "purpose": "fold_pair_profile", "status": "NUMERICAL_ONLY", "r": 54.18129564452543, "c": 1.352236366885505, "K": null, "L": 0.022100957179619612}
{"eval": 430, "purpose": "fold_pair_profile", "status": "NUMERICAL_ONLY", "r": 147.2800313928807, "c": 1.352236366885505, "K": null, "L": 0.26704641709116206}
{"eval": 431, "purpose": "fold_pair_profile", "status": "UNRESOLVED", "r": null, "c": null, "K": null, "L": null}
{"eval": 432, "purpose": "fold_pair_profile", "status": "UNRESOLVED", "r": null, "c": null, "K": null, "L": null}
{"eval": 433, "purpose": "fold_pair_profile", "status": "UNRESOLVED", "r": null, "c": null, "K": null, "L": null}
{"eval": 434, "purpose": "fold_pair_profile", "status": "UNRESOLVED", "r": null, "c": null, "K": null, "L": null}
{"eval": 435, "purpose": "pair_root_isolation", "status": "NUMERICAL_ONLY", "r": 12.184557637604973, "c": 1.352236366885505, "K": null, "L": 3.895747733378517e-05}
{"eval": 436, "purpose": "pair_root_isolation", "status": "NUMERICAL_ONLY", "r": 12.359018250704581, "c": 1.352236366885505, "K": null, "L": -0.0002256905589562366}
{"eval": 437, "purpose": "pair_root_isolation", "status": "NUMERICAL_ONLY", "r": 12.210083669072233, "c": 1.352236366885505, "K": null, "L": -6.117811244886737e-08}
{"eval": 438, "purpose": "pair_root_isolation", "status": "NUMERICAL_ONLY", "r": 12.207528661363483, "c": 1.352236366885505, "K": null, "L": 3.839781176929147e-06}
{"eval": 439, "purpose": "pair_root_isolation", "status": "NUMERICAL_ONLY", "r": 12.209828144239133, "c": 1.352236366885505, "K": null, "L": 3.289088142728323e-07}
{"eval": 440, "purpose": "pair_root_isolation", "status": "NUMERICAL_ONLY", "r": 12.210043594248333, "c": 1.352236366885505, "K": null, "L": -1.754152378907901e-13}
{"eval": 441, "purpose": "pair_root_isolation", "status": "NUMERICAL_ONLY", "r": 33.24480539313765, "c": 1.352236366885505, "K": null, "L": -0.004474085981697059}
{"eval": 442, "purpose": "pair_root_isolation", "status": "NUMERICAL_ONLY", "r": 36.094128060590336, "c": 1.352236366885505, "K": null, "L": -0.00210640385193048}
{"eval": 443, "purpose": "pair_root_isolation", "status": "NUMERICAL_ONLY", "r": 37.590477113653435, "c": 1.352236366885505, "K": null, "L": -0.000673325097779074}
{"eval": 444, "purpose": "pair_root_isolation", "status": "NUMERICAL_ONLY", "r": 38.99015779560949, "c": 1.352236366885505, "K": null, "L": 0.000776930267691498}
{"eval": 445, "purpose": "pair_root_isolation", "status": "NUMERICAL_ONLY", "r": 38.23396069038732, "c": 1.352236366885505, "K": null, "L": -1.9414596181295433e-05}
{"eval": 446, "purpose": "pair_root_isolation", "status": "NUMERICAL_ONLY", "r": 38.30891568414484, "c": 1.352236366885505, "K": null, "L": 5.8186093397327464e-05}
{"eval": 447, "purpose": "pair_root_isolation", "status": "NUMERICAL_ONLY", "r": 38.252699603766224, "c": 1.352236366885505, "K": null, "L": -4.202067027138891e-08}
{"eval": 448, "purpose": "pair_root_isolation", "status": "NUMERICAL_ONLY", "r": 38.258317497584535, "c": 1.352236366885505, "K": null, "L": 5.769452974951689e-06}
{"eval": 449, "purpose": "pair_root_isolation", "status": "NUMERICAL_ONLY", "r": 38.25326135602385, "c": 1.352236366885505, "K": null, "L": 5.390134467147217e-07}
{"eval": 450, "purpose": "fold_increasing", "status": "NUMERICAL_ONLY", "r": 35.355274155346464, "c": "14342912627846067/10000000000000000", "K": "4", "L": -0.03360109530452979}
{"eval": 451, "purpose": "fold_increasing", "status": "NUMERICAL_ONLY", "r": 38.9977363140125, "c": "7111863160408599/5000000000000000", "K": "4", "L": 0.0037656159687133716}
{"eval": 452, "purpose": "fold_increasing", "status": "NUMERICAL_ONLY", "r": 38.96332834443523, "c": "14234696930956359/10000000000000000", "K": "4", "L": -3.2545855691067602e-06}
{"eval": 453, "purpose": "fold_increasing", "status": "NUMERICAL_ONLY", "r": 38.96127520386397, "c": "14234687465562099/10000000000000000", "K": "4", "L": -1.20211507422261e-10}
{"eval": 454, "purpose": "fold_pair_profile", "status": "NUMERICAL_ONLY", "r": 0.2625190073404183, "c": 1.43146874655621, "K": null, "L": 0.0016162446568931555}
{"eval": 455, "purpose": "fold_pair_profile", "status": "NUMERICAL_ONLY", "r": 5.272835214974545, "c": 1.43146874655621, "K": null, "L": 0.027453093887158903}
{"eval": 456, "purpose": "fold_pair_profile", "status": "NUMERICAL_ONLY", "r": 14.333052149324251, "c": 1.43146874655621, "K": null, "L": 0.00814130217014318}
{"eval": 457, "purpose": "fold_pair_profile", "status": "NUMERICAL_ONLY", "r": 27.455546596415978, "c": 1.43146874655621, "K": null, "L": -0.015493783014550132}
{"eval": 458, "purpose": "fold_pair_profile", "status": "NUMERICAL_ONLY", "r": 38.96127520386397, "c": 1.43146874655621, "K": null, "L": -0.027873810641975996}
{"eval": 459, "purpose": "fold_pair_profile", "status": "NUMERICAL_ONLY", "r": 55.28868129361449, "c": 1.43146874655621, "K": null, "L": -0.03696934739724459}
{"eval": 460, "purpose": "fold_pair_profile", "status": "NUMERICAL_ONLY", "r": 105.90772640025541, "c": 1.43146874655621, "K": null, "L": -0.03302698529924282}
{"eval": 461, "purpose": "fold_pair_profile", "status": "NUMERICAL_ONLY", "r": 287.88704816722657, "c": 1.43146874655621, "K": null, "L": 0.11628495362900515}
{"eval": 462, "purpose": "fold_pair_profile", "status": "UNRESOLVED", "r": null, "c": null, "K": null, "L": null}
{"eval": 463, "purpose": "fold_pair_profile", "status": "UNRESOLVED", "r": null, "c": null, "K": null, "L": null}
{"eval": 464, "purpose": "fold_pair_profile", "status": "UNRESOLVED", "r": null, "c": null, "K": null, "L": null}
{"eval": 465, "purpose": "fold_pair_profile", "status": "UNRESOLVED", "r": null, "c": null, "K": null, "L": null}
{"eval": 466, "purpose": "pair_root_isolation", "status": "NUMERICAL_ONLY", "r": 17.929835791943695, "c": 1.43146874655621, "K": null, "L": 0.0004530889022927686}
{"eval": 467, "purpose": "pair_root_isolation", "status": "NUMERICAL_ONLY", "r": 18.710340469139574, "c": 1.43146874655621, "K": null, "L": -0.0010916983695080577}
{"eval": 468, "purpose": "pair_root_isolation", "status": "NUMERICAL_ONLY", "r": 18.15532271778989, "c": 1.43146874655621, "K": null, "L": 2.189256680488209e-06}
{"eval": 469, "purpose": "pair_root_isolation", "status": "NUMERICAL_ONLY", "r": 18.210075432446644, "c": 1.43146874655621, "K": null, "L": -0.00010673251597814363}
{"eval": 470, "purpose": "pair_root_isolation", "status": "NUMERICAL_ONLY", "r": 18.16079057288589, "c": 1.43146874655621, "K": null, "L": -8.698101381899128e-06}
{"eval": 471, "purpose": "pair_root_isolation", "status": "NUMERICAL_ONLY", "r": 18.156422075261958, "c": 1.43146874655621, "K": null, "L": 8.650080651387863e-11}
{"eval": 472, "purpose": "pair_root_isolation", "status": "NUMERICAL_ONLY", "r": 132.12688977355248, "c": 1.43146874655621, "K": null, "L": -0.02075428452881559}
{"eval": 473, "purpose": "pair_root_isolation", "status": "NUMERICAL_ONLY", "r": 148.66732377868115, "c": 1.43146874655621, "K": null, "L": -0.010783362541421208}
{"eval": 474, "purpose": "pair_root_isolation", "status": "NUMERICAL_ONLY", "r": 158.82401986570184, "c": 1.43146874655621, "K": null, "L": -0.00395524385365519}
{"eval": 475, "purpose": "pair_root_isolation", "status": "NUMERICAL_ONLY", "r": 168.55699423382072, "c": 1.43146874655621, "K": null, "L": 0.0030393569871847528}
{"eval": 476, "purpose": "pair_root_isolation", "status": "NUMERICAL_ONLY", "r": 164.25652685508518, "c": 1.43146874655621, "K": null, "L": -0.00010334277316356126}
{"eval": 477, "purpose": "pair_root_isolation", "status": "NUMERICAL_ONLY", "r": 164.6815893897915, "c": 1.43146874655621, "K": null, "L": 0.00020365937879447162}
{"eval": 478, "purpose": "pair_root_isolation", "status": "NUMERICAL_ONLY", "r": 164.39948836227921, "c": 1.43146874655621, "K": null, "L": -1.843402370791685e-07}
{"eval": 479, "purpose": "pair_root_isolation", "status": "NUMERICAL_ONLY", "r": 164.42767670548895, "c": 1.43146874655621, "K": null, "L": 2.0168406582884982e-05}
{"eval": 480, "purpose": "pair_root_isolation", "status": "NUMERICAL_ONLY", "r": 164.40230697912787, "c": 1.43146874655621, "K": null, "L": 1.8506181465170654e-06}
{"eval": 481, "purpose": "fold_increasing", "status": "NUMERICAL_ONLY", "r": 189.15151693342656, "c": "3898244045595629/2500000000000000", "K": "6", "L": -0.5356397077768504}
{"eval": 482, "purpose": "fold_increasing", "status": "NUMERICAL_ONLY", "r": 380.9043793468355, "c": "15379311456339513/10000000000000000", "K": "6", "L": -0.0012049040124337215}
{"eval": 483, "purpose": "fold_increasing", "status": "NUMERICAL_ONLY", "r": 767.0472251970516, "c": "15375411829950063/10000000000000000", "K": "6", "L": 0.03525297453777799}
{"eval": 484, "purpose": "fold_increasing", "status": "NUMERICAL_ONLY", "r": 834.6425296510616, "c": "7688877286252711/5000000000000000", "K": "6", "L": -0.0027293748157730543}
{"eval": 485, "purpose": "fold_increasing", "status": "NUMERICAL_ONLY", "r": 823.6443235811134, "c": "15377598739070031/10000000000000000", "K": "6", "L": -3.192122238238465e-05}
{"eval": 486, "purpose": "fold_increasing", "status": "NUMERICAL_ONLY", "r": 823.5861819676869, "c": "7688798436417661/5000000000000000", "K": "6", "L": -1.8777183159322984e-09}
{"eval": 487, "purpose": "fold_pair_profile", "status": "NUMERICAL_ONLY", "r": 5.549280043277434, "c": 1.5497596872835322, "K": null, "L": 0.07000874053546155}
{"eval": 488, "purpose": "fold_pair_profile", "status": "NUMERICAL_ONLY", "r": 111.46026920635734, "c": 1.5497596872835322, "K": null, "L": -0.1558093563442227}
{"eval": 489, "purpose": "fold_pair_profile", "status": "NUMERICAL_ONLY", "r": 302.98042437879445, "c": 1.5497596872835322, "K": null, "L": -0.5114353286577694}
{"eval": 490, "purpose": "fold_pair_profile", "status": "NUMERICAL_ONLY", "r": 580.3713732895382, "c": 1.5497596872835322, "K": null, "L": -0.8771933085988762}
{"eval": 491, "purpose": "fold_pair_profile", "status": "NUMERICAL_ONLY", "r": 823.5861819676869, "c": 1.5497596872835322, "K": null, "L": -1.1173119928936899}
{"eval": 492, "purpose": "fold_pair_profile", "status": "NUMERICAL_ONLY", "r": 1168.7244243001653, "c": 1.5497596872835322, "K": null, "L": -1.3833744409660478}
{"eval": 493, "purpose": "fold_pair_profile", "status": "NUMERICAL_ONLY", "r": 2238.739352612728, "c": 1.5497596872835322, "K": null, "L": -1.931056498246958}
{"eval": 494, "purpose": "fold_pair_profile", "status": "NUMERICAL_ONLY", "r": 6085.524500863345, "c": 1.5497596872835322, "K": null, "L": -2.857688187803573}
{"eval": 495, "purpose": "fold_pair_profile", "status": "NUMERICAL_ONLY", "r": 44966.2819282962, "c": 1.5497596872835322, "K": null, "L": -4.822097605297972}
{"eval": 496, "purpose": "fold_pair_profile", "status": "NUMERICAL_ONLY", "r": 903171.9159692597, "c": 1.5497596872835322, "K": null, "L": -7.8175112975986}
{"eval": 497, "purpose": "fold_pair_profile", "status": "NUMERICAL_ONLY", "r": 49311515.77381198, "c": 1.5497596872835322, "K": null, "L": -11.817324741987482}
{"eval": 498, "purpose": "fold_pair_profile", "status": "NUMERICAL_ONLY", "r": 7318477836.127974, "c": 1.5497596872835322, "K": null, "L": -16.81732220585627}
{"eval": 499, "purpose": "pair_root_isolation", "status": "NUMERICAL_ONLY", "r": 14.065659865791984, "c": 1.5497596872835322, "K": null, "L": 0.07183147864472272}
{"eval": 500, "purpose": "pair_root_isolation", "status": "NUMERICAL_ONLY", "r": 27.028666166850016, "c": 1.5497596872835322, "K": null, "L": 0.044897158941840605}
{"eval": 501, "purpose": "pair_root_isolation", "status": "NUMERICAL_ONLY", "r": 37.10765308511004, "c": 1.5497596872835322, "K": null, "L": 0.020232303302442956}
{"eval": 502, "purpose": "pair_root_isolation", "status": "NUMERICAL_ONLY", "r": 42.10756367692871, "c": 1.5497596872835322, "K": null, "L": 0.007794279956853375}
{"eval": 503, "purpose": "pair_root_isolation", "status": "NUMERICAL_ONLY", "r": 46.41262281415176, "c": 1.5497596872835322, "K": null, "L": -0.0029146102569493257}
{"eval": 504, "purpose": "pair_root_isolation", "status": "NUMERICAL_ONLY", "r": 45.199118531068116, "c": 1.5497596872835322, "K": null, "L": 0.00010157455479100093}
{"eval": 505, "purpose": "pair_root_isolation", "status": "NUMERICAL_ONLY", "r": 45.319027307969044, "c": 1.5497596872835322, "K": null, "L": -0.00019657133838819354}
{"eval": 506, "purpose": "pair_root_isolation", "status": "NUMERICAL_ONLY", "r": 45.23993426868393, "c": 1.5497596872835322, "K": null, "L": 8.6192292474669e-08}
{"eval": 507, "purpose": "pair_root_isolation", "status": "NUMERICAL_ONLY", "r": 45.24783735696255, "c": 1.5497596872835322, "K": null, "L": -1.9564545418300318e-05}
