{"eval": 2741, "purpose": "log-m fold correction", "status": "NUMERICAL_TWO_HALF_PASSAGES", "r": "12905.100480459345328121", "c": "0.34522402167329848356376", "K": "-203574.16966809449107245", "L": null}
{"eval": 2742, "purpose": "log-m fold correction", "status": "NUMERICAL_TWO_HALF_PASSAGES", "r": "12994.566846613112783615", "c": "0.34615857079597509062267", "K": "-201834.24726127585221036", "L": null}
{"eval": 2743, "purpose": "log-m fold correction", "status": "NUMERICAL_TWO_HALF_PASSAGES", "r": "12987.052082572670682836", "c": "0.34615110676000301548273", "K": "-201848.14363453006782834", "L": null}
{"eval": 2744, "purpose": "log-m fold correction", "status": "NUMERICAL_TWO_HALF_PASSAGES", "r": "12987.049612774667233239", "c": "0.34615110591359078275422", "K": "-201848.14521036120756037", "L": null}
{"eval": 2745, "purpose": "two-sided pair-side stationary/root profile", "status": "NUMERICAL_TWO_HALF_PASSAGES", "r": "0.0024787521766663574916555", "c": "0.34616580419622330932247", "K": "-201820.78028039279557504", "L": null}
{"eval": 2746, "purpose": "two-sided pair-side stationary/root profile", "status": "NUMERICAL_TWO_HALF_PASSAGES", "r": "0.079795190664096453439763", "c": "0.34616580419622330932247", "K": "-201820.78028039279557504", "L": null}
{"eval": 2747, "purpose": "two-sided pair-side stationary/root profile", "status": "NUMERICAL_TWO_HALF_PASSAGES", "r": "11.842656327650982163273", "c": "0.34616580419622330932247", "K": "-201820.78028039279557504", "L": null}
{"eval": 2748, "purpose": "two-sided pair-side stationary/root profile", "status": "NUMERICAL_TWO_HALF_PASSAGES", "r": "237.86611093765587265914", "c": "0.34616580419622330932247", "K": "-201820.78028039279557504", "L": null}
{"eval": 2749, "purpose": "two-sided pair-side stationary/root profile", "status": "NUMERICAL_TWO_HALF_PASSAGES", "r": "1757.6060377528007738768", "c": "0.34616580419622330932247", "K": "-201820.78028039279557504", "L": null}
{"eval": 2750, "purpose": "two-sided pair-side stationary/root profile", "status": "NUMERICAL_TWO_HALF_PASSAGES", "r": "4777.6685540133409770824", "c": "0.34616580419622330932247", "K": "-201820.78028039279557504", "L": null}
{"eval": 2751, "purpose": "two-sided pair-side stationary/root profile", "status": "NUMERICAL_TWO_HALF_PASSAGES", "r": "9621.0429860409220959028", "c": "0.34616580419622330932247", "K": "-201820.78028039279557504", "L": null}
{"eval": 2752, "purpose": "two-sided pair-side stationary/root profile", "status": "NUMERICAL_TWO_HALF_PASSAGES", "r": "12987.049612774667233239", "c": "0.34616580419622330932247", "K": "-201820.78028039279557504", "L": null}
{"eval": 2753, "purpose": "two-sided pair-side stationary/root profile", "status": "NUMERICAL_TWO_HALF_PASSAGES", "r": "17530.683304230404965907", "c": "0.34616580419622330932247", "K": "-201820.78028039279557504", "L": null}
{"eval": 2754, "purpose": "two-sided pair-side stationary/root profile", "status": "NUMERICAL_TWO_HALF_PASSAGES", "r": "35302.460967701457846601", "c": "0.34616580419622330932247", "K": "-201820.78028039279557504", "L": null}
{"eval": 2755, "purpose": "two-sided pair-side stationary/root profile", "status": "NUMERICAL_TWO_HALF_PASSAGES", "r": "95962.038148387594290512", "c": "0.34616580419622330932247", "K": "-201820.78028039279557504", "L": null}
{"eval": 2756, "purpose": "two-sided pair-side stationary/root profile", "status": "NUMERICAL_TWO_HALF_PASSAGES", "r": "709068.88324615907509951", "c": "0.34616580419622330932247", "K": "-201820.78028039279557504", "L": null}
{"eval": 2757, "purpose": "two-sided pair-side stationary/root profile", "status": "NUMERICAL_TWO_HALF_PASSAGES", "r": "14242029.235524173555859", "c": "0.34616580419622330932247", "K": "-201820.78028039279557504", "L": null}
{"eval": 2758, "purpose": "two-sided pair-side stationary/root profile", "status": "NUMERICAL_TWO_HALF_PASSAGES", "r": "2113704550.8753966031363", "c": "0.34616580419622330932247", "K": "-201820.78028039279557504", "L": null}
{"eval": 2759, "purpose": "two-sided simple-root refinement", "status": "NUMERICAL_TWO_HALF_PASSAGES", "r": "12251.254445136798304716", "c": "0.34616580419622330932247", "K": "-201820.78028039279557504", "L": null}
{"eval": 2760, "purpose": "two-sided simple-root refinement", "status": "NUMERICAL_TWO_HALF_PASSAGES", "r": "11790.378903155190176477", "c": "0.34616580419622330932247", "K": "-201820.78028039279557504", "L": null}
{"eval": 2761, "purpose": "two-sided simple-root refinement", "status": "NUMERICAL_TWO_HALF_PASSAGES", "r": "11572.861920185066238353", "c": "0.34616580419622330932247", "K": "-201820.78028039279557504", "L": null}
{"eval": 2762, "purpose": "two-sided simple-root refinement", "status": "NUMERICAL_TWO_HALF_PASSAGES", "r": "11483.932778713172512042", "c": "0.34616580419622330932247", "K": "-201820.78028039279557504", "L": null}
{"eval": 2763, "purpose": "two-sided simple-root refinement", "status": "NUMERICAL_TWO_HALF_PASSAGES", "r": "10511.299201944724639901", "c": "0.34616580419622330932247", "K": "-201820.78028039279557504", "L": null}
{"eval": 2764, "purpose": "two-sided simple-root refinement", "status": "NUMERICAL_TWO_HALF_PASSAGES", "r": "11441.892444914541036916", "c": "0.34616580419622330932247", "K": "-201820.78028039279557504", "L": null}
{"eval": 2765, "purpose": "two-sided simple-root refinement", "status": "NUMERICAL_TWO_HALF_PASSAGES", "r": "10966.729454352723724497", "c": "0.34616580419622330932247", "K": "-201820.78028039279557504", "L": null}
{"eval": 2766, "purpose": "two-sided simple-root refinement", "status": "NUMERICAL_TWO_HALF_PASSAGES", "r": "11201.79177137212261961", "c": "0.34616580419622330932247", "K": "-201820.78028039279557504", "L": null}
{"eval": 2767, "purpose": "two-sided simple-root refinement", "status": "NUMERICAL_TWO_HALF_PASSAGES", "r": "13634.837271647392622498", "c": "0.34616580419622330932247", "K": "-201820.78028039279557504", "L": null}
{"eval": 2768, "purpose": "two-sided simple-root refinement", "status": "NUMERICAL_TWO_HALF_PASSAGES", "r": "14131.916347324838504562", "c": "0.34616580419622330932247", "K": "-201820.78028039279557504", "L": null}
{"eval": 2769, "purpose": "two-sided simple-root refinement", "status": "NUMERICAL_TWO_HALF_PASSAGES", "r": "14430.978746947289288904", "c": "0.34616580419622330932247", "K": "-201820.78028039279557504", "L": null}
{"eval": 2770, "purpose": "two-sided simple-root refinement", "status": "NUMERICAL_TWO_HALF_PASSAGES", "r": "14585.331067598481059377", "c": "0.34616580419622330932247", "K": "-201820.78028039279557504", "L": null}
{"eval": 2771, "purpose": "two-sided simple-root refinement", "status": "NUMERICAL_TWO_HALF_PASSAGES", "r": "15990.335200783682132908", "c": "0.34616580419622330932247", "K": "-201820.78028039279557504", "L": null}
{"eval": 2772, "purpose": "two-sided simple-root refinement", "status": "NUMERICAL_TWO_HALF_PASSAGES", "r": "14682.422227270377828034", "c": "0.34616580419622330932247", "K": "-201820.78028039279557504", "L": null}
{"eval": 2773, "purpose": "two-sided simple-root refinement", "status": "NUMERICAL_TWO_HALF_PASSAGES", "r": "15322.429734656650546221", "c": "0.34616580419622330932247", "K": "-201820.78028039279557504", "L": null}
{"eval": 2774, "purpose": "two-sided simple-root refinement", "status": "NUMERICAL_TWO_HALF_PASSAGES", "r": "14713.776916290547586819", "c": "0.34616580419622330932247", "K": "-201820.78028039279557504", "L": null}
POINT 12987.049612774667233239 0.34615110591359078275422 846262.44045480184945518 BRACKETS 2
{"eval": 2775, "purpose": "log-m fold correction", "status": "NUMERICAL_TWO_HALF_PASSAGES", "r": "48187.334094013780372734", "c": "0.34306589323940954919094", "K": "-930217.12382745481193069", "L": null}
{"eval": 2776, "purpose": "log-m fold correction", "status": "NUMERICAL_TWO_HALF_PASSAGES", "r": "48530.47590093868160821", "c": "0.34359963507982710538753", "K": "-925763.63139632364800491", "L": null}
{"eval": 2777, "purpose": "log-m fold correction", "status": "NUMERICAL_TWO_HALF_PASSAGES", "r": "48517.775676652178528769", "c": "0.34359621635455105679094", "K": "-925792.15692306348199736", "L": null}
{"eval": 2778, "purpose": "log-m fold correction", "status": "NUMERICAL_TWO_HALF_PASSAGES", "r": "48517.773830784313311426", "c": "0.34359621614945051203452", "K": "-925792.15863440341183832", "L": null}
{"eval": 2779, "purpose": "two-sided pair-side stationary/root profile", "status": "NUMERICAL_TWO_HALF_PASSAGES", "r": "0.002478752176666357524478", "c": "0.3436066417799433916696", "K": "-925705.16814017218138133", "L": null}
{"eval": 2780, "purpose": "two-sided pair-side stationary/root profile", "status": "NUMERICAL_TWO_HALF_PASSAGES", "r": "0.29810350532708911636018", "c": "0.3436066417799433916696", "K": "-925705.16814017218138133", "L": null}
{"eval": 2781, "purpose": "two-sided pair-side stationary/root profile", "status": "NUMERICAL_TWO_HALF_PASSAGES", "r": "44.242482965145069079976", "c": "0.3436066417799433916696", "K": "-925705.16814017218138133", "L": null}
{"eval": 2782, "purpose": "two-sided pair-side stationary/root profile", "status": "NUMERICAL_TWO_HALF_PASSAGES", "r": "888.63402516992269386531", "c": "0.3436066417799433916696", "K": "-925705.16814017218138133", "L": null}
{"eval": 2783, "purpose": "two-sided pair-side stationary/root profile", "status": "NUMERICAL_TWO_HALF_PASSAGES", "r": "6566.1666633991102246526", "c": "0.3436066417799433916696", "K": "-925705.16814017218138133", "L": null}
{"eval": 2784, "purpose": "two-sided pair-side stationary/root profile", "status": "NUMERICAL_TWO_HALF_PASSAGES", "r": "17848.691523751361556194", "c": "0.3436066417799433916696", "K": "-925705.16814017218138133", "L": null}
{"eval": 2785, "purpose": "two-sided pair-side stationary/root profile", "status": "NUMERICAL_TWO_HALF_PASSAGES", "r": "35942.850880759649832896", "c": "0.3436066417799433916696", "K": "-925705.16814017218138133", "L": null}
{"eval": 2786, "purpose": "two-sided pair-side stationary/root profile", "status": "NUMERICAL_TWO_HALF_PASSAGES", "r": "48517.773830784313311426", "c": "0.3436066417799433916696", "K": "-925705.16814017218138133", "L": null}
{"eval": 2787, "purpose": "two-sided pair-side stationary/root profile", "status": "NUMERICAL_TWO_HALF_PASSAGES", "r": "65492.144329464720637901", "c": "0.3436066417799433916696", "K": "-925705.16814017218138133", "L": null}
{"eval": 2788, "purpose": "two-sided pair-side stationary/root profile", "status": "NUMERICAL_TWO_HALF_PASSAGES", "r": "131884.98296150679877314", "c": "0.3436066417799433916696", "K": "-925705.16814017218138133", "L": null}
{"eval": 2789, "purpose": "two-sided pair-side stationary/root profile", "status": "NUMERICAL_TWO_HALF_PASSAGES", "r": "358500.55263089472762772", "c": "0.3436066417799433916696", "K": "-925705.16814017218138133", "L": null}
{"eval": 2790, "purpose": "two-sided pair-side stationary/root profile", "status": "NUMERICAL_TWO_HALF_PASSAGES", "r": "2648980.6948873212511444", "c": "0.3436066417799433916696", "K": "-925705.16814017218138133", "L": null}
{"eval": 2791, "purpose": "two-sided pair-side stationary/root profile", "status": "NUMERICAL_TWO_HALF_PASSAGES", "r": "53206199.555970616536797", "c": "0.3436066417799433916696", "K": "-925705.16814017218138133", "L": null}
{"eval": 2792, "purpose": "two-sided pair-side stationary/root profile", "status": "UNRESOLVED", "r": null, "c": null, "K": null, "L": null}
{"eval": 2793, "purpose": "two-sided simple-root refinement", "status": "NUMERICAL_TWO_HALF_PASSAGES", "r": "45770.020320831445062026", "c": "0.3436066417799433916696", "K": "-925705.16814017218138133", "L": null}
{"eval": 2794, "purpose": "two-sided simple-root refinement", "status": "NUMERICAL_TWO_HALF_PASSAGES", "r": "44045.690902130452059282", "c": "0.3436066417799433916696", "K": "-925705.16814017218138133", "L": null}
{"eval": 2795, "purpose": "two-sided simple-root refinement", "status": "NUMERICAL_TWO_HALF_PASSAGES", "r": "43230.245276185516324574", "c": "0.3436066417799433916696", "K": "-925705.16814017218138133", "L": null}
{"eval": 2796, "purpose": "two-sided simple-root refinement", "status": "NUMERICAL_TWO_HALF_PASSAGES", "r": "42896.246214161558867772", "c": "0.3436066417799433916696", "K": "-925705.16814017218138133", "L": null}
{"eval": 2797, "purpose": "two-sided simple-root refinement", "status": "NUMERICAL_TWO_HALF_PASSAGES", "r": "39265.931556757437775218", "c": "0.3436066417799433916696", "K": "-925705.16814017218138133", "L": null}
{"eval": 2798, "purpose": "two-sided simple-root refinement", "status": "NUMERICAL_TWO_HALF_PASSAGES", "r": "42737.988647290897485931", "c": "0.3436066417799433916696", "K": "-925705.16814017218138133", "L": null}
{"eval": 2799, "purpose": "two-sided simple-root refinement", "status": "NUMERICAL_TWO_HALF_PASSAGES", "r": "40965.1917742124182098", "c": "0.3436066417799433916696", "K": "-925705.16814017218138133", "L": null}
{"eval": 2800, "purpose": "two-sided simple-root refinement", "status": "NUMERICAL_TWO_HALF_PASSAGES", "r": "41842.202391609177677623", "c": "0.3436066417799433916696", "K": "-925705.16814017218138133", "L": null}
{"eval": 2801, "purpose": "two-sided simple-root refinement", "status": "NUMERICAL_TWO_HALF_PASSAGES", "r": "50937.149425334785235009", "c": "0.3436066417799433916696", "K": "-925705.16814017218138133", "L": null}
{"eval": 2802, "purpose": "two-sided simple-root refinement", "status": "NUMERICAL_TWO_HALF_PASSAGES", "r": "52791.432282357271358109", "c": "0.3436066417799433916696", "K": "-925705.16814017218138133", "L": null}
{"eval": 2803, "purpose": "two-sided simple-root refinement", "status": "NUMERICAL_TWO_HALF_PASSAGES", "r": "53906.018096516782385663", "c": "0.3436066417799433916696", "K": "-925705.16814017218138133", "L": null}
{"eval": 2804, "purpose": "two-sided simple-root refinement", "status": "NUMERICAL_TWO_HALF_PASSAGES", "r": "54480.950709137074539967", "c": "0.3436066417799433916696", "K": "-925705.16814017218138133", "L": null}
{"eval": 2805, "purpose": "two-sided simple-root refinement", "status": "NUMERICAL_TWO_HALF_PASSAGES", "r": "59733.359917631107645519", "c": "0.3436066417799433916696", "K": "-925705.16814017218138133", "L": null}
{"eval": 2806, "purpose": "two-sided simple-root refinement", "status": "NUMERICAL_TWO_HALF_PASSAGES", "r": "54842.435075476301040709", "c": "0.3436066417799433916696", "K": "-925705.16814017218138133", "L": null}
{"eval": 2807, "purpose": "two-sided simple-root refinement", "status": "NUMERICAL_TWO_HALF_PASSAGES", "r": "57235.678672684072839871", "c": "0.3436066417799433916696", "K": "-925705.16814017218138133", "L": null}
{"eval": 2808, "purpose": "two-sided simple-root refinement", "status": "NUMERICAL_TWO_HALF_PASSAGES", "r": "54959.170559240955928004", "c": "0.3436066417799433916696", "K": "-925705.16814017218138133", "L": null}
POINT 48517.773830784313311426 0.34359621614945051203452 3792685.130023902839639 BRACKETS 2
{"eval": 2809, "purpose": "log-m fold correction", "status": "NUMERICAL_TWO_HALF_PASSAGES", "r": "182519.7839513556815092", "c": "0.34148870254631047275237", "K": "-4227776.4134722828530357", "L": null}
{"eval": 2810, "purpose": "log-m fold correction", "status": "NUMERICAL_TWO_HALF_PASSAGES", "r": "183839.02600303003589488", "c": "0.34181442775701502992348", "K": "-4215595.9849858746079008", "L": null}
{"eval": 2811, "purpose": "log-m fold correction", "status": "NUMERICAL_TWO_HALF_PASSAGES", "r": "183815.09054162696382662", "c": "0.34181276167589476984356", "K": "-4215658.2877529646561925", "L": null}
{"eval": 2812, "purpose": "log-m fold correction", "status": "NUMERICAL_TWO_HALF_PASSAGES", "r": "183815.08880990924954801", "c": "0.34181276162019752742536", "K": "-4215658.2898357517901786", "L": null}
{"eval": 2813, "purpose": "two-sided pair-side stationary/root profile", "status": "NUMERICAL_TWO_HALF_PASSAGES", "r": "0.0024787521766663626829087", "c": "0.34182038350489323463507", "K": "-4215373.2709965072040177", "L": null}
{"eval": 2814, "purpose": "two-sided pair-side stationary/root profile", "status": "NUMERICAL_TWO_HALF_PASSAGES", "r": "1.1293989393939663858123", "c": "0.34182038350489323463507", "K": "-4215373.2709965072040177", "L": null}
{"eval": 2815, "purpose": "two-sided pair-side stationary/root profile", "status": "NUMERICAL_TWO_HALF_PASSAGES", "r": "167.61766448255800396328", "c": "0.34182038350489323463507", "K": "-4215373.2709965072040177", "L": null}
{"eval": 2816, "purpose": "two-sided pair-side stationary/root profile", "status": "NUMERICAL_TWO_HALF_PASSAGES", "r": "3366.690788942900906644", "c": "0.34182038350489323463507", "K": "-4215373.2709965072040177", "L": null}
{"eval": 2817, "purpose": "two-sided pair-side stationary/root profile", "status": "NUMERICAL_TWO_HALF_PASSAGES", "r": "24876.667107252184466759", "c": "0.34182038350489323463507", "K": "-4215373.2709965072040177", "L": null}
{"eval": 2818, "purpose": "two-sided pair-side stationary/root profile", "status": "NUMERICAL_TWO_HALF_PASSAGES", "r": "67621.792150268455557693", "c": "0.34182038350489323463507", "K": "-4215373.2709965072040177", "L": null}
{"eval": 2819, "purpose": "two-sided pair-side stationary/root profile", "status": "NUMERICAL_TWO_HALF_PASSAGES", "r": "136173.56702660892021584", "c": "0.34182038350489323463507", "K": "-4215373.2709965072040177", "L": null}
{"eval": 2820, "purpose": "two-sided pair-side stationary/root profile", "status": "NUMERICAL_TWO_HALF_PASSAGES", "r": "183815.08880990924954801", "c": "0.34182038350489323463507", "K": "-4215373.2709965072040177", "L": null}
{"eval": 2821, "purpose": "two-sided pair-side stationary/root profile", "status": "NUMERICAL_TWO_HALF_PASSAGES", "r": "248124.41659542120832782", "c": "0.34182038350489323463507", "K": "-4215373.2709965072040177", "L": null}
{"eval": 2822, "purpose": "two-sided pair-side stationary/root profile", "status": "NUMERICAL_TWO_HALF_PASSAGES", "r": "499661.21570856190007248", "c": "0.34182038350489323463507", "K": "-4215373.2709965072040177", "L": null}
{"eval": 2823, "purpose": "two-sided pair-side stationary/root profile", "status": "NUMERICAL_TWO_HALF_PASSAGES", "r": "1358220.0030463390573914", "c": "0.34182038350489323463507", "K": "-4215373.2709965072040177", "L": null}
{"eval": 2824, "purpose": "two-sided pair-side stationary/root profile", "status": "NUMERICAL_TWO_HALF_PASSAGES", "r": "10035963.797199157942487", "c": "0.34182038350489323463507", "K": "-4215373.2709965072040177", "L": null}
{"eval": 2825, "purpose": "two-sided pair-side stationary/root profile", "status": "NUMERICAL_TWO_HALF_PASSAGES", "r": "201577721.40841839750647", "c": "0.34182038350489323463507", "K": "-4215373.2709965072040177", "L": null}
{"eval": 2826, "purpose": "two-sided pair-side stationary/root profile", "status": "UNRESOLVED", "r": null, "c": null, "K": null, "L": null}
{"eval": 2827, "purpose": "two-sided simple-root refinement", "status": "NUMERICAL_TWO_HALF_PASSAGES", "r": "173404.094115285119031", "c": "0.34182038350489323463507", "K": "-4215373.2709965072040177", "L": null}
{"eval": 2828, "purpose": "two-sided simple-root refinement", "status": "NUMERICAL_TWO_HALF_PASSAGES", "r": "166862.93857531805353744", "c": "0.34182038350489323463507", "K": "-4215373.2709965072040177", "L": null}
{"eval": 2829, "purpose": "two-sided simple-root refinement", "status": "NUMERICAL_TWO_HALF_PASSAGES", "r": "163766.15040734934876809", "c": "0.34182038350489323463507", "K": "-4215373.2709965072040177", "L": null}
{"eval": 2830, "purpose": "two-sided simple-root refinement", "status": "NUMERICAL_TWO_HALF_PASSAGES", "r": "162496.52751770561918931", "c": "0.34182038350489323463507", "K": "-4215373.2709965072040177", "L": null}
{"eval": 2831, "purpose": "two-sided simple-root refinement", "status": "NUMERICAL_TWO_HALF_PASSAGES", "r": "148753.93030613842223886", "c": "0.34182038350489323463507", "K": "-4215373.2709965072040177", "L": null}
{"eval": 2832, "purpose": "two-sided simple-root refinement", "status": "NUMERICAL_TWO_HALF_PASSAGES", "r": "161894.24212712633952549", "c": "0.34182038350489323463507", "K": "-4215373.2709965072040177", "L": null}
{"eval": 2833, "purpose": "two-sided simple-root refinement", "status": "NUMERICAL_TWO_HALF_PASSAGES", "r": "155185.06632515788072624", "c": "0.34182038350489323463507", "K": "-4215373.2709965072040177", "L": null}
{"eval": 2834, "purpose": "two-sided simple-root refinement", "status": "NUMERICAL_TWO_HALF_PASSAGES", "r": "158504.15988913120655468", "c": "0.34182038350489323463507", "K": "-4215373.2709965072040177", "L": null}
{"eval": 2835, "purpose": "two-sided simple-root refinement", "status": "NUMERICAL_TWO_HALF_PASSAGES", "r": "192975.75566930070790761", "c": "0.34182038350489323463507", "K": "-4215373.2709965072040177", "L": null}
{"eval": 2836, "purpose": "two-sided simple-root refinement", "status": "NUMERICAL_TWO_HALF_PASSAGES", "r": "199991.33561932248555593", "c": "0.34182038350489323463507", "K": "-4215373.2709965072040177", "L": null}
{"eval": 2837, "purpose": "two-sided simple-root refinement", "status": "NUMERICAL_TWO_HALF_PASSAGES", "r": "204206.56259765231180836", "c": "0.34182038350489323463507", "K": "-4215373.2709965072040177", "L": null}
{"eval": 2838, "purpose": "two-sided simple-root refinement", "status": "NUMERICAL_TWO_HALF_PASSAGES", "r": "206380.67769122202192023", "c": "0.34182038350489323463507", "K": "-4215373.2709965072040177", "L": null}
{"eval": 2839, "purpose": "two-sided simple-root refinement", "status": "NUMERICAL_TWO_HALF_PASSAGES", "r": "226292.03531874939810109", "c": "0.34182038350489323463507", "K": "-4215373.2709965072040177", "L": null}
{"eval": 2840, "purpose": "two-sided simple-root refinement", "status": "NUMERICAL_TWO_HALF_PASSAGES", "r": "207747.83682179436145532", "c": "0.34182038350489323463507", "K": "-4215373.2709965072040177", "L": null}
{"eval": 2841, "purpose": "two-sided simple-root refinement", "status": "NUMERICAL_TWO_HALF_PASSAGES", "r": "216821.77203286407129212", "c": "0.34182038350489323463507", "K": "-4215373.2709965072040177", "L": null}
{"eval": 2842, "purpose": "two-sided simple-root refinement", "status": "NUMERICAL_TWO_HALF_PASSAGES", "r": "208189.49670226906184212", "c": "0.34182038350489323463507", "K": "-4215373.2709965072040177", "L": null}
POINT 183815.08880990924954801 0.34181276162019752742536 16997635.494461827620398 BRACKETS 2
{"eval": 2843, "purpose": "log-m fold correction", "status": "NUMERICAL_TWO_HALF_PASSAGES", "r": "701348.73288928313604629", "c": "0.34030771422869971322509", "K": "-19145357.13943104280952", "L": null}
{"eval": 2844, "purpose": "log-m fold correction", "status": "NUMERICAL_TWO_HALF_PASSAGES", "r": "706309.30486990778814516", "c": "0.3405170058072412115019", "K": "-19110281.574945124115402", "L": null}
{"eval": 2845, "purpose": "log-m fold correction", "status": "NUMERICAL_TWO_HALF_PASSAGES", "r": "706258.33357451732751997", "c": "0.3405161513083772973731", "K": "-19110424.781997281837903", "L": null}
{"eval": 2846, "purpose": "log-m fold correction", "status": "NUMERICAL_TWO_HALF_PASSAGES", "r": "706258.3315232977400342", "c": "0.34051615129165022999649", "K": "-19110424.784800602135874", "L": null}
{"eval": 2847, "purpose": "two-sided pair-side stationary/root profile", "status": "NUMERICAL_TWO_HALF_PASSAGES", "r": "0.0024787521766663570090585", "c": "0.34052188106114090050507", "K": "-19109464.522086449909693", "L": null}
{"eval": 2848, "purpose": "two-sided pair-side stationary/root profile", "status": "NUMERICAL_TWO_HALF_PASSAGES", "r": "4.3394011651864161580039", "c": "0.34052188106114090050507", "K": "-19109464.522086449909693", "L": null}
{"eval": 2849, "purpose": "two-sided pair-side stationary/root profile", "status": "NUMERICAL_TWO_HALF_PASSAGES", "r": "644.02423553871787831326", "c": "0.34052188106114090050507", "K": "-19109464.522086449909693", "L": null}
{"eval": 2850, "purpose": "two-sided pair-side stationary/root profile", "status": "NUMERICAL_TWO_HALF_PASSAGES", "r": "12935.572562340629314548", "c": "0.34052188106114090050507", "K": "-19109464.522086449909693", "L": null}
{"eval": 2851, "purpose": "two-sided pair-side stationary/root profile", "status": "NUMERICAL_TWO_HALF_PASSAGES", "r": "95581.671334923005737494", "c": "0.34052188106114090050507", "K": "-19109464.522086449909693", "L": null}
{"eval": 2852, "purpose": "two-sided pair-side stationary/root profile", "status": "NUMERICAL_TWO_HALF_PASSAGES", "r": "259817.92032346601908444", "c": "0.34052188106114090050507", "K": "-19109464.522086449909693", "L": null}
{"eval": 2853, "purpose": "two-sided pair-side stationary/root profile", "status": "NUMERICAL_TWO_HALF_PASSAGES", "r": "523209.04050072824875883", "c": "0.34052188106114090050507", "K": "-19109464.522086449909693", "L": null}
{"eval": 2854, "purpose": "two-sided pair-side stationary/root profile", "status": "NUMERICAL_TWO_HALF_PASSAGES", "r": "706258.3315232977400342", "c": "0.34052188106114090050507", "K": "-19109464.522086449909693", "L": null}
{"eval": 2855, "purpose": "two-sided pair-side stationary/root profile", "status": "NUMERICAL_TWO_HALF_PASSAGES", "r": "953349.02923065616067788", "c": "0.34052188106114090050507", "K": "-19109464.522086449909693", "L": null}
{"eval": 2856, "purpose": "two-sided pair-side stationary/root profile", "status": "NUMERICAL_TWO_HALF_PASSAGES", "r": "1919809.1887775843273403", "c": "0.34052188106114090050507", "K": "-19109464.522086449909693", "L": null}
{"eval": 2857, "purpose": "two-sided pair-side stationary/root profile", "status": "NUMERICAL_TWO_HALF_PASSAGES", "r": "5218582.4319628082716918", "c": "0.34052188106114090050507", "K": "-19109464.522086449909693", "L": null}
{"eval": 2858, "purpose": "two-sided pair-side stationary/root profile", "status": "NUMERICAL_TWO_HALF_PASSAGES", "r": "38560398.346667133497249", "c": "0.34052188106114090050507", "K": "-19109464.522086449909693", "L": null}
{"eval": 2859, "purpose": "two-sided pair-side stationary/root profile", "status": "NUMERICAL_TWO_HALF_PASSAGES", "r": "774506304.76480740669649", "c": "0.34052188106114090050507", "K": "-19109464.522086449909693", "L": null}
{"eval": 2860, "purpose": "two-sided pair-side stationary/root profile", "status": "UNRESOLVED", "r": null, "c": null, "K": null, "L": null}
{"eval": 2861, "purpose": "two-sided simple-root refinement", "status": "NUMERICAL_TWO_HALF_PASSAGES", "r": "666243.24572523883460917", "c": "0.34052188106114090050507", "K": "-19109464.522086449909693", "L": null}
{"eval": 2862, "purpose": "two-sided simple-root refinement", "status": "NUMERICAL_TWO_HALF_PASSAGES", "r": "641083.16477780261976704", "c": "0.34052188106114090050507", "K": "-19109464.522086449909693", "L": null}
{"eval": 2863, "purpose": "two-sided simple-root refinement", "status": "NUMERICAL_TWO_HALF_PASSAGES", "r": "629164.99742116885380483", "c": "0.34052188106114090050507", "K": "-19109464.522086449909693", "L": null}
{"eval": 2864, "purpose": "two-sided simple-root refinement", "status": "NUMERICAL_TWO_HALF_PASSAGES", "r": "624276.84509649247911511", "c": "0.34052188106114090050507", "K": "-19109464.522086449909693", "L": null}
{"eval": 2865, "purpose": "two-sided simple-root refinement", "status": "NUMERICAL_TWO_HALF_PASSAGES", "r": "571513.15744237908904779", "c": "0.34052188106114090050507", "K": "-19109464.522086449909693", "L": null}
{"eval": 2866, "purpose": "two-sided simple-root refinement", "status": "NUMERICAL_TWO_HALF_PASSAGES", "r": "621956.90639203644161626", "c": "0.34052188106114090050507", "K": "-19109464.522086449909693", "L": null}
{"eval": 2867, "purpose": "two-sided simple-root refinement", "status": "NUMERICAL_TWO_HALF_PASSAGES", "r": "596201.77403728593407095", "c": "0.34052188106114090050507", "K": "-19109464.522086449909693", "L": null}
{"eval": 2868, "purpose": "two-sided simple-root refinement", "status": "NUMERICAL_TWO_HALF_PASSAGES", "r": "608943.19190354227180251", "c": "0.34052188106114090050507", "K": "-19109464.522086449909693", "L": null}
{"eval": 2869, "purpose": "two-sided simple-root refinement", "status": "NUMERICAL_TWO_HALF_PASSAGES", "r": "741429.76662942757440078", "c": "0.34052188106114090050507", "K": "-19109464.522086449909693", "L": null}
{"eval": 2870, "purpose": "two-sided simple-root refinement", "status": "NUMERICAL_TWO_HALF_PASSAGES", "r": "768351.97593912201188004", "c": "0.34052188106114090050507", "K": "-19109464.522086449909693", "L": null}
{"eval": 2871, "purpose": "two-sided simple-root refinement", "status": "NUMERICAL_TWO_HALF_PASSAGES", "r": "784526.04168898884296368", "c": "0.34052188106114090050507", "K": "-19109464.522086449909693", "L": null}
{"eval": 2872, "purpose": "two-sided simple-root refinement", "status": "NUMERICAL_TWO_HALF_PASSAGES", "r": "792869.68402333602955423", "c": "0.34052188106114090050507", "K": "-19109464.522086449909693", "L": null}
{"eval": 2873, "purpose": "two-sided simple-root refinement", "status": "NUMERICAL_TWO_HALF_PASSAGES", "r": "869414.48318397853472561", "c": "0.34052188106114090050507", "K": "-19109464.522086449909693", "L": null}
{"eval": 2874, "purpose": "two-sided simple-root refinement", "status": "NUMERICAL_TWO_HALF_PASSAGES", "r": "798118.9124460849665752", "c": "0.34052188106114090050507", "K": "-19109464.522086449909693", "L": null}
{"eval": 2875, "purpose": "two-sided simple-root refinement", "status": "NUMERICAL_TWO_HALF_PASSAGES", "r": "833004.28677388688134897", "c": "0.34052188106114090050507", "K": "-19109464.522086449909693", "L": null}
{"eval": 2876, "purpose": "two-sided simple-root refinement", "status": "NUMERICAL_TWO_HALF_PASSAGES", "r": "799815.6045135752399915", "c": "0.34052188106114090050507", "K": "-19109464.522086449909693", "L": null}
POINT 706258.3315232977400342 0.34051615129165022999649 76178117.217119921006088 BRACKETS 2
{"eval": 2877, "purpose": "log-m fold correction", "status": "NUMERICAL_TWO_HALF_PASSAGES", "r": "2732333.0095134846878864", "c": "0.33940126520964793770617", "K": "-86484220.569891600192932", "L": null}
{"eval": 2878, "purpose": "log-m fold correction", "status": "NUMERICAL_TWO_HALF_PASSAGES", "r": "2750579.8473906763463219", "c": "0.33954151379163017166612", "K": "-86378880.617625735074398", "L": null}
{"eval": 2879, "purpose": "log-m fold correction", "status": "NUMERICAL_TWO_HALF_PASSAGES", "r": "2750457.4780257225279456", "c": "0.33954105531016691148119", "K": "-86379224.980575948211481", "L": null}
{"eval": 2880, "purpose": "log-m fold correction", "status": "NUMERICAL_TWO_HALF_PASSAGES", "r": "2750457.4753876458839841", "c": "0.3395410553048271616258", "K": "-86379224.984586605496588", "L": null}
{"eval": 2881, "purpose": "log-m fold correction", "status": "NUMERICAL_TWO_HALF_PASSAGES", "r": "2750457.4768095972190167", "c": "0.33954105530808612286903", "K": "-86379224.982138817307714", "L": null}
{"eval": 2882, "purpose": "log-m fold correction", "status": "NUMERICAL_TWO_HALF_PASSAGES", "r": "2750457.475643914696775", "c": "0.33954105530609252576848", "K": "-86379224.983636197313899", "L": null}
{"eval": 2883, "purpose": "log-m fold correction", "status": "NUMERICAL_TWO_HALF_PASSAGES", "r": "2750457.4744661858012478", "c": "0.33954105530377762971802", "K": "-86379224.985374903240881", "L": null}
{"eval": 2884, "purpose": "two-sided pair-side stationary/root profile", "status": "NUMERICAL_TWO_HALF_PASSAGES", "r": "0.0024787521766663570442104", "c": "0.33954547360440054206191", "K": "-86375906.42364589562203", "L": null}
{"eval": 2885, "purpose": "two-sided pair-side stationary/root profile", "status": "NUMERICAL_TWO_HALF_PASSAGES", "r": "16.899394791919047864592", "c": "0.33954547360440054206191", "K": "-86375906.42364589562203", "L": null}
{"eval": 2886, "purpose": "two-sided pair-side stationary/root profile", "status": "NUMERICAL_TWO_HALF_PASSAGES", "r": "2508.0925679903360834277", "c": "0.33954547360440054206191", "K": "-86375906.42364589562203", "L": null}
{"eval": 2887, "purpose": "two-sided pair-side stationary/root profile", "status": "NUMERICAL_TWO_HALF_PASSAGES", "r": "50376.385881142471379945", "c": "0.33954547360440054206191", "K": "-86375906.42364589562203", "L": null}
{"eval": 2888, "purpose": "two-sided pair-side stationary/root profile", "status": "NUMERICAL_TWO_HALF_PASSAGES", "r": "372233.94133713967630683", "c": "0.33954547360440054206191", "K": "-86375906.42364589562203", "L": null}
{"eval": 2889, "purpose": "two-sided pair-side stationary/root profile", "status": "NUMERICAL_TWO_HALF_PASSAGES", "r": "1011836.7586724370208344", "c": "0.33954547360440054206191", "K": "-86375906.42364589562203", "L": null}
{"eval": 2890, "purpose": "two-sided pair-side stationary/root profile", "status": "NUMERICAL_TWO_HALF_PASSAGES", "r": "2037589.0122947712383166", "c": "0.33954547360440054206191", "K": "-86375906.42364589562203", "L": null}
{"eval": 2891, "purpose": "two-sided pair-side stationary/root profile", "status": "NUMERICAL_TWO_HALF_PASSAGES", "r": "2750457.4744661858012478", "c": "0.33954547360440054206191", "K": "-86375906.42364589562203", "L": null}
{"eval": 2892, "purpose": "two-sided pair-side stationary/root profile", "status": "NUMERICAL_TWO_HALF_PASSAGES", "r": "3712729.2467714305289519", "c": "0.33954547360440054206191", "K": "-86375906.42364589562203", "L": null}
{"eval": 2893, "purpose": "two-sided pair-side stationary/root profile", "status": "NUMERICAL_TWO_HALF_PASSAGES", "r": "7476518.5727907912628325", "c": "0.33954547360440054206191", "K": "-86375906.42364589562203", "L": null}
{"eval": 2894, "purpose": "two-sided pair-side stationary/root profile", "status": "NUMERICAL_TWO_HALF_PASSAGES", "r": "20323284.576553763363336", "c": "0.33954547360440054206191", "K": "-86375906.42364589562203", "L": null}
{"eval": 2895, "purpose": "two-sided pair-side stationary/root profile", "status": "NUMERICAL_TWO_HALF_PASSAGES", "r": "150169889.85068780240545", "c": "0.33954547360440054206191", "K": "-86375906.42364589562203", "L": null}
{"eval": 2896, "purpose": "two-sided pair-side stationary/root profile", "status": "UNRESOLVED", "r": null, "c": null, "K": null, "L": null}
{"eval": 2897, "purpose": "two-sided pair-side stationary/root profile", "status": "UNRESOLVED", "r": null, "c": null, "K": null, "L": null}
{"eval": 2898, "purpose": "two-sided simple-root refinement", "status": "NUMERICAL_TWO_HALF_PASSAGES", "r": "2594548.208125218485975", "c": "0.33954547360440054206191", "K": "-86375906.42364589562203", "L": null}
{"eval": 2899, "purpose": "two-sided simple-root refinement", "status": "NUMERICAL_TWO_HALF_PASSAGES", "r": "2496472.6292094587606698", "c": "0.33954547360440054206191", "K": "-86375906.42364589562203", "L": null}
{"eval": 2900, "purpose": "two-sided simple-root refinement", "status": "NUMERICAL_TWO_HALF_PASSAGES", "r": "2450005.0491333846839552", "c": "0.33954547360440054206191", "K": "-86375906.42364589562203", "L": null}
{"eval": 2901, "purpose": "two-sided simple-root refinement", "status": "NUMERICAL_TWO_HALF_PASSAGES", "r": "2430945.5308885596321034", "c": "0.33954547360440054206191", "K": "-86375906.42364589562203", "L": null}
{"eval": 2902, "purpose": "two-sided simple-root refinement", "status": "NUMERICAL_TWO_HALF_PASSAGES", "r": "2225593.8315931792067204", "c": "0.33954547360440054206191", "K": "-86375906.42364589562203", "L": null}
{"eval": 2903, "purpose": "two-sided simple-root refinement", "status": "NUMERICAL_TWO_HALF_PASSAGES", "r": "2421899.4171193666470572", "c": "0.33954547360440054206191", "K": "-86375906.42364589562203", "L": null}
{"eval": 2904, "purpose": "two-sided simple-root refinement", "status": "NUMERICAL_TWO_HALF_PASSAGES", "r": "2321672.7597747229835932", "c": "0.33954547360440054206191", "K": "-86375906.42364589562203", "L": null}
{"eval": 2905, "purpose": "two-sided simple-root refinement", "status": "NUMERICAL_TWO_HALF_PASSAGES", "r": "2371256.6085601770944322", "c": "0.33954547360440054206191", "K": "-86375906.42364589562203", "L": null}
{"eval": 2906, "purpose": "two-sided simple-root refinement", "status": "NUMERICAL_TWO_HALF_PASSAGES", "r": "2887322.7782707971161926", "c": "0.33954547360440054206191", "K": "-86375906.42364589562203", "L": null}
{"eval": 2907, "purpose": "two-sided simple-root refinement", "status": "NUMERICAL_TWO_HALF_PASSAGES", "r": "2992054.1503765178194953", "c": "0.33954547360440054206191", "K": "-86375906.42364589562203", "L": null}
{"eval": 2908, "purpose": "two-sided simple-root refinement", "status": "NUMERICAL_TWO_HALF_PASSAGES", "r": "3054977.4786146564022147", "c": "0.33954547360440054206191", "K": "-86375906.42364589562203", "L": null}
{"eval": 2909, "purpose": "two-sided simple-root refinement", "status": "NUMERICAL_TWO_HALF_PASSAGES", "r": "3087447.5189835356911772", "c": "0.33954547360440054206191", "K": "-86375906.42364589562203", "L": null}
{"eval": 2910, "purpose": "two-sided simple-root refinement", "status": "NUMERICAL_TWO_HALF_PASSAGES", "r": "3385684.0817775754821923", "c": "0.33954547360440054206191", "K": "-86375906.42364589562203", "L": null}
{"eval": 2911, "purpose": "two-sided simple-root refinement", "status": "NUMERICAL_TWO_HALF_PASSAGES", "r": "3107888.0965759562193398", "c": "0.33954547360440054206191", "K": "-86375906.42364589562203", "L": null}
{"eval": 2912, "purpose": "two-sided simple-root refinement", "status": "NUMERICAL_TWO_HALF_PASSAGES", "r": "3243813.6901682906554925", "c": "0.33954547360440054206191", "K": "-86375906.42364589562203", "L": null}
{"eval": 2913, "purpose": "two-sided simple-root refinement", "status": "NUMERICAL_TWO_HALF_PASSAGES", "r": "3114499.1247652395252317", "c": "0.33954547360440054206191", "K": "-86375906.42364589562203", "L": null}
POINT 2750457.4744661858012478 0.33954105530377762971802 341406635.33089830854442 BRACKETS 2
{"eval": 2914, "purpose": "log-m fold correction", "status": "NUMERICAL_TWO_HALF_PASSAGES", "r": "10780680.644173296963345", "c": "0.33868934557995418105684", "K": "-389991684.09753038076451", "L": null}
{"eval": 2915, "purpose": "log-m fold correction", "status": "NUMERICAL_TWO_HALF_PASSAGES", "r": "10846713.406267830947399", "c": "0.33878672722552126563662", "K": "-389663880.68514255317859", "L": null}
{"eval": 2916, "purpose": "log-m fold correction", "status": "NUMERICAL_TWO_HALF_PASSAGES", "r": "10846390.281122113136917", "c": "0.33878647075620790858771", "K": "-389664744.00507929924061", "L": null}
{"eval": 2917, "purpose": "log-m fold correction", "status": "NUMERICAL_TWO_HALF_PASSAGES", "r": "10846390.240752544026691", "c": "0.33878647073485550255192", "K": "-389664744.07695518014953", "L": null}
{"eval": 2918, "purpose": "log-m fold correction", "status": "NUMERICAL_TWO_HALF_PASSAGES", "r": "10846390.255864269977792", "c": "0.33878647073804641842655", "K": "-389664744.06621400706354", "L": null}
{"eval": 2919, "purpose": "log-m fold correction", "status": "NUMERICAL_TWO_HALF_PASSAGES", "r": "10846390.252823986458679", "c": "0.33878647074118969407825", "K": "-389664744.05563319911016", "L": null}
{"eval": 2920, "purpose": "log-m fold correction", "status": "NUMERICAL_TWO_HALF_PASSAGES", "r": "10846390.314451557735083", "c": "0.33878647076767841154771", "K": "-389664743.96646760817384", "L": null}
{"eval": 2921, "purpose": "log-m fold correction", "status": "NUMERICAL_TWO_HALF_PASSAGES", "r": "10846390.221868883516436", "c": "0.33878647072902340529562", "K": "-389664744.0965870252694", "L": null}
{"eval": 2922, "purpose": "log-m fold correction", "status": "NUMERICAL_TWO_HALF_PASSAGES", "r": "10846390.254206681860524", "c": "0.33878647074604988754338", "K": "-389664744.03927294982714", "L": null}
{"eval": 2923, "purpose": "log-m fold correction", "status": "NUMERICAL_TWO_HALF_PASSAGES", "r": "10846390.223371578863407", "c": "0.33878647072893430247111", "K": "-389664744.09688696073135", "L": null}
{"eval": 2924, "purpose": "log-m fold correction", "status": "NUMERICAL_TWO_HALF_PASSAGES", "r": "10780680.6441732969636638153643250201", "c": "0.3386893455799541810550522035735233", "K": "-389991684.097530380746079049666955364", "L": null}
{"eval": 2925, "purpose": "log-m fold correction", "status": "NUMERICAL_TWO_HALF_PASSAGES", "r": "10846713.4250404423222440486611665262", "c": "0.338786727231689269086196735426450328", "K": "-389663880.664379989869027483217716255", "L": null}
{"eval": 2926, "purpose": "log-m fold correction", "status": "NUMERICAL_TWO_HALF_PASSAGES", "r": "10846390.2724047869545188193970354319", "c": "0.338786470749426894059519363036077506", "K": "-389664744.027905363503087837118445254", "L": null}
{"eval": 2927, "purpose": "log-m fold correction", "status": "NUMERICAL_TWO_HALF_PASSAGES", "r": "10846390.2669672943151234316173148637", "c": "0.338786470747483586959082749614985479", "K": "-389664744.034446870325354282024423283", "L": null}
{"eval": 2928, "purpose": "two-sided pair-side stationary/root profile", "status": "NUMERICAL_TWO_HALF_PASSAGES", "r": "0.00247875217666636080062820106322968885", "c": "0.338789956646060830639917293602789578", "K": "-389653009.89869465434729302276907762", "L": null}
{"eval": 2929, "purpose": "two-sided pair-side stationary/root profile", "status": "NUMERICAL_TWO_HALF_PASSAGES", "r": "66.6425250673193087100635351136066927", "c": "0.338789956646060830639917293602789578", "K": "-389653009.89869465434729302276907762", "L": null}
{"eval": 2930, "purpose": "two-sided pair-side stationary/root profile", "status": "NUMERICAL_TWO_HALF_PASSAGES", "r": "9890.6276758135101321689109397956386", "c": "0.338789956646060830639917293602789578", "K": "-389653009.89869465434729302276907762", "L": null}
{"eval": 2931, "purpose": "two-sided pair-side stationary/root profile", "status": "NUMERICAL_TWO_HALF_PASSAGES", "r": "198658.567376054083574198385961354675", "c": "0.338789956646060830639917293602789578", "K": "-389653009.89869465434729302276907762", "L": null}
{"eval": 2932, "purpose": "two-sided pair-side stationary/root profile", "status": "NUMERICAL_TWO_HALF_PASSAGES", "r": "1467899.29887485792628152813569404329", "c": "0.338789956646060830639917293602789578", "K": "-389653009.89869465434729302276907762", "L": null}
{"eval": 2933, "purpose": "two-sided pair-side stationary/root profile", "status": "NUMERICAL_TWO_HALF_PASSAGES", "r": "3990163.99013929932623005166228132178", "c": "0.338789956646060830639917293602789578", "K": "-389653009.89869465434729302276907762", "L": null}
{"eval": 2934, "purpose": "two-sided pair-side stationary/root profile", "status": "NUMERICAL_TWO_HALF_PASSAGES", "r": "8035203.53839421388927999273118672611", "c": "0.338789956646060830639917293602789578", "K": "-389653009.89869465434729302276907762", "L": null}
{"eval": 2935, "purpose": "two-sided pair-side stationary/root profile", "status": "NUMERICAL_TWO_HALF_PASSAGES", "r": "10846390.2669672943151234316173148637", "c": "0.338789956646060830639917293602789578", "K": "-389653009.89869465434729302276907762", "L": null}
{"eval": 2936, "purpose": "two-sided pair-side stationary/root profile", "status": "NUMERICAL_TWO_HALF_PASSAGES", "r": "14641095.432272437710473819584554706", "c": "0.338789956646060830639917293602789578", "K": "-389653009.89869465434729302276907762", "L": null}
{"eval": 2937, "purpose": "two-sided pair-side stationary/root profile", "status": "NUMERICAL_TWO_HALF_PASSAGES", "r": "29483545.5670722485800372626211374197", "c": "0.338789956646060830639917293602789578", "K": "-389653009.89869465434729302276907762", "L": null}
{"eval": 2938, "purpose": "two-sided pair-side stationary/root profile", "status": "NUMERICAL_TWO_HALF_PASSAGES", "r": "80144586.1535167295923065352361745804", "c": "0.338789956646060830639917293602789578", "K": "-389653009.89869465434729302276907762", "L": null}
{"eval": 2939, "purpose": "two-sided pair-side stationary/root profile", "status": "NUMERICAL_TWO_HALF_PASSAGES", "r": "592192843.113915732254108572781675187", "c": "0.338789956646060830639917293602789578", "K": "-389653009.89869465434729302276907762", "L": null}
{"eval": 2940, "purpose": "two-sided pair-side stationary/root profile", "status": "NUMERICAL_TWO_HALF_PASSAGES", "r": "11894511216.0120362283617115011420731", "c": "0.338789956646060830639917293602789578", "K": "-389653009.89869465434729302276907762", "L": null}
{"eval": 2941, "purpose": "two-sided pair-side stationary/root profile", "status": "NUMERICAL_TWO_HALF_PASSAGES", "r": "1765301985549.37623856648487197916707", "c": "0.338789956646060830639917293602789578", "K": "-389653009.89869465434729302276907762", "L": null}
{"eval": 2942, "purpose": "two-sided simple-root refinement", "status": "NUMERICAL_TWO_HALF_PASSAGES", "r": "10231240.3567589085305226087286014406", "c": "0.338789956646060830639917293602789578", "K": "-389653009.89869465434729302276907762", "L": null}
{"eval": 2943, "purpose": "two-sided simple-root refinement", "status": "NUMERICAL_TWO_HALF_PASSAGES", "r": "9844169.88065529597678764671199785964", "c": "0.338789956646060830639917293602789578", "K": "-389653009.89869465434729302276907762", "L": null}
{"eval": 2944, "purpose": "two-sided simple-root refinement", "status": "NUMERICAL_TWO_HALF_PASSAGES", "r": "9660776.78511221860262675433551440323", "c": "0.338789956646060830639917293602789578", "K": "-389653009.89869465434729302276907762", "L": null}
{"eval": 2945, "purpose": "two-sided simple-root refinement", "status": "NUMERICAL_TWO_HALF_PASSAGES", "r": "9585564.00014331525015246604910698626", "c": "0.338789956646060830639917293602789578", "K": "-389653009.89869465434729302276907762", "L": null}
{"eval": 2946, "purpose": "two-sided simple-root refinement", "status": "NUMERICAL_TWO_HALF_PASSAGES", "r": "8776215.45835423081487362863428256761", "c": "0.338789956646060830639917293602789578", "K": "-389653009.89869465434729302276907762", "L": null}
{"eval": 2947, "purpose": "two-sided simple-root refinement", "status": "NUMERICAL_TWO_HALF_PASSAGES", "r": "9549872.62107128860077846234522135962", "c": "0.338789956646060830639917293602789578", "K": "-389653009.89869465434729302276907762", "L": null}
{"eval": 2948, "purpose": "two-sided simple-root refinement", "status": "NUMERICAL_TWO_HALF_PASSAGES", "r": "9154875.18879201753471274515102170471", "c": "0.338789956646060830639917293602789578", "K": "-389653009.89869465434729302276907762", "L": null}
{"eval": 2949, "purpose": "two-sided simple-root refinement", "status": "NUMERICAL_TWO_HALF_PASSAGES", "r": "9350288.33324244245257954377916513072", "c": "0.338789956646060830639917293602789578", "K": "-389653009.89869465434729302276907762", "L": null}
{"eval": 2950, "purpose": "two-sided simple-root refinement", "status": "NUMERICAL_TWO_HALF_PASSAGES", "r": "11385707.5147219057571412052111582032", "c": "0.338789956646060830639917293602789578", "K": "-389653009.89869465434729302276907762", "L": null}
{"eval": 2951, "purpose": "two-sided simple-root refinement", "status": "NUMERICAL_TWO_HALF_PASSAGES", "r": "11798317.467196652746518806797670074", "c": "0.338789956646060830639917293602789578", "K": "-389653009.89869465434729302276907762", "L": null}
{"eval": 2952, "purpose": "two-sided simple-root refinement", "status": "NUMERICAL_TWO_HALF_PASSAGES", "r": "12046253.8539013854137893852387277146", "c": "0.338789956646060830639917293602789578", "K": "-389653009.89869465434729302276907762", "L": null}
{"eval": 2953, "purpose": "two-sided simple-root refinement", "status": "NUMERICAL_TWO_HALF_PASSAGES", "r": "12174242.9772050507287367966519815556", "c": "0.338789956646060830639917293602789578", "K": "-389653009.89869465434729302276907762", "L": null}
{"eval": 2954, "purpose": "two-sided simple-root refinement", "status": "NUMERICAL_TWO_HALF_PASSAGES", "r": "13350814.7034153564135540599679933178", "c": "0.338789956646060830639917293602789578", "K": "-389653009.89869465434729302276907762", "L": null}
{"eval": 2955, "purpose": "two-sided simple-root refinement", "status": "NUMERICAL_TWO_HALF_PASSAGES", "r": "12254868.7220430894593755388814659175", "c": "0.338789956646060830639917293602789578", "K": "-389653009.89869465434729302276907762", "L": null}
{"eval": 2956, "purpose": "two-sided simple-root refinement", "status": "NUMERICAL_TWO_HALF_PASSAGES", "r": "12791109.4719214187982024619221838072", "c": "0.338789956646060830639917293602789578", "K": "-389653009.89869465434729302276907762", "L": null}
{"eval": 2957, "purpose": "two-sided simple-root refinement", "status": "NUMERICAL_TWO_HALF_PASSAGES", "r": "12280962.1218940935074352415009764471", "c": "0.338789956646060830639917293602789578", "K": "-389653009.89869465434729302276907762", "L": null}
POINT 10846390.2669672943151234316173148637 0.338786470747483586959082749614985479 1530078386.10338035629331950018948814 BRACKETS 2
{"eval": 2958, "purpose": "log-m fold correction", "status": "NUMERICAL_TWO_HALF_PASSAGES", "r": "43024684.9748747610103225670660463548", "c": "0.338118529975989603385313915110437877", "K": "-1756432725.04290295036277976811351391", "L": null}
{"eval": 2959, "purpose": "log-m fold correction", "status": "NUMERICAL_TWO_HALF_PASSAGES", "r": "43261253.6587140438374095149814248763", "c": "0.338188260544443261773523553555323849", "K": "-1755380760.04518379027743176255857654", "L": null}
{"eval": 2960, "purpose": "log-m fold correction", "status": "NUMERICAL_TWO_HALF_PASSAGES", "r": "43260344.8214193717174378090490485253", "c": "0.338188111300801989299467836747974804", "K": "-1755383011.55539276176929685557496705", "L": null}
{"eval": 2961, "purpose": "log-m fold correction", "status": "NUMERICAL_TWO_HALF_PASSAGES", "r": "43260344.8105715031713062191011335408", "c": "0.338188111300065443436399466255860802", "K": "-1755383011.56650439450577319925929274", "L": null}
{"eval": 2962, "purpose": "two-sided pair-side stationary/root profile", "status": "NUMERICAL_TWO_HALF_PASSAGES", "r": "0.00247875217666636003377257051398419402", "c": "0.338190918192121155214857381837964471", "K": "-1755340666.40482760260306097431549921", "L": null}
{"eval": 2963, "purpose": "two-sided pair-side stationary/root profile", "status": "NUMERICAL_TWO_HALF_PASSAGES", "r": "265.800744994351342105709462526660295", "c": "0.338190918192121155214857381837964471", "K": "-1755340666.40482760260306097431549921", "L": null}
{"eval": 2964, "purpose": "two-sided pair-side stationary/root profile", "status": "NUMERICAL_TWO_HALF_PASSAGES", "r": "39448.3282564300574461207030349755109", "c": "0.338190918192121155214857381837964471", "K": "-1755340666.40482760260306097431549921", "L": null}
{"eval": 2965, "purpose": "two-sided pair-side stationary/root profile", "status": "NUMERICAL_TWO_HALF_PASSAGES", "r": "792340.853752553309648359775882471587", "c": "0.338190918192121155214857381837964471", "K": "-1755340666.40482760260306097431549921", "L": null}
{"eval": 2966, "purpose": "two-sided pair-side stationary/root profile", "status": "NUMERICAL_TWO_HALF_PASSAGES", "r": "5854651.01785222241131605966797617212", "c": "0.338190918192121155214857381837964471", "K": "-1755340666.40482760260306097431549921", "L": null}
{"eval": 2967, "purpose": "two-sided pair-side stationary/root profile", "status": "NUMERICAL_TWO_HALF_PASSAGES", "r": "15914591.4737969494245371066029724592", "c": "0.338190918192121155214857381837964471", "K": "-1755340666.40482760260306097431549921", "L": null}
{"eval": 2968, "purpose": "two-sided pair-side stationary/root profile", "status": "NUMERICAL_TWO_HALF_PASSAGES", "r": "32048051.6686451684674762390129270183", "c": "0.338190918192121155214857381837964471", "K": "-1755340666.40482760260306097431549921", "L": null}
{"eval": 2969, "purpose": "two-sided pair-side stationary/root profile", "status": "NUMERICAL_TWO_HALF_PASSAGES", "r": "43260344.8105715031713062191011335408", "c": "0.338190918192121155214857381837964471", "K": "-1755340666.40482760260306097431549921", "L": null}
{"eval": 2970, "purpose": "two-sided pair-side stationary/root profile", "status": "NUMERICAL_TWO_HALF_PASSAGES", "r": "58395357.4613247825009936769297999159", "c": "0.338190918192121155214857381837964471", "K": "-1755340666.40482760260306097431549921", "L": null}
{"eval": 2971, "purpose": "two-sided pair-side stationary/root profile", "status": "NUMERICAL_TWO_HALF_PASSAGES", "r": "117593809.191449074530542052805218385", "c": "0.338190918192121155214857381837964471", "K": "-1755340666.40482760260306097431549921", "L": null}
{"eval": 2972, "purpose": "two-sided pair-side stationary/root profile", "status": "NUMERICAL_TWO_HALF_PASSAGES", "r": "319653114.664396270100991569698961419", "c": "0.338190918192121155214857381837964471", "K": "-1755340666.40482760260306097431549921", "L": null}
{"eval": 2973, "purpose": "two-sided pair-side stationary/root profile", "status": "NUMERICAL_TWO_HALF_PASSAGES", "r": "2361934796.45313572687552110699515285", "c": "0.338190918192121155214857381837964471", "K": "-1755340666.40482760260306097431549921", "L": null}
{"eval": 2974, "purpose": "two-sided pair-side stationary/root profile", "status": "NUMERICAL_TWO_HALF_PASSAGES", "r": "47440728564.3212060487595691178881326", "c": "0.338190918192121155214857381837964471", "K": "-1755340666.40482760260306097431549921", "L": null}
{"eval": 2975, "purpose": "two-sided pair-side stationary/root profile", "status": "NUMERICAL_TWO_HALF_PASSAGES", "r": "7040828396358.75368033748192851995176", "c": "0.338190918192121155214857381837964471", "K": "-1755340666.40482760260306097431549921", "L": null}
{"eval": 2976, "purpose": "two-sided simple-root refinement", "status": "NUMERICAL_TWO_HALF_PASSAGES", "r": "40805560.1365202183059425899986408279", "c": "0.338190918192121155214857381837964471", "K": "-1755340666.40482760260306097431549921", "L": null}
{"eval": 2977, "purpose": "two-sided simple-root refinement", "status": "NUMERICAL_TWO_HALF_PASSAGES", "r": "39260684.3822780734644227127748135407", "c": "0.338190918192121155214857381837964471", "K": "-1755340666.40482760260306097431549921", "L": null}
{"eval": 2978, "purpose": "two-sided simple-root refinement", "status": "NUMERICAL_TWO_HALF_PASSAGES", "r": "38528798.3260882381915839627539950003", "c": "0.338190918192121155214857381837964471", "K": "-1755340666.40482760260306097431549921", "L": null}
{"eval": 2979, "purpose": "two-sided simple-root refinement", "status": "NUMERICAL_TWO_HALF_PASSAGES", "r": "38228704.8037595613348969252622917529", "c": "0.338190918192121155214857381837964471", "K": "-1755340666.40482760260306097431549921", "L": null}
{"eval": 2980, "purpose": "two-sided simple-root refinement", "status": "NUMERICAL_TWO_HALF_PASSAGES", "r": "35002221.454877262935519298464159604", "c": "0.338190918192121155214857381837964471", "K": "-1755340666.40482760260306097431549921", "L": null}
{"eval": 2981, "purpose": "two-sided simple-root refinement", "status": "NUMERICAL_TWO_HALF_PASSAGES", "r": "38086342.128717249837619186564473118", "c": "0.338190918192121155214857381837964471", "K": "-1755340666.40482760260306097431549921", "L": null}
{"eval": 2982, "purpose": "two-sided simple-root refinement", "status": "NUMERICAL_TWO_HALF_PASSAGES", "r": "36511732.108947976998127087447059194", "c": "0.338190918192121155214857381837964471", "K": "-1755340666.40482760260306097431549921", "L": null}
{"eval": 2983, "purpose": "two-sided simple-root refinement", "status": "NUMERICAL_TWO_HALF_PASSAGES", "r": "37290727.0083792232846555855774767378", "c": "0.338190918192121155214857381837964471", "K": "-1755340666.40482760260306097431549921", "L": null}
{"eval": 2984, "purpose": "two-sided simple-root refinement", "status": "NUMERICAL_TWO_HALF_PASSAGES", "r": "45409868.543641883852909929318092882", "c": "0.338190918192121155214857381837964471", "K": "-1755340666.40482760260306097431549921", "L": null}
{"eval": 2985, "purpose": "two-sided simple-root refinement", "status": "NUMERICAL_TWO_HALF_PASSAGES", "r": "47054169.624849952903249254672307565", "c": "0.338190918192121155214857381837964471", "K": "-1755340666.40482760260306097431549921", "L": null}
{"eval": 2986, "purpose": "two-sided simple-root refinement", "status": "NUMERICAL_TWO_HALF_PASSAGES", "r": "48042414.9457427658475561708093084687", "c": "0.338190918192121155214857381837964471", "K": "-1755340666.40482760260306097431549921", "L": null}
{"eval": 2987, "purpose": "two-sided simple-root refinement", "status": "NUMERICAL_TWO_HALF_PASSAGES", "r": "48552758.6724580555470242640070170025", "c": "0.338190918192121155214857381837964471", "K": "-1755340666.40482760260306097431549921", "L": null}
{"eval": 2988, "purpose": "two-sided simple-root refinement", "status": "NUMERICAL_TWO_HALF_PASSAGES", "r": "53247119.1559846273678962347336145743", "c": "0.338190918192121155214857381837964471", "K": "-1755340666.40482760260306097431549921", "L": null}
{"eval": 2989, "purpose": "two-sided simple-root refinement", "status": "NUMERICAL_TWO_HALF_PASSAGES", "r": "48874457.1606916626474035249430219764", "c": "0.338190918192121155214857381837964471", "K": "-1755340666.40482760260306097431549921", "L": null}
{"eval": 2990, "purpose": "two-sided simple-root refinement", "status": "NUMERICAL_TWO_HALF_PASSAGES", "r": "51013959.3064429284679275622363878028", "c": "0.338190918192121155214857381837964471", "K": "-1755340666.40482760260306097431549921", "L": null}
{"eval": 2991, "purpose": "two-sided simple-root refinement", "status": "NUMERICAL_TWO_HALF_PASSAGES", "r": "48978633.4925826039092162785682220105", "c": "0.338190918192121155214857381837964471", "K": "-1755340666.40482760260306097431549921", "L": null}
POINT 43260344.8105715031713062191011335408 0.338188111300065443436399466255860802 6857335579.76002531101775431852971942 BRACKETS 2
{"eval": 2992, "purpose": "log-m fold correction", "status": "NUMERICAL_TWO_HALF_PASSAGES", "r": "173450611.607624042872800828708646074", "c": "0.337652404938541987992894728136888999", "K": "-7903300557.88907444261952166493720321", "L": null}
{"eval": 2993, "purpose": "log-m fold correction", "status": "NUMERICAL_TWO_HALF_PASSAGES", "r": "174294342.416976970542981607663566688", "c": "0.337703703332918725728950194544700965", "K": "-7899832202.60101138450978850771767451", "L": null}
{"eval": 2994, "purpose": "log-m fold correction", "status": "NUMERICAL_TWO_HALF_PASSAGES", "r": "174291687.684650068899332236189261236", "c": "0.337703613199629686947699534020393175", "K": "-7899838296.63715942297744077600081537", "L": null}
{"eval": 2995, "purpose": "log-m fold correction", "status": "NUMERICAL_TWO_HALF_PASSAGES", "r": "174291687.661392451795747928859933657", "c": "0.337703613199332467538102981558561169", "K": "-7899838296.65725483772704252208762217", "L": null}
{"eval": 2996, "purpose": "two-sided pair-side stationary/root profile", "status": "NUMERICAL_TWO_HALF_PASSAGES", "r": "0.00247875217666635777657960404770996022", "c": "0.33770591438815852807665627168012423", "K": "-7899682710.10273066756676740991043986", "L": null}
{"eval": 2997, "purpose": "two-sided pair-side stationary/root profile", "status": "NUMERICAL_TWO_HALF_PASSAGES", "r": "1070.88514041154941625206930391146593", "c": "0.33770591438815852807665627168012423", "K": "-7899682710.10273066756676740991043986", "L": null}
{"eval": 2998, "purpose": "two-sided pair-side stationary/root profile", "status": "NUMERICAL_TWO_HALF_PASSAGES", "r": "158933.446724484369308136723827419884", "c": "0.33770591438815852807665627168012423", "K": "-7899682710.10273066756676740991043986", "L": null}
{"eval": 2999, "purpose": "two-sided pair-side stationary/root profile", "status": "NUMERICAL_TWO_HALF_PASSAGES", "r": "3192263.61251411088877971693340984685", "c": "0.33770591438815852807665627168012423", "K": "-7899682710.10273066756676740991043986", "L": null}
{"eval": 3000, "purpose": "two-sided pair-side stationary/root profile", "status": "NUMERICAL_TWO_HALF_PASSAGES", "r": "23587814.9154417810301516497225895308", "c": "0.33770591438815852807665627168012423", "K": "-7899682710.10273066756676740991043986", "L": null}
{"eval": 3001, "purpose": "two-sided pair-side stationary/root profile", "status": "NUMERICAL_TWO_HALF_PASSAGES", "r": "64118328.6577006240157102212175600094", "c": "0.33770591438815852807665627168012423", "K": "-7899682710.10273066756676740991043986", "L": null}
{"eval": 3002, "purpose": "two-sided pair-side stationary/root profile", "status": "NUMERICAL_TWO_HALF_PASSAGES", "r": "129118457.932926477679983169923302357", "c": "0.33770591438815852807665627168012423", "K": "-7899682710.10273066756676740991043986", "L": null}
{"eval": 3003, "purpose": "two-sided pair-side stationary/root profile", "status": "NUMERICAL_TWO_HALF_PASSAGES", "r": "174291687.661392451795747928859933657", "c": "0.33770591438815852807665627168012423", "K": "-7899682710.10273066756676740991043986", "L": null}
{"eval": 3004, "purpose": "two-sided pair-side stationary/root profile", "status": "NUMERICAL_TWO_HALF_PASSAGES", "r": "235269169.677016385419328137457292737", "c": "0.33770591438815852807665627168012423", "K": "-7899682710.10273066756676740991043986", "L": null}
{"eval": 3005, "purpose": "two-sided pair-side stationary/root profile", "status": "NUMERICAL_TWO_HALF_PASSAGES", "r": "473773927.421422687676613172575710829", "c": "0.33770591438815852807665627168012423", "K": "-7899682710.10273066756676740991043986", "L": null}
{"eval": 3006, "purpose": "two-sided pair-side stationary/root profile", "status": "NUMERICAL_TWO_HALF_PASSAGES", "r": "1287851057.70732785383899185960030936", "c": "0.33770591438815852807665627168012423", "K": "-7899682710.10273066756676740991043986", "L": null}
{"eval": 3007, "purpose": "two-sided pair-side stationary/root profile", "status": "NUMERICAL_TWO_HALF_PASSAGES", "r": "9516003712.46661965718852652591704403", "c": "0.33770591438815852807665627168012423", "K": "-7899682710.10273066756676740991043986", "L": null}
{"eval": 3008, "purpose": "two-sided pair-side stationary/root profile", "status": "NUMERICAL_TWO_HALF_PASSAGES", "r": "191134043927.939211448843863884910828", "c": "0.33770591438815852807665627168012423", "K": "-7899682710.10273066756676740991043986", "L": null}
{"eval": 3009, "purpose": "two-sided pair-side stationary/root profile", "status": "NUMERICAL_TWO_HALF_PASSAGES", "r": "28366807271396.1077553621896120572604", "c": "0.33770591438815852807665627168012423", "K": "-7899682710.10273066756676740991043986", "L": null}
{"eval": 3010, "purpose": "two-sided simple-root refinement", "status": "NUMERICAL_TWO_HALF_PASSAGES", "r": "164396712.269709654349839418518438258", "c": "0.33770591438815852807665627168012423", "K": "-7899682710.10273066756676740991043986", "L": null}
{"eval": 3011, "purpose": "two-sided simple-root refinement", "status": "NUMERICAL_TWO_HALF_PASSAGES", "r": "158168890.35131575022395308807075231", "c": "0.33770591438815852807665627168012423", "K": "-7899682710.10273066756676740991043986", "L": null}
{"eval": 3012, "purpose": "two-sided simple-root refinement", "status": "NUMERICAL_TWO_HALF_PASSAGES", "r": "155218898.792276116498914517783179544", "c": "0.33770591438815852807665627168012423", "K": "-7899682710.10273066756676740991043986", "L": null}
{"eval": 3013, "purpose": "two-sided simple-root refinement", "status": "NUMERICAL_TWO_HALF_PASSAGES", "r": "154009632.024548227674378780896652852", "c": "0.33770591438815852807665627168012423", "K": "-7899682710.10273066756676740991043986", "L": null}
{"eval": 3014, "purpose": "two-sided simple-root refinement", "status": "NUMERICAL_TWO_HALF_PASSAGES", "r": "141015907.591403023288341023867444263", "c": "0.33770591438815852807665627168012423", "K": "-7899682710.10273066756676740991043986", "L": null}
{"eval": 3015, "purpose": "two-sided simple-root refinement", "status": "NUMERICAL_TWO_HALF_PASSAGES", "r": "153436162.761562042624352105709570107", "c": "0.33770591438815852807665627168012423", "K": "-7899682710.10273066756676740991043986", "L": null}
{"eval": 3016, "purpose": "two-sided simple-root refinement", "status": "NUMERICAL_TWO_HALF_PASSAGES", "r": "147095002.461551720511093375716129918", "c": "0.33770591438815852807665627168012423", "K": "-7899682710.10273066756676740991043986", "L": null}
{"eval": 3017, "purpose": "two-sided simple-root refinement", "status": "NUMERICAL_TWO_HALF_PASSAGES", "r": "150232129.516635086184728377921313451", "c": "0.33770591438815852807665627168012423", "K": "-7899682710.10273066756676740991043986", "L": null}
{"eval": 3018, "purpose": "two-sided simple-root refinement", "status": "NUMERICAL_TWO_HALF_PASSAGES", "r": "182946376.538332037557856939435756591", "c": "0.33770591438815852807665627168012423", "K": "-7899682710.10273066756676740991043986", "L": null}
{"eval": 3019, "purpose": "two-sided simple-root refinement", "status": "NUMERICAL_TWO_HALF_PASSAGES", "r": "189566309.866994084087595373070614391", "c": "0.33770591438815852807665627168012423", "K": "-7899682710.10273066756676740991043986", "L": null}
{"eval": 3020, "purpose": "two-sided simple-root refinement", "status": "NUMERICAL_TWO_HALF_PASSAGES", "r": "193545767.237151937271123927063745618", "c": "0.33770591438815852807665627168012423", "K": "-7899682710.10273066756676740991043986", "L": null}
{"eval": 3021, "purpose": "two-sided simple-root refinement", "status": "NUMERICAL_TWO_HALF_PASSAGES", "r": "195601561.839576033061909518046660576", "c": "0.33770591438815852807665627168012423", "K": "-7899682710.10273066756676740991043986", "L": null}
{"eval": 3022, "purpose": "two-sided simple-root refinement", "status": "NUMERICAL_TWO_HALF_PASSAGES", "r": "214520435.020826458769215135437572343", "c": "0.33770591438815852807665627168012423", "K": "-7899682710.10273066756676740991043986", "L": null}
{"eval": 3023, "purpose": "two-sided simple-root refinement", "status": "NUMERICAL_TWO_HALF_PASSAGES", "r": "196898240.141107485121927624819345892", "c": "0.33770591438815852807665627168012423", "K": "-7899682710.10273066756676740991043986", "L": null}
{"eval": 3024, "purpose": "two-sided simple-root refinement", "status": "NUMERICAL_TWO_HALF_PASSAGES", "r": "205520549.167000651458586070868051796", "c": "0.33770591438815852807665627168012423", "K": "-7899682710.10273066756676740991043986", "L": null}
{"eval": 3025, "purpose": "two-sided simple-root refinement", "status": "NUMERICAL_TWO_HALF_PASSAGES", "r": "197318379.40897413522022718058326752", "c": "0.33770591438815852807665627168012423", "K": "-7899682710.10273066756676740991043986", "L": null}
POINT 174291687.661392451795747928859933657 0.337703613199332467538102981558561169 30732445919.4508425956059561924493573 BRACKETS 2
{"eval": 3026, "purpose": "log-m fold correction", "status": "NUMERICAL_TWO_HALF_PASSAGES", "r": "705466287.622306474232074971164715301", "c": "0.337265605309231814211829605427360088", "K": "-35537340972.204315789760926739260551", "L": null}
{"eval": 3027, "purpose": "log-m fold correction", "status": "NUMERICAL_TWO_HALF_PASSAGES", "r": "708475824.38214077767253621804940521", "c": "0.337304255348341700923288138673336845", "K": "-35525629500.6620284287203016054595014", "L": null}
{"eval": 3028, "purpose": "log-m fold correction", "status": "NUMERICAL_TWO_HALF_PASSAGES", "r": "708467882.795585956428934682099851346", "c": "0.337304198984948514844426330474929754", "K": "-35525646579.513448184781244976987948", "L": null}
{"eval": 3029, "purpose": "log-m fold correction", "status": "NUMERICAL_TWO_HALF_PASSAGES", "r": "708467882.743623568299550461737669673", "c": "0.337304198984821298335508168522187621", "K": "-35525646579.5519964646333883675687115", "L": null}
{"eval": 3030, "purpose": "two-sided pair-side stationary/root profile", "status": "NUMERICAL_TWO_HALF_PASSAGES", "r": "0.00247875217666635751451231526773791278", "c": "0.337306115638296811114012038455748475", "K": "-35525065808.2733161242353123597045116", "L": null}
{"eval": 3031, "purpose": "two-sided pair-side stationary/root profile", "status": "NUMERICAL_TWO_HALF_PASSAGES", "r": "4352.97711708965353315748764956714916", "c": "0.337306115638296811114012038455748475", "K": "-35525065808.2733161242353123597045116", "L": null}
{"eval": 3032, "purpose": "two-sided pair-side stationary/root profile", "status": "NUMERICAL_TWO_HALF_PASSAGES", "r": "646039.085448501974512310376020449015", "c": "0.337306115638296811114012038455748475", "K": "-35525065808.2733161242353123597045116", "L": null}
{"eval": 3033, "purpose": "two-sided pair-side stationary/root profile", "status": "NUMERICAL_TWO_HALF_PASSAGES", "r": "12976041.9045982791198230686763947911", "c": "0.337306115638296811114012038455748475", "K": "-35525065808.2733161242353123597045116", "L": null}
{"eval": 3034, "purpose": "two-sided pair-side stationary/root profile", "status": "NUMERICAL_TWO_HALF_PASSAGES", "r": "95880701.5751516049177006554754518955", "c": "0.337306115638296811114012038455748475", "K": "-35525065808.2733161242353123597045116", "L": null}
{"eval": 3035, "purpose": "two-sided pair-side stationary/root profile", "status": "NUMERICAL_TWO_HALF_PASSAGES", "r": "260630768.791639163213896081484713244", "c": "0.337306115638296811114012038455748475", "K": "-35525065808.2733161242353123597045116", "L": null}
{"eval": 3036, "purpose": "two-sided pair-side stationary/root profile", "status": "NUMERICAL_TWO_HALF_PASSAGES", "r": "524845916.304275147245580815412452517", "c": "0.337306115638296811114012038455748475", "K": "-35525065808.2733161242353123597045116", "L": null}
{"eval": 3037, "purpose": "two-sided pair-side stationary/root profile", "status": "NUMERICAL_TWO_HALF_PASSAGES", "r": "708467882.743623568299550461737669673", "c": "0.337306115638296811114012038455748475", "K": "-35525065808.2733161242353123597045116", "L": null}
{"eval": 3038, "purpose": "two-sided pair-side stationary/root profile", "status": "NUMERICAL_TWO_HALF_PASSAGES", "r": "956331611.406203285677619042946107941", "c": "0.337306115638296811114012038455748475", "K": "-35525065808.2733161242353123597045116", "L": null}
{"eval": 3039, "purpose": "two-sided pair-side stationary/root profile", "status": "NUMERICAL_TWO_HALF_PASSAGES", "r": "1925815371.70884553456043610838039724", "c": "0.337306115638296811114012038455748475", "K": "-35525065808.2733161242353123597045116", "L": null}
{"eval": 3040, "purpose": "two-sided pair-side stationary/root profile", "status": "NUMERICAL_TWO_HALF_PASSAGES", "r": "5234908929.88325649402112594172153576", "c": "0.337306115638296811114012038455748475", "K": "-35525065808.2733161242353123597045116", "L": null}
{"eval": 3041, "purpose": "two-sided pair-side stationary/root profile", "status": "NUMERICAL_TWO_HALF_PASSAGES", "r": "38681035755.7004000103713476912179253", "c": "0.337306115638296811114012038455748475", "K": "-35525065808.2733161242353123597045116", "L": null}
{"eval": 3042, "purpose": "two-sided pair-side stationary/root profile", "status": "NUMERICAL_TWO_HALF_PASSAGES", "r": "776929371898.262774731231261949374365", "c": "0.337306115638296811114012038455748475", "K": "-35525065808.2733161242353123597045116", "L": null}
{"eval": 3043, "purpose": "two-sided pair-side stationary/root profile", "status": "NUMERICAL_TWO_HALF_PASSAGES", "r": "115306542483001.781077391927676225971", "c": "0.337306115638296811114012038455748475", "K": "-35525065808.2733161242353123597045116", "L": null}
{"eval": 3044, "purpose": "two-sided simple-root refinement", "status": "NUMERICAL_TWO_HALF_PASSAGES", "r": "668228242.950064401169612025800990894", "c": "0.337306115638296811114012038455748475", "K": "-35525065808.2733161242353123597045116", "L": null}
{"eval": 3045, "purpose": "two-sided simple-root refinement", "status": "NUMERICAL_TWO_HALF_PASSAGES", "r": "642900330.918540986916383428417219408", "c": "0.337306115638296811114012038455748475", "K": "-35525065808.2733161242353123597045116", "L": null}
{"eval": 3046, "purpose": "two-sided simple-root refinement", "status": "NUMERICAL_TWO_HALF_PASSAGES", "r": "630905035.852922067765451880485716296", "c": "0.337306115638296811114012038455748475", "K": "-35525065808.2733161242353123597045116", "L": null}
{"eval": 3047, "purpose": "two-sided simple-root refinement", "status": "NUMERICAL_TWO_HALF_PASSAGES", "r": "625989187.888732370403180963263386752", "c": "0.337306115638296811114012038455748475", "K": "-35525065808.2733161242353123597045116", "L": null}
{"eval": 3048, "purpose": "two-sided simple-root refinement", "status": "NUMERICAL_TWO_HALF_PASSAGES", "r": "573190953.273017733993749649911024429", "c": "0.337306115638296811114012038455748475", "K": "-35525065808.2733161242353123597045116", "L": null}
{"eval": 3049, "purpose": "two-sided simple-root refinement", "status": "NUMERICAL_TWO_HALF_PASSAGES", "r": "623658771.16814288723724250616665248", "c": "0.337306115638296811114012038455748475", "K": "-35525065808.2733161242353123597045116", "L": null}
{"eval": 3050, "purpose": "two-sided simple-root refinement", "status": "NUMERICAL_TWO_HALF_PASSAGES", "r": "597892603.703162269905940122316888739", "c": "0.337306115638296811114012038455748475", "K": "-35525065808.2733161242353123597045116", "L": null}
{"eval": 3051, "purpose": "two-sided simple-root refinement", "status": "NUMERICAL_TWO_HALF_PASSAGES", "r": "610639800.959645619059412212335585919", "c": "0.337306115638296811114012038455748475", "K": "-35525065808.2733161242353123597045116", "L": null}
{"eval": 3052, "purpose": "two-sided simple-root refinement", "status": "NUMERICAL_TWO_HALF_PASSAGES", "r": "743627837.49751301170077725310098075", "c": "0.337306115638296811114012038455748475", "K": "-35525065808.2733161242353123597045116", "L": null}
{"eval": 3053, "purpose": "two-sided simple-root refinement", "status": "NUMERICAL_TWO_HALF_PASSAGES", "r": "770519975.774468068711621098920540398", "c": "0.337306115638296811114012038455748475", "K": "-35525065808.2733161242353123597045116", "L": null}
{"eval": 3054, "purpose": "two-sided simple-root refinement", "status": "NUMERICAL_TWO_HALF_PASSAGES", "r": "786688830.55665693728895506935245491", "c": "0.337306115638296811114012038455748475", "K": "-35525065808.2733161242353123597045116", "L": null}
{"eval": 3055, "purpose": "two-sided simple-root refinement", "status": "NUMERICAL_TWO_HALF_PASSAGES", "r": "795044476.279712631251665443421890645", "c": "0.337306115638296811114012038455748475", "K": "-35525065808.2733161242353123597045116", "L": null}
{"eval": 3056, "purpose": "two-sided simple-root refinement", "status": "NUMERICAL_TWO_HALF_PASSAGES", "r": "871966837.179131799226056509551286079", "c": "0.337306115638296811114012038455748475", "K": "-35525065808.2733161242353123597045116", "L": null}
{"eval": 3057, "purpose": "two-sided simple-root refinement", "status": "NUMERICAL_TWO_HALF_PASSAGES", "r": "800317667.925844727176185533582655481", "c": "0.337306115638296811114012038455748475", "K": "-35525065808.2733161242353123597045116", "L": null}
{"eval": 3058, "purpose": "two-sided simple-root refinement", "status": "NUMERICAL_TWO_HALF_PASSAGES", "r": "835374446.365147993157293422675334426", "c": "0.337306115638296811114012038455748475", "K": "-35525065808.2733161242353123597045116", "L": null}
{"eval": 3059, "purpose": "two-sided simple-root refinement", "status": "NUMERICAL_TWO_HALF_PASSAGES", "r": "802027094.413204545422286082332344551", "c": "0.337306115638296811114012038455748475", "K": "-35525065808.2733161242353123597045116", "L": null}
POINT 708467882.743623568299550461737669673 0.337304198984821298335508168522187621 137733266981.958500540904056203058392 BRACKETS 2
{"eval": 3060, "purpose": "log-m fold correction", "status": "NUMERICAL_TWO_HALF_PASSAGES", "r": "2891525963.15592342819541065000390405", "c": "0.33694007884638711988591462788103829", "K": "-159709380959.287818159296011316519855", "L": null}
{"eval": 3061, "purpose": "log-m fold correction", "status": "NUMERICAL_TWO_HALF_PASSAGES", "r": "2902300368.94181622941502142867057657", "c": "0.3369698211251649683387896353861924", "K": "-159668990620.815244144579618758373086", "L": null}
{"eval": 3062, "purpose": "log-m fold correction", "status": "NUMERICAL_TWO_HALF_PASSAGES", "r": "2902276185.28119074979687766038874901", "c": "0.336969784724701511138230753090746259", "K": "-159669040053.04101865021498684092706", "L": null}
{"eval": 3063, "purpose": "log-m fold correction", "status": "NUMERICAL_TWO_HALF_PASSAGES", "r": "2902276185.16192911379837724520640703", "c": "0.33696978472464394999746162446944167", "K": "-159669040053.119187306218041355769354", "L": null}
{"eval": 3064, "purpose": "two-sided pair-side stationary/root profile", "status": "NUMERICAL_TWO_HALF_PASSAGES", "r": "0.00247875217666635776732912458321572811", "c": "0.33697140336749623582949259491242658", "K": "-159666841918.498825618865798175376616", "L": null}
{"eval": 3065, "purpose": "two-sided pair-side stationary/root profile", "status": "NUMERICAL_TWO_HALF_PASSAGES", "r": "17832.201189642195532671738944892741", "c": "0.33697140336749623582949259491242658", "K": "-159666841918.498825618865798175376616", "L": null}
{"eval": 3066, "purpose": "two-sided pair-side stationary/root profile", "status": "NUMERICAL_TWO_HALF_PASSAGES", "r": "2646533.31230752294825497343741410051", "c": "0.33697140336749623582949259491242658", "K": "-159666841918.498825618865798175376616", "L": null}
{"eval": 3067, "purpose": "two-sided pair-side stationary/root profile", "status": "NUMERICAL_TWO_HALF_PASSAGES", "r": "53157042.5627989114358579390745782069", "c": "0.33697140336749623582949259491242658", "K": "-159666841918.498825618865798175376616", "L": null}
{"eval": 3068, "purpose": "two-sided pair-side stationary/root profile", "status": "NUMERICAL_TWO_HALF_PASSAGES", "r": "392780369.54976545823285435159328203", "c": "0.33697140336749623582949259491242658", "K": "-159666841918.498825618865798175376616", "L": null}
{"eval": 3069, "purpose": "two-sided pair-side stationary/root profile", "status": "NUMERICAL_TWO_HALF_PASSAGES", "r": "1067687741.122555943961333751618174", "c": "0.33697140336749623582949259491242658", "K": "-159666841918.498825618865798175376616", "L": null}
{"eval": 3070, "purpose": "two-sided pair-side stationary/root profile", "status": "NUMERICAL_TWO_HALF_PASSAGES", "r": "2150059079.41858428940603956945889189", "c": "0.33697140336749623582949259491242658", "K": "-159666841918.498825618865798175376616", "L": null}
{"eval": 3071, "purpose": "two-sided pair-side stationary/root profile", "status": "NUMERICAL_TWO_HALF_PASSAGES", "r": "2902276185.16192911379837724520640703", "c": "0.33697140336749623582949259491242658", "K": "-159666841918.498825618865798175376616", "L": null}
{"eval": 3072, "purpose": "two-sided pair-side stationary/root profile", "status": "NUMERICAL_TWO_HALF_PASSAGES", "r": "3917663070.55891278314701873004258085", "c": "0.33697140336749623582949259491242658", "K": "-159666841918.498825618865798175376616", "L": null}
{"eval": 3073, "purpose": "two-sided pair-side stationary/root profile", "status": "NUMERICAL_TWO_HALF_PASSAGES", "r": "7889204615.29511120196048793254923748", "c": "0.33697140336749623582949259491242658", "K": "-159666841918.498825618865798175376616", "L": null}
{"eval": 3074, "purpose": "two-sided pair-side stationary/root profile", "status": "NUMERICAL_TWO_HALF_PASSAGES", "r": "21445081546.7519334269620428189453971", "c": "0.33697140336749623582949259491242658", "K": "-159666841918.498825618865798175376616", "L": null}
{"eval": 3075, "purpose": "two-sided pair-side stationary/root profile", "status": "NUMERICAL_TWO_HALF_PASSAGES", "r": "158458910595.09251579624365374499871", "c": "0.33697140336749623582949259491242658", "K": "-159666841918.498825618865798175376616", "L": null}
{"eval": 3076, "purpose": "two-sided pair-side stationary/root profile", "status": "NUMERICAL_TWO_HALF_PASSAGES", "r": "3182732299565.82425440778951705025083", "c": "0.33697140336749623582949259491242658", "K": "-159666841918.498825618865798175376616", "L": null}
{"eval": 3077, "purpose": "two-sided pair-side stationary/root profile", "status": "NUMERICAL_TWO_HALF_PASSAGES", "r": "472359355156372.174923618501790133759", "c": "0.33697140336749623582949259491242658", "K": "-159666841918.498825618865798175376616", "L": null}
{"eval": 3078, "purpose": "two-sided simple-root refinement", "status": "NUMERICAL_TWO_HALF_PASSAGES", "r": "2737365744.39533390973648811791397925", "c": "0.33697140336749623582949259491242658", "K": "-159666841918.498825618865798175376616", "L": null}
{"eval": 3079, "purpose": "two-sided simple-root refinement", "status": "NUMERICAL_TWO_HALF_PASSAGES", "r": "2633563375.4842992179938246782608583", "c": "0.33697140336749623582949259491242658", "K": "-159666841918.498825618865798175376616", "L": null}
{"eval": 3080, "purpose": "two-sided simple-root refinement", "status": "NUMERICAL_TWO_HALF_PASSAGES", "r": "2584410827.42155217605484943021067059", "c": "0.33697140336749623582949259491242658", "K": "-159666841918.498825618865798175376616", "L": null}
{"eval": 3081, "purpose": "two-sided simple-root refinement", "status": "NUMERICAL_TWO_HALF_PASSAGES", "r": "2564272421.66275613751008542462740454", "c": "0.33697140336749623582949259491242658", "K": "-159666841918.498825618865798175376616", "L": null}
{"eval": 3082, "purpose": "two-sided simple-root refinement", "status": "NUMERICAL_TWO_HALF_PASSAGES", "r": "2348049659.24886036237358155187813941", "c": "0.33697140336749623582949259491242658", "K": "-159666841918.498825618865798175376616", "L": null}
{"eval": 3083, "purpose": "two-sided simple-root refinement", "status": "NUMERICAL_TWO_HALF_PASSAGES", "r": "2554728755.45703108408615826027046794", "c": "0.33697140336749623582949259491242658", "K": "-159666841918.498825618865798175376616", "L": null}
{"eval": 3084, "purpose": "two-sided simple-root refinement", "status": "NUMERICAL_TWO_HALF_PASSAGES", "r": "2449210073.41635497977490118802623148", "c": "0.33697140336749623582949259491242658", "K": "-159666841918.498825618865798175376616", "L": null}
{"eval": 3085, "purpose": "two-sided simple-root refinement", "status": "NUMERICAL_TWO_HALF_PASSAGES", "r": "2501413081.18267189354584462779908796", "c": "0.33697140336749623582949259491242658", "K": "-159666841918.498825618865798175376616", "L": null}
{"eval": 3086, "purpose": "two-sided simple-root refinement", "status": "NUMERICAL_TWO_HALF_PASSAGES", "r": "3046238792.71162311114402225250130732", "c": "0.33697140336749623582949259491242658", "K": "-159666841918.498825618865798175376616", "L": null}
{"eval": 3087, "purpose": "two-sided simple-root refinement", "status": "NUMERICAL_TWO_HALF_PASSAGES", "r": "3156344240.56885598285129404717924015", "c": "0.33697140336749623582949259491242658", "K": "-159666841918.498825618865798175376616", "L": null}
{"eval": 3088, "purpose": "two-sided simple-root refinement", "status": "NUMERICAL_TWO_HALF_PASSAGES", "r": "3222556732.76567314847399959688634772", "c": "0.33697140336749623582949259491242658", "K": "-159666841918.498825618865798175376616", "L": null}
{"eval": 3089, "purpose": "two-sided simple-root refinement", "status": "NUMERICAL_TWO_HALF_PASSAGES", "r": "3256783881.23584449130844675598416016", "c": "0.33697140336749623582949259491242658", "K": "-159666841918.498825618865798175376616", "L": null}
{"eval": 3090, "purpose": "two-sided simple-root refinement", "status": "NUMERICAL_TWO_HALF_PASSAGES", "r": "3571971716.05672041147661430476696878", "c": "0.33697140336749623582949259491242658", "K": "-159666841918.498825618865798175376616", "L": null}
{"eval": 3091, "purpose": "two-sided simple-root refinement", "status": "NUMERICAL_TWO_HALF_PASSAGES", "r": "3278395074.96476008159209443252505345", "c": "0.33697140336749623582949259491242658", "K": "-159666841918.498825618865798175376616", "L": null}
{"eval": 3092, "purpose": "two-sided simple-root refinement", "status": "NUMERICAL_TWO_HALF_PASSAGES", "r": "3422036598.55264765778847773741307468", "c": "0.33697140336749623582949259491242658", "K": "-159666841918.498825618865798175376616", "L": null}
{"eval": 3093, "purpose": "two-sided simple-root refinement", "status": "NUMERICAL_TWO_HALF_PASSAGES", "r": "3285403921.40054951682683242478677464", "c": "0.33697140336749623582949259491242658", "K": "-159666841918.498825618865798175376616", "L": null}
POINT 2902276185.16192911379837724520640703 0.33696978472464394999746162446944167 617277677254.998071536416139727214206 BRACKETS 2
{"eval": 3094, "purpose": "log-m fold correction", "status": "NUMERICAL_TWO_HALF_PASSAGES", "r": "11931575658.1897347090781955832340117", "c": "0.336662712687026829165073896622641107", "K": "-717455888012.115269115615713193567179", "L": null}
{"eval": 3095, "purpose": "log-m fold correction", "status": "NUMERICAL_TWO_HALF_PASSAGES", "r": "11970390730.2280386861527822717140321", "c": "0.336686032867616998385346249246900634", "K": "-717313957135.642809873100817578604405", "L": null}
{"eval": 3096, "purpose": "log-m fold correction", "status": "NUMERICAL_TWO_HALF_PASSAGES", "r": "11970315900.6004733087061801399539351", "c": "0.336686008655379917571918195527159987", "K": "-717314104495.737940847020586337371491", "L": null}
{"eval": 3097, "purpose": "log-m fold correction", "status": "NUMERICAL_TWO_HALF_PASSAGES", "r": "11970315900.3204410765906567835952969", "c": "0.336686008655352486604299821822669964", "K": "-717314104495.9048907238240565137762", "L": null}
{"eval": 3098, "purpose": "two-sided pair-side stationary/root profile", "status": "NUMERICAL_TWO_HALF_PASSAGES", "r": "0.00247875217666635679444825411562006193", "c": "0.336687392324617362809387564154602502", "K": "-717305683232.152127559484955463753682", "L": null}
{"eval": 3099, "purpose": "two-sided pair-side stationary/root profile", "status": "NUMERICAL_TWO_HALF_PASSAGES", "r": "73548.1628279899452141921010640250976", "c": "0.336687392324617362809387564154602502", "K": "-717305683232.152127559484955463753682", "L": null}
{"eval": 3100, "purpose": "two-sided pair-side stationary/root profile", "status": "NUMERICAL_TWO_HALF_PASSAGES", "r": "10915515.1914926821202335405002131303", "c": "0.336687392324617362809387564154602502", "K": "-717305683232.152127559484955463753682", "L": null}
{"eval": 3101, "purpose": "two-sided pair-side stationary/root profile", "status": "NUMERICAL_TWO_HALF_PASSAGES", "r": "219243983.414342172287311181530427553", "c": "0.336687392324617362809387564154602502", "K": "-717305683232.152127559484955463753682", "L": null}
{"eval": 3102, "purpose": "two-sided pair-side stationary/root profile", "status": "NUMERICAL_TWO_HALF_PASSAGES", "r": "1620006092.80159535178158490595036596", "c": "0.336687392324617362809387564154602502", "K": "-717305683232.152127559484955463753682", "L": null}
{"eval": 3103, "purpose": "two-sided pair-side stationary/root profile", "status": "NUMERICAL_TWO_HALF_PASSAGES", "r": "4403633124.05551433231235772026884734", "c": "0.336687392324617362809387564154602502", "K": "-717305683232.152127559484955463753682", "L": null}
{"eval": 3104, "purpose": "two-sided pair-side stationary/root profile", "status": "NUMERICAL_TWO_HALF_PASSAGES", "r": "8867828126.27346489814026373992230967", "c": "0.336687392324617362809387564154602502", "K": "-717305683232.152127559484955463753682", "L": null}
{"eval": 3105, "purpose": "two-sided pair-side stationary/root profile", "status": "NUMERICAL_TWO_HALF_PASSAGES", "r": "11970315900.3204410765906567835952969", "c": "0.336687392324617362809387564154602502", "K": "-717305683232.152127559484955463753682", "L": null}
{"eval": 3106, "purpose": "two-sided pair-side stationary/root profile", "status": "NUMERICAL_TWO_HALF_PASSAGES", "r": "16158236347.5146204442185422399171042", "c": "0.336687392324617362809387564154602502", "K": "-717305683232.152127559484955463753682", "L": null}
{"eval": 3107, "purpose": "two-sided pair-side stationary/root profile", "status": "NUMERICAL_TWO_HALF_PASSAGES", "r": "32538692192.7554308352407268257582568", "c": "0.336687392324617362809387564154602502", "K": "-717305683232.152127559484955463753682", "L": null}
{"eval": 3108, "purpose": "two-sided pair-side stationary/root profile", "status": "NUMERICAL_TWO_HALF_PASSAGES", "r": "88449335709.3892925036850949125105857", "c": "0.336687392324617362809387564154602502", "K": "-717305683232.152127559484955463753682", "L": null}
{"eval": 3109, "purpose": "two-sided pair-side stationary/root profile", "status": "NUMERICAL_TWO_HALF_PASSAGES", "r": "653557103469.827502006583544951980028", "c": "0.336687392324617362809387564154602502", "K": "-717305683232.152127559484955463753682", "L": null}
{"eval": 3110, "purpose": "two-sided pair-side stationary/root profile", "status": "NUMERICAL_TWO_HALF_PASSAGES", "r": "13127045333154.8032931700662182429138", "c": "0.336687392324617362809387564154602502", "K": "-717305683232.152127559484955463753682", "L": null}
{"eval": 3111, "purpose": "two-sided pair-side stationary/root profile", "status": "NUMERICAL_TWO_HALF_PASSAGES", "r": "1948226267576239.51599299895632532256", "c": "0.336687392324617362809387564154602502", "K": "-717305683232.152127559484955463753682", "L": null}
{"eval": 3112, "purpose": "two-sided simple-root refinement", "status": "NUMERICAL_TWO_HALF_PASSAGES", "r": "11289905795.6068014892511643352743452", "c": "0.336687392324617362809387564154602502", "K": "-717305683232.152127559484955463753682", "L": null}
{"eval": 3113, "purpose": "two-sided simple-root refinement", "status": "NUMERICAL_TWO_HALF_PASSAGES", "r": "10861615700.7147507661183011798365947", "c": "0.336687392324617362809387564154602502", "K": "-717305683232.152127559484955463753682", "L": null}
{"eval": 3114, "purpose": "two-sided simple-root refinement", "status": "NUMERICAL_TWO_HALF_PASSAGES", "r": "10658843584.2297490696194404144321378", "c": "0.336687392324617362809387564154602502", "K": "-717305683232.152127559484955463753682", "L": null}
{"eval": 3115, "purpose": "two-sided simple-root refinement", "status": "NUMERICAL_TWO_HALF_PASSAGES", "r": "10575784428.0123411812228692898288679", "c": "0.336687392324617362809387564154602502", "K": "-717305683232.152127559484955463753682", "L": null}
{"eval": 3116, "purpose": "two-sided simple-root refinement", "status": "NUMERICAL_TWO_HALF_PASSAGES", "r": "9684226278.23889538495038739418873242", "c": "0.336687392324617362809387564154602502", "K": "-717305683232.152127559484955463753682", "L": null}
{"eval": 3117, "purpose": "two-sided simple-root refinement", "status": "NUMERICAL_TWO_HALF_PASSAGES", "r": "10536434437.7175644518232860548041899", "c": "0.336687392324617362809387564154602502", "K": "-717305683232.152127559484955463753682", "L": null}
{"eval": 3118, "purpose": "two-sided simple-root refinement", "status": "NUMERICAL_TWO_HALF_PASSAGES", "r": "10101347200.2840144712295466745734552", "c": "0.336687392324617362809387564154602502", "K": "-717305683232.152127559484955463753682", "L": null}
{"eval": 3119, "purpose": "two-sided simple-root refinement", "status": "NUMERICAL_TWO_HALF_PASSAGES", "r": "10316597428.823826792489975159991449", "c": "0.336687392324617362809387564154602502", "K": "-717305683232.152127559484955463753682", "L": null}
{"eval": 3120, "purpose": "two-sided simple-root refinement", "status": "NUMERICAL_TWO_HALF_PASSAGES", "r": "12563823253.4248869099932510003139017", "c": "0.336687392324617362809387564154602502", "K": "-717305683232.152127559484955463753682", "L": null}
{"eval": 3121, "purpose": "two-sided simple-root refinement", "status": "NUMERICAL_TWO_HALF_PASSAGES", "r": "13017735308.1691972177135511085224187", "c": "0.336687392324617362809387564154602502", "K": "-717305683232.152127559484955463753682", "L": null}
{"eval": 3122, "purpose": "two-sided simple-root refinement", "status": "NUMERICAL_TWO_HALF_PASSAGES", "r": "13290741436.7820520780058640124395572", "c": "0.336687392324617362809387564154602502", "K": "-717305683232.152127559484955463753682", "L": null}
{"eval": 3123, "purpose": "two-sided simple-root refinement", "status": "NUMERICAL_TWO_HALF_PASSAGES", "r": "13431903656.7034950224707017760316291", "c": "0.336687392324617362809387564154602502", "K": "-717305683232.152127559484955463753682", "L": null}
{"eval": 3124, "purpose": "two-sided simple-root refinement", "status": "NUMERICAL_TWO_HALF_PASSAGES", "r": "14732137451.2343237131218027920177769", "c": "0.336687392324617362809387564154602502", "K": "-717305683232.152127559484955463753682", "L": null}
{"eval": 3125, "purpose": "two-sided simple-root refinement", "status": "NUMERICAL_TWO_HALF_PASSAGES", "r": "13521073046.9610847897959884456785938", "c": "0.336687392324617362809387564154602502", "K": "-717305683232.152127559484955463753682", "L": null}
{"eval": 3126, "purpose": "two-sided simple-root refinement", "status": "NUMERICAL_TWO_HALF_PASSAGES", "r": "14113621314.7445041902780326625196984", "c": "0.336687392324617362809387564154602502", "K": "-717305683232.152127559484955463753682", "L": null}
{"eval": 3127, "purpose": "two-sided simple-root refinement", "status": "NUMERICAL_TWO_HALF_PASSAGES", "r": "13550003248.5874964614567880789195467", "c": "0.336687392324617362809387564154602502", "K": "-717305683232.152127559484955463753682", "L": null}
POINT 11970315900.3204410765906567835952969 0.336686008655352486604299821822669964 2766446619517.39232853325408805246624 BRACKETS 2
