{"eval": 2523, "purpose": "actual-coefficient chart transfer", "status": "NUMERICAL_TWO_HALF_PASSAGES", "r": "16.27191084960516027566", "c": "0.47287693481152797580396", "K": "-30", "L": null}
{"eval": 2524, "purpose": "actual-coefficient fold continuation through c=5/11", "status": "NUMERICAL_TWO_HALF_PASSAGES", "r": "18.267352542861922715806", "c": "0.46000000000000000000759", "K": "-37.861844933896181115973", "L": null}
{"eval": 2525, "purpose": "actual-coefficient fold continuation through c=5/11", "status": "NUMERICAL_TWO_HALF_PASSAGES", "r": "18.432626095619641179088", "c": "0.46000000000000000000759", "K": "-37.770171392400583798565", "L": null}
{"eval": 2526, "purpose": "actual-coefficient fold continuation through c=5/11", "status": "NUMERICAL_TWO_HALF_PASSAGES", "r": "18.442096031256309305799", "c": "0.46000000000000000000759", "K": "-37.767820001220849739781", "L": null}
{"eval": 2527, "purpose": "actual-coefficient fold continuation through c=5/11", "status": "NUMERICAL_TWO_HALF_PASSAGES", "r": "18.442102221567045117548", "c": "0.46000000000000000000759", "K": "-37.767818890528079157215", "L": null}
{"eval": 2528, "purpose": "two-sided pair-side stationary/root profile", "status": "NUMERICAL_TWO_HALF_PASSAGES", "r": "0.00011331219229109385954803", "c": "0.46012522308143343955202", "K": "-37.670658317914126885645", "L": null}
{"eval": 2529, "purpose": "two-sided pair-side stationary/root profile", "status": "NUMERICAL_TWO_HALF_PASSAGES", "r": "0.0024787521766663577529652", "c": "0.46012522308143343955202", "K": "-37.670658317914126885645", "L": null}
{"eval": 2530, "purpose": "two-sided pair-side stationary/root profile", "status": "NUMERICAL_TWO_HALF_PASSAGES", "r": "0.016817020422759867073086", "c": "0.46012522308143343955202", "K": "-37.670658317914126885645", "L": null}
{"eval": 2531, "purpose": "two-sided pair-side stationary/root profile", "status": "NUMERICAL_TWO_HALF_PASSAGES", "r": "0.33777888463934439188191", "c": "0.46012522308143343955202", "K": "-37.670658317914126885645", "L": null}
{"eval": 2532, "purpose": "two-sided pair-side stationary/root profile", "status": "NUMERICAL_TWO_HALF_PASSAGES", "r": "2.4958671276343402053478", "c": "0.46012522308143343955202", "K": "-37.670658317914126885645", "L": null}
{"eval": 2533, "purpose": "two-sided pair-side stationary/root profile", "status": "NUMERICAL_TWO_HALF_PASSAGES", "r": "6.7844702592966995217776", "c": "0.46012522308143343955202", "K": "-37.670658317914126885645", "L": null}
{"eval": 2534, "purpose": "two-sided pair-side stationary/root profile", "status": "NUMERICAL_TWO_HALF_PASSAGES", "r": "13.662245353411654698317", "c": "0.46012522308143343955202", "K": "-37.670658317914126885645", "L": null}
{"eval": 2535, "purpose": "two-sided pair-side stationary/root profile", "status": "NUMERICAL_TWO_HALF_PASSAGES", "r": "18.442102221567045117548", "c": "0.46012522308143343955202", "K": "-37.670658317914126885645", "L": null}
{"eval": 2536, "purpose": "two-sided pair-side stationary/root profile", "status": "NUMERICAL_TWO_HALF_PASSAGES", "r": "24.894234113999249040014", "c": "0.46012522308143343955202", "K": "-37.670658317914126885645", "L": null}
{"eval": 2537, "purpose": "two-sided pair-side stationary/root profile", "status": "NUMERICAL_TWO_HALF_PASSAGES", "r": "50.130831347469887580848", "c": "0.46012522308143343955202", "K": "-37.670658317914126885645", "L": null}
{"eval": 2538, "purpose": "two-sided pair-side stationary/root profile", "status": "NUMERICAL_TWO_HALF_PASSAGES", "r": "136.26972789737246846697", "c": "0.46012522308143343955202", "K": "-37.670658317914126885645", "L": null}
{"eval": 2539, "purpose": "two-sided pair-side stationary/root profile", "status": "NUMERICAL_TWO_HALF_PASSAGES", "r": "1006.9046640197002095429", "c": "0.46012522308143343955202", "K": "-37.670658317914126885645", "L": null}
{"eval": 2540, "purpose": "two-sided pair-side stationary/root profile", "status": "NUMERICAL_TWO_HALF_PASSAGES", "r": "20224.220807297561680826", "c": "0.46012522308143343955202", "K": "-37.670658317914126885645", "L": null}
{"eval": 2541, "purpose": "two-sided pair-side stationary/root profile", "status": "NUMERICAL_TWO_HALF_PASSAGES", "r": "3001540.5003990932593751", "c": "0.46012522308143343955202", "K": "-37.670658317914126885645", "L": null}
{"eval": 2542, "purpose": "two-sided simple-root refinement", "status": "NUMERICAL_TWO_HALF_PASSAGES", "r": "17.338456018388428470783", "c": "0.46012522308143343955202", "K": "-37.670658317914126885645", "L": null}
{"eval": 2543, "purpose": "two-sided simple-root refinement", "status": "NUMERICAL_TWO_HALF_PASSAGES", "r": "16.688038578301267680568", "c": "0.46012522308143343955202", "K": "-37.670658317914126885645", "L": null}
{"eval": 2544, "purpose": "two-sided simple-root refinement", "status": "NUMERICAL_TWO_HALF_PASSAGES", "r": "16.406815998625702585079", "c": "0.46012522308143343955202", "K": "-37.670658317914126885645", "L": null}
{"eval": 2545, "purpose": "two-sided simple-root refinement", "status": "NUMERICAL_TWO_HALF_PASSAGES", "r": "16.30193126212946783983", "c": "0.46012522308143343955202", "K": "-37.670658317914126885645", "L": null}
{"eval": 2546, "purpose": "two-sided simple-root refinement", "status": "NUMERICAL_TWO_HALF_PASSAGES", "r": "14.923839473730093478296", "c": "0.46012522308143343955202", "K": "-37.670658317914126885645", "L": null}
{"eval": 2547, "purpose": "two-sided simple-root refinement", "status": "NUMERICAL_TWO_HALF_PASSAGES", "r": "16.257762125366768851328", "c": "0.46012522308143343955202", "K": "-37.670658317914126885645", "L": null}
{"eval": 2548, "purpose": "two-sided simple-root refinement", "status": "NUMERICAL_TWO_HALF_PASSAGES", "r": "15.576528244800336305519", "c": "0.46012522308143343955202", "K": "-37.670658317914126885645", "L": null}
{"eval": 2549, "purpose": "two-sided simple-root refinement", "status": "NUMERICAL_TWO_HALF_PASSAGES", "r": "15.913500273133520173004", "c": "0.46012522308143343955202", "K": "-37.670658317914126885645", "L": null}
{"eval": 2550, "purpose": "two-sided simple-root refinement", "status": "NUMERICAL_TWO_HALF_PASSAGES", "r": "19.322486311880198970453", "c": "0.46012522308143343955202", "K": "-37.670658317914126885645", "L": null}
{"eval": 2551, "purpose": "two-sided simple-root refinement", "status": "NUMERICAL_TWO_HALF_PASSAGES", "r": "20.020680366747153806212", "c": "0.46012522308143343955202", "K": "-37.670658317914126885645", "L": null}
{"eval": 2552, "purpose": "two-sided simple-root refinement", "status": "NUMERICAL_TWO_HALF_PASSAGES", "r": "20.460882917182758786862", "c": "0.46012522308143343955202", "K": "-37.670658317914126885645", "L": null}
{"eval": 2553, "purpose": "two-sided simple-root refinement", "status": "NUMERICAL_TWO_HALF_PASSAGES", "r": "20.699429920125254745919", "c": "0.46012522308143343955202", "K": "-37.670658317914126885645", "L": null}
{"eval": 2554, "purpose": "two-sided simple-root refinement", "status": "NUMERICAL_TWO_HALF_PASSAGES", "r": "20.818147377073409528755", "c": "0.46012522308143343955202", "K": "-37.670658317914126885645", "L": null}
{"eval": 2555, "purpose": "two-sided simple-root refinement", "status": "NUMERICAL_TWO_HALF_PASSAGES", "r": "22.765145170294980119657", "c": "0.46012522308143343955202", "K": "-37.670658317914126885645", "L": null}
{"eval": 2556, "purpose": "two-sided simple-root refinement", "status": "NUMERICAL_TWO_HALF_PASSAGES", "r": "20.893367728533142772818", "c": "0.46012522308143343955202", "K": "-37.670658317914126885645", "L": null}
{"eval": 2557, "purpose": "two-sided simple-root refinement", "status": "NUMERICAL_TWO_HALF_PASSAGES", "r": "21.809184978728876709922", "c": "0.46012522308143343955202", "K": "-37.670658317914126885645", "L": null}
POINT 18.442102221567045117548 0.46000000000000000000759 352.6817591226600705212 K -37.767818890528079157215 BRACKETS 2
{"eval": 2558, "purpose": "actual-coefficient fold continuation through c=5/11", "status": "NUMERICAL_TWO_HALF_PASSAGES", "r": "19.531772491745258719248", "c": "0.45454545454545454546687", "K": "-42", "L": null}
{"eval": 2559, "purpose": "actual-coefficient fold continuation through c=5/11", "status": "NUMERICAL_TWO_HALF_PASSAGES", "r": "19.572048380503319551377", "c": "0.45454545454545454546687", "K": "-42", "L": null}
{"eval": 2560, "purpose": "actual-coefficient fold continuation through c=5/11", "status": "NUMERICAL_TWO_HALF_PASSAGES", "r": "19.572570821793531253494", "c": "0.45454545454545454546687", "K": "-42", "L": null}
{"eval": 2561, "purpose": "actual-coefficient fold continuation through c=5/11", "status": "NUMERICAL_TWO_HALF_PASSAGES", "r": "19.572570841798566671638", "c": "0.45454545454545454546687", "K": "-42", "L": null}
{"eval": 2562, "purpose": "two-sided pair-side stationary/root profile", "status": "NUMERICAL_TWO_HALF_PASSAGES", "r": "0.00012025803155257027083732", "c": "0.45466897966672611803803", "K": "-41.896227571009994384427", "L": null}
{"eval": 2563, "purpose": "two-sided pair-side stationary/root profile", "status": "NUMERICAL_TWO_HALF_PASSAGES", "r": "0.002478752176666356154614", "c": "0.45466897966672611803803", "K": "-41.896227571009994384427", "L": null}
{"eval": 2564, "purpose": "two-sided pair-side stationary/root profile", "status": "NUMERICAL_TWO_HALF_PASSAGES", "r": "0.017847874370174288874544", "c": "0.45466897966672611803803", "K": "-41.896227571009994384427", "L": null}
{"eval": 2565, "purpose": "two-sided pair-side stationary/root profile", "status": "NUMERICAL_TWO_HALF_PASSAGES", "r": "0.35848413966255051940472", "c": "0.45466897966672611803803", "K": "-41.896227571009994384427", "L": null}
{"eval": 2566, "purpose": "two-sided pair-side stationary/root profile", "status": "NUMERICAL_TWO_HALF_PASSAGES", "r": "2.6488594185434759236287", "c": "0.45466897966672611803803", "K": "-41.896227571009994384427", "L": null}
{"eval": 2567, "purpose": "two-sided pair-side stationary/root profile", "status": "NUMERICAL_TWO_HALF_PASSAGES", "r": "7.2003464235693231264464", "c": "0.45466897966672611803803", "K": "-41.896227571009994384427", "L": null}
{"eval": 2568, "purpose": "two-sided pair-side stationary/root profile", "status": "NUMERICAL_TWO_HALF_PASSAGES", "r": "14.499717105188087149133", "c": "0.45466897966672611803803", "K": "-41.896227571009994384427", "L": null}
{"eval": 2569, "purpose": "two-sided pair-side stationary/root profile", "status": "NUMERICAL_TWO_HALF_PASSAGES", "r": "19.572570841798566671638", "c": "0.45466897966672611803803", "K": "-41.896227571009994384427", "L": null}
{"eval": 2570, "purpose": "two-sided pair-side stationary/root profile", "status": "NUMERICAL_TWO_HALF_PASSAGES", "r": "26.420207137707060206927", "c": "0.45466897966672611803803", "K": "-41.896227571009994384427", "L": null}
{"eval": 2571, "purpose": "two-sided pair-side stationary/root profile", "status": "NUMERICAL_TWO_HALF_PASSAGES", "r": "53.203763655488402008198", "c": "0.45466897966672611803803", "K": "-41.896227571009994384427", "L": null}
{"eval": 2572, "purpose": "two-sided pair-side stationary/root profile", "status": "NUMERICAL_TWO_HALF_PASSAGES", "r": "144.62282395034390986011", "c": "0.45466897966672611803803", "K": "-41.896227571009994384427", "L": null}
{"eval": 2573, "purpose": "two-sided pair-side stationary/root profile", "status": "NUMERICAL_TWO_HALF_PASSAGES", "r": "1068.6261593548623802796", "c": "0.45466897966672611803803", "K": "-41.896227571009994384427", "L": null}
{"eval": 2574, "purpose": "two-sided pair-side stationary/root profile", "status": "NUMERICAL_TWO_HALF_PASSAGES", "r": "21463.930180806316855069", "c": "0.45466897966672611803803", "K": "-41.896227571009994384427", "L": null}
{"eval": 2575, "purpose": "two-sided pair-side stationary/root profile", "status": "NUMERICAL_TWO_HALF_PASSAGES", "r": "3185529.6848906037057532", "c": "0.45466897966672611803803", "K": "-41.896227571009994384427", "L": null}
{"eval": 2576, "purpose": "two-sided simple-root refinement", "status": "NUMERICAL_TWO_HALF_PASSAGES", "r": "18.403577164778191343347", "c": "0.45466897966672611803803", "K": "-41.896227571009994384427", "L": null}
{"eval": 2577, "purpose": "two-sided simple-root refinement", "status": "NUMERICAL_TWO_HALF_PASSAGES", "r": "17.713401707922956861488", "c": "0.45466897966672611803803", "K": "-41.896227571009994384427", "L": null}
{"eval": 2578, "purpose": "two-sided simple-root refinement", "status": "NUMERICAL_TWO_HALF_PASSAGES", "r": "17.414132260307386982495", "c": "0.45466897966672611803803", "K": "-41.896227571009994384427", "L": null}
{"eval": 2579, "purpose": "two-sided simple-root refinement", "status": "NUMERICAL_TWO_HALF_PASSAGES", "r": "17.302170321066621123951", "c": "0.45466897966672611803803", "K": "-41.896227571009994384427", "L": null}
{"eval": 2580, "purpose": "two-sided simple-root refinement", "status": "NUMERICAL_TWO_HALF_PASSAGES", "r": "15.839083779096799260537", "c": "0.45466897966672611803803", "K": "-41.896227571009994384427", "L": null}
{"eval": 2581, "purpose": "two-sided simple-root refinement", "status": "NUMERICAL_TWO_HALF_PASSAGES", "r": "17.254837712287287172438", "c": "0.45466897966672611803803", "K": "-41.896227571009994384427", "L": null}
{"eval": 2582, "purpose": "two-sided simple-root refinement", "status": "NUMERICAL_TWO_HALF_PASSAGES", "r": "16.53181236645387573031", "c": "0.45466897966672611803803", "K": "-41.896227571009994384427", "L": null}
{"eval": 2583, "purpose": "two-sided simple-root refinement", "status": "NUMERICAL_TWO_HALF_PASSAGES", "r": "16.889456458783558980008", "c": "0.45466897966672611803803", "K": "-41.896227571009994384427", "L": null}
{"eval": 2584, "purpose": "two-sided simple-root refinement", "status": "NUMERICAL_TWO_HALF_PASSAGES", "r": "20.508477820970777883922", "c": "0.45466897966672611803803", "K": "-41.896227571009994384427", "L": null}
{"eval": 2585, "purpose": "two-sided simple-root refinement", "status": "NUMERICAL_TWO_HALF_PASSAGES", "r": "21.250106591993246174174", "c": "0.45466897966672611803803", "K": "-41.896227571009994384427", "L": null}
{"eval": 2586, "purpose": "two-sided simple-root refinement", "status": "NUMERICAL_TWO_HALF_PASSAGES", "r": "21.717057125479095541082", "c": "0.45466897966672611803803", "K": "-41.896227571009994384427", "L": null}
{"eval": 2587, "purpose": "two-sided simple-root refinement", "status": "NUMERICAL_TWO_HALF_PASSAGES", "r": "21.969712095157066321371", "c": "0.45466897966672611803803", "K": "-41.896227571009994384427", "L": null}
{"eval": 2588, "purpose": "two-sided simple-root refinement", "status": "NUMERICAL_TWO_HALF_PASSAGES", "r": "22.09526308550978195705", "c": "0.45466897966672611803803", "K": "-41.896227571009994384427", "L": null}
{"eval": 2589, "purpose": "two-sided simple-root refinement", "status": "NUMERICAL_TWO_HALF_PASSAGES", "r": "24.161155342435528155243", "c": "0.45466897966672611803803", "K": "-41.896227571009994384427", "L": null}
{"eval": 2590, "purpose": "two-sided simple-root refinement", "status": "NUMERICAL_TWO_HALF_PASSAGES", "r": "22.174653888004185908756", "c": "0.45466897966672611803803", "K": "-41.896227571009994384427", "L": null}
{"eval": 2591, "purpose": "two-sided simple-root refinement", "status": "NUMERICAL_TWO_HALF_PASSAGES", "r": "23.146603579203820031523", "c": "0.45466897966672611803803", "K": "-41.896227571009994384427", "L": null}
POINT 19.572570841798566671638 0.45454545454545454546687 381.85986315160415194292 K -42 BRACKETS 2
{"eval": 2592, "purpose": "actual-coefficient fold continuation through c=5/11", "status": "NUMERICAL_TWO_HALF_PASSAGES", "r": "23.070428415498900161923", "c": "0.43999999999999999999783", "K": "-56.891376843780031617726", "L": null}
{"eval": 2593, "purpose": "actual-coefficient fold continuation through c=5/11", "status": "NUMERICAL_TWO_HALF_PASSAGES", "r": "23.449804198574800350244", "c": "0.43999999999999999999783", "K": "-57.493792435680023979877", "L": null}
{"eval": 2594, "purpose": "actual-coefficient fold continuation through c=5/11", "status": "NUMERICAL_TWO_HALF_PASSAGES", "r": "23.48459180821128536483", "c": "0.43999999999999999999783", "K": "-57.522531808894969342083", "L": null}
{"eval": 2595, "purpose": "actual-coefficient fold continuation through c=5/11", "status": "NUMERICAL_TWO_HALF_PASSAGES", "r": "23.484668875663049891767", "c": "0.43999999999999999999783", "K": "-57.522580477877706253004", "L": null}
{"eval": 2596, "purpose": "actual-coefficient fold continuation through c=5/11", "status": "NUMERICAL_TWO_HALF_PASSAGES", "r": "23.484668875861226592511", "c": "0.43999999999999999999783", "K": "-57.522580477999244501219", "L": null}
{"eval": 2597, "purpose": "two-sided pair-side stationary/root profile", "status": "NUMERICAL_TWO_HALF_PASSAGES", "r": "0.00014429479262088906945003", "c": "0.4401178540750557999792", "K": "-57.396809271675169484422", "L": null}
{"eval": 2598, "purpose": "two-sided pair-side stationary/root profile", "status": "NUMERICAL_TWO_HALF_PASSAGES", "r": "0.0024787521766663588538962", "c": "0.4401178540750557999792", "K": "-57.396809271675169484422", "L": null}
{"eval": 2599, "purpose": "two-sided pair-side stationary/root profile", "status": "NUMERICAL_TWO_HALF_PASSAGES", "r": "0.021415246014917305904045", "c": "0.4401178540750557999792", "K": "-57.396809271675169484422", "L": null}
{"eval": 2600, "purpose": "two-sided pair-side stationary/root profile", "status": "NUMERICAL_TWO_HALF_PASSAGES", "r": "0.43013671455176910737254", "c": "0.4401178540750557999792", "K": "-57.396809271675169484422", "L": null}
{"eval": 2601, "purpose": "two-sided pair-side stationary/root profile", "status": "NUMERICAL_TWO_HALF_PASSAGES", "r": "3.1783043140327416906446", "c": "0.4401178540750557999792", "K": "-57.396809271675169484422", "L": null}
{"eval": 2602, "purpose": "two-sided pair-side stationary/root profile", "status": "NUMERICAL_TWO_HALF_PASSAGES", "r": "8.6395268621481925864353", "c": "0.4401178540750557999792", "K": "-57.396809271675169484422", "L": null}
{"eval": 2603, "purpose": "two-sided pair-side stationary/root profile", "status": "NUMERICAL_TWO_HALF_PASSAGES", "r": "17.397870609914833396614", "c": "0.4401178540750557999792", "K": "-57.396809271675169484422", "L": null}
{"eval": 2604, "purpose": "two-sided pair-side stationary/root profile", "status": "NUMERICAL_TWO_HALF_PASSAGES", "r": "23.484668875861226592511", "c": "0.4401178540750557999792", "K": "-57.396809271675169484422", "L": null}
{"eval": 2605, "purpose": "two-sided pair-side stationary/root profile", "status": "NUMERICAL_TWO_HALF_PASSAGES", "r": "31.700987125087308243082", "c": "0.4401178540750557999792", "K": "-57.396809271675169484422", "L": null}
{"eval": 2606, "purpose": "two-sided pair-side stationary/root profile", "status": "NUMERICAL_TWO_HALF_PASSAGES", "r": "63.837948652631285446218", "c": "0.4401178540750557999792", "K": "-57.396809271675169484422", "L": null}
{"eval": 2607, "purpose": "two-sided pair-side stationary/root profile", "status": "NUMERICAL_TWO_HALF_PASSAGES", "r": "173.52953578854921377894", "c": "0.4401178540750557999792", "K": "-57.396809271675169484422", "L": null}
{"eval": 2608, "purpose": "two-sided pair-side stationary/root profile", "status": "NUMERICAL_TWO_HALF_PASSAGES", "r": "1282.2194747629841086178", "c": "0.4401178540750557999792", "K": "-57.396809271675169484422", "L": null}
{"eval": 2609, "purpose": "two-sided pair-side stationary/root profile", "status": "NUMERICAL_TWO_HALF_PASSAGES", "r": "25754.066603982215218238", "c": "0.4401178540750557999792", "K": "-57.396809271675169484422", "L": null}
{"eval": 2610, "purpose": "two-sided pair-side stationary/root profile", "status": "NUMERICAL_TWO_HALF_PASSAGES", "r": "3822242.3844351672169068", "c": "0.4401178540750557999792", "K": "-57.396809271675169484422", "L": null}
{"eval": 2611, "purpose": "two-sided simple-root refinement", "status": "NUMERICAL_TWO_HALF_PASSAGES", "r": "22.089985899846895728293", "c": "0.4401178540750557999792", "K": "-57.396809271675169484422", "L": null}
{"eval": 2612, "purpose": "two-sided simple-root refinement", "status": "NUMERICAL_TWO_HALF_PASSAGES", "r": "21.262207977891891401076", "c": "0.4401178540750557999792", "K": "-57.396809271675169484422", "L": null}
{"eval": 2613, "purpose": "two-sided simple-root refinement", "status": "NUMERICAL_TWO_HALF_PASSAGES", "r": "20.900280851548790833974", "c": "0.4401178540750557999792", "K": "-57.396809271675169484422", "L": null}
{"eval": 2614, "purpose": "two-sided simple-root refinement", "status": "NUMERICAL_TWO_HALF_PASSAGES", "r": "20.763659967658900663487", "c": "0.4401178540750557999792", "K": "-57.396809271675169484422", "L": null}
{"eval": 2615, "purpose": "two-sided simple-root refinement", "status": "NUMERICAL_TWO_HALF_PASSAGES", "r": "19.006406012331683533928", "c": "0.4401178540750557999792", "K": "-57.396809271675169484422", "L": null}
{"eval": 2616, "purpose": "two-sided simple-root refinement", "status": "NUMERICAL_TWO_HALF_PASSAGES", "r": "20.70525153670070662125", "c": "0.4401178540750557999792", "K": "-57.396809271675169484422", "L": null}
{"eval": 2617, "purpose": "two-sided simple-root refinement", "status": "NUMERICAL_TWO_HALF_PASSAGES", "r": "19.837651506516292766041", "c": "0.4401178540750557999792", "K": "-57.396809271675169484422", "L": null}
{"eval": 2618, "purpose": "two-sided simple-root refinement", "status": "NUMERICAL_TWO_HALF_PASSAGES", "r": "20.266809426740795170574", "c": "0.4401178540750557999792", "K": "-57.396809271675169484422", "L": null}
{"eval": 2619, "purpose": "two-sided simple-root refinement", "status": "NUMERICAL_TWO_HALF_PASSAGES", "r": "24.613078546231306307709", "c": "0.4401178540750557999792", "K": "-57.396809271675169484422", "L": null}
{"eval": 2620, "purpose": "two-sided simple-root refinement", "status": "NUMERICAL_TWO_HALF_PASSAGES", "r": "25.505095818063932082073", "c": "0.4401178540750557999792", "K": "-57.396809271675169484422", "L": null}
{"eval": 2621, "purpose": "two-sided simple-root refinement", "status": "NUMERICAL_TWO_HALF_PASSAGES", "r": "26.064475944458285087274", "c": "0.4401178540750557999792", "K": "-57.396809271675169484422", "L": null}
{"eval": 2622, "purpose": "two-sided simple-root refinement", "status": "NUMERICAL_TWO_HALF_PASSAGES", "r": "26.365782849748335405979", "c": "0.4401178540750557999792", "K": "-57.396809271675169484422", "L": null}
{"eval": 2623, "purpose": "two-sided simple-root refinement", "status": "NUMERICAL_TWO_HALF_PASSAGES", "r": "26.514855773991053885727", "c": "0.4401178540750557999792", "K": "-57.396809271675169484422", "L": null}
{"eval": 2624, "purpose": "two-sided simple-root refinement", "status": "NUMERICAL_TWO_HALF_PASSAGES", "r": "28.992190353866630105062", "c": "0.4401178540750557999792", "K": "-57.396809271675169484422", "L": null}
{"eval": 2625, "purpose": "two-sided simple-root refinement", "status": "NUMERICAL_TWO_HALF_PASSAGES", "r": "26.608568578993827900836", "c": "0.4401178540750557999792", "K": "-57.396809271675169484422", "L": null}
{"eval": 2626, "purpose": "two-sided simple-root refinement", "status": "NUMERICAL_TWO_HALF_PASSAGES", "r": "27.774821066680223751594", "c": "0.4401178540750557999792", "K": "-57.396809271675169484422", "L": null}
POINT 23.484668875861226592511 0.43999999999999999999783 485.08063993747639111587 K -57.522580477999244501219 BRACKETS 2
{"eval": 2627, "purpose": "actual-coefficient fold continuation through c=5/11", "status": "NUMERICAL_TWO_HALF_PASSAGES", "r": "31.00547151307676233857", "c": "0.41999999999999999998807", "K": "-92.158164405520348334833", "L": null}
{"eval": 2628, "purpose": "actual-coefficient fold continuation through c=5/11", "status": "NUMERICAL_TWO_HALF_PASSAGES", "r": "32.307414655922083623202", "c": "0.41999999999999999998807", "K": "-97.328993210660333629258", "L": null}
{"eval": 2629, "purpose": "actual-coefficient fold continuation through c=5/11", "status": "NUMERICAL_TWO_HALF_PASSAGES", "r": "32.584648750824426230444", "c": "0.41999999999999999998807", "K": "-97.998554215272395059855", "L": null}
{"eval": 2630, "purpose": "actual-coefficient fold continuation through c=5/11", "status": "NUMERICAL_TWO_HALF_PASSAGES", "r": "32.588549057007894241278", "c": "0.41999999999999999998807", "K": "-98.006410705769032458423", "L": null}
{"eval": 2631, "purpose": "actual-coefficient fold continuation through c=5/11", "status": "NUMERICAL_TWO_HALF_PASSAGES", "r": "32.588549566052535669952", "c": "0.41999999999999999998807", "K": "-98.006411685008592661605", "L": null}
{"eval": 2632, "purpose": "two-sided pair-side stationary/root profile", "status": "NUMERICAL_TWO_HALF_PASSAGES", "r": "0.0002002309688207886590956", "c": "0.42010678592003150753843", "K": "-97.833286268708810555494", "L": null}
{"eval": 2633, "purpose": "two-sided pair-side stationary/root profile", "status": "NUMERICAL_TWO_HALF_PASSAGES", "r": "0.002478752176666358494119", "c": "0.42010678592003150753843", "K": "-97.833286268708810555494", "L": null}
{"eval": 2634, "purpose": "two-sided pair-side stationary/root profile", "status": "NUMERICAL_TWO_HALF_PASSAGES", "r": "0.029716910632862762448833", "c": "0.42010678592003150753843", "K": "-97.833286268708810555494", "L": null}
{"eval": 2635, "purpose": "two-sided pair-side stationary/root profile", "status": "NUMERICAL_TWO_HALF_PASSAGES", "r": "0.5968801057594332178601", "c": "0.42010678592003150753843", "K": "-97.833286268708810555494", "L": null}
{"eval": 2636, "purpose": "two-sided pair-side stationary/root profile", "status": "NUMERICAL_TWO_HALF_PASSAGES", "r": "4.4103805857921115456122", "c": "0.42010678592003150753843", "K": "-97.833286268708810555494", "L": null}
{"eval": 2637, "purpose": "two-sided pair-side stationary/root profile", "status": "NUMERICAL_TWO_HALF_PASSAGES", "r": "11.988657402947255993519", "c": "0.42010678592003150753843", "K": "-97.833286268708810555494", "L": null}
{"eval": 2638, "purpose": "two-sided pair-side stationary/root profile", "status": "NUMERICAL_TWO_HALF_PASSAGES", "r": "24.142191304121008638139", "c": "0.42010678592003150753843", "K": "-97.833286268708810555494", "L": null}
{"eval": 2639, "purpose": "two-sided pair-side stationary/root profile", "status": "NUMERICAL_TWO_HALF_PASSAGES", "r": "32.588549566052535669952", "c": "0.42010678592003150753843", "K": "-97.833286268708810555494", "L": null}
{"eval": 2640, "purpose": "two-sided pair-side stationary/root profile", "status": "NUMERICAL_TWO_HALF_PASSAGES", "r": "43.989940657863148713858", "c": "0.42010678592003150753843", "K": "-97.833286268708810555494", "L": null}
{"eval": 2641, "purpose": "two-sided pair-side stationary/root profile", "status": "NUMERICAL_TWO_HALF_PASSAGES", "r": "88.584862101237511811114", "c": "0.42010678592003150753843", "K": "-97.833286268708810555494", "L": null}
{"eval": 2642, "purpose": "two-sided pair-side stationary/root profile", "status": "NUMERICAL_TWO_HALF_PASSAGES", "r": "240.79862092634428354099", "c": "0.42010678592003150753843", "K": "-97.833286268708810555494", "L": null}
{"eval": 2643, "purpose": "two-sided pair-side stationary/root profile", "status": "NUMERICAL_TWO_HALF_PASSAGES", "r": "1779.2745185698939284213", "c": "0.42010678592003150753843", "K": "-97.833286268708810555494", "L": null}
{"eval": 2644, "purpose": "two-sided pair-side stationary/root profile", "status": "NUMERICAL_TWO_HALF_PASSAGES", "r": "35737.684039222566084959", "c": "0.42010678592003150753843", "K": "-97.833286268708810555494", "L": null}
{"eval": 2645, "purpose": "two-sided pair-side stationary/root profile", "status": "NUMERICAL_TWO_HALF_PASSAGES", "r": "5303942.5872707511794033", "c": "0.42010678592003150753843", "K": "-97.833286268708810555494", "L": null}
{"eval": 2646, "purpose": "two-sided simple-root refinement", "status": "NUMERICAL_TWO_HALF_PASSAGES", "r": "30.670411624020087795403", "c": "0.42010678592003150753843", "K": "-97.833286268708810555494", "L": null}
{"eval": 2647, "purpose": "two-sided simple-root refinement", "status": "NUMERICAL_TWO_HALF_PASSAGES", "r": "29.522310658603133188063", "c": "0.42010678592003150753843", "K": "-97.833286268708810555494", "L": null}
{"eval": 2648, "purpose": "two-sided simple-root refinement", "status": "NUMERICAL_TWO_HALF_PASSAGES", "r": "29.013730250110429513891", "c": "0.42010678592003150753843", "K": "-97.833286268708810555494", "L": null}
{"eval": 2649, "purpose": "two-sided simple-root refinement", "status": "NUMERICAL_TWO_HALF_PASSAGES", "r": "28.819039406009504726211", "c": "0.42010678592003150753843", "K": "-97.833286268708810555494", "L": null}
{"eval": 2650, "purpose": "two-sided simple-root refinement", "status": "NUMERICAL_TWO_HALF_PASSAGES", "r": "26.377163656103802986952", "c": "0.42010678592003150753843", "K": "-97.833286268708810555494", "L": null}
{"eval": 2651, "purpose": "two-sided simple-root refinement", "status": "NUMERICAL_TWO_HALF_PASSAGES", "r": "28.734326988184693640535", "c": "0.42010678592003150753843", "K": "-97.833286268708810555494", "L": null}
{"eval": 2652, "purpose": "two-sided simple-root refinement", "status": "NUMERICAL_TWO_HALF_PASSAGES", "r": "27.530529335909034631749", "c": "0.42010678592003150753843", "K": "-97.833286268708810555494", "L": null}
{"eval": 2653, "purpose": "two-sided simple-root refinement", "status": "NUMERICAL_TWO_HALF_PASSAGES", "r": "28.12598855321927000285", "c": "0.42010678592003150753843", "K": "-97.833286268708810555494", "L": null}
{"eval": 2654, "purpose": "two-sided simple-root refinement", "status": "NUMERICAL_TWO_HALF_PASSAGES", "r": "34.16631439218497411428", "c": "0.42010678592003150753843", "K": "-97.833286268708810555494", "L": null}
{"eval": 2655, "purpose": "two-sided simple-root refinement", "status": "NUMERICAL_TWO_HALF_PASSAGES", "r": "35.408529621297500870197", "c": "0.42010678592003150753843", "K": "-97.833286268708810555494", "L": null}
{"eval": 2656, "purpose": "two-sided simple-root refinement", "status": "NUMERICAL_TWO_HALF_PASSAGES", "r": "36.182408204604005402122", "c": "0.42010678592003150753843", "K": "-97.833286268708810555494", "L": null}
{"eval": 2657, "purpose": "two-sided simple-root refinement", "status": "NUMERICAL_TWO_HALF_PASSAGES", "r": "36.596231911496727148836", "c": "0.42010678592003150753843", "K": "-97.833286268708810555494", "L": null}
{"eval": 2658, "purpose": "two-sided simple-root refinement", "status": "NUMERICAL_TWO_HALF_PASSAGES", "r": "36.799536190620040901345", "c": "0.42010678592003150753843", "K": "-97.833286268708810555494", "L": null}
{"eval": 2659, "purpose": "two-sided simple-root refinement", "status": "NUMERICAL_TWO_HALF_PASSAGES", "r": "40.234430693900254460277", "c": "0.42010678592003150753843", "K": "-97.833286268708810555494", "L": null}
{"eval": 2660, "purpose": "two-sided simple-root refinement", "status": "NUMERICAL_TWO_HALF_PASSAGES", "r": "36.926145529396204810618", "c": "0.42010678592003150753843", "K": "-97.833286268708810555494", "L": null}
{"eval": 2661, "purpose": "two-sided simple-root refinement", "status": "NUMERICAL_TWO_HALF_PASSAGES", "r": "38.544810845240456618349", "c": "0.42010678592003150753843", "K": "-97.833286268708810555494", "L": null}
POINT 32.588549566052535669952 0.41999999999999999998807 736.92646953958674532759 K -98.006411685008592661605 BRACKETS 2
{"eval": 2662, "purpose": "actual-coefficient fold continuation through c=5/11", "status": "NUMERICAL_TWO_HALF_PASSAGES", "r": "47.990362796322579806707", "c": "0.40000000000000000000542", "K": "-173.49059822646323582307", "L": null}
{"eval": 2663, "purpose": "actual-coefficient fold continuation through c=5/11", "status": "NUMERICAL_TWO_HALF_PASSAGES", "r": "51.332919709957576619858", "c": "0.40000000000000000000542", "K": "-196.06939814210679411122", "L": null}
{"eval": 2664, "purpose": "actual-coefficient fold continuation through c=5/11", "status": "NUMERICAL_TWO_HALF_PASSAGES", "r": "52.400526817977919759317", "c": "0.40000000000000000000542", "K": "-201.26998330890158615814", "L": null}
{"eval": 2665, "purpose": "actual-coefficient fold continuation through c=5/11", "status": "NUMERICAL_TWO_HALF_PASSAGES", "r": "52.441589975788715054239", "c": "0.40000000000000000000542", "K": "-201.45294130601878590525", "L": null}
{"eval": 2666, "purpose": "actual-coefficient fold continuation through c=5/11", "status": "NUMERICAL_TWO_HALF_PASSAGES", "r": "52.441636983261630474557", "c": "0.40000000000000000000542", "K": "-201.45314610727587875671", "L": null}
{"eval": 2667, "purpose": "actual-coefficient fold continuation through c=5/11", "status": "NUMERICAL_TWO_HALF_PASSAGES", "r": "52.441636983320489985572", "c": "0.40000000000000000000542", "K": "-201.45314610752995840293", "L": null}
{"eval": 2668, "purpose": "two-sided pair-side stationary/root profile", "status": "NUMERICAL_TWO_HALF_PASSAGES", "r": "0.00032221255378167126654212", "c": "0.40009083969439518854694", "K": "-201.18759373137936992404", "L": null}
{"eval": 2669, "purpose": "two-sided pair-side stationary/root profile", "status": "NUMERICAL_TWO_HALF_PASSAGES", "r": "0.0024787521766663577104018", "c": "0.40009083969439518854694", "K": "-201.18759373137936992404", "L": null}
{"eval": 2670, "purpose": "two-sided pair-side stationary/root profile", "status": "NUMERICAL_TWO_HALF_PASSAGES", "r": "0.047820583009246698312869", "c": "0.40009083969439518854694", "K": "-201.18759373137936992404", "L": null}
{"eval": 2671, "purpose": "two-sided pair-side stationary/root profile", "status": "NUMERICAL_TWO_HALF_PASSAGES", "r": "0.96050208572058539020777", "c": "0.40009083969439518854694", "K": "-201.18759373137936992404", "L": null}
{"eval": 2672, "purpose": "two-sided pair-side stationary/root profile", "status": "NUMERICAL_TWO_HALF_PASSAGES", "r": "7.0972037945293016858624", "c": "0.40009083969439518854694", "K": "-201.18759373137936992404", "L": null}
{"eval": 2673, "purpose": "two-sided pair-side stationary/root profile", "status": "NUMERICAL_TWO_HALF_PASSAGES", "r": "19.292200107539584173072", "c": "0.40009083969439518854694", "K": "-201.18759373137936992404", "L": null}
{"eval": 2674, "purpose": "two-sided pair-side stationary/root profile", "status": "NUMERICAL_TWO_HALF_PASSAGES", "r": "38.849720199620056369783", "c": "0.40009083969439518854694", "K": "-201.18759373137936992404", "L": null}
{"eval": 2675, "purpose": "two-sided pair-side stationary/root profile", "status": "NUMERICAL_TWO_HALF_PASSAGES", "r": "52.441636983320489985572", "c": "0.40009083969439518854694", "K": "-201.18759373137936992404", "L": null}
{"eval": 2676, "purpose": "two-sided pair-side stationary/root profile", "status": "NUMERICAL_TWO_HALF_PASSAGES", "r": "70.788805565638620406754", "c": "0.40009083969439518854694", "K": "-201.18759373137936992404", "L": null}
{"eval": 2677, "purpose": "two-sided pair-side stationary/root profile", "status": "NUMERICAL_TWO_HALF_PASSAGES", "r": "142.55114886640591062572", "c": "0.40009083969439518854694", "K": "-201.18759373137936992404", "L": null}
{"eval": 2678, "purpose": "two-sided pair-side stationary/root profile", "status": "NUMERICAL_TWO_HALF_PASSAGES", "r": "387.49419758951141218306", "c": "0.40009083969439518854694", "K": "-201.18759373137936992404", "L": null}
{"eval": 2679, "purpose": "two-sided pair-side stationary/root profile", "status": "NUMERICAL_TWO_HALF_PASSAGES", "r": "2863.2163639990177641526", "c": "0.40009083969439518854694", "K": "-201.18759373137936992404", "L": null}
{"eval": 2680, "purpose": "two-sided pair-side stationary/root profile", "status": "NUMERICAL_TWO_HALF_PASSAGES", "r": "57509.237998177412585221", "c": "0.40009083969439518854694", "K": "-201.18759373137936992404", "L": null}
{"eval": 2681, "purpose": "two-sided pair-side stationary/root profile", "status": "NUMERICAL_TWO_HALF_PASSAGES", "r": "8535127.6888914483433837", "c": "0.40009083969439518854694", "K": "-201.18759373137936992404", "L": null}
{"eval": 2682, "purpose": "two-sided simple-root refinement", "status": "NUMERICAL_TWO_HALF_PASSAGES", "r": "49.386209916085918456702", "c": "0.40009083969439518854694", "K": "-201.18759373137936992404", "L": null}
{"eval": 2683, "purpose": "two-sided simple-root refinement", "status": "NUMERICAL_TWO_HALF_PASSAGES", "r": "47.539086010786076548496", "c": "0.40009083969439518854694", "K": "-201.18759373137936992404", "L": null}
{"eval": 2684, "purpose": "two-sided simple-root refinement", "status": "NUMERICAL_TWO_HALF_PASSAGES", "r": "46.708433723693645385489", "c": "0.40009083969439518854694", "K": "-201.18759373137936992404", "L": null}
{"eval": 2685, "purpose": "two-sided simple-root refinement", "status": "NUMERICAL_TWO_HALF_PASSAGES", "r": "46.385301026754520267031", "c": "0.40009083969439518854694", "K": "-201.18759373137936992404", "L": null}
{"eval": 2686, "purpose": "two-sided simple-root refinement", "status": "NUMERICAL_TWO_HALF_PASSAGES", "r": "42.45062975109511878638", "c": "0.40009083969439518854694", "K": "-201.18759373137936992404", "L": null}
{"eval": 2687, "purpose": "two-sided simple-root refinement", "status": "NUMERICAL_TWO_HALF_PASSAGES", "r": "46.241830577741795123281", "c": "0.40009083969439518854694", "K": "-201.18759373137936992404", "L": null}
{"eval": 2688, "purpose": "two-sided simple-root refinement", "status": "NUMERICAL_TWO_HALF_PASSAGES", "r": "44.30569747638091108663", "c": "0.40009083969439518854694", "K": "-201.18759373137936992404", "L": null}
{"eval": 2689, "purpose": "two-sided simple-root refinement", "status": "NUMERICAL_TWO_HALF_PASSAGES", "r": "45.263412999148531948995", "c": "0.40009083969439518854694", "K": "-201.18759373137936992404", "L": null}
{"eval": 2690, "purpose": "two-sided simple-root refinement", "status": "NUMERICAL_TWO_HALF_PASSAGES", "r": "55.002566672260627157753", "c": "0.40009083969439518854694", "K": "-201.18759373137936992404", "L": null}
{"eval": 2691, "purpose": "two-sided simple-root refinement", "status": "NUMERICAL_TWO_HALF_PASSAGES", "r": "57.008700552752194907341", "c": "0.40009083969439518854694", "K": "-201.18759373137936992404", "L": null}
{"eval": 2692, "purpose": "two-sided simple-root refinement", "status": "NUMERICAL_TWO_HALF_PASSAGES", "r": "58.248610479164878807323", "c": "0.40009083969439518854694", "K": "-201.18759373137936992404", "L": null}
{"eval": 2693, "purpose": "two-sided simple-root refinement", "status": "NUMERICAL_TWO_HALF_PASSAGES", "r": "58.905939764399317639526", "c": "0.40009083969439518854694", "K": "-201.18759373137936992404", "L": null}
{"eval": 2694, "purpose": "two-sided simple-root refinement", "status": "NUMERICAL_TWO_HALF_PASSAGES", "r": "64.574616658895341372859", "c": "0.40009083969439518854694", "K": "-201.18759373137936992404", "L": null}
{"eval": 2695, "purpose": "two-sided simple-root refinement", "status": "NUMERICAL_TWO_HALF_PASSAGES", "r": "59.334148943332880282719", "c": "0.40009083969439518854694", "K": "-201.18759373137936992404", "L": null}
{"eval": 2696, "purpose": "two-sided simple-root refinement", "status": "NUMERICAL_TWO_HALF_PASSAGES", "r": "61.898949286700503957109", "c": "0.40009083969439518854694", "K": "-201.18759373137936992404", "L": null}
{"eval": 2697, "purpose": "two-sided simple-root refinement", "status": "NUMERICAL_TWO_HALF_PASSAGES", "r": "59.475701423548574128808", "c": "0.40009083969439518854694", "K": "-201.18759373137936992404", "L": null}
POINT 52.441636983320489985572 0.40000000000000000000542 1328.776217562749653478 K -201.45314610752995840293 BRACKETS 2
{"eval": 2698, "purpose": "actual-coefficient fold continuation through c=5/11", "status": "NUMERICAL_TWO_HALF_PASSAGES", "r": "227.39227952186762986286", "c": "0.34999999999999999999458", "K": "-896.18574238030446077463", "L": null}
{"eval": 2699, "purpose": "actual-coefficient fold continuation through c=5/11", "status": "NUMERICAL_TWO_HALF_PASSAGES", "r": "312.87429674711146027066", "c": "0.34999999999999999999458", "K": "-1783.622890469933812474", "L": null}
{"eval": 2700, "purpose": "actual-coefficient fold continuation through c=5/11", "status": "NUMERICAL_TWO_HALF_PASSAGES", "r": "515.84250810230657718902", "c": "0.34999999999999999999458", "K": "-3612.3777478185303877467", "L": null}
{"eval": 2701, "purpose": "actual-coefficient fold continuation through c=5/11", "status": "NUMERICAL_TWO_HALF_PASSAGES", "r": "850.48051543957604908597", "c": "0.34999999999999999999458", "K": "-6784.1049398525982576658", "L": null}
{"eval": 2702, "purpose": "actual-coefficient fold continuation through c=5/11", "status": "NUMERICAL_TWO_HALF_PASSAGES", "r": "1402.2053161212377790923", "c": "0.34999999999999999999458", "K": "-12334.89826915144579722", "L": null}
{"eval": 2703, "purpose": "actual-coefficient fold continuation through c=5/11", "status": "NUMERICAL_TWO_HALF_PASSAGES", "r": "2232.6644595262402415159", "c": "0.34999999999999999999458", "K": "-21586.820940423311347089", "L": null}
{"eval": 2704, "purpose": "actual-coefficient fold continuation through c=5/11", "status": "NUMERICAL_TWO_HALF_PASSAGES", "r": "2996.4960561834957235572", "c": "0.34999999999999999999458", "K": "-32470.983064921106125311", "L": null}
{"eval": 2705, "purpose": "actual-coefficient fold continuation through c=5/11", "status": "NUMERICAL_TWO_HALF_PASSAGES", "r": "3415.9523937951256546963", "c": "0.34999999999999999999458", "K": "-40573.477858581570480112", "L": null}
{"eval": 2706, "purpose": "actual-coefficient fold continuation through c=5/11", "status": "NUMERICAL_TWO_HALF_PASSAGES", "r": "3516.9649822198567132858", "c": "0.34999999999999999999458", "K": "-43258.046972307579746797", "L": null}
{"eval": 2707, "purpose": "actual-coefficient fold continuation through c=5/11", "status": "NUMERICAL_TWO_HALF_PASSAGES", "r": "3523.0052630568864111549", "c": "0.34999999999999999999458", "K": "-43470.896746119375734452", "L": null}
{"eval": 2708, "purpose": "actual-coefficient fold continuation through c=5/11", "status": "NUMERICAL_TWO_HALF_PASSAGES", "r": "3523.033375647613478332", "c": "0.34999999999999999999458", "K": "-43472.134946175920376277", "L": null}
{"eval": 2709, "purpose": "actual-coefficient fold continuation through c=5/11", "status": "NUMERICAL_TWO_HALF_PASSAGES", "r": "3523.0333764740692545914", "c": "0.34999999999999999999458", "K": "-43472.134989244629707628", "L": null}
{"eval": 2710, "purpose": "two-sided pair-side stationary/root profile", "status": "NUMERICAL_TWO_HALF_PASSAGES", "r": "0.0024787521766663592774127", "c": "0.35002140276638735302481", "K": "-43463.243880230015697919", "L": null}
{"eval": 2711, "purpose": "two-sided pair-side stationary/root profile", "status": "NUMERICAL_TWO_HALF_PASSAGES", "r": "0.021646265192919569832019", "c": "0.35002140276638735302481", "K": "-43463.243880230015697919", "L": null}
{"eval": 2712, "purpose": "two-sided pair-side stationary/root profile", "status": "NUMERICAL_TWO_HALF_PASSAGES", "r": "3.2125906000533381520496", "c": "0.35002140276638735302481", "K": "-43463.243880230015697919", "L": null}
{"eval": 2713, "purpose": "two-sided pair-side stationary/root profile", "status": "NUMERICAL_TWO_HALF_PASSAGES", "r": "64.526607116456948839978", "c": "0.35002140276638735302481", "K": "-43463.243880230015697919", "L": null}
{"eval": 2714, "purpose": "two-sided pair-side stationary/root profile", "status": "NUMERICAL_TWO_HALF_PASSAGES", "r": "476.79071985715811557438", "c": "0.35002140276638735302481", "K": "-43463.243880230015697919", "L": null}
{"eval": 2715, "purpose": "two-sided pair-side stationary/root profile", "status": "NUMERICAL_TWO_HALF_PASSAGES", "r": "1296.051549765620169441", "c": "0.35002140276638735302481", "K": "-43463.243880230015697919", "L": null}
{"eval": 2716, "purpose": "two-sided pair-side stationary/root profile", "status": "NUMERICAL_TWO_HALF_PASSAGES", "r": "2609.9273173618246857153", "c": "0.35002140276638735302481", "K": "-43463.243880230015697919", "L": null}
{"eval": 2717, "purpose": "two-sided pair-side stationary/root profile", "status": "NUMERICAL_TWO_HALF_PASSAGES", "r": "3523.0333764740692545914", "c": "0.35002140276638735302481", "K": "-43463.243880230015697919", "L": null}
{"eval": 2718, "purpose": "two-sided pair-side stationary/root profile", "status": "NUMERICAL_TWO_HALF_PASSAGES", "r": "4755.5976326177470978607", "c": "0.35002140276638735302481", "K": "-43463.243880230015697919", "L": null}
{"eval": 2719, "purpose": "two-sided pair-side stationary/root profile", "status": "NUMERICAL_TWO_HALF_PASSAGES", "r": "9576.5976083241768535004", "c": "0.35002140276638735302481", "K": "-43463.243880230015697919", "L": null}
{"eval": 2720, "purpose": "two-sided pair-side stationary/root profile", "status": "NUMERICAL_TWO_HALF_PASSAGES", "r": "26031.891257171962976713", "c": "0.35002140276638735302481", "K": "-43463.243880230015697919", "L": null}
{"eval": 2721, "purpose": "two-sided pair-side stationary/root profile", "status": "NUMERICAL_TWO_HALF_PASSAGES", "r": "192351.1048605059647798", "c": "0.35002140276638735302481", "K": "-43463.243880230015697919", "L": null}
{"eval": 2722, "purpose": "two-sided pair-side stationary/root profile", "status": "NUMERICAL_TWO_HALF_PASSAGES", "r": "3863475.2188916354173216", "c": "0.35002140276638735302481", "K": "-43463.243880230015697919", "L": null}
{"eval": 2723, "purpose": "two-sided pair-side stationary/root profile", "status": "NUMERICAL_TWO_HALF_PASSAGES", "r": "573390562.35022625635611", "c": "0.35002140276638735302481", "K": "-43463.243880230015697919", "L": null}
{"eval": 2724, "purpose": "two-sided simple-root refinement", "status": "NUMERICAL_TWO_HALF_PASSAGES", "r": "3323.1921067758792927016", "c": "0.35002140276638735302481", "K": "-43463.243880230015697919", "L": null}
{"eval": 2725, "purpose": "two-sided simple-root refinement", "status": "NUMERICAL_TWO_HALF_PASSAGES", "r": "3198.3855300566343449198", "c": "0.35002140276638735302481", "K": "-43463.243880230015697919", "L": null}
{"eval": 2726, "purpose": "two-sided simple-root refinement", "status": "NUMERICAL_TWO_HALF_PASSAGES", "r": "3139.6812672023783101771", "c": "0.35002140276638735302481", "K": "-43463.243880230015697919", "L": null}
{"eval": 2727, "purpose": "two-sided simple-root refinement", "status": "NUMERICAL_TWO_HALF_PASSAGES", "r": "3115.7592997639509588836", "c": "0.35002140276638735302481", "K": "-43463.243880230015697919", "L": null}
{"eval": 2728, "purpose": "two-sided simple-root refinement", "status": "NUMERICAL_TWO_HALF_PASSAGES", "r": "2851.6495771356770771998", "c": "0.35002140276638735302481", "K": "-43463.243880230015697919", "L": null}
{"eval": 2729, "purpose": "two-sided simple-root refinement", "status": "NUMERICAL_TWO_HALF_PASSAGES", "r": "3104.4968820952088217613", "c": "0.35002140276638735302481", "K": "-43463.243880230015697919", "L": null}
{"eval": 2730, "purpose": "two-sided simple-root refinement", "status": "NUMERICAL_TWO_HALF_PASSAGES", "r": "2975.3885832015001151607", "c": "0.35002140276638735302481", "K": "-43463.243880230015697919", "L": null}
{"eval": 2731, "purpose": "two-sided simple-root refinement", "status": "NUMERICAL_TWO_HALF_PASSAGES", "r": "3039.2572414277041459307", "c": "0.35002140276638735302481", "K": "-43463.243880230015697919", "L": null}
{"eval": 2732, "purpose": "two-sided simple-root refinement", "status": "NUMERICAL_TWO_HALF_PASSAGES", "r": "3698.7008364624392926512", "c": "0.35002140276638735302481", "K": "-43463.243880230015697919", "L": null}
{"eval": 2733, "purpose": "two-sided simple-root refinement", "status": "NUMERICAL_TWO_HALF_PASSAGES", "r": "3833.7489174096882447174", "c": "0.35002140276638735302481", "K": "-43463.243880230015697919", "L": null}
{"eval": 2734, "purpose": "two-sided simple-root refinement", "status": "NUMERICAL_TWO_HALF_PASSAGES", "r": "3915.1417912237714196166", "c": "0.35002140276638735302481", "K": "-43463.243880230015697919", "L": null}
{"eval": 2735, "purpose": "two-sided simple-root refinement", "status": "NUMERICAL_TWO_HALF_PASSAGES", "r": "3957.2088803231382265757", "c": "0.35002140276638735302481", "K": "-43463.243880230015697919", "L": null}
{"eval": 2736, "purpose": "two-sided simple-root refinement", "status": "NUMERICAL_TWO_HALF_PASSAGES", "r": "4338.0748245089827919152", "c": "0.35002140276638735302481", "K": "-43463.243880230015697919", "L": null}
{"eval": 2737, "purpose": "two-sided simple-root refinement", "status": "NUMERICAL_TWO_HALF_PASSAGES", "r": "3983.7099723570882339185", "c": "0.35002140276638735302481", "K": "-43463.243880230015697919", "L": null}
{"eval": 2738, "purpose": "two-sided simple-root refinement", "status": "NUMERICAL_TWO_HALF_PASSAGES", "r": "4157.1182253127779224755", "c": "0.35002140276638735302481", "K": "-43463.243880230015697919", "L": null}
{"eval": 2739, "purpose": "two-sided simple-root refinement", "status": "NUMERICAL_TWO_HALF_PASSAGES", "r": "3992.2744346780148592124", "c": "0.35002140276638735302481", "K": "-43463.243880230015697919", "L": null}
POINT 3523.0333764740692545914 0.34999999999999999999458 188826.67386628099870904 K -43472.134989244629707628 BRACKETS 2
{"eval": 2740, "purpose": "actual-coefficient fold continuation through c=5/11", "status": "UNRESOLVED", "r": null, "c": null, "K": null, "L": null}
