{"eval": 3148, "purpose": "binary128 two-sided fold correction", "status": "NUMERICAL_TWO_HALF_PASSAGES", "r": "733416444748324.175069574953387832703", "c": "1.59218735224463159727320774556395751", "K": "7.04141210596577976040367061350360656", "L": null}
{"eval": 3149, "purpose": "binary128 two-sided fold correction", "status": "NUMERICAL_TWO_HALF_PASSAGES", "r": "733416444748324.175069574953387832703", "c": "1.59215134537884604163030895558455655", "K": "7.0407423884525904290189028185812552", "L": null}
{"eval": 3150, "purpose": "binary128 two-sided fold correction", "status": "NUMERICAL_TWO_HALF_PASSAGES", "r": "733416444748324.175069574953387832703", "c": "1.59215134414205588839863430579853823", "K": "7.04074234868043039594282503691870241", "L": null}
{"eval": 3151, "purpose": "binary128 two-sided fold correction", "status": "NUMERICAL_TWO_HALF_PASSAGES", "r": "733416444748324.175069574953387832703", "c": "1.59215134414205588694074335798796206", "K": "7.04074234868043038754800162275472733", "L": null}
{"eval": 3152, "purpose": "two-sided pair-side stationary/root profile", "status": "NUMERICAL_TWO_HALF_PASSAGES", "r": "0.00247875217666636700651797320407595379", "c": "1.5921513441420558869422556309945599", "K": "7.04074234868043038754800162275472733", "L": null}
{"eval": 3153, "purpose": "two-sided pair-side stationary/root profile", "status": "NUMERICAL_TWO_HALF_PASSAGES", "r": "4506266379.95670980685550095019231317", "c": "1.5921513441420558869422556309945599", "K": "7.04074234868043038754800162275472733", "L": null}
{"eval": 3154, "purpose": "two-sided pair-side stationary/root profile", "status": "NUMERICAL_TWO_HALF_PASSAGES", "r": "668789229207.107085048430312002275827", "c": "1.5921513441420558869422556309945599", "K": "7.04074234868043038754800162275472733", "L": null}
{"eval": 3155, "purpose": "two-sided pair-side stationary/root profile", "status": "NUMERICAL_TWO_HALF_PASSAGES", "r": "13432990757069.569534557778685486796", "c": "1.5921513441420558869422556309945599", "K": "7.04074234868043038754800162275472733", "L": null}
{"eval": 3156, "purpose": "two-sided pair-side stationary/root profile", "status": "NUMERICAL_TWO_HALF_PASSAGES", "r": "99257122280403.9552800102030195382154", "c": "1.5921513441420558869422556309945599", "K": "7.04074234868043038754800162275472733", "L": null}
{"eval": 3157, "purpose": "two-sided pair-side stationary/root profile", "status": "NUMERICAL_TWO_HALF_PASSAGES", "r": "269808831839959.501195369253669191988", "c": "1.5921513441420558869422556309945599", "K": "7.04074234868043038754800162275472733", "L": null}
{"eval": 3158, "purpose": "two-sided pair-side stationary/root profile", "status": "NUMERICAL_TWO_HALF_PASSAGES", "r": "543328265617164.963042347190482448738", "c": "1.5921513441420558869422556309945599", "K": "7.04074234868043038754800162275472733", "L": null}
{"eval": 3159, "purpose": "two-sided pair-side stationary/root profile", "status": "NUMERICAL_TWO_HALF_PASSAGES", "r": "733416444748324.175069574953387832703", "c": "1.5921513441420558869422556309945599", "K": "7.04074234868043038754800162275472733", "L": null}
{"eval": 3160, "purpose": "two-sided pair-side stationary/root profile", "status": "NUMERICAL_TWO_HALF_PASSAGES", "r": "990008647564604.423905128673247222045", "c": "1.5921513441420558869422556309945599", "K": "7.04074234868043038754800162275472733", "L": null}
{"eval": 3161, "purpose": "two-sided pair-side stationary/root profile", "status": "NUMERICAL_TWO_HALF_PASSAGES", "r": "1993632594452406.96304131597460592026", "c": "1.5921513441420558869422556309945599", "K": "7.04074234868043038754800162275472733", "L": null}
{"eval": 3162, "purpose": "two-sided pair-side stationary/root profile", "status": "NUMERICAL_TWO_HALF_PASSAGES", "r": "5419255254123639.00203822252390382583", "c": "1.5921513441420558869422556309945599", "K": "7.04074234868043038754800162275472733", "L": null}
{"eval": 3163, "purpose": "two-sided pair-side stationary/root profile", "status": "NUMERICAL_TWO_HALF_PASSAGES", "r": "40043181087144245.5476310151190609196", "c": "1.5921513441420558869422556309945599", "K": "7.04074234868043038754800162275472733", "L": null}
{"eval": 3164, "purpose": "two-sided pair-side stationary/root profile", "status": "NUMERICAL_TWO_HALF_PASSAGES", "r": "804288792247725837.908137494072997487", "c": "1.5921513441420558869422556309945599", "K": "7.04074234868043038754800162275472733", "L": null}
{"eval": 3165, "purpose": "two-sided pair-side stationary/root profile", "status": "UNRESOLVED", "r": null, "c": null, "K": null, "L": null}
{"eval": 3166, "purpose": "two-sided simple-root refinement", "status": "NUMERICAL_TWO_HALF_PASSAGES", "r": "703292809541707.471939411591113576342", "c": "1.5921513441420558869422556309945599", "K": "7.04074234868043038754800162275472733", "L": null}
{"eval": 3167, "purpose": "two-sided simple-root refinement", "status": "NUMERICAL_TWO_HALF_PASSAGES", "r": "680807807228316.725255822066021880535", "c": "1.5921513441420558869422556309945599", "K": "7.04074234868043038754800162275472733", "L": null}
{"eval": 3168, "purpose": "two-sided simple-root refinement", "status": "NUMERICAL_TWO_HALF_PASSAGES", "r": "666638945837284.036611832815717525831", "c": "1.5921513441420558869422556309945599", "K": "7.04074234868043038754800162275472733", "L": null}
{"eval": 3169, "purpose": "two-sided simple-root refinement", "status": "NUMERICAL_TWO_HALF_PASSAGES", "r": "658646418278160.660372592753658084952", "c": "1.5921513441420558869422556309945599", "K": "7.04074234868043038754800162275472733", "L": null}
{"eval": 3170, "purpose": "two-sided simple-root refinement", "status": "NUMERICAL_TWO_HALF_PASSAGES", "r": "654418532553897.741528466483703774985", "c": "1.5921513441420558869422556309945599", "K": "7.04074234868043038754800162275472733", "L": null}
{"eval": 3171, "purpose": "two-sided simple-root refinement", "status": "NUMERICAL_TWO_HALF_PASSAGES", "r": "596291947187147.135256305477052069788", "c": "1.5921513441420558869422556309945599", "K": "7.04074234868043038754800162275472733", "L": null}
{"eval": 3172, "purpose": "two-sided simple-root refinement", "status": "NUMERICAL_TWO_HALF_PASSAGES", "r": "651438877805858.212859524933917009307", "c": "1.5921513441420558869422556309945599", "K": "7.04074234868043038754800162275472733", "L": null}
{"eval": 3173, "purpose": "two-sided simple-root refinement", "status": "NUMERICAL_TWO_HALF_PASSAGES", "r": "623255771670239.088791907012518452632", "c": "1.5921513441420558869422556309945599", "K": "7.04074234868043038754800162275472733", "L": null}
{"eval": 3174, "purpose": "two-sided simple-root refinement", "status": "NUMERICAL_TWO_HALF_PASSAGES", "r": "784511349770753.135553915512272556056", "c": "1.5921513441420558869422556309945599", "K": "7.04074234868043038754800162275472733", "L": null}
{"eval": 3175, "purpose": "two-sided simple-root refinement", "status": "NUMERICAL_TWO_HALF_PASSAGES", "r": "817050420009532.524671991889195020562", "c": "1.5921513441420558869422556309945599", "K": "7.04074234868043038754800162275472733", "L": null}
{"eval": 3176, "purpose": "two-sided simple-root refinement", "status": "NUMERICAL_TWO_HALF_PASSAGES", "r": "830862118769428.6733533277740046775", "c": "1.5921513441420558869422556309945599", "K": "7.04074234868043038754800162275472733", "L": null}
{"eval": 3177, "purpose": "two-sided simple-root refinement", "status": "NUMERICAL_TWO_HALF_PASSAGES", "r": "835686890111845.857968856350600562891", "c": "1.5921513441420558869422556309945599", "K": "7.04074234868043038754800162275472733", "L": null}
{"eval": 3178, "purpose": "two-sided simple-root refinement", "status": "NUMERICAL_TWO_HALF_PASSAGES", "r": "909580808871371.643385466200986296014", "c": "1.5921513441420558869422556309945599", "K": "7.04074234868043038754800162275472733", "L": null}
{"eval": 3179, "purpose": "two-sided simple-root refinement", "status": "NUMERICAL_TWO_HALF_PASSAGES", "r": "871851339088914.759152138202764543203", "c": "1.5921513441420558869422556309945599", "K": "7.04074234868043038754800162275472733", "L": null}
{"eval": 3180, "purpose": "two-sided simple-root refinement", "status": "NUMERICAL_TWO_HALF_PASSAGES", "r": "837727900897425.577859816518086387145", "c": "1.5921513441420558869422556309945599", "K": "7.04074234868043038754800162275472733", "L": null}
{"eval": 3181, "purpose": "two-sided simple-root refinement", "status": "NUMERICAL_TWO_HALF_PASSAGES", "r": "854619325892859.83584331655228476677", "c": "1.5921513441420558869422556309945599", "K": "7.04074234868043038754800162275472733", "L": null}
POINT 733416444748324.175069574953387832703 1.59215134414205588694074335798796206 7.04074234868043038754800162275472733 BRACKETS 2
{"eval": 3182, "purpose": "binary128 two-sided fold correction", "status": "NUMERICAL_TWO_HALF_PASSAGES", "r": "5419255254123639.00203822252390382583", "c": "1.59264908594205922230030703414861849", "K": "7.04994180425946864723752058172380471", "L": null}
{"eval": 3183, "purpose": "binary128 two-sided fold correction", "status": "NUMERICAL_TWO_HALF_PASSAGES", "r": "5419255254123639.00203822252390382583", "c": "1.59261939057086587212202213586238271", "K": "7.0493900803910274725885752791100558", "L": null}
{"eval": 3184, "purpose": "binary128 two-sided fold correction", "status": "NUMERICAL_TWO_HALF_PASSAGES", "r": "5419255254123639.00203822252390382583", "c": "1.59261938973365232193690108773644329", "K": "7.04939005342531325421910055336476841", "L": null}
{"eval": 3185, "purpose": "binary128 two-sided fold correction", "status": "NUMERICAL_TWO_HALF_PASSAGES", "r": "5419255254123639.00203822252390382583", "c": "1.59261938973365232127200051906964812", "K": "7.04939005342531325053777474733964048", "L": null}
{"eval": 3186, "purpose": "two-sided pair-side stationary/root profile", "status": "NUMERICAL_TWO_HALF_PASSAGES", "r": "0.00247875217666636700651797320407595379", "c": "1.59261938973365232127212960815400204", "K": "7.04939005342531325053777474733964048", "L": null}
{"eval": 3187, "purpose": "two-sided pair-side stationary/root profile", "status": "NUMERICAL_TWO_HALF_PASSAGES", "r": "33297055078.2252694048295892513944647", "c": "1.59261938973365232127212960815400204", "K": "7.04939005342531325053777474733964048", "L": null}
{"eval": 3188, "purpose": "two-sided pair-side stationary/root profile", "status": "NUMERICAL_TWO_HALF_PASSAGES", "r": "4941721132971.90315984696526468819966", "c": "1.59261938973365232127212960815400204", "K": "7.04939005342531325053777474733964048", "L": null}
{"eval": 3189, "purpose": "two-sided pair-side stationary/root profile", "status": "NUMERICAL_TWO_HALF_PASSAGES", "r": "99257122280403.9552800102030195382154", "c": "1.59261938973365232127212960815400204", "K": "7.04939005342531325053777474733964048", "L": null}
{"eval": 3190, "purpose": "two-sided pair-side stationary/root profile", "status": "NUMERICAL_TWO_HALF_PASSAGES", "r": "733416444748324.175069574953387832703", "c": "1.59261938973365232127212960815400204", "K": "7.04939005342531325053777474733964048", "L": null}
{"eval": 3191, "purpose": "two-sided pair-side stationary/root profile", "status": "NUMERICAL_TWO_HALF_PASSAGES", "r": "1993632594452406.96304131597460592047", "c": "1.59261938973365232127212960815400204", "K": "7.04939005342531325053777474733964048", "L": null}
{"eval": 3192, "purpose": "two-sided pair-side stationary/root profile", "status": "NUMERICAL_TWO_HALF_PASSAGES", "r": "4014683034779925.0774973287605240993", "c": "1.59261938973365232127212960815400204", "K": "7.04939005342531325053777474733964048", "L": null}
{"eval": 3193, "purpose": "two-sided pair-side stationary/root profile", "status": "NUMERICAL_TWO_HALF_PASSAGES", "r": "5419255254123639.00203822252390382583", "c": "1.59261938973365232127212960815400204", "K": "7.04939005342531325053777474733964048", "L": null}
{"eval": 3194, "purpose": "two-sided pair-side stationary/root profile", "status": "NUMERICAL_TWO_HALF_PASSAGES", "r": "7315229435281324.94023005527941015767", "c": "1.59261938973365232127212960815400204", "K": "7.04939005342531325053777474733964048", "L": null}
{"eval": 3195, "purpose": "two-sided pair-side stationary/root profile", "status": "NUMERICAL_TWO_HALF_PASSAGES", "r": "14731063081065493.2680792156050167026", "c": "1.59261938973365232127212960815400204", "K": "7.04939005342531325053777474733964048", "L": null}
{"eval": 3196, "purpose": "two-sided pair-side stationary/root profile", "status": "NUMERICAL_TWO_HALF_PASSAGES", "r": "40043181087144245.5476310151190609196", "c": "1.59261938973365232127212960815400204", "K": "7.04939005342531325053777474733964048", "L": null}
{"eval": 3197, "purpose": "two-sided pair-side stationary/root profile", "status": "NUMERICAL_TWO_HALF_PASSAGES", "r": "295881311432547652.547112249151329666", "c": "1.59261938973365232127212960815400204", "K": "7.04939005342531325053777474733964048", "L": null}
{"eval": 3198, "purpose": "two-sided pair-side stationary/root profile", "status": "NUMERICAL_TWO_HALF_PASSAGES", "r": "5942935005659625276.49151502965207783", "c": "1.59261938973365232127212960815400204", "K": "7.04939005342531325053777474733964048", "L": null}
{"eval": 3199, "purpose": "two-sided pair-side stationary/root profile", "status": "NUMERICAL_TWO_HALF_PASSAGES", "r": "882009758531233953273.366839413734851", "c": "1.59261938973365232127212960815400204", "K": "7.04939005342531325053777474733964048", "L": null}
{"eval": 3200, "purpose": "two-sided simple-root refinement", "status": "NUMERICAL_TWO_HALF_PASSAGES", "r": "5196711949482614.382886699421312756", "c": "1.59261938973365232127212960815400204", "K": "7.04939005342531325053777474733964048", "L": null}
{"eval": 3201, "purpose": "two-sided simple-root refinement", "status": "NUMERICAL_TWO_HALF_PASSAGES", "r": "5030587847691249.08585533075573519197", "c": "1.59261938973365232127212960815400204", "K": "7.04939005342531325053777474733964048", "L": null}
{"eval": 3202, "purpose": "two-sided simple-root refinement", "status": "NUMERICAL_TWO_HALF_PASSAGES", "r": "4925891882528542.16525272447277791418", "c": "1.59261938973365232127212960815400204", "K": "7.04939005342531325053777474733964048", "L": null}
{"eval": 3203, "purpose": "two-sided simple-root refinement", "status": "NUMERICAL_TWO_HALF_PASSAGES", "r": "4866825084501044.14817447831376386741", "c": "1.59261938973365232127212960815400204", "K": "7.04939005342531325053777474733964048", "L": null}
{"eval": 3204, "purpose": "two-sided simple-root refinement", "status": "NUMERICAL_TWO_HALF_PASSAGES", "r": "4835575262073244.50688034683397896821", "c": "1.59261938973365232127212960815400204", "K": "7.04939005342531325053777474733964048", "L": null}
{"eval": 3205, "purpose": "two-sided simple-root refinement", "status": "NUMERICAL_TWO_HALF_PASSAGES", "r": "4406052878489651.62622398140003933398", "c": "1.59261938973365232127212960815400204", "K": "7.04939005342531325053777474733964048", "L": null}
{"eval": 3206, "purpose": "two-sided simple-root refinement", "status": "NUMERICAL_TWO_HALF_PASSAGES", "r": "4813546658941925.67345187492654187342", "c": "1.59261938973365232127212960815400204", "K": "7.04939005342531325053777474733964048", "L": null}
{"eval": 3207, "purpose": "two-sided simple-root refinement", "status": "NUMERICAL_TWO_HALF_PASSAGES", "r": "4605294899610156.01820403180367935296", "c": "1.59261938973365232127212960815400204", "K": "7.04939005342531325053777474733964048", "L": null}
{"eval": 3208, "purpose": "two-sided simple-root refinement", "status": "NUMERICAL_TWO_HALF_PASSAGES", "r": "5796869136890573.58350696096039003733", "c": "1.59261938973365232127212960815400204", "K": "7.04939005342531325053777474733964048", "L": null}
{"eval": 3209, "purpose": "two-sided simple-root refinement", "status": "NUMERICAL_TWO_HALF_PASSAGES", "r": "6037316315073549.81409067289159642994", "c": "1.59261938973365232127212960815400204", "K": "7.04939005342531325053777474733964048", "L": null}
{"eval": 3210, "purpose": "two-sided simple-root refinement", "status": "NUMERICAL_TWO_HALF_PASSAGES", "r": "6139352708447642.83042949851534727124", "c": "1.59261938973365232127212960815400204", "K": "7.04939005342531325053777474733964048", "L": null}
{"eval": 3211, "purpose": "two-sided simple-root refinement", "status": "NUMERICAL_TWO_HALF_PASSAGES", "r": "6174987003769376.40956135925787680828", "c": "1.59261938973365232127212960815400204", "K": "7.04939005342531325053777474733964048", "L": null}
{"eval": 3212, "purpose": "two-sided simple-root refinement", "status": "NUMERICAL_TWO_HALF_PASSAGES", "r": "6720970665942039.06830228822523702094", "c": "1.59261938973365232127212960815400204", "K": "7.04939005342531325053777474733964048", "L": null}
{"eval": 3213, "purpose": "two-sided simple-root refinement", "status": "NUMERICAL_TWO_HALF_PASSAGES", "r": "6442197335917870.05558811226269323464", "c": "1.59261938973365232127212960815400204", "K": "7.04939005342531325053777474733964048", "L": null}
{"eval": 3214, "purpose": "two-sided simple-root refinement", "status": "NUMERICAL_TWO_HALF_PASSAGES", "r": "6190055985636668.51552253658134531127", "c": "1.59261938973365232127212960815400204", "K": "7.04939005342531325053777474733964048", "L": null}
{"eval": 3215, "purpose": "two-sided simple-root refinement", "status": "NUMERICAL_TWO_HALF_PASSAGES", "r": "6314868342242062.2324154983265279634", "c": "1.59261938973365232127212960815400204", "K": "7.04939005342531325053777474733964048", "L": null}
POINT 5419255254123639.00203822252390382583 1.59261938973365232127200051906964812 7.04939005342531325053777474733964048 BRACKETS 2
{"eval": 3216, "purpose": "binary128 two-sided fold correction", "status": "NUMERICAL_TWO_HALF_PASSAGES", "r": "40043181087144245.5476310151190609196", "c": "1.59305951164040565783146857028228605", "K": "7.05751911403339015265046606033332537", "L": null}
{"eval": 3217, "purpose": "binary128 two-sided fold correction", "status": "NUMERICAL_TWO_HALF_PASSAGES", "r": "40043181087144245.5476310151190609196", "c": "1.59303473406219931129172103556447786", "K": "7.05705920283778428032218181872789735", "L": null}
{"eval": 3218, "purpose": "binary128 two-sided fold correction", "status": "NUMERICAL_TWO_HALF_PASSAGES", "r": "40043181087144245.5476310151190609196", "c": "1.59303473348178026258171485751858352", "K": "7.05705918411665138282930186781717699", "L": null}
{"eval": 3219, "purpose": "binary128 two-sided fold correction", "status": "NUMERICAL_TWO_HALF_PASSAGES", "r": "40043181087144245.5476310151190609196", "c": "1.59303473348178026226347889957709373", "K": "7.05705918411665138113043770771787927", "L": null}
{"eval": 3220, "purpose": "two-sided pair-side stationary/root profile", "status": "NUMERICAL_TWO_HALF_PASSAGES", "r": "0.00247875217666636700651797320407595379", "c": "1.59303473348178026226348995733222162", "K": "7.05705918411665138113043770771787927", "L": null}
{"eval": 3221, "purpose": "two-sided pair-side stationary/root profile", "status": "NUMERICAL_TWO_HALF_PASSAGES", "r": "246033807902.190205788103312683893935", "c": "1.59303473348178026226348995733222162", "K": "7.05705918411665138113043770771787927", "L": null}
{"eval": 3222, "purpose": "two-sided pair-side stationary/root profile", "status": "NUMERICAL_TWO_HALF_PASSAGES", "r": "36514654676800.5238012423945477126855", "c": "1.59303473348178026226348995733222162", "K": "7.05705918411665138113043770771787927", "L": null}
{"eval": 3223, "purpose": "two-sided pair-side stationary/root profile", "status": "NUMERICAL_TWO_HALF_PASSAGES", "r": "733416444748324.175069574953387832703", "c": "1.59303473348178026226348995733222162", "K": "7.05705918411665138113043770771787927", "L": null}
{"eval": 3224, "purpose": "two-sided pair-side stationary/root profile", "status": "NUMERICAL_TWO_HALF_PASSAGES", "r": "5419255254123639.00203822252390382583", "c": "1.59303473348178026226348995733222162", "K": "7.05705918411665138113043770771787927", "L": null}
{"eval": 3225, "purpose": "two-sided pair-side stationary/root profile", "status": "NUMERICAL_TWO_HALF_PASSAGES", "r": "14731063081065493.2680792156050167026", "c": "1.59303473348178026226348995733222162", "K": "7.05705918411665138113043770771787927", "L": null}
{"eval": 3226, "purpose": "two-sided pair-side stationary/root profile", "status": "NUMERICAL_TWO_HALF_PASSAGES", "r": "29664718163414017.1604408390417951663", "c": "1.59303473348178026226348995733222162", "K": "7.05705918411665138113043770771787927", "L": null}
{"eval": 3227, "purpose": "two-sided pair-side stationary/root profile", "status": "NUMERICAL_TWO_HALF_PASSAGES", "r": "40043181087144245.5476310151190609196", "c": "1.59303473348178026226348995733222162", "K": "7.05705918411665138113043770771787927", "L": null}
{"eval": 3228, "purpose": "two-sided pair-side stationary/root profile", "status": "NUMERICAL_TWO_HALF_PASSAGES", "r": "54052640673842490.3313136520919840039", "c": "1.59303473348178026226348995733222162", "K": "7.05705918411665138113043770771787927", "L": null}
{"eval": 3229, "purpose": "two-sided pair-side stationary/root profile", "status": "NUMERICAL_TWO_HALF_PASSAGES", "r": "108848651502879118.573618038982450493", "c": "1.59303473348178026226348995733222162", "K": "7.05705918411665138113043770771787927", "L": null}
{"eval": 3230, "purpose": "two-sided pair-side stationary/root profile", "status": "NUMERICAL_TWO_HALF_PASSAGES", "r": "295881311432547652.547112249151329666", "c": "1.59303473348178026226348995733222162", "K": "7.05705918411665138113043770771787927", "L": null}
{"eval": 3231, "purpose": "two-sided pair-side stationary/root profile", "status": "NUMERICAL_TWO_HALF_PASSAGES", "r": "2186283608800265357.44676234413841986", "c": "1.59303473348178026226348995733222162", "K": "7.05705918411665138113043770771787927", "L": null}
{"eval": 3232, "purpose": "two-sided pair-side stationary/root profile", "status": "NUMERICAL_TWO_HALF_PASSAGES", "r": "43912680149117712475.0873571451275694", "c": "1.59303473348178026226348995733222162", "K": "7.05705918411665138113043770771787927", "L": null}
{"eval": 3233, "purpose": "two-sided pair-side stationary/root profile", "status": "NUMERICAL_TWO_HALF_PASSAGES", "r": "6517219585591564348095.76563982573862", "c": "1.59303473348178026226348995733222162", "K": "7.05705918411665138113043770771787927", "L": null}
{"eval": 3234, "purpose": "two-sided simple-root refinement", "status": "NUMERICAL_TWO_HALF_PASSAGES", "r": "38399070854000767.2037943148503609941", "c": "1.59303473348178026226348995733222162", "K": "7.05705918411665138113043770771787927", "L": null}
{"eval": 3235, "purpose": "two-sided simple-root refinement", "status": "NUMERICAL_TWO_HALF_PASSAGES", "r": "37171693708103302.9272762096529009665", "c": "1.59303473348178026226348995733222162", "K": "7.05705918411665138113043770771787927", "L": null}
{"eval": 3236, "purpose": "two-sided simple-root refinement", "status": "NUMERICAL_TWO_HALF_PASSAGES", "r": "36398079969845235.2877645588704834598", "c": "1.59303473348178026226348995733222162", "K": "7.05705918411665138113043770771787927", "L": null}
{"eval": 3237, "purpose": "two-sided simple-root refinement", "status": "NUMERICAL_TWO_HALF_PASSAGES", "r": "35961569590039422.3018868335648687215", "c": "1.59303473348178026226348995733222162", "K": "7.05705918411665138113043770771787927", "L": null}
{"eval": 3238, "purpose": "two-sided simple-root refinement", "status": "NUMERICAL_TWO_HALF_PASSAGES", "r": "35730598313826231.3533690832902452311", "c": "1.59303473348178026226348995733222162", "K": "7.05705918411665138113043770771787927", "L": null}
{"eval": 3239, "purpose": "two-sided simple-root refinement", "status": "NUMERICAL_TWO_HALF_PASSAGES", "r": "32556690998776445.986285482754684445", "c": "1.59303473348178026226348995733222162", "K": "7.05705918411665138113043770771787927", "L": null}
{"eval": 3240, "purpose": "two-sided simple-root refinement", "status": "NUMERICAL_TWO_HALF_PASSAGES", "r": "35567751330277481.6394881485571987378", "c": "1.59303473348178026226348995733222162", "K": "7.05705918411665138113043770771787927", "L": null}
{"eval": 3241, "purpose": "two-sided simple-root refinement", "status": "NUMERICAL_TWO_HALF_PASSAGES", "r": "34028933124345286.3131835187084050301", "c": "1.59303473348178026226348995733222162", "K": "7.05705918411665138113043770771787927", "L": null}
{"eval": 3242, "purpose": "two-sided simple-root refinement", "status": "NUMERICAL_TWO_HALF_PASSAGES", "r": "42833856426568093.9401725663380842146", "c": "1.59303473348178026226348995733222162", "K": "7.05705918411665138113043770771787927", "L": null}
{"eval": 3243, "purpose": "two-sided simple-root refinement", "status": "NUMERICAL_TWO_HALF_PASSAGES", "r": "44610628157722177.8818624529400488701", "c": "1.59303473348178026226348995733222162", "K": "7.05705918411665138113043770771787927", "L": null}
{"eval": 3244, "purpose": "two-sided simple-root refinement", "status": "NUMERICAL_TWO_HALF_PASSAGES", "r": "45364455956392352.147696282289501532", "c": "1.59303473348178026226348995733222162", "K": "7.05705918411665138113043770771787927", "L": null}
{"eval": 3245, "purpose": "two-sided simple-root refinement", "status": "NUMERICAL_TWO_HALF_PASSAGES", "r": "45627654661123875.3128061733944224321", "c": "1.59303473348178026226348995733222162", "K": "7.05705918411665138113043770771787927", "L": null}
{"eval": 3246, "purpose": "two-sided simple-root refinement", "status": "NUMERICAL_TWO_HALF_PASSAGES", "r": "49661808486883593.0768091398754758709", "c": "1.59303473348178026226348995733222162", "K": "7.05705918411665138113043770771787927", "L": null}
{"eval": 3247, "purpose": "two-sided simple-root refinement", "status": "NUMERICAL_TWO_HALF_PASSAGES", "r": "47602015162032745.6602595520122981759", "c": "1.59303473348178026226348995733222162", "K": "7.05705918411665138113043770771787927", "L": null}
{"eval": 3248, "purpose": "two-sided simple-root refinement", "status": "NUMERICAL_TWO_HALF_PASSAGES", "r": "45738918019869570.1179567131040741568", "c": "1.59303473348178026226348995733222162", "K": "7.05705918411665138113043770771787927", "L": null}
{"eval": 3249, "purpose": "two-sided simple-root refinement", "status": "NUMERICAL_TWO_HALF_PASSAGES", "r": "46661168749580245.0039074465080014137", "c": "1.59303473348178026226348995733222162", "K": "7.05705918411665138113043770771787927", "L": null}
POINT 40043181087144245.5476310151190609196 1.59303473348178026226347889957709373 7.05705918411665138113043770771787927 BRACKETS 2
{"eval": 3250, "purpose": "binary128 two-sided fold correction", "status": "NUMERICAL_TWO_HALF_PASSAGES", "r": "295881311432547652.547112249151329666", "c": "1.5934266945957602147796942044073977", "K": "7.06429441725244050474888738689778529", "L": null}
{"eval": 3251, "purpose": "binary128 two-sided fold correction", "status": "NUMERICAL_TWO_HALF_PASSAGES", "r": "295881311432547652.547112249151329666", "c": "1.59340580568911217818878203207770209", "K": "7.06390701764038175499843887161761146", "L": null}
{"eval": 3252, "purpose": "binary128 two-sided fold correction", "status": "NUMERICAL_TWO_HALF_PASSAGES", "r": "295881311432547652.547112249151329666", "c": "1.59340580527813711006731207492228938", "K": "7.06390700436779910855822961173246106", "L": null}
{"eval": 3253, "purpose": "binary128 two-sided fold correction", "status": "NUMERICAL_TWO_HALF_PASSAGES", "r": "295881311432547652.547112249151329666", "c": "1.5934058052781371099083577066172161", "K": "7.06390700436779910773804298664181037", "L": null}
{"eval": 3254, "purpose": "two-sided pair-side stationary/root profile", "status": "NUMERICAL_TWO_HALF_PASSAGES", "r": "0.00247875217666636700651797320407595379", "c": "1.59340580527813710990835865677884849", "K": "7.06390700436779910773804298664181037", "L": null}
{"eval": 3255, "purpose": "two-sided pair-side stationary/root profile", "status": "NUMERICAL_TWO_HALF_PASSAGES", "r": "1817957608822.81054686500033282530341", "c": "1.59340580527813710990835865677884849", "K": "7.06390700436779910773804298664181037", "L": null}
{"eval": 3256, "purpose": "two-sided pair-side stationary/root profile", "status": "NUMERICAL_TWO_HALF_PASSAGES", "r": "269808831839959.501195369253669192015", "c": "1.59340580527813710990835865677884849", "K": "7.06390700436779910773804298664181037", "L": null}
{"eval": 3257, "purpose": "two-sided pair-side stationary/root profile", "status": "NUMERICAL_TWO_HALF_PASSAGES", "r": "5419255254123639.00203822252390382583", "c": "1.59340580527813710990835865677884849", "K": "7.06390700436779910773804298664181037", "L": null}
{"eval": 3258, "purpose": "two-sided pair-side stationary/root profile", "status": "NUMERICAL_TWO_HALF_PASSAGES", "r": "40043181087144245.5476310151190609196", "c": "1.59340580527813710990835865677884849", "K": "7.06390700436779910773804298664181037", "L": null}
{"eval": 3259, "purpose": "two-sided pair-side stationary/root profile", "status": "NUMERICAL_TWO_HALF_PASSAGES", "r": "108848651502879118.573618038982450507", "c": "1.59340580527813710990835865677884849", "K": "7.06390700436779910773804298664181037", "L": null}
{"eval": 3260, "purpose": "two-sided pair-side stationary/root profile", "status": "NUMERICAL_TWO_HALF_PASSAGES", "r": "219194266668433180.697539869930428019", "c": "1.59340580527813710990835865677884849", "K": "7.06390700436779910773804298664181037", "L": null}
{"eval": 3261, "purpose": "two-sided pair-side stationary/root profile", "status": "NUMERICAL_TWO_HALF_PASSAGES", "r": "295881311432547652.547112249151329666", "c": "1.59340580527813710990835865677884849", "K": "7.06390700436779910773804298664181037", "L": null}
{"eval": 3262, "purpose": "two-sided pair-side stationary/root profile", "status": "NUMERICAL_TWO_HALF_PASSAGES", "r": "399397994234362784.599615340657854157", "c": "1.59340580527813710990835865677884849", "K": "7.06390700436779910773804298664181037", "L": null}
{"eval": 3263, "purpose": "two-sided pair-side stationary/root profile", "status": "NUMERICAL_TWO_HALF_PASSAGES", "r": "804288792247725837.908137494072997598", "c": "1.59340580527813710990835865677884849", "K": "7.06390700436779910773804298664181037", "L": null}
{"eval": 3264, "purpose": "two-sided pair-side stationary/root profile", "status": "NUMERICAL_TWO_HALF_PASSAGES", "r": "2186283608800265357.44676234413841986", "c": "1.59340580527813710990835865677884849", "K": "7.06390700436779910773804298664181037", "L": null}
{"eval": 3265, "purpose": "two-sided pair-side stationary/root profile", "status": "NUMERICAL_TWO_HALF_PASSAGES", "r": "16154572233597712540.78027494195344", "c": "1.59340580527813710990835865677884849", "K": "7.06390700436779910773804298664181037", "L": null}
{"eval": 3266, "purpose": "two-sided pair-side stationary/root profile", "status": "NUMERICAL_TWO_HALF_PASSAGES", "r": "324473257076229128442.928389734373297", "c": "1.59340580527813710990835865677884849", "K": "7.06390700436779910773804298664181037", "L": null}
{"eval": 3267, "purpose": "two-sided pair-side stationary/root profile", "status": "UNRESOLVED", "r": null, "c": null, "K": null, "L": null}
{"eval": 3268, "purpose": "two-sided simple-root refinement", "status": "NUMERICAL_TWO_HALF_PASSAGES", "r": "283699055802044124.991487868956851093", "c": "1.59340580527813710990835865677884849", "K": "7.06390700436779910773804298664181037", "L": null}
{"eval": 3269, "purpose": "two-sided simple-root refinement", "status": "NUMERICAL_TWO_HALF_PASSAGES", "r": "274636942435939858.564289570640152532", "c": "1.59340580527813710990835865677884849", "K": "7.06390700436779910773804298664181037", "L": null}
{"eval": 3270, "purpose": "two-sided simple-root refinement", "status": "NUMERICAL_TWO_HALF_PASSAGES", "r": "268912436888369796.453466508017478925", "c": "1.59340580527813710990835865677884849", "K": "7.06390700436779910773804298664181037", "L": null}
{"eval": 3271, "purpose": "two-sided simple-root refinement", "status": "NUMERICAL_TWO_HALF_PASSAGES", "r": "265676101322386416.613200061717824901", "c": "1.59340580527813710990835865677884849", "K": "7.06390700436779910773804298664181037", "L": null}
{"eval": 3272, "purpose": "two-sided simple-root refinement", "status": "NUMERICAL_TWO_HALF_PASSAGES", "r": "263981820665410532.518055251364276076", "c": "1.59340580527813710990835865677884849", "K": "7.06390700436779910773804298664181037", "L": null}
{"eval": 3273, "purpose": "two-sided simple-root refinement", "status": "NUMERICAL_TWO_HALF_PASSAGES", "r": "240547919539023453.383369099901442162", "c": "1.59340580527813710990835865677884849", "K": "7.06390700436779910773804298664181037", "L": null}
{"eval": 3274, "purpose": "two-sided simple-root refinement", "status": "NUMERICAL_TWO_HALF_PASSAGES", "r": "262788022533972965.526225706315589681", "c": "1.59340580527813710990835865677884849", "K": "7.06390700436779910773804298664181037", "L": null}
{"eval": 3275, "purpose": "two-sided simple-root refinement", "status": "NUMERICAL_TWO_HALF_PASSAGES", "r": "251422179014344737.011915101270569495", "c": "1.59340580527813710990835865677884849", "K": "7.06390700436779910773804298664181037", "L": null}
{"eval": 3276, "purpose": "two-sided simple-root refinement", "status": "NUMERICAL_TWO_HALF_PASSAGES", "r": "316551498553061596.054213997888222953", "c": "1.59340580527813710990835865677884849", "K": "7.06390700436779910773804298664181037", "L": null}
{"eval": 3277, "purpose": "two-sided simple-root refinement", "status": "NUMERICAL_TWO_HALF_PASSAGES", "r": "329615294626592184.180865209678309435", "c": "1.59340580527813710990835865677884849", "K": "7.06390700436779910773804298664181037", "L": null}
{"eval": 3278, "purpose": "two-sided simple-root refinement", "status": "NUMERICAL_TWO_HALF_PASSAGES", "r": "335200526562884850.4495527809461492", "c": "1.59340580527813710990835865677884849", "K": "7.06390700436779910773804298664181037", "L": null}
{"eval": 3279, "purpose": "two-sided simple-root refinement", "status": "NUMERICAL_TWO_HALF_PASSAGES", "r": "337231118043904676.425384213386547194", "c": "1.59340580527813710990835865677884849", "K": "7.06390700436779910773804298664181037", "L": null}
{"eval": 3280, "purpose": "two-sided simple-root refinement", "status": "NUMERICAL_TWO_HALF_PASSAGES", "r": "367000588746322252.504036487874991168", "c": "1.59340580527813710990835865677884849", "K": "7.06390700436779910773804298664181037", "L": null}
{"eval": 3281, "purpose": "two-sided simple-root refinement", "status": "NUMERICAL_TWO_HALF_PASSAGES", "r": "351801106970534579.210660492237475794", "c": "1.59340580527813710990835865677884849", "K": "7.06390700436779910773804298664181037", "L": null}
{"eval": 3282, "purpose": "two-sided simple-root refinement", "status": "NUMERICAL_TWO_HALF_PASSAGES", "r": "338056102331160105.251627020960293712", "c": "1.59340580527813710990835865677884849", "K": "7.06390700436779910773804298664181037", "L": null}
POINT 295881311432547652.547112249151329666 1.5934058052781371099083577066172161 7.06390700436779910773804298664181037 BRACKETS 2
