{"eval": 1607, "purpose": "binary128 two-sided fold correction", "status": "NUMERICAL_TWO_HALF_PASSAGES", "r": "4506266379.95670980685550095019231317", "c": "1.58749366318797794575466330825787793", "K": "6.95440443214232224615002336564552772", "L": null}
{"eval": 1608, "purpose": "binary128 two-sided fold correction", "status": "NUMERICAL_TWO_HALF_PASSAGES", "r": "4506266379.95670980685550095019231317", "c": "1.58732817869455737814910503913352576", "K": "6.95129061178490798571424945575213508", "L": null}
{"eval": 1609, "purpose": "binary128 two-sided fold correction", "status": "NUMERICAL_TWO_HALF_PASSAGES", "r": "4506266379.95670980685550095019231317", "c": "1.58732815126123814976379382898937868", "K": "6.95128974396978522014704032564510829", "L": null}
{"eval": 1610, "purpose": "binary128 two-sided fold correction", "status": "NUMERICAL_TWO_HALF_PASSAGES", "r": "4506266379.95670980685550095019231317", "c": "1.58732815126123739676822334027976613", "K": "6.95128974396977924826188600956369886", "L": null}
{"eval": 1611, "purpose": "two-sided pair-side stationary/root profile", "status": "NUMERICAL_TWO_HALF_PASSAGES", "r": "0.00247875217666635820022120880497366914", "c": "1.58732815126124174926987794862492806", "K": "6.95128974396977924826188600956369886", "L": null}
{"eval": 1612, "purpose": "two-sided pair-side stationary/root profile", "status": "NUMERICAL_TWO_HALF_PASSAGES", "r": "27687.4575591176086016416032072799808", "c": "1.58732815126124174926987794862492806", "K": "6.95128974396977924826188600956369886", "L": null}
{"eval": 1613, "purpose": "two-sided pair-side stationary/root profile", "status": "NUMERICAL_TWO_HALF_PASSAGES", "r": "4109183.04386715889887577863551291501", "c": "1.58732815126124174926987794862492806", "K": "6.95128974396977924826188600956369886", "L": null}
{"eval": 1614, "purpose": "two-sided pair-side stationary/root profile", "status": "NUMERICAL_TWO_HALF_PASSAGES", "r": "82535147.7517305098693818438570771535", "c": "1.58732815126124174926987794862492806", "K": "6.95128974396977924826188600956369886", "L": null}
{"eval": 1615, "purpose": "two-sided pair-side stationary/root profile", "status": "NUMERICAL_TWO_HALF_PASSAGES", "r": "609856836.871066668012649999999999966", "c": "1.58732815126124174926987794862492806", "K": "6.95128974396977924826188600956369886", "L": null}
{"eval": 1616, "purpose": "two-sided pair-side stationary/root profile", "status": "NUMERICAL_TWO_HALF_PASSAGES", "r": "1657762757.6281327778528546100861437", "c": "1.58732815126124174926987794862492806", "K": "6.95128974396977924826188600956369886", "L": null}
{"eval": 1617, "purpose": "two-sided pair-side stationary/root profile", "status": "NUMERICAL_TWO_HALF_PASSAGES", "r": "3338324241.51737577370706482245012998", "c": "1.58732815126124174926987794862492806", "K": "6.95128974396977924826188600956369886", "L": null}
{"eval": 1618, "purpose": "two-sided pair-side stationary/root profile", "status": "NUMERICAL_TWO_HALF_PASSAGES", "r": "4506266379.95670980685550095019231317", "c": "1.58732815126124174926987794862492806", "K": "6.95128974396977924826188600956369886", "L": null}
{"eval": 1619, "purpose": "two-sided pair-side stationary/root profile", "status": "NUMERICAL_TWO_HALF_PASSAGES", "r": "6082823362.26819636622691719887724687", "c": "1.58732815126124174926987794862492806", "K": "6.95128974396977924826188600956369886", "L": null}
{"eval": 1620, "purpose": "two-sided pair-side stationary/root profile", "status": "NUMERICAL_TWO_HALF_PASSAGES", "r": "12249302014.8322478056280765171354053", "c": "1.58732815126124174926987794862492806", "K": "6.95128974396977924826188600956369886", "L": null}
{"eval": 1621, "purpose": "two-sided pair-side stationary/root profile", "status": "NUMERICAL_TWO_HALF_PASSAGES", "r": "33297055078.2252694048295892513944614", "c": "1.58732815126124174926987794862492806", "K": "6.95128974396977924826188600956369886", "L": null}
{"eval": 1622, "purpose": "two-sided pair-side stationary/root profile", "status": "NUMERICAL_TWO_HALF_PASSAGES", "r": "246033807902.190205788103312683893935", "c": "1.58732815126124174926987794862492806", "K": "6.95128974396977924826188600956369886", "L": null}
{"eval": 1623, "purpose": "two-sided pair-side stationary/root profile", "status": "NUMERICAL_TWO_HALF_PASSAGES", "r": "4941721132971.90315984696526468819966", "c": "1.58732815126124174926987794862492806", "K": "6.95128974396977924826188600956369886", "L": null}
{"eval": 1624, "purpose": "two-sided pair-side stationary/root profile", "status": "NUMERICAL_TWO_HALF_PASSAGES", "r": "733416444748324.175069574953387832703", "c": "1.58732815126124174926987794862492806", "K": "6.95128974396977924826188600956369886", "L": null}
{"eval": 1625, "purpose": "two-sided simple-root refinement", "status": "NUMERICAL_TWO_HALF_PASSAGES", "r": "4320821045.42047439079388446748793167", "c": "1.58732815126124174926987794862492806", "K": "6.95128974396977924826188600956369886", "L": null}
{"eval": 1626, "purpose": "two-sided simple-root refinement", "status": "NUMERICAL_TWO_HALF_PASSAGES", "r": "4182507369.51173126750717484847965576", "c": "1.58732815126124174926987794862492806", "K": "6.95128974396977924826188600956369886", "L": null}
{"eval": 1627, "purpose": "two-sided simple-root refinement", "status": "NUMERICAL_TWO_HALF_PASSAGES", "r": "4095463738.89441685466719354480560198", "c": "1.58732815126124174926987794862492806", "K": "6.95128974396977924826188600956369886", "L": null}
{"eval": 1628, "purpose": "two-sided simple-root refinement", "status": "NUMERICAL_TWO_HALF_PASSAGES", "r": "4046437955.23662855836442036977469013", "c": "1.58732815126124174926987794862492806", "K": "6.95128974396977924826188600956369886", "L": null}
{"eval": 1629, "purpose": "two-sided simple-root refinement", "status": "NUMERICAL_TWO_HALF_PASSAGES", "r": "4020544406.71696561368390762264103638", "c": "1.58732815126124174926987794862492806", "K": "6.95128974396977924826188600956369886", "L": null}
{"eval": 1630, "purpose": "two-sided simple-root refinement", "status": "NUMERICAL_TWO_HALF_PASSAGES", "r": "3663588521.79667439890945957356762725", "c": "1.58732815126124174926987794862492806", "K": "6.95128974396977924826188600956369886", "L": null}
{"eval": 1631, "purpose": "two-sided simple-root refinement", "status": "NUMERICAL_TWO_HALF_PASSAGES", "r": "4002337381.77908003068217089538299498", "c": "1.58732815126124174926987794862492806", "K": "6.95128974396977924826188600956369886", "L": null}
{"eval": 1632, "purpose": "two-sided simple-root refinement", "status": "NUMERICAL_TWO_HALF_PASSAGES", "r": "3829218888.00360848295925684249892935", "c": "1.58732815126124174926987794862492806", "K": "6.95128974396977924826188600956369886", "L": null}
{"eval": 1633, "purpose": "two-sided simple-root refinement", "status": "NUMERICAL_TWO_HALF_PASSAGES", "r": "4819598644.35365116475937165752956801", "c": "1.58732815126124174926987794862492806", "K": "6.95128974396977924826188600956369886", "L": null}
{"eval": 1634, "purpose": "two-sided simple-root refinement", "status": "NUMERICAL_TWO_HALF_PASSAGES", "r": "5019403458.56725626420066275266123431", "c": "1.58732815126124174926987794862492806", "K": "6.95128974396977924826188600956369886", "L": null}
{"eval": 1635, "purpose": "two-sided simple-root refinement", "status": "NUMERICAL_TWO_HALF_PASSAGES", "r": "5104427990.96346377955972847921494843", "c": "1.58732815126124174926987794862492806", "K": "6.95128974396977924826188600956369886", "L": null}
{"eval": 1636, "purpose": "two-sided simple-root refinement", "status": "NUMERICAL_TWO_HALF_PASSAGES", "r": "5134211547.60496578123882778101326105", "c": "1.58732815126124174926987794862492806", "K": "6.95128974396977924826188600956369886", "L": null}
{"eval": 1637, "purpose": "two-sided simple-root refinement", "status": "NUMERICAL_TWO_HALF_PASSAGES", "r": "5588425712.89971053166507339052567303", "c": "1.58732815126124174926987794862492806", "K": "6.95128974396977924826188600956369886", "L": null}
{"eval": 1638, "purpose": "two-sided simple-root refinement", "status": "NUMERICAL_TWO_HALF_PASSAGES", "r": "5356506308.04279058975860580396981377", "c": "1.58732815126124174926987794862492806", "K": "6.95128974396977924826188600956369886", "L": null}
{"eval": 1639, "purpose": "two-sided simple-root refinement", "status": "NUMERICAL_TWO_HALF_PASSAGES", "r": "5146856340.31110231521743573861172193", "c": "1.58732815126124174926987794862492806", "K": "6.95128974396977924826188600956369886", "L": null}
{"eval": 1640, "purpose": "two-sided simple-root refinement", "status": "NUMERICAL_TWO_HALF_PASSAGES", "r": "5250635052.39760986114925255397863222", "c": "1.58732815126124174926987794862492806", "K": "6.95128974396977924826188600956369886", "L": null}
POINT 4506266379.95670980685550095019231317 1.58732815126123739676822334027976613 6.95128974396977924826188600956369886 BRACKETS 2
{"eval": 1641, "purpose": "binary128 two-sided fold correction", "status": "NUMERICAL_TWO_HALF_PASSAGES", "r": "33297055078.2252694048295892513944614", "c": "1.58862666687955786257065436118544462", "K": "6.97545580630712795122889123044352101", "L": null}
{"eval": 1642, "purpose": "binary128 two-sided fold correction", "status": "NUMERICAL_TWO_HALF_PASSAGES", "r": "33297055078.2252694048295892513944614", "c": "1.58850585466194920348826780693856007", "K": "6.97318911250509558440409638746253192", "L": null}
{"eval": 1643, "purpose": "binary128 two-sided fold correction", "status": "NUMERICAL_TWO_HALF_PASSAGES", "r": "33297055078.2252694048295892513944614", "c": "1.58850584021388984058586643147003191", "K": "6.97318865362213152743038333337354936", "L": null}
{"eval": 1644, "purpose": "binary128 two-sided fold correction", "status": "NUMERICAL_TWO_HALF_PASSAGES", "r": "33297055078.2252694048295892513944614", "c": "1.58850584021388963418892131813963567", "K": "6.97318865362212999635510913212332839", "L": null}
{"eval": 1645, "purpose": "two-sided pair-side stationary/root profile", "status": "NUMERICAL_TWO_HALF_PASSAGES", "r": "0.00247875217666635820022120880497366914", "c": "1.58850584021388999290262710874985802", "K": "6.97318865362212999635510913212332839", "L": null}
{"eval": 1646, "purpose": "two-sided pair-side stationary/root profile", "status": "NUMERICAL_TWO_HALF_PASSAGES", "r": "204584.177141081500005962759889189187", "c": "1.58850584021388999290262710874985802", "K": "6.97318865362212999635510913212332839", "L": null}
{"eval": 1647, "purpose": "two-sided pair-side stationary/root profile", "status": "NUMERICAL_TWO_HALF_PASSAGES", "r": "30362984.0319090440971794284721548275", "c": "1.58850584021388999290262710874985802", "K": "6.97318865362212999635510913212332839", "L": null}
{"eval": 1648, "purpose": "two-sided pair-side stationary/root profile", "status": "NUMERICAL_TWO_HALF_PASSAGES", "r": "609856836.871066668012649999999999966", "c": "1.58850584021388999290262710874985802", "K": "6.97318865362212999635510913212332839", "L": null}
{"eval": 1649, "purpose": "two-sided pair-side stationary/root profile", "status": "NUMERICAL_TWO_HALF_PASSAGES", "r": "4506266379.95670980685550095019231317", "c": "1.58850584021388999290262710874985802", "K": "6.97318865362212999635510913212332839", "L": null}
{"eval": 1650, "purpose": "two-sided pair-side stationary/root profile", "status": "NUMERICAL_TWO_HALF_PASSAGES", "r": "12249302014.8322478056280765171354053", "c": "1.58850584021388999290262710874985802", "K": "6.97318865362212999635510913212332839", "L": null}
{"eval": 1651, "purpose": "two-sided pair-side stationary/root profile", "status": "NUMERICAL_TWO_HALF_PASSAGES", "r": "24667065096.9920024476046455578000374", "c": "1.58850584021388999290262710874985802", "K": "6.97318865362212999635510913212332839", "L": null}
{"eval": 1652, "purpose": "two-sided pair-side stationary/root profile", "status": "NUMERICAL_TWO_HALF_PASSAGES", "r": "33297055078.2252694048295892513944614", "c": "1.58850584021388999290262710874985802", "K": "6.97318865362212999635510913212332839", "L": null}
{"eval": 1653, "purpose": "two-sided pair-side stationary/root profile", "status": "NUMERICAL_TWO_HALF_PASSAGES", "r": "44946323063.6856604156278935037084506", "c": "1.58850584021388999290262710874985802", "K": "6.97318865362212999635510913212332839", "L": null}
{"eval": 1654, "purpose": "two-sided pair-side stationary/root profile", "status": "NUMERICAL_TWO_HALF_PASSAGES", "r": "90510779760.339722798741021853272105", "c": "1.58850584021388999290262710874985802", "K": "6.97318865362212999635510913212332839", "L": null}
{"eval": 1655, "purpose": "two-sided pair-side stationary/root profile", "status": "NUMERICAL_TWO_HALF_PASSAGES", "r": "246033807902.190205788103312683893935", "c": "1.58850584021388999290262710874985802", "K": "6.97318865362212999635510913212332839", "L": null}
{"eval": 1656, "purpose": "two-sided pair-side stationary/root profile", "status": "NUMERICAL_TWO_HALF_PASSAGES", "r": "1817957608822.81054686500033282530319", "c": "1.58850584021388999290262710874985802", "K": "6.97318865362212999635510913212332839", "L": null}
{"eval": 1657, "purpose": "two-sided pair-side stationary/root profile", "status": "NUMERICAL_TWO_HALF_PASSAGES", "r": "36514654676800.5238012423945477126855", "c": "1.58850584021388999290262710874985802", "K": "6.97318865362212999635510913212332839", "L": null}
{"eval": 1658, "purpose": "two-sided pair-side stationary/root profile", "status": "NUMERICAL_TWO_HALF_PASSAGES", "r": "5419255254123639.00203822252390382583", "c": "1.58850584021388999290262710874985802", "K": "6.97318865362212999635510913212332839", "L": null}
{"eval": 1659, "purpose": "two-sided simple-root refinement", "status": "NUMERICAL_TWO_HALF_PASSAGES", "r": "31927437576.1923430553103069273543389", "c": "1.58850584021388999290262710874985802", "K": "6.97318865362212999635510913212332839", "L": null}
{"eval": 1660, "purpose": "two-sided simple-root refinement", "status": "NUMERICAL_TWO_HALF_PASSAGES", "r": "30905720412.1572318684196718409754263", "c": "1.58850584021388999290262710874985802", "K": "6.97318865362212999635510913212332839", "L": null}
{"eval": 1661, "purpose": "two-sided simple-root refinement", "status": "NUMERICAL_TWO_HALF_PASSAGES", "r": "30262526591.23923736631184726405657", "c": "1.58850584021388999290262710874985802", "K": "6.97318865362212999635510913212332839", "L": null}
{"eval": 1662, "purpose": "two-sided simple-root refinement", "status": "NUMERICAL_TWO_HALF_PASSAGES", "r": "29900124209.7434316117592200254708237", "c": "1.58850584021388999290262710874985802", "K": "6.97318865362212999635510913212332839", "L": null}
{"eval": 1663, "purpose": "two-sided simple-root refinement", "status": "NUMERICAL_TWO_HALF_PASSAGES", "r": "29708644729.8609019698978879625421251", "c": "1.58850584021388999290262710874985802", "K": "6.97318865362212999635510913212332839", "L": null}
{"eval": 1664, "purpose": "two-sided simple-root refinement", "status": "NUMERICAL_TWO_HALF_PASSAGES", "r": "27070742019.6581839503575577538063347", "c": "1.58850584021388999290262710874985802", "K": "6.97318865362212999635510913212332839", "L": null}
{"eval": 1665, "purpose": "two-sided simple-root refinement", "status": "NUMERICAL_TWO_HALF_PASSAGES", "r": "29573930758.9835622454916641418699034", "c": "1.58850584021388999290262710874985802", "K": "6.97318865362212999635510913212332839", "L": null}
{"eval": 1666, "purpose": "two-sided simple-root refinement", "status": "NUMERICAL_TWO_HALF_PASSAGES", "r": "28294668227.1356199548496561395042809", "c": "1.58850584021388999290262710874985802", "K": "6.97318865362212999635510913212332839", "L": null}
{"eval": 1667, "purpose": "two-sided simple-root refinement", "status": "NUMERICAL_TWO_HALF_PASSAGES", "r": "35613376468.5542786654319590321673049", "c": "1.58850584021388999290262710874985802", "K": "6.97318865362212999635510913212332839", "L": null}
{"eval": 1668, "purpose": "two-sided simple-root refinement", "status": "NUMERICAL_TWO_HALF_PASSAGES", "r": "37089966266.3213063588344055412096802", "c": "1.58850584021388999290262710874985802", "K": "6.97318865362212999635510913212332839", "L": null}
{"eval": 1669, "purpose": "two-sided simple-root refinement", "status": "NUMERICAL_TWO_HALF_PASSAGES", "r": "37717924628.0480526310548764567326036", "c": "1.58850584021388999290262710874985802", "K": "6.97318865362212999635510913212332839", "L": null}
{"eval": 1670, "purpose": "two-sided simple-root refinement", "status": "NUMERICAL_TWO_HALF_PASSAGES", "r": "37937745991.6280576012221383589569349", "c": "1.58850584021388999290262710874985802", "K": "6.97318865362212999635510913212332839", "L": null}
{"eval": 1671, "purpose": "two-sided simple-root refinement", "status": "NUMERICAL_TWO_HALF_PASSAGES", "r": "41293609525.539909877726009910818998", "c": "1.58850584021388999290262710874985802", "K": "6.97318865362212999635510913212332839", "L": null}
{"eval": 1672, "purpose": "two-sided simple-root refinement", "status": "NUMERICAL_TWO_HALF_PASSAGES", "r": "39580127201.1271572343171371609778368", "c": "1.58850584021388999290262710874985802", "K": "6.97318865362212999635510913212332839", "L": null}
{"eval": 1673, "purpose": "two-sided simple-root refinement", "status": "NUMERICAL_TWO_HALF_PASSAGES", "r": "38030990408.8021031449070846504374858", "c": "1.58850584021388999290262710874985802", "K": "6.97318865362212999635510913212332839", "L": null}
{"eval": 1674, "purpose": "two-sided simple-root refinement", "status": "NUMERICAL_TWO_HALF_PASSAGES", "r": "38797827748.0226223563065250278261147", "c": "1.58850584021388999290262710874985802", "K": "6.97318865362212999635510913212332839", "L": null}
POINT 33297055078.2252694048295892513944614 1.58850584021388963418892131813963567 6.97318865362212999635510913212332839 BRACKETS 2
{"eval": 1675, "purpose": "binary128 two-sided fold correction", "status": "NUMERICAL_TWO_HALF_PASSAGES", "r": "246033807902.190205788103312683893935", "c": "1.58957395793928264170742990408138172", "K": "6.99303333771340494367912302266620746", "L": null}
{"eval": 1676, "purpose": "binary128 two-sided fold correction", "status": "NUMERICAL_TWO_HALF_PASSAGES", "r": "246033807902.190205788103312683893935", "c": "1.5894830655183102572699521965208854", "K": "6.99133203392853610471732132462980208", "L": null}
{"eval": 1677, "purpose": "binary128 two-sided fold correction", "status": "NUMERICAL_TWO_HALF_PASSAGES", "r": "246033807902.190205788103312683893935", "c": "1.58948305742095123122580696038337961", "K": "6.99133177589201134108852562797578282", "L": null}
{"eval": 1678, "purpose": "binary128 two-sided fold correction", "status": "NUMERICAL_TWO_HALF_PASSAGES", "r": "246033807902.190205788103312683893935", "c": "1.58948305742095116703157143873584783", "K": "6.99133177589201089274362790699780757", "L": null}
{"eval": 1679, "purpose": "two-sided pair-side stationary/root profile", "status": "NUMERICAL_TWO_HALF_PASSAGES", "r": "0.00247875217666636700651797320407595379", "c": "1.58948305742095119684529498476697172", "K": "6.99133177589201089274362790699780757", "L": null}
{"eval": 1680, "purpose": "two-sided pair-side stationary/root profile", "status": "NUMERICAL_TWO_HALF_PASSAGES", "r": "1511683.9618490167748781436887386199", "c": "1.58948305742095119684529498476697172", "K": "6.99133177589201089274362790699780757", "L": null}
{"eval": 1681, "purpose": "two-sided pair-side stationary/root profile", "status": "NUMERICAL_TWO_HALF_PASSAGES", "r": "224353792.342711466856304552990675823", "c": "1.58948305742095119684529498476697172", "K": "6.99133177589201089274362790699780757", "L": null}
{"eval": 1682, "purpose": "two-sided pair-side stationary/root profile", "status": "NUMERICAL_TWO_HALF_PASSAGES", "r": "4506266379.95670980685550095019231317", "c": "1.58948305742095119684529498476697172", "K": "6.99133177589201089274362790699780757", "L": null}
{"eval": 1683, "purpose": "two-sided pair-side stationary/root profile", "status": "NUMERICAL_TWO_HALF_PASSAGES", "r": "33297055078.2252694048295892513944614", "c": "1.58948305742095119684529498476697172", "K": "6.99133177589201089274362790699780757", "L": null}
{"eval": 1684, "purpose": "two-sided pair-side stationary/root profile", "status": "NUMERICAL_TWO_HALF_PASSAGES", "r": "90510779760.339722798741021853272105", "c": "1.58948305742095119684529498476697172", "K": "6.99133177589201089274362790699780757", "L": null}
{"eval": 1685, "purpose": "two-sided pair-side stationary/root profile", "status": "NUMERICAL_TWO_HALF_PASSAGES", "r": "182266327797.648126880327385017177087", "c": "1.58948305742095119684529498476697172", "K": "6.99133177589201089274362790699780757", "L": null}
{"eval": 1686, "purpose": "two-sided pair-side stationary/root profile", "status": "NUMERICAL_TWO_HALF_PASSAGES", "r": "246033807902.190205788103312683893935", "c": "1.58948305742095119684529498476697172", "K": "6.99133177589201089274362790699780757", "L": null}
{"eval": 1687, "purpose": "two-sided pair-side stationary/root profile", "status": "NUMERICAL_TWO_HALF_PASSAGES", "r": "332110902558.2338772216437634006695", "c": "1.58948305742095119684529498476697172", "K": "6.99133177589201089274362790699780757", "L": null}
{"eval": 1688, "purpose": "two-sided pair-side stationary/root profile", "status": "NUMERICAL_TWO_HALF_PASSAGES", "r": "668789229207.107085048430312002275827", "c": "1.58948305742095119684529498476697172", "K": "6.99133177589201089274362790699780757", "L": null}
{"eval": 1689, "purpose": "two-sided pair-side stationary/root profile", "status": "NUMERICAL_TWO_HALF_PASSAGES", "r": "1817957608822.81054686500033282530319", "c": "1.58948305742095119684529498476697172", "K": "6.99133177589201089274362790699780757", "L": null}
{"eval": 1690, "purpose": "two-sided pair-side stationary/root profile", "status": "NUMERICAL_TWO_HALF_PASSAGES", "r": "13432990757069.5695345577786854867977", "c": "1.58948305742095119684529498476697172", "K": "6.99133177589201089274362790699780757", "L": null}
{"eval": 1691, "purpose": "two-sided pair-side stationary/root profile", "status": "NUMERICAL_TWO_HALF_PASSAGES", "r": "269808831839959.501195369253669191988", "c": "1.58948305742095119684529498476697172", "K": "6.99133177589201089274362790699780757", "L": null}
{"eval": 1692, "purpose": "two-sided pair-side stationary/root profile", "status": "UNRESOLVED", "r": null, "c": null, "K": null, "L": null}
{"eval": 1693, "purpose": "two-sided simple-root refinement", "status": "NUMERICAL_TWO_HALF_PASSAGES", "r": "235917602625.380510360515272974153227", "c": "1.58948305742095119684529498476697172", "K": "6.99133177589201089274362790699780757", "L": null}
{"eval": 1694, "purpose": "two-sided simple-root refinement", "status": "NUMERICAL_TWO_HALF_PASSAGES", "r": "228369858130.191850590298925629792568", "c": "1.58948305742095119684529498476697172", "K": "6.99133177589201089274362790699780757", "L": null}
{"eval": 1695, "purpose": "two-sided simple-root refinement", "status": "NUMERICAL_TWO_HALF_PASSAGES", "r": "223617119758.522149114777514665985427", "c": "1.58948305742095119684529498476697172", "K": "6.99133177589201089274362790699780757", "L": null}
{"eval": 1696, "purpose": "two-sided simple-root refinement", "status": "NUMERICAL_TWO_HALF_PASSAGES", "r": "220938400710.854568256989891800315797", "c": "1.58948305742095119684529498476697172", "K": "6.99133177589201089274362790699780757", "L": null}
{"eval": 1697, "purpose": "two-sided simple-root refinement", "status": "NUMERICAL_TWO_HALF_PASSAGES", "r": "219522624683.193711565453630285321573", "c": "1.58948305742095119684529498476697172", "K": "6.99133177589201089274362790699780757", "L": null}
{"eval": 1698, "purpose": "two-sided simple-root refinement", "status": "NUMERICAL_TWO_HALF_PASSAGES", "r": "200028954577.84872106321691486512949", "c": "1.58948305742095119684529498476697172", "K": "6.99133177589201089274362790699780757", "L": null}
{"eval": 1699, "purpose": "two-sided simple-root refinement", "status": "NUMERICAL_TWO_HALF_PASSAGES", "r": "218526103385.132222288947066461496625", "c": "1.58948305742095119684529498476697172", "K": "6.99133177589201089274362790699780757", "L": null}
{"eval": 1700, "purpose": "two-sided simple-root refinement", "status": "NUMERICAL_TWO_HALF_PASSAGES", "r": "209073068586.317178337892628501093215", "c": "1.58948305742095119684529498476697172", "K": "6.99133177589201089274362790699780757", "L": null}
{"eval": 1701, "purpose": "two-sided simple-root refinement", "status": "NUMERICAL_TWO_HALF_PASSAGES", "r": "263155933966.813894210832245467257311", "c": "1.58948305742095119684529498476697172", "K": "6.99133177589201089274362790699780757", "L": null}
{"eval": 1702, "purpose": "two-sided simple-root refinement", "status": "NUMERICAL_TWO_HALF_PASSAGES", "r": "274067891089.230435163254231032596736", "c": "1.58948305742095119684529498476697172", "K": "6.99133177589201089274362790699780757", "L": null}
{"eval": 1703, "purpose": "two-sided simple-root refinement", "status": "NUMERICAL_TWO_HALF_PASSAGES", "r": "278706114190.375032416064494941852739", "c": "1.58948305742095119684529498476697172", "K": "6.99133177589201089274362790699780757", "L": null}
{"eval": 1704, "purpose": "two-sided simple-root refinement", "status": "NUMERICAL_TWO_HALF_PASSAGES", "r": "280328847527.101328285794727647919098", "c": "1.58948305742095119684529498476697172", "K": "6.99133177589201089274362790699780757", "L": null}
{"eval": 1705, "purpose": "two-sided simple-root refinement", "status": "NUMERICAL_TWO_HALF_PASSAGES", "r": "305123362863.834389528508679172215687", "c": "1.58948305742095119684529498476697172", "K": "6.99133177589201089274362790699780757", "L": null}
{"eval": 1706, "purpose": "two-sided simple-root refinement", "status": "NUMERICAL_TWO_HALF_PASSAGES", "r": "292463468941.357259337904486988614803", "c": "1.58948305742095119684529498476697172", "K": "6.99133177589201089274362790699780757", "L": null}
{"eval": 1707, "purpose": "two-sided simple-root refinement", "status": "NUMERICAL_TWO_HALF_PASSAGES", "r": "281016680166.210480801128807358587631", "c": "1.58948305742095119684529498476697172", "K": "6.99133177589201089274362790699780757", "L": null}
{"eval": 1708, "purpose": "two-sided simple-root refinement", "status": "NUMERICAL_TWO_HALF_PASSAGES", "r": "286682948763.601609328118272519532682", "c": "1.58948305742095119684529498476697172", "K": "6.99133177589201089274362790699780757", "L": null}
POINT 246033807902.190205788103312683893935 1.58948305742095116703157143873584783 6.99133177589201089274362790699780757 BRACKETS 2
{"eval": 1709, "purpose": "binary128 two-sided fold correction", "status": "NUMERICAL_TWO_HALF_PASSAGES", "r": "1817957608822.81054686500033282530319", "c": "1.59037711723964413786429097568909239", "K": "7.00791936822502180975981890479688757", "L": null}
{"eval": 1710, "purpose": "binary128 two-sided fold correction", "status": "NUMERICAL_TWO_HALF_PASSAGES", "r": "1817957608822.81054686500033282530319", "c": "1.59030701772756256064276099073997396", "K": "7.00660984987699234719304738033058157", "L": null}
{"eval": 1711, "purpose": "binary128 two-sided fold correction", "status": "NUMERICAL_TWO_HALF_PASSAGES", "r": "1817957608822.81054686500033282530319", "c": "1.59030701295128844988346390126466011", "K": "7.0066096972451182272329283232872662", "L": null}
{"eval": 1712, "purpose": "binary128 two-sided fold correction", "status": "NUMERICAL_TWO_HALF_PASSAGES", "r": "1817957608822.81054686500033282530319", "c": "1.59030701295128842773300287237025104", "K": "7.00660969724511808077037700746479306", "L": null}
{"eval": 1713, "purpose": "two-sided pair-side stationary/root profile", "status": "NUMERICAL_TWO_HALF_PASSAGES", "r": "0.00247875217666636700651797320407595379", "c": "1.59030701295128843022847009949327317", "K": "7.00660969724511808077037700746479306", "L": null}
{"eval": 1714, "purpose": "two-sided pair-side stationary/root profile", "status": "NUMERICAL_TWO_HALF_PASSAGES", "r": "11169917.5979561257783130211279823006", "c": "1.59030701295128843022847009949327317", "K": "7.00660969724511808077037700746479306", "L": null}
{"eval": 1715, "purpose": "two-sided pair-side stationary/root profile", "status": "NUMERICAL_TWO_HALF_PASSAGES", "r": "1657762757.6281327778528546100861437", "c": "1.59030701295128843022847009949327317", "K": "7.00660969724511808077037700746479306", "L": null}
{"eval": 1716, "purpose": "two-sided pair-side stationary/root profile", "status": "NUMERICAL_TWO_HALF_PASSAGES", "r": "33297055078.2252694048295892513944614", "c": "1.59030701295128843022847009949327317", "K": "7.00660969724511808077037700746479306", "L": null}
{"eval": 1717, "purpose": "two-sided pair-side stationary/root profile", "status": "NUMERICAL_TWO_HALF_PASSAGES", "r": "246033807902.190205788103312683893935", "c": "1.59030701295128843022847009949327317", "K": "7.00660969724511808077037700746479306", "L": null}
{"eval": 1718, "purpose": "two-sided pair-side stationary/root profile", "status": "NUMERICAL_TWO_HALF_PASSAGES", "r": "668789229207.107085048430312002275827", "c": "1.59030701295128843022847009949327317", "K": "7.00660969724511808077037700746479306", "L": null}
{"eval": 1719, "purpose": "two-sided pair-side stationary/root profile", "status": "NUMERICAL_TWO_HALF_PASSAGES", "r": "1346776121042.90500136469758690761146", "c": "1.59030701295128843022847009949327317", "K": "7.00660969724511808077037700746479306", "L": null}
{"eval": 1720, "purpose": "two-sided pair-side stationary/root profile", "status": "NUMERICAL_TWO_HALF_PASSAGES", "r": "1817957608822.81054686500033282530319", "c": "1.59030701295128843022847009949327317", "K": "7.00660969724511808077037700746479306", "L": null}
{"eval": 1721, "purpose": "two-sided pair-side stationary/root profile", "status": "NUMERICAL_TWO_HALF_PASSAGES", "r": "2453986090069.28091752629285800056678", "c": "1.59030701295128843022847009949327317", "K": "7.00660969724511808077037700746479306", "L": null}
{"eval": 1722, "purpose": "two-sided pair-side stationary/root profile", "status": "NUMERICAL_TWO_HALF_PASSAGES", "r": "4941721132971.90315984696526468819966", "c": "1.59030701295128843022847009949327317", "K": "7.00660969724511808077037700746479306", "L": null}
{"eval": 1723, "purpose": "two-sided pair-side stationary/root profile", "status": "NUMERICAL_TWO_HALF_PASSAGES", "r": "13432990757069.569534557778685486796", "c": "1.59030701295128843022847009949327317", "K": "7.00660969724511808077037700746479306", "L": null}
{"eval": 1724, "purpose": "two-sided pair-side stationary/root profile", "status": "NUMERICAL_TWO_HALF_PASSAGES", "r": "99257122280403.9552800102030195382154", "c": "1.59030701295128843022847009949327317", "K": "7.00660969724511808077037700746479306", "L": null}
{"eval": 1725, "purpose": "two-sided pair-side stationary/root profile", "status": "NUMERICAL_TWO_HALF_PASSAGES", "r": "1993632594452406.96304131597460592026", "c": "1.59030701295128843022847009949327317", "K": "7.00660969724511808077037700746479306", "L": null}
{"eval": 1726, "purpose": "two-sided pair-side stationary/root profile", "status": "NUMERICAL_TWO_HALF_PASSAGES", "r": "295881311432547652.54711224915132961", "c": "1.59030701295128843022847009949327317", "K": "7.00660969724511808077037700746479306", "L": null}
{"eval": 1727, "purpose": "two-sided simple-root refinement", "status": "NUMERICAL_TWO_HALF_PASSAGES", "r": "1743233163864.46909402112591593315617", "c": "1.59030701295128843022847009949327317", "K": "7.00660969724511808077037700746479306", "L": null}
{"eval": 1728, "purpose": "two-sided simple-root refinement", "status": "NUMERICAL_TWO_HALF_PASSAGES", "r": "1687473556072.82455405975814935549547", "c": "1.59030701295128843022847009949327317", "K": "7.00660969724511808077037700746479306", "L": null}
{"eval": 1729, "purpose": "two-sided simple-root refinement", "status": "NUMERICAL_TWO_HALF_PASSAGES", "r": "1652354420300.18920131847744145102738", "c": "1.59030701295128843022847009949327317", "K": "7.00660969724511808077037700746479306", "L": null}
{"eval": 1730, "purpose": "two-sided simple-root refinement", "status": "NUMERICAL_TWO_HALF_PASSAGES", "r": "1632555564105.53757307082134126837074", "c": "1.59030701295128843022847009949327317", "K": "7.00660969724511808077037700746479306", "L": null}
{"eval": 1731, "purpose": "two-sided simple-root refinement", "status": "NUMERICAL_TWO_HALF_PASSAGES", "r": "1622088562236.14577180356393423639326", "c": "1.59030701295128843022847009949327317", "K": "7.00660969724511808077037700746479306", "L": null}
{"eval": 1732, "purpose": "two-sided simple-root refinement", "status": "NUMERICAL_TWO_HALF_PASSAGES", "r": "1478035906815.68328416888201436805715", "c": "1.59030701295128843022847009949327317", "K": "7.00660969724511808077037700746479306", "L": null}
{"eval": 1733, "purpose": "two-sided simple-root refinement", "status": "NUMERICAL_TWO_HALF_PASSAGES", "r": "1614718276062.50798982491084443625441", "c": "1.59030701295128843022847009949327317", "K": "7.00660969724511808077037700746479306", "L": null}
{"eval": 1734, "purpose": "two-sided simple-root refinement", "status": "NUMERICAL_TWO_HALF_PASSAGES", "r": "1544866205019.67930640274948203040203", "c": "1.59030701295128843022847009949327317", "K": "7.00660969724511808077037700746479306", "L": null}
{"eval": 1735, "purpose": "two-sided simple-root refinement", "status": "NUMERICAL_TWO_HALF_PASSAGES", "r": "1944515704957.5259475165791328634277", "c": "1.59030701295128843022847009949327317", "K": "7.00660969724511808077037700746479306", "L": null}
{"eval": 1736, "purpose": "two-sided simple-root refinement", "status": "NUMERICAL_TWO_HALF_PASSAGES", "r": "2025153184865.27386140257533151382474", "c": "1.59030701295128843022847009949327317", "K": "7.00660969724511808077037700746479306", "L": null}
{"eval": 1737, "purpose": "two-sided simple-root refinement", "status": "NUMERICAL_TWO_HALF_PASSAGES", "r": "2059414072856.30134534515686847618888", "c": "1.59030701295128843022847009949327317", "K": "7.00660969724511808077037700746479306", "L": null}
{"eval": 1738, "purpose": "two-sided simple-root refinement", "status": "NUMERICAL_TWO_HALF_PASSAGES", "r": "2071394951543.80550945531362843096273", "c": "1.59030701295128843022847009949327317", "K": "7.00660969724511808077037700746479306", "L": null}
{"eval": 1739, "purpose": "two-sided simple-root refinement", "status": "NUMERICAL_TWO_HALF_PASSAGES", "r": "2254589629650.64462497082888719662265", "c": "1.59030701295128843022847009949327317", "K": "7.00660969724511808077037700746479306", "L": null}
{"eval": 1740, "purpose": "two-sided simple-root refinement", "status": "NUMERICAL_TWO_HALF_PASSAGES", "r": "2161051960657.43949807492654247759323", "c": "1.59030701295128843022847009949327317", "K": "7.00660969724511808077037700746479306", "L": null}
{"eval": 1741, "purpose": "two-sided simple-root refinement", "status": "NUMERICAL_TWO_HALF_PASSAGES", "r": "2076470191956.37874658942475391929082", "c": "1.59030701295128843022847009949327317", "K": "7.00660969724511808077037700746479306", "L": null}
{"eval": 1742, "purpose": "two-sided simple-root refinement", "status": "NUMERICAL_TWO_HALF_PASSAGES", "r": "2118338967109.38640222228473688728625", "c": "1.59030701295128843022847009949327317", "K": "7.00660969724511808077037700746479306", "L": null}
POINT 1817957608822.81054686500033282530319 1.59030701295128842773300287237025104 7.00660969724511808077037700746479306 BRACKETS 2
{"eval": 1743, "purpose": "binary128 two-sided fold correction", "status": "NUMERICAL_TWO_HALF_PASSAGES", "r": "13432990757069.569534557778685486796", "c": "1.59106636546326523458908058243563961", "K": "7.0206814323732464502053994193500015", "L": null}
{"eval": 1744, "purpose": "binary128 two-sided fold correction", "status": "NUMERICAL_TWO_HALF_PASSAGES", "r": "13432990757069.569534557778685486796", "c": "1.59101116568134581157103695602515383", "K": "7.01965197704227703762397699160596493", "L": null}
{"eval": 1745, "purpose": "binary128 two-sided fold correction", "status": "NUMERICAL_TWO_HALF_PASSAGES", "r": "13432990757069.569534557778685486796", "c": "1.59101116274078366126987783943364227", "K": "7.01965188284737959122120750052178579", "L": null}
{"eval": 1746, "purpose": "binary128 two-sided fold correction", "status": "NUMERICAL_TWO_HALF_PASSAGES", "r": "13432990757069.569534557778685486796", "c": "1.59101116274078365293337640047635881", "K": "7.01965188284737953878754210918839545", "L": null}
{"eval": 1747, "purpose": "two-sided pair-side stationary/root profile", "status": "NUMERICAL_TWO_HALF_PASSAGES", "r": "0.00247875217666636700651797320407595342", "c": "1.59101116274078365314351032405891981", "K": "7.01965188284737953878754210918839545", "L": null}
{"eval": 1748, "purpose": "two-sided pair-side stationary/root profile", "status": "NUMERICAL_TWO_HALF_PASSAGES", "r": "82535147.7517305098693818438570771406", "c": "1.59101116274078365314351032405891981", "K": "7.01965188284737953878754210918839545", "L": null}
{"eval": 1749, "purpose": "two-sided pair-side stationary/root profile", "status": "NUMERICAL_TWO_HALF_PASSAGES", "r": "12249302014.8322478056280765171354036", "c": "1.59101116274078365314351032405891981", "K": "7.01965188284737953878754210918839545", "L": null}
{"eval": 1750, "purpose": "two-sided pair-side stationary/root profile", "status": "NUMERICAL_TWO_HALF_PASSAGES", "r": "246033807902.190205788103312683893908", "c": "1.59101116274078365314351032405891981", "K": "7.01965188284737953878754210918839545", "L": null}
{"eval": 1751, "purpose": "two-sided pair-side stationary/root profile", "status": "NUMERICAL_TWO_HALF_PASSAGES", "r": "1817957608822.81054686500033282530319", "c": "1.59101116274078365314351032405891981", "K": "7.01965188284737953878754210918839545", "L": null}
{"eval": 1752, "purpose": "two-sided pair-side stationary/root profile", "status": "NUMERICAL_TWO_HALF_PASSAGES", "r": "4941721132971.90315984696526468819881", "c": "1.59101116274078365314351032405891981", "K": "7.01965188284737953878754210918839545", "L": null}
{"eval": 1753, "purpose": "two-sided pair-side stationary/root profile", "status": "NUMERICAL_TWO_HALF_PASSAGES", "r": "9951404311086.24082304561024426003821", "c": "1.59101116274078365314351032405891981", "K": "7.01965188284737953878754210918839545", "L": null}
{"eval": 1754, "purpose": "two-sided pair-side stationary/root profile", "status": "NUMERICAL_TWO_HALF_PASSAGES", "r": "13432990757069.569534557778685486796", "c": "1.59101116274078365314351032405891981", "K": "7.01965188284737953878754210918839545", "L": null}
{"eval": 1755, "purpose": "two-sided pair-side stationary/root profile", "status": "NUMERICAL_TWO_HALF_PASSAGES", "r": "18132640885517.4001184659738323866044", "c": "1.59101116274078365314351032405891981", "K": "7.01965188284737953878754210918839545", "L": null}
{"eval": 1756, "purpose": "two-sided pair-side stationary/root profile", "status": "NUMERICAL_TWO_HALF_PASSAGES", "r": "36514654676800.5238012423945477126855", "c": "1.59101116274078365314351032405891981", "K": "7.01965188284737953878754210918839545", "L": null}
{"eval": 1757, "purpose": "two-sided pair-side stationary/root profile", "status": "NUMERICAL_TWO_HALF_PASSAGES", "r": "99257122280403.9552800102030195382018", "c": "1.59101116274078365314351032405891981", "K": "7.01965188284737953878754210918839545", "L": null}
{"eval": 1758, "purpose": "two-sided pair-side stationary/root profile", "status": "NUMERICAL_TWO_HALF_PASSAGES", "r": "733416444748324.175069574953387832703", "c": "1.59101116274078365314351032405891981", "K": "7.01965188284737953878754210918839545", "L": null}
{"eval": 1759, "purpose": "two-sided pair-side stationary/root profile", "status": "NUMERICAL_TWO_HALF_PASSAGES", "r": "14731063081065493.2680792156050167008", "c": "1.59101116274078365314351032405891981", "K": "7.01965188284737953878754210918839545", "L": null}
{"eval": 1760, "purpose": "two-sided pair-side stationary/root profile", "status": "UNRESOLVED", "r": null, "c": null, "K": null, "L": null}
{"eval": 1761, "purpose": "two-sided simple-root refinement", "status": "NUMERICAL_TWO_HALF_PASSAGES", "r": "12881003995169.8456084480383592401651", "c": "1.59101116274078365314351032405891981", "K": "7.01965188284737953878754210918839545", "L": null}
{"eval": 1762, "purpose": "two-sided simple-root refinement", "status": "NUMERICAL_TWO_HALF_PASSAGES", "r": "12469063237813.2564060491224967284379", "c": "1.59101116274078365314351032405891981", "K": "7.01965188284737953878754210918839545", "L": null}
{"eval": 1763, "purpose": "two-sided simple-root refinement", "status": "NUMERICAL_TWO_HALF_PASSAGES", "r": "12209560418003.7767211286440901628867", "c": "1.59101116274078365314351032405891981", "K": "7.01965188284737953878754210918839545", "L": null}
{"eval": 1764, "purpose": "two-sided simple-root refinement", "status": "NUMERICAL_TWO_HALF_PASSAGES", "r": "12063229892089.8135354090840756001922", "c": "1.59101116274078365314351032405891981", "K": "7.01965188284737953878754210918839545", "L": null}
{"eval": 1765, "purpose": "two-sided simple-root refinement", "status": "NUMERICAL_TWO_HALF_PASSAGES", "r": "11985852295433.5935961778963519680428", "c": "1.59101116274078365314351032405891981", "K": "7.01965188284737953878754210918839545", "L": null}
{"eval": 1766, "purpose": "two-sided simple-root refinement", "status": "NUMERICAL_TWO_HALF_PASSAGES", "r": "10921358075112.306228411772319597133", "c": "1.59101116274078365314351032405891981", "K": "7.01965188284737953878754210918839545", "L": null}
{"eval": 1767, "purpose": "two-sided simple-root refinement", "status": "NUMERICAL_TWO_HALF_PASSAGES", "r": "11931349021692.7460193990259136941352", "c": "1.59101116274078365314351032405891981", "K": "7.01965188284737953878754210918839545", "L": null}
{"eval": 1768, "purpose": "two-sided simple-root refinement", "status": "NUMERICAL_TWO_HALF_PASSAGES", "r": "11415188784468.1476698458120660662114", "c": "1.59101116274078365314351032405891981", "K": "7.01965188284737953878754210918839545", "L": null}
{"eval": 1769, "purpose": "two-sided simple-root refinement", "status": "NUMERICAL_TWO_HALF_PASSAGES", "r": "14368399351050.9896568391729912516001", "c": "1.59101116274078365314351032405891981", "K": "7.01965188284737953878754210918839545", "L": null}
{"eval": 1770, "purpose": "two-sided simple-root refinement", "status": "NUMERICAL_TWO_HALF_PASSAGES", "r": "14964287317058.4030663884352007009132", "c": "1.59101116274078365314351032405891981", "K": "7.01965188284737953878754210918839545", "L": null}
{"eval": 1771, "purpose": "two-sided simple-root refinement", "status": "NUMERICAL_TWO_HALF_PASSAGES", "r": "15217372143515.9608227079125925318384", "c": "1.59101116274078365314351032405891981", "K": "7.01965188284737953878754210918839545", "L": null}
{"eval": 1772, "purpose": "two-sided simple-root refinement", "status": "NUMERICAL_TWO_HALF_PASSAGES", "r": "15305838974657.9996621855362879635625", "c": "1.59101116274078365314351032405891981", "K": "7.01965188284737953878754210918839545", "L": null}
{"eval": 1773, "purpose": "two-sided simple-root refinement", "status": "NUMERICAL_TWO_HALF_PASSAGES", "r": "16659390192291.8344996251722601882185", "c": "1.59101116274078365314351032405891981", "K": "7.01965188284737953878754210918839545", "L": null}
{"eval": 1774, "purpose": "two-sided simple-root refinement", "status": "NUMERICAL_TWO_HALF_PASSAGES", "r": "15968279296756.2910167329101491058142", "c": "1.59101116274078365314351032405891981", "K": "7.01965188284737953878754210918839545", "L": null}
{"eval": 1775, "purpose": "two-sided simple-root refinement", "status": "NUMERICAL_TWO_HALF_PASSAGES", "r": "15343294818063.7598273332999438703335", "c": "1.59101116274078365314351032405891981", "K": "7.01965188284737953878754210918839545", "L": null}
{"eval": 1776, "purpose": "two-sided simple-root refinement", "status": "NUMERICAL_TWO_HALF_PASSAGES", "r": "15652668046927.8341779972423970447704", "c": "1.59101116274078365314351032405891981", "K": "7.01965188284737953878754210918839545", "L": null}
POINT 13432990757069.569534557778685486796 1.59101116274078365293337640047635881 7.01965188284737953878754210918839545 BRACKETS 2
{"eval": 1777, "purpose": "binary128 two-sided fold correction", "status": "NUMERICAL_TWO_HALF_PASSAGES", "r": "99257122280403.9552800102030195382154", "c": "1.59166412557763543081793278967753068", "K": "7.03173989510167782434192702489729248", "L": null}
{"eval": 1778, "purpose": "binary128 two-sided fold correction", "status": "NUMERICAL_TWO_HALF_PASSAGES", "r": "99257122280403.9552800102030195382154", "c": "1.59161988211726841624176906369336176", "K": "7.0309159543356129290554893824046155", "L": null}
{"eval": 1779, "purpose": "binary128 two-sided fold correction", "status": "NUMERICAL_TWO_HALF_PASSAGES", "r": "99257122280403.9552800102030195382154", "c": "1.5916198802398157074672729389119763", "K": "7.03091589407048310801190391034649449", "L": null}
{"eval": 1780, "purpose": "binary128 two-sided fold correction", "status": "NUMERICAL_TWO_HALF_PASSAGES", "r": "99257122280403.9552800102030195382154", "c": "1.59161988023981570408975877445700667", "K": "7.03091589407048308772197181838284973", "L": null}
{"eval": 1781, "purpose": "two-sided pair-side stationary/root profile", "status": "NUMERICAL_TWO_HALF_PASSAGES", "r": "0.00247875217666636700651797320407595379", "c": "1.59161988023981570410754510131555459", "K": "7.03091589407048308772197181838284973", "L": null}
{"eval": 1782, "purpose": "two-sided pair-side stationary/root profile", "status": "NUMERICAL_TWO_HALF_PASSAGES", "r": "609856836.871066668012650000000000069", "c": "1.59161988023981570410754510131555459", "K": "7.03091589407048308772197181838284973", "L": null}
{"eval": 1783, "purpose": "two-sided pair-side stationary/root profile", "status": "NUMERICAL_TWO_HALF_PASSAGES", "r": "90510779760.339722798741021853272105", "c": "1.59161988023981570410754510131555459", "K": "7.03091589407048308772197181838284973", "L": null}
{"eval": 1784, "purpose": "two-sided pair-side stationary/root profile", "status": "NUMERICAL_TWO_HALF_PASSAGES", "r": "1817957608822.81054686500033282530319", "c": "1.59161988023981570410754510131555459", "K": "7.03091589407048308772197181838284973", "L": null}
{"eval": 1785, "purpose": "two-sided pair-side stationary/root profile", "status": "NUMERICAL_TWO_HALF_PASSAGES", "r": "13432990757069.5695345577786854867977", "c": "1.59161988023981570410754510131555459", "K": "7.03091589407048308772197181838284973", "L": null}
{"eval": 1786, "purpose": "two-sided pair-side stationary/root profile", "status": "NUMERICAL_TWO_HALF_PASSAGES", "r": "36514654676800.5238012423945477126855", "c": "1.59161988023981570410754510131555459", "K": "7.03091589407048308772197181838284973", "L": null}
{"eval": 1787, "purpose": "two-sided pair-side stationary/root profile", "status": "NUMERICAL_TWO_HALF_PASSAGES", "r": "73531484717756.5534407959707705837676", "c": "1.59161988023981570410754510131555459", "K": "7.03091589407048308772197181838284973", "L": null}
{"eval": 1788, "purpose": "two-sided pair-side stationary/root profile", "status": "NUMERICAL_TWO_HALF_PASSAGES", "r": "99257122280403.9552800102030195382154", "c": "1.59161988023981570410754510131555459", "K": "7.03091589407048308772197181838284973", "L": null}
{"eval": 1789, "purpose": "two-sided pair-side stationary/root profile", "status": "NUMERICAL_TWO_HALF_PASSAGES", "r": "133983100724851.611590851434177173209", "c": "1.59161988023981570410754510131555459", "K": "7.03091589407048308772197181838284973", "L": null}
{"eval": 1790, "purpose": "two-sided pair-side stationary/root profile", "status": "NUMERICAL_TWO_HALF_PASSAGES", "r": "269808831839959.501195369253669191988", "c": "1.59161988023981570410754510131555459", "K": "7.03091589407048308772197181838284973", "L": null}
{"eval": 1791, "purpose": "two-sided pair-side stationary/root profile", "status": "NUMERICAL_TWO_HALF_PASSAGES", "r": "733416444748324.175069574953387832703", "c": "1.59161988023981570410754510131555459", "K": "7.03091589407048308772197181838284973", "L": null}
{"eval": 1792, "purpose": "two-sided pair-side stationary/root profile", "status": "NUMERICAL_TWO_HALF_PASSAGES", "r": "5419255254123639.00203822252390382583", "c": "1.59161988023981570410754510131555459", "K": "7.03091589407048308772197181838284973", "L": null}
{"eval": 1793, "purpose": "two-sided pair-side stationary/root profile", "status": "NUMERICAL_TWO_HALF_PASSAGES", "r": "108848651502879118.573618038982450493", "c": "1.59161988023981570410754510131555459", "K": "7.03091589407048308772197181838284973", "L": null}
{"eval": 1794, "purpose": "two-sided pair-side stationary/root profile", "status": "UNRESOLVED", "r": null, "c": null, "K": null, "L": null}
{"eval": 1795, "purpose": "two-sided simple-root refinement", "status": "NUMERICAL_TWO_HALF_PASSAGES", "r": "95179459767148.1004206198919787624315", "c": "1.59161988023981570410754510131555459", "K": "7.03091589407048308772197181838284973", "L": null}
{"eval": 1796, "purpose": "two-sided simple-root refinement", "status": "NUMERICAL_TWO_HALF_PASSAGES", "r": "92136054355344.3665011169053341055958", "c": "1.59161988023981570410754510131555459", "K": "7.03091589407048308772197181838284973", "L": null}
{"eval": 1797, "purpose": "two-sided simple-root refinement", "status": "NUMERICAL_TWO_HALF_PASSAGES", "r": "90218538163978.0096813711282374257544", "c": "1.59161988023981570410754510131555459", "K": "7.03091589407048308772197181838284973", "L": null}
{"eval": 1798, "purpose": "two-sided simple-root refinement", "status": "NUMERICAL_TWO_HALF_PASSAGES", "r": "89137065967923.6996078927067962955586", "c": "1.59161988023981570410754510131555459", "K": "7.03091589407048308772197181838284973", "L": null}
{"eval": 1799, "purpose": "two-sided simple-root refinement", "status": "NUMERICAL_TWO_HALF_PASSAGES", "r": "88565086462678.6964011928161109216714", "c": "1.59161988023981570410754510131555459", "K": "7.03091589407048308772197181838284973", "L": null}
{"eval": 1800, "purpose": "two-sided simple-root refinement", "status": "NUMERICAL_TWO_HALF_PASSAGES", "r": "80698960970741.4162082425073132396917", "c": "1.59161988023981570410754510131555459", "K": "7.03091589407048308772197181838284973", "L": null}
{"eval": 1801, "purpose": "two-sided simple-root refinement", "status": "NUMERICAL_TWO_HALF_PASSAGES", "r": "88162078676748.6375323418598091242181", "c": "1.59161988023981570410754510131555459", "K": "7.03091589407048308772197181838284973", "L": null}
{"eval": 1802, "purpose": "two-sided simple-root refinement", "status": "NUMERICAL_TWO_HALF_PASSAGES", "r": "84348018033824.4363943580330570166682", "c": "1.59161988023981570410754510131555459", "K": "7.03091589407048308772197181838284973", "L": null}
{"eval": 1803, "purpose": "two-sided simple-root refinement", "status": "NUMERICAL_TWO_HALF_PASSAGES", "r": "106170594013426.962785298151992207716", "c": "1.59161988023981570410754510131555459", "K": "7.03091589407048308772197181838284973", "L": null}
{"eval": 1804, "purpose": "two-sided simple-root refinement", "status": "NUMERICAL_TWO_HALF_PASSAGES", "r": "110573982596256.63998603707020512455", "c": "1.59161988023981570410754510131555459", "K": "7.03091589407048308772197181838284973", "L": null}
{"eval": 1805, "purpose": "two-sided simple-root refinement", "status": "NUMERICAL_TWO_HALF_PASSAGES", "r": "112443588052862.528763157415123153204", "c": "1.59161988023981570410754510131555459", "K": "7.03091589407048308772197181838284973", "L": null}
{"eval": 1806, "purpose": "two-sided simple-root refinement", "status": "NUMERICAL_TWO_HALF_PASSAGES", "r": "113096887604797.327901845852064812288", "c": "1.59161988023981570410754510131555459", "K": "7.03091589407048308772197181838284973", "L": null}
{"eval": 1807, "purpose": "two-sided simple-root refinement", "status": "NUMERICAL_TWO_HALF_PASSAGES", "r": "123097813480259.60006130755641919953", "c": "1.59161988023981570410754510131555459", "K": "7.03091589407048308772197181838284973", "L": null}
{"eval": 1808, "purpose": "two-sided simple-root refinement", "status": "NUMERICAL_TWO_HALF_PASSAGES", "r": "117991438568962.38970535098805199979", "c": "1.59161988023981570410754510131555459", "K": "7.03091589407048308772197181838284973", "L": null}
{"eval": 1809, "purpose": "two-sided simple-root refinement", "status": "NUMERICAL_TWO_HALF_PASSAGES", "r": "113373361212615.420552014760156008335", "c": "1.59161988023981570410754510131555459", "K": "7.03091589407048308772197181838284973", "L": null}
{"eval": 1810, "purpose": "two-sided simple-root refinement", "status": "NUMERICAL_TWO_HALF_PASSAGES", "r": "115659353209652.247892180969002120397", "c": "1.59161988023981570410754510131555459", "K": "7.03091589407048308772197181838284973", "L": null}
POINT 99257122280403.9552800102030195382154 1.59161988023981570408975877445700667 7.03091589407048308772197181838284973 BRACKETS 2
