negative_000_fold baseline [(1, 'U'), (0, '')] horizontal  seconds 0.47
negative_000_pair baseline [(1, 'U'), (2, 'US')] horizontal US seconds 0.5
negative_000_hopf_1 baseline [(1, 'U'), (3, 'SUS')] horizontal SUS seconds 0.51
negative_000_hopf_0.1 baseline [(1, 'U'), (3, 'SUS')] horizontal U seconds 0.46
ACCEPTED negative_000 r 6.75786930758347369870250679551184994 c 0.968606922732773480979780597145744289 K -0.000100000000000000000001140000000000003
negative_001_fold baseline [(1, 'U'), (0, '')] horizontal  seconds 0.45
negative_001_pair baseline [(1, 'U'), (2, 'US')] horizontal US seconds 0.5
negative_001_hopf_1 baseline [(1, 'U'), (3, 'SUS')] horizontal SUS seconds 0.49
negative_001_hopf_0.1 baseline [(1, 'U'), (3, 'SUS')] horizontal U seconds 0.48
ACCEPTED negative_001 r 6.75720192689110223748547261693225298 c 0.968483537985148206928535074227037654 K -0.000999999999999999999999999999999999943
negative_002_fold baseline [(1, 'U'), (0, '')] horizontal  seconds 0.46
negative_002_pair baseline [(1, 'U'), (2, 'US')] horizontal US seconds 0.5
negative_002_hopf_1 baseline [(1, 'U'), (3, 'SUS')] horizontal SUS seconds 0.51
negative_002_hopf_0.1 baseline [(1, 'U'), (3, 'SUS')] horizontal SUS seconds 0.5
ACCEPTED negative_002 r 6.75057635249146259425456706550489177 c 0.967250946768233148930914710418948466 K -0.0100000000000000000000000000000000002
negative_003_fold baseline [(1, 'U'), (0, '')] horizontal  seconds 0.44
negative_003_pair baseline [(1, 'U'), (2, 'US')] horizontal US seconds 0.47
negative_003_hopf_1 baseline [(1, 'U'), (3, 'SUS')] horizontal SUS seconds 0.48
negative_003_hopf_0.1 baseline [(1, 'U'), (3, 'SUS')] horizontal SUS seconds 0.49
ACCEPTED negative_003 r 6.72217736482270694856950208514533186 c 0.961800938747130663002140855597213127 K -0.0500000000000000000000000000000000024
negative_004_fold baseline [(1, 'U'), (0, '')] horizontal  seconds 0.42
negative_004_pair baseline [(1, 'U'), (2, 'US')] horizontal US seconds 0.45
negative_004_hopf_1 baseline [(1, 'U'), (3, 'SUS')] horizontal SUS seconds 0.47
negative_004_hopf_0.1 baseline [(1, 'U'), (3, 'SUS')] horizontal SUS seconds 0.53
ACCEPTED negative_004 r 6.68902598822429132448616359644626836 c 0.955055486175582686946731415723563454 K -0.100000000000000000000000000000000005
negative_005_fold baseline [(1, 'U'), (0, '')] horizontal  seconds 0.41
negative_005_pair baseline [(1, 'U'), (2, 'US')] horizontal US seconds 0.45
negative_005_hopf_1 baseline [(1, 'U'), (3, 'SUS')] horizontal SUS seconds 0.47
