positive_K_0.00390625 pair c 0.9691542542839722 m 37.101199745400 beta 0.0 origin ['S', 'U'] edge 1.5493616100960708
positive_K_0.00390625 hopf_small c 0.9691542542839722 m 37.101199745400 beta -0.0000000039 origin ['U', 'S', 'U'] edge 1.549361298599905
positive_K_0.00390625 hopf c 0.9691542542839722 m 37.101199745400 beta -0.0000000390 origin ['U', 'S', 'U'] edge 1.5493584951715036
positive_K_0.015625 pair c 0.9707576559905349 m 36.995810416192 beta 0.0 origin ['S', 'U'] edge 6.784239341274763
positive_K_0.015625 hopf_small c 0.9707576559905349 m 36.995810416192 beta -0.0000000156 origin ['U', 'S', 'U'] edge 6.784237625089077
positive_K_0.015625 hopf c 0.9707576559905349 m 36.995810416192 beta -0.0000001562 origin ['U', 'S', 'U'] edge 6.784222179572531
positive_K_0.0625 pair c 0.9772083652258149 m 36.578138638618 beta 0.0 origin ['S', 'U'] edge 17.498345230757145
positive_K_0.0625 hopf_small c 0.9772083652258149 m 36.578138638618 beta -0.0000000625 origin ['U', 'S', 'U'] edge 17.498332288740272
positive_K_0.0625 hopf c 0.9772083652258149 m 36.578138638618 beta -0.0000006250 origin ['U', 'S', 'U'] edge 17.498215810472303
positive_K_0.15 pair c 0.9893981260905380 m 35.815574709749 beta 0.0 origin ['S', 'U'] edge 25.72558270295572
positive_K_0.15 hopf_small c 0.9893981260905380 m 35.815574709749 beta -0.0000001 origin ['U', 'S', 'U'] edge 25.725514974177536
positive_K_0.15 hopf c 0.9893981260905380 m 35.815574709749 beta -0.000001 origin ['U', 'S', 'U'] edge 25.749230063884255
positive_K_0.3 pair c 1.0106781551385108 m 34.562535277993 beta 0.0 origin ['S', 'U'] edge 31.03963506898844
positive_K_0.3 hopf_small c 1.0106781551385108 m 34.562535277993 beta -0.0000001 origin ['U', 'S', 'U'] edge 31.039133995831904
positive_K_0.3 hopf c 1.0106781551385108 m 34.562535277993 beta -0.000001 origin ['U', 'S', 'U'] edge 31.034626093915186
positive_K_0.65 pair c 1.0614581501633752 m 31.922949120705 beta 0.0 origin ['S', 'U'] edge 30.003822542161906
positive_K_0.65 hopf_small c 1.0614581501633752 m 31.922949120705 beta -0.0000001 origin ['U', 'S', 'U'] edge 29.992148079316195
positive_K_0.65 hopf c 1.0614581501633752 m 31.922949120705 beta -0.000001 origin ['U', 'S', 'U'] edge 29.888704346420717
positive_K_1.2 pair c 1.1404801191968325 m 28.599587249883 beta 0.0 origin ['S', 'U'] edge 18.75630023302989
positive_K_1.2 hopf_small c 1.1404801191968325 m 28.599587249883 beta -0.0000001 origin ['U', 'S', 'U'] edge 18.7437762225513
positive_K_1.2 hopf c 1.1404801191968325 m 28.599587249883 beta -0.000001 origin ['U', 'S', 'U'] edge 18.63399247343372
positive_K_2.0 pair c 1.2434270374990106 m 25.322675405143 beta 0.0 origin ['S', 'U'] edge 11.424674829374105
positive_K_2.0 hopf_small c 1.2434270374990106 m 25.322675405143 beta -0.0000001 origin ['U', 'S', 'U'] edge 11.417486709292152
positive_K_2.0 hopf c 1.2434270374990106 m 25.322675405143 beta -0.000001 origin ['U', 'S', 'U'] edge 11.35419329124528
positive_K_3.0 pair c 1.3453133932156926 m 22.939053405316 beta 0.0 origin ['S', 'U'] edge 9.964730760173964
positive_K_3.0 hopf_small c 1.3453133932156926 m 22.939053405316 beta -0.0000001 origin ['U', 'S', 'U'] edge 9.929725105312041
positive_K_3.0 hopf c 1.3453133932156926 m 22.939053405316 beta -0.000001 origin ['U', 'S', 'U'] edge 9.652019792091718
positive_K_4.0 pair c 1.4228365930051513 m 21.579717488736 beta 0.0 origin ['S', 'U'] edge 7.454901251798647
positive_K_4.0 hopf_small c 1.4228365930051513 m 21.579717488736 beta -0.0000001 origin ['U', 'S', 'U'] edge 7.421212384480809
positive_K_4.0 hopf c 1.4228365930051513 m 21.579717488736 beta -0.000001 origin ['U', 'S', 'U'] edge 9.531132799487768
positive_K_6.0 pair c 1.5377410612427221 m 20.142074539816 beta 0.0 origin ['S', 'U'] edge 6.531801857008972
positive_K_6.0 hopf_small c 1.5377410612427221 m 20.142074539816 beta -0.0000000344 origin ['U', 'S', 'U'] edge 6.619579135964635
positive_K_6.0 hopf c 1.5377410612427221 m 20.142074539816 beta -0.0000003445 origin ['U', 'S', 'U'] edge 8.268973702495959
center_0.001953125 pair c 0.9688873907174433 m 37.118801961653 beta 0.0 origin ['S', 'U'] edge 0.7485472040758623
center_0.001953125 hopf_small c 0.9688873907174433 m 37.118801961653 beta -0.0000000019 origin ['U', 'S', 'U'] edge 0.7485470573690307
center_0.001953125 hopf c 0.9688873907174433 m 37.118801961653 beta -0.0000000195 origin ['U', 'S', 'U'] edge 0.748545736901761
center_0.0001 pair c 0.9686342889318821 m 37.135512773653 beta 0.0 origin ['S', 'U'] edge 0.03715184695582252
center_0.0001 hopf_small c 0.9686342889318821 m 37.135512773653 beta -0.0000000000 origin ['S', 'U'] edge 0.03715183983007364
center_0.0001 hopf c 0.9686342889318821 m 37.135512773653 beta -0.0000000009 origin ['S', 'U'] edge 0.03715177576392392
center_0.00001 pair c 0.9686219990787522 m 37.136324604660 beta 0.0 origin ['S', 'U'] edge 0.0037096963613265643
center_0.00001 hopf_small c 0.9686219990787522 m 37.136324604660 beta -0.0000000000 origin ['S', 'U'] edge 0.003709695610503161
center_0.00001 hopf c 0.9686219990787522 m 37.136324604660 beta -0.0000000001 origin ['S', 'U'] edge 0.0037096892441894624
center_0.000001 pair c 0.9686207701058942 m 37.136405789000 beta 0.0 origin ['U'] edge 0.00037090955298424433
center_0.000001 hopf_small c 0.9686207701058942 m 37.136405789000 beta -0.0000000000 origin ['U'] edge 0.0003709094764658971
center_0.000001 hopf c 0.9686207701058942 m 37.136405789000 beta -0.0000000000 origin ['S', 'U'] edge 0.00037090884991641815
center_0.00000001 pair c 0.9686206349190181 m 37.136414719292 beta 0.0 origin [] edge 3.70312518072069e-06
center_0.00000001 hopf_small c 0.9686206349190181 m 37.136414719292 beta -0.0000000000 origin [] edge 3.703138553134977e-06
center_0.00000001 hopf c 0.9686206349190181 m 37.136414719292 beta -0.0000000000 origin [] edge 3.703115666553458e-06
center_0.0000000001 pair c 0.9686206335671495 m 37.136414808595 beta 0.0 origin [] edge 3.113716218194895e-08
center_0.0000000001 hopf_small c 0.9686206335671495 m 37.136414808595 beta -1.0000000000 origin [] edge 3.114773505785706e-08
center_0.0000000001 hopf c 0.9686206335671495 m 37.136414808595 beta -0.0000000000 origin [] edge 3.114104885071356e-08
events_half_0 pair c 1.5764619675233587 m 19.750082412671 beta 0.0 origin ['S', 'U'] edge 5.96004490218867
events_half_0 hopf_small c 1.5764619675233587 m 19.750082412671 beta -0.0000000000 origin ['S', 'U'] edge 5.887093806978914
events_half_0 hopf c 1.5764619675233587 m 19.750082412671 beta -0.0000000000 origin ['S', 'U'] edge 6.315679898086149
events_half_3 pair c 1.5816986455486886 m 19.698095558317 beta 0.0 origin ['S', 'U'] edge 5.770843799515255
events_half_3 hopf_small c 1.5816986455486886 m 19.698095558317 beta -0.0000000000 origin ['S', 'U'] edge 6.181793997868635
events_half_3 hopf c 1.5816986455486886 m 19.698095558317 beta -0.0000000000 origin ['S', 'U'] edge 6.018318270072424
events_half_7 pair c 1.5858811351468283 m 19.656705890036 beta 0.0 origin ['S'] edge -14.93249059788338
events_half_7 hopf_small c 1.5858811351468283 m 19.656705890036 beta -6.6947131466 origin ['S'] edge -14.895973783518205
events_half_7 hopf c 1.5858811351468283 m 19.656705890036 beta -0.0000000000 origin ['S'] edge -14.966992662831256
events_quad_0 pair c 1.5873281512612044 m 19.642413599509 beta 0.0 origin ['S'] edge -15.584509831641526
events_quad_0 hopf_small c 1.5873281512612044 m 19.642413599509 beta -5.4336515965 origin ['S'] edge -15.507094017974342
events_quad_0 hopf c 1.5873281512612044 m 19.642413599509 beta -5.4336515965 origin ['S'] edge -15.561786582253287
events_quad_3 pair c 1.5903070129512884 m 19.613035426055 beta 0.0 origin ['S'] edge -15.666683218564263
events_quad_3 hopf_small c 1.5903070129512884 m 19.613035426055 beta -3.0829910042 origin ['S'] edge -15.666683218564263
events_quad_3 hopf c 1.5903070129512884 m 19.613035426055 beta -3.0829910042 origin ['S'] edge -15.666683218564263
events_quad_6 pair c 1.5921513441420558 m 19.594876157007 beta 0.0 origin ['S'] edge -15.708416314926517
events_quad_6 hopf_small c 1.5921513441420558 m 19.594876157007 beta -1.8563215475 origin ['S'] edge -15.708416314926517
events_quad_6 hopf c 1.5921513441420558 m 19.594876157007 beta -1.8563215475 origin ['S'] edge -15.708416314926517
events_quad_9 pair c 1.5934058052781371 m 19.582537838575 beta 0.0 origin ['S'] edge -15.757161035373436
events_quad_9 hopf_small c 1.5934058052781371 m 19.582537838575 beta -1.1617092620 origin ['S'] edge -15.757161035373436
events_quad_9 hopf c 1.5934058052781371 m 19.582537838575 beta -1.1617092620 origin ['S'] edge -15.757161035373436
events_negative_0 pair c 0.9686069784546926 m 37.137316873178 beta 0.0 origin ['U', 'S'] edge -0.03703027626639255
events_negative_0 hopf_small c 0.9686069784546926 m 37.137316873178 beta 0.00000000010 origin ['U', 'S'] edge -0.037030269178515596
events_negative_0 hopf c 0.9686069784546926 m 37.137316873178 beta 0.00000000100 origin ['U', 'S'] edge -0.03703020547615665
events_negative_3 pair c 0.9645367931735685 m 37.408274704278 beta 0.0 origin ['U', 'S'] edge -7.632456989345279
events_negative_3 hopf_small c 0.9645367931735685 m 37.408274704278 beta 0.00000002999 origin ['S', 'U', 'S'] edge -7.632455843401303
events_negative_3 hopf c 0.9645367931735685 m 37.408274704278 beta 0.00000029999 origin ['S', 'U', 'S'] edge -7.632445529918634
events_negative_6 pair c 0.9419109234878553 m 38.993826700170 beta 0.0 origin ['U', 'S'] edge -20.510693256425967
events_negative_6 hopf_small c 0.9419109234878553 m 38.993826700170 beta 0.0000001 origin ['S', 'U', 'S'] edge -20.510692258525395
events_negative_6 hopf c 0.9419109234878553 m 38.993826700170 beta 0.000001 origin ['S', 'U', 'S'] edge -20.51068327740119
events_negative_9 pair c 0.8495796979881107 m 47.233488620132 beta 0.0 origin ['U', 'S'] edge -30.108349643359702
events_negative_9 hopf_small c 0.8495796979881107 m 47.233488620132 beta 0.0000001 origin ['S', 'U', 'S'] edge -30.10834942060537
events_negative_9 hopf c 0.8495796979881107 m 47.233488620132 beta 0.000001 origin ['S', 'U', 'S'] edge -30.10834741581096
events_negative_12 pair c 0.7105736254103184 m 69.501196173266 beta 0.0 origin ['U', 'S'] edge -33.23655978439196
events_negative_12 hopf_small c 0.7105736254103184 m 69.501196173266 beta 0.0000001 origin ['S', 'U', 'S'] edge -33.23655968610534
events_negative_12 hopf c 0.7105736254103184 m 69.501196173266 beta 0.000001 origin ['S', 'U', 'S'] edge -33.236558801533036
events_negative_15 pair c 0.5841501590070096 m 120.42605739180 beta 0.0 origin ['U', 'S'] edge -34.20841841784507
events_negative_15 hopf_small c 0.5841501590070096 m 120.42605739180 beta 0.0000001 origin ['S', 'U', 'S'] edge -34.208418357842504
events_negative_15 hopf c 0.5841501590070096 m 120.42605739180 beta 0.000001 origin ['S', 'U', 'S'] edge -34.20841781781943
events_negative_17 pair c 0.5232699555289489 m 182.09763015156 beta 0.0 origin ['U', 'S'] edge -34.365076015700495
events_negative_17 hopf_small c 0.5232699555289489 m 182.09763015156 beta 0.0000001 origin ['S', 'U', 'S'] edge -34.36507596869973
events_negative_17 hopf c 0.5232699555289489 m 182.09763015156 beta 0.000001 origin ['S', 'U', 'S'] edge -34.36507554568586
events_negative_19 pair c 0.4741612437393612 m 297.55073651309 beta 0.0 origin ['U', 'S'] edge -34.30893316175964
events_negative_19 hopf_small c 0.4741612437393612 m 297.55073651309 beta 0.0000001 origin ['S', 'U', 'S'] edge -34.308933124869064
events_negative_19 hopf c 0.4741612437393612 m 297.55073651309 beta 0.000001 origin ['S', 'U', 'S'] edge -34.30893279285012
events_m_0 pair c 0.4612522308143377 m 352.68175912266 beta 0.0 origin ['U', 'S'] edge -34.25325174289045
events_m_0 hopf_small c 0.4612522308143377 m 352.68175912266 beta 0.0000001 origin ['S', 'U', 'S'] edge -34.25325170876587
events_m_0 hopf c 0.4612522308143377 m 352.68175912266 beta 0.000001 origin ['S', 'U', 'S'] edge -34.253251401648214
events_m_2 pair c 0.4411785407505579 m 485.08063993747 beta 0.0 origin ['U', 'S'] edge -34.11491499955937
events_m_2 hopf_small c 0.4411785407505579 m 485.08063993747 beta 0.0000001 origin ['S', 'U', 'S'] edge -34.11491496995267
events_m_2 hopf c 0.4411785407505579 m 485.08063993747 beta 0.000001 origin ['S', 'U', 'S'] edge -34.11491470347991
events_m_4 pair c 0.4009083969439519 m 1328.7762175627 beta 0.0 origin ['U', 'S'] edge -33.840038621277365
events_m_4 hopf_small c 0.4009083969439519 m 1328.7762175627 beta 0.0000001 origin ['U', 'S'] edge -33.840038602137575
events_m_4 hopf c 0.4009083969439519 m 1328.7762175627 beta 0.000001 origin ['S', 'U', 'S'] edge -33.840038429879684
events_m_5 pair c 0.3502140276638752 m 188826.67386628 beta 0.0 origin ['U', 'S'] edge -29.566459398718656
events_m_5 hopf_small c 0.3502140276638752 m 188826.67386628 beta 0.0000001 origin ['U', 'S'] edge -29.566459396769083
events_m_5 hopf c 0.3502140276638752 m 188826.67386628 beta 0.000001 origin ['S', 'U', 'S'] edge -29.566459379193503
events_logm_0 pair c 0.3462980887399094 m 846262.44045480 beta 0.0 origin ['U', 'S'] edge -28.154823688223622
events_logm_0 hopf_small c 0.3462980887399094 m 846262.44045480 beta 0.0000001 origin ['U', 'S'] edge -28.154823687267136
events_logm_0 hopf c 0.3462980887399094 m 846262.44045480 beta 0.000001 origin ['S', 'U', 'S'] edge -28.154823678795065
events_logm_3 pair c 0.3405734489868297 m 76178117.217119 beta 0.0 origin ['U', 'S'] edge -23.816259469481878
events_logm_3 hopf_small c 0.3405734489868297 m 76178117.217119 beta 0.0000001 origin ['U', 'S'] edge -23.81625946946033
events_logm_3 hopf c 0.3405734489868297 m 76178117.217119 beta 0.000001 origin ['U', 'S'] edge -23.816259468415133
events_logm_6 pair c 0.3382161802206225 m 6857335579.7600 beta 0.0 origin [] edge -0.000492803087144722
events_logm_6 hopf_small c 0.3382161802206225 m 6857335579.7600 beta 0.0000001 origin [] edge -0.0004928021015189188
events_logm_6 hopf c 0.3382161802206225 m 6857335579.7600 beta 0.000001 origin [] edge -0.0004928027070398855
events_logm_10 pair c 0.3366998453480012 m 2766446619517.3 beta 0.0 origin [] edge -0.0007932305182194455
events_logm_10 hopf_small c 0.3366998453480012 m 2766446619517.3 beta 0.0000001 origin [] edge -0.0007932305471083367
events_logm_10 hopf c 0.3366998453480012 m 2766446619517.3 beta 0.000001 origin [] edge -0.000793230524076094
positive_extension_0 pair c 1.5935768945341336 m 19.580855903468 beta 0.0 origin ['S'] edge -15.767047509911201
positive_extension_0 hopf_small c 1.5935768945341336 m 19.580855903468 beta -3.4021830634 origin ['S'] edge -15.767047509911201
positive_extension_0 hopf c 1.5935768945341336 m 19.580855903468 beta -3.4021830634 origin ['S'] edge -15.767047509911201
positive_extension_1 pair c 1.5937393276037973 m 19.579259247847 beta 0.0 origin ['S'] edge -15.799890266598311
positive_extension_1 hopf_small c 1.5937393276037973 m 19.579259247847 beta -9.8530725286 origin ['S'] edge -15.799890266598311
positive_extension_1 hopf c 1.5937393276037973 m 19.579259247847 beta -9.8530725286 origin ['S'] edge -15.799890266598311
negative_extension_0 pair c 0.3364543275301602 m 12398353578364. beta 0.0 origin [] edge -0.0007282482000476875
negative_extension_0 hopf_small c 0.3364543275301602 m 12398353578364. beta 0.0000001 origin [] edge -0.0007282481314359046
negative_extension_0 hopf c 0.3364543275301602 m 12398353578364. beta 0.000001 origin [] edge -0.0007282482711730154
negative_extension_1 pair c 0.3362414751397175 m 55565565722344. beta 0.0 origin [] edge -0.0006721409143501944
negative_extension_1 hopf_small c 0.3362414751397175 m 55565565722344. beta 0.0000001 origin [] edge -0.0006721406453102929
negative_extension_1 hopf c 0.3362414751397175 m 55565565722344. beta 0.000001 origin [] edge -0.0006721411167411873
