{"evaluation": 362, "purpose": "fold_followup_base", "status": "NUMERICAL_ONLY", "D": 5.259850400374242e-05, "mu": 1.0002287250936652, "error": null}
{"evaluation": 363, "purpose": "fold_followup_difference", "status": "NUMERICAL_ONLY", "D": 5.260630705204056e-05, "mu": 1.000228758573257, "error": null}
{"evaluation": 364, "purpose": "fold_followup_difference", "status": "NUMERICAL_ONLY", "D": 5.232527832499418e-05, "mu": 1.000227979104555, "error": null}
{"evaluation": 365, "purpose": "fold_followup_base", "status": "NUMERICAL_ONLY", "D": 2.502131476001125e-05, "mu": 1.0001018101752592, "error": null}
{"evaluation": 366, "purpose": "fold_followup_difference", "status": "NUMERICAL_ONLY", "D": 2.5024543851471832e-05, "mu": 1.0001018248722253, "error": null}
{"evaluation": 367, "purpose": "fold_followup_difference", "status": "NUMERICAL_ONLY", "D": 2.478321464554654e-05, "mu": 1.0001010212945625, "error": null}
{"evaluation": 368, "purpose": "fold_followup_base", "status": "NUMERICAL_ONLY", "D": 7.660174220258047e-06, "mu": 1.0000266611816147, "error": null}
{"evaluation": 369, "purpose": "fold_followup_difference", "status": "NUMERICAL_ONLY", "D": 7.660800256459108e-06, "mu": 1.0000266649080924, "error": null}
{"evaluation": 370, "purpose": "fold_followup_difference", "status": "NUMERICAL_ONLY", "D": 7.508756411534981e-06, "mu": 1.0000261033419922, "error": null}
{"evaluation": 371, "purpose": "fold_followup_base", "status": "NUMERICAL_ONLY", "D": -6.155701181601815e-07, "mu": 0.9999988006746721, "error": null}
{"evaluation": 372, "purpose": "fold_followup_difference", "status": "NUMERICAL_ONLY", "D": -6.155243821614625e-07, "mu": 0.9999988032995276, "error": null}
{"evaluation": 373, "purpose": "fold_followup_difference", "status": "NUMERICAL_ONLY", "D": -7.858609348066658e-07, "mu": 0.9999981855924863, "error": null}
{"evaluation": 374, "purpose": "fold_followup_base", "status": "NUMERICAL_ONLY", "D": 1.3458254501766824e-09, "mu": 0.9982883284733558, "error": null}
{"evaluation": 375, "purpose": "fold_followup_difference", "status": "NUMERICAL_ONLY", "D": -1.6982674665309754e-07, "mu": 0.9982877100998575, "error": null}
{"evaluation": 376, "purpose": "fold_followup_difference", "status": "NUMERICAL_ONLY", "D": 6.55969507884356e-06, "mu": 0.9983125237818635, "error": null}
{"evaluation": 377, "purpose": "fold_followup_base", "status": "NUMERICAL_ONLY", "D": 0.00028779507596530445, "mu": 0.999382401592184, "error": null}
{"evaluation": 378, "purpose": "fold_followup_difference", "status": "NUMERICAL_ONLY", "D": 0.0002876471214269521, "mu": 0.9993818730609264, "error": null}
{"evaluation": 379, "purpose": "fold_followup_difference", "status": "NUMERICAL_ONLY", "D": 0.0002974627224774417, "mu": 0.9994171608352538, "error": null}
{"evaluation": 380, "purpose": "fold_followup_base", "status": "NUMERICAL_ONLY", "D": 0.00047937254743411295, "mu": 1.0000702413116753, "error": null}
{"evaluation": 381, "purpose": "fold_followup_difference", "status": "NUMERICAL_ONLY", "D": 0.0004792359009965977, "mu": 1.0000697586835388, "error": null}
{"evaluation": 382, "purpose": "fold_followup_difference", "status": "NUMERICAL_ONLY", "D": 0.0004929093310041928, "mu": 1.0001179567215182, "error": null}
{"evaluation": 383, "purpose": "fold_followup_base", "status": "NUMERICAL_ONLY", "D": 0.0005851866051809381, "mu": 1.0004522006930439, "error": null}
{"evaluation": 384, "purpose": "fold_followup_difference", "status": "NUMERICAL_ONLY", "D": 0.0005850564603293682, "mu": 1.0004517315543848, "error": null}
{"evaluation": 385, "purpose": "fold_followup_difference", "status": "NUMERICAL_ONLY", "D": 0.0005948555876058695, "mu": 1.0004870018362841, "error": null}
