{"a": -1.491111111111111, "b": 0.4666666666666667, "label": "published_Yu_Zeng", "slope_cells": 3322, "maxima": {"upper": 3, "total": 4, "upper_with_lower": 3}, "best": {"m": 3.80465698501488, "c": 0.09768891358101983, "upper": 3, "lower": 1, "normalized_level_gap": 1.4400514659859074e-07}, "five_candidate": null}
{"a": -0.4, "b": 0.3333333333333333, "label": "geometry_grid", "slope_cells": 3322, "maxima": {"upper": 2, "total": 3, "upper_with_lower": 2}, "best": {"m": 116.18487574177544, "c": -56.0924392810124, "upper": 2, "lower": 1, "normalized_level_gap": 2.279992038255218e-09}, "five_candidate": null}
{"a": -0.75, "b": 0.3333333333333333, "label": "geometry_grid", "slope_cells": 3322, "maxima": {"upper": 2, "total": 3, "upper_with_lower": 2}, "best": {"m": 15.208031182684918, "c": -5.604015791117483, "upper": 2, "lower": 1, "normalized_level_gap": 2.9590507154949076e-09}, "five_candidate": null}
{"a": -1.25, "b": 0.3333333333333333, "label": "geometry_grid", "slope_cells": 3322, "maxima": {"upper": 3, "total": 4, "upper_with_lower": 3}, "best": {"m": 4.723536156746173, "c": -0.36175684553464715, "upper": 3, "lower": 1, "normalized_level_gap": 3.042244880563635e-08}, "five_candidate": null}
{"a": -1.75, "b": 0.3333333333333333, "label": "geometry_grid", "slope_cells": 3322, "maxima": {"upper": 3, "total": 4, "upper_with_lower": 3}, "best": {"m": 1.503398574180078, "c": 1.2551578237902294, "upper": 3, "lower": 1, "normalized_level_gap": 3.381623247432843e-05}, "five_candidate": null}
{"a": -2.25, "b": 0.3333333333333333, "label": "geometry_grid", "slope_cells": 3322, "maxima": {"upper": 3, "total": 3, "upper_with_lower": 1}, "best": {"m": 0.3146559019705716, "c": 1.8426681072074411, "upper": 3, "lower": 0, "normalized_level_gap": 3.1053154627672986e-07}, "five_candidate": null}
{"a": -3.0, "b": 0.3333333333333333, "label": "geometry_grid", "slope_cells": 3322, "maxima": {"upper": 2, "total": 2, "upper_with_lower": 1}, "best": {"m": -0.9991737176200033, "c": 2.4995868300037323, "upper": 2, "lower": 0, "normalized_level_gap": 2.0663854113097954e-09}, "five_candidate": null}
{"a": -4.0, "b": 0.3333333333333333, "label": "geometry_grid", "slope_cells": 3322, "maxima": {"upper": 2, "total": 2, "upper_with_lower": 1}, "best": {"m": -1.8169046007762315, "c": 2.9084522584982073, "upper": 2, "lower": 0, "normalized_level_gap": 2.350739574112288e-09}, "five_candidate": null}
{"a": -1.2522222222222221, "b": 0.3333333333333333, "label": "near_focus_line", "slope_cells": 3322, "maxima": {"upper": 3, "total": 4, "upper_with_lower": 3}, "best": {"m": 4.701809559759452, "c": -0.35089047224502945, "upper": 3, "lower": 1, "normalized_level_gap": 7.402498589506456e-08}, "five_candidate": null}
{"a": -1.192222222222222, "b": 0.3333333333333333, "label": "near_focus_line", "slope_cells": 3322, "maxima": {"upper": 2, "total": 3, "upper_with_lower": 2}, "best": {"m": 5.314771189272069, "c": -0.6573856481762568, "upper": 2, "lower": 1, "normalized_level_gap": 2.4916214971700267e-09}, "five_candidate": null}
{"a": -3.4744444444444444, "b": 0.3333333333333333, "label": "near_focus_line", "slope_cells": 3322, "maxima": {"upper": 2, "total": 3, "upper_with_lower": 1}, "best": {"m": -1.452079629660256, "c": 2.7260397747054483, "upper": 2, "lower": 0, "normalized_level_gap": 2.1683265450345678e-09}, "five_candidate": null}
{"a": -3.414444444444445, "b": 0.3333333333333333, "label": "near_focus_line", "slope_cells": 3322, "maxima": {"upper": 2, "total": 2, "upper_with_lower": 1}, "best": {"m": -1.4024826653157465, "c": 2.7012412912713755, "upper": 2, "lower": 0, "normalized_level_gap": 2.2691184939028853e-09}, "five_candidate": null}
{"a": -0.4, "b": 0.6666666666666666, "label": "geometry_grid", "slope_cells": 3322, "maxima": {"upper": 2, "total": 2, "upper_with_lower": 1}, "best": {"m": -8496149259717.834, "c": 3011406336115.637, "upper": 2, "lower": 0, "normalized_level_gap": 3.7262242238378645e-05}, "five_candidate": null}
{"a": -0.75, "b": 0.6666666666666666, "label": "geometry_grid", "slope_cells": 3322, "maxima": {"upper": 2, "total": 3, "upper_with_lower": 2}, "best": {"m": 92.1368064525852, "c": -44.06840429141384, "upper": 2, "lower": 1, "normalized_level_gap": 2.50758476219583e-09}, "five_candidate": null}
{"a": -1.25, "b": 0.6666666666666666, "label": "geometry_grid", "slope_cells": 3322, "maxima": {"upper": 2, "total": 3, "upper_with_lower": 2}, "best": {"m": 9.71747409302356, "c": -2.8587371385818567, "upper": 2, "lower": 1, "normalized_level_gap": 2.190340921192991e-09}, "five_candidate": null}
{"a": -1.75, "b": 0.6666666666666666, "label": "geometry_grid", "slope_cells": 3322, "maxima": {"upper": 2, "total": 3, "upper_with_lower": 2}, "best": {"m": 3.384748872683269, "c": 0.3076255262325911, "upper": 2, "lower": 1, "normalized_level_gap": 2.0735807523399298e-09}, "five_candidate": null}
{"a": -2.25, "b": 0.6666666666666666, "label": "geometry_grid", "slope_cells": 3322, "maxima": {"upper": 3, "total": 3, "upper_with_lower": 1}, "best": {"m": 1.0529774441406485, "c": 1.4735112511370614, "upper": 3, "lower": 0, "normalized_level_gap": 2.4534119184128708e-09}, "five_candidate": null}
{"a": -3.0, "b": 0.6666666666666666, "label": "geometry_grid", "slope_cells": 3322, "maxima": {"upper": 3, "total": 3, "upper_with_lower": 1}, "best": {"m": 0.04915348736153756, "c": 1.9414637448030891, "upper": 3, "lower": 0, "normalized_level_gap": 1.4736010058583697e-08}, "five_candidate": null}
{"a": -4.0, "b": 0.6666666666666666, "label": "geometry_grid", "slope_cells": 3322, "maxima": {"upper": 2, "total": 2, "upper_with_lower": 1}, "best": {"m": -1.598715559800668, "c": 2.7993577361330746, "upper": 2, "lower": 0, "normalized_level_gap": 2.6049405981963927e-09}, "five_candidate": null}
{"a": -1.8077777777777777, "b": 0.6666666666666666, "label": "near_focus_line", "slope_cells": 3322, "maxima": {"upper": 3, "total": 4, "upper_with_lower": 3}, "best": {"m": 3.0102651707592236, "c": 0.49486829085996065, "upper": 3, "lower": 1, "normalized_level_gap": 3.7122682145013073e-09}, "five_candidate": null}
{"a": -1.7477777777777777, "b": 0.6666666666666666, "label": "near_focus_line", "slope_cells": 3322, "maxima": {"upper": 2, "total": 3, "upper_with_lower": 2}, "best": {"m": 3.3999338357108595, "c": 0.3000330441058021, "upper": 2, "lower": 1, "normalized_level_gap": 2.0343469435398956e-09}, "five_candidate": null}
{"a": -2.918888888888889, "b": 0.6666666666666666, "label": "near_focus_line", "slope_cells": 3322, "maxima": {"upper": 3, "total": 3, "upper_with_lower": 1}, "best": {"m": 0.0647485516848127, "c": 1.9462584184830567, "upper": 3, "lower": 0, "normalized_level_gap": 1.027832760816413e-08}, "five_candidate": null}
{"a": -2.8588888888888895, "b": 0.6666666666666666, "label": "near_focus_line", "slope_cells": 3322, "maxima": {"upper": 3, "total": 3, "upper_with_lower": 1}, "best": {"m": 0.07607495035745876, "c": 1.951827018693014, "upper": 3, "lower": 0, "normalized_level_gap": 1.2416577000482874e-08}, "five_candidate": null}
{"a": -0.4, "b": 1.0, "label": "geometry_grid", "slope_cells": 1682, "maxima": {"upper": 2, "total": 2, "upper_with_lower": 1}, "best": {"m": -3593322240160.828, "c": 903474948193.932, "upper": 2, "lower": 0, "normalized_level_gap": 6.491658698363981e-05}, "five_candidate": null}
{"a": -0.75, "b": 1.0, "label": "geometry_grid", "slope_cells": 1682, "maxima": {"upper": 2, "total": 2, "upper_with_lower": 1}, "best": {"m": -473944205.79736793, "c": 183803270.82915968, "upper": 2, "lower": 0, "normalized_level_gap": 1.6651868495004887e-05}, "five_candidate": null}
{"a": -1.25, "b": 1.0, "label": "geometry_grid", "slope_cells": 1682, "maxima": {"upper": 2, "total": 3, "upper_with_lower": 2}, "best": {"m": 28.019364911811685, "c": -12.0096827598564, "upper": 2, "lower": 1, "normalized_level_gap": 2.392192804443228e-09}, "five_candidate": null}
{"a": -1.75, "b": 1.0, "label": "geometry_grid", "slope_cells": 1682, "maxima": {"upper": 2, "total": 3, "upper_with_lower": 2}, "best": {"m": 6.667849054324218, "c": -1.333924595555295, "upper": 2, "lower": 1, "normalized_level_gap": 2.008652386852551e-09}, "five_candidate": null}
{"a": -2.25, "b": 1.0, "label": "geometry_grid", "slope_cells": 1682, "maxima": {"upper": 2, "total": 2, "upper_with_lower": 1}, "best": {"m": 0.2766909702245157, "c": 2.5781513812988597, "upper": 2, "lower": 0, "normalized_level_gap": 2.6323417914260284e-07}, "five_candidate": null}
{"a": -3.0, "b": 1.0, "label": "geometry_grid", "slope_cells": 1682, "maxima": {"upper": 3, "total": 3, "upper_with_lower": 1}, "best": {"m": 0.22507056803910702, "c": 1.8874620730727307, "upper": 3, "lower": 0, "normalized_level_gap": 2.1121194819468742e-07}, "five_candidate": null}
{"a": -4.0, "b": 1.0, "label": "geometry_grid", "slope_cells": 1682, "maxima": {"upper": 2, "total": 2, "upper_with_lower": 1}, "best": {"m": -1.3321292717404245, "c": 2.666064594330215, "upper": 2, "lower": 0, "normalized_level_gap": 2.6700830317111108e-09}, "five_candidate": null}
{"a": -2.3633333333333333, "b": 1.0, "label": "near_focus_line", "slope_cells": 1682, "maxima": {"upper": 3, "total": 3, "upper_with_lower": 1}, "best": {"m": 1.8680879776284285, "c": 1.065955984794154, "upper": 3, "lower": 0, "normalized_level_gap": 2.104814445629063e-09}, "five_candidate": null}
{"a": -2.3033333333333337, "b": 1.0, "label": "near_focus_line", "slope_cells": 1682, "maxima": {"upper": 2, "total": 2, "upper_with_lower": 1}, "best": {"m": 0.265409384083601, "c": 2.4305302234534936, "upper": 2, "lower": 0, "normalized_level_gap": 2.3507449836981468e-07}, "five_candidate": null}
{"a": -0.4, "b": 1.3333333333333333, "label": "geometry_grid", "slope_cells": 3322, "maxima": {"upper": 2, "total": 2, "upper_with_lower": 1}, "best": {"m": -11811534224413.52, "c": 2102658874019.564, "upper": 2, "lower": 0, "normalized_level_gap": 2.277228199177404e-05}, "five_candidate": null}
{"a": -0.75, "b": 1.3333333333333333, "label": "geometry_grid", "slope_cells": 3322, "maxima": {"upper": 2, "total": 3, "upper_with_lower": 1}, "best": {"m": -544113253.807719, "c": 149432646.3977043, "upper": 2, "lower": 0, "normalized_level_gap": 2.7138383056473765e-05}, "five_candidate": null}
{"a": -1.25, "b": 1.3333333333333333, "label": "geometry_grid", "slope_cells": 3322, "maxima": {"upper": 2, "total": 3, "upper_with_lower": 1}, "best": {"m": -47561898.46887578, "c": 21716546.354003236, "upper": 2, "lower": 0, "normalized_level_gap": 3.1648354415811725e-06}, "five_candidate": null}
{"a": -1.75, "b": 1.3333333333333333, "label": "geometry_grid", "slope_cells": 3322, "maxima": {"upper": 2, "total": 3, "upper_with_lower": 2}, "best": {"m": 15.205128132131223, "c": -5.6025642349366445, "upper": 2, "lower": 1, "normalized_level_gap": 2.5016635248183905e-09}, "five_candidate": null}
{"a": -2.25, "b": 1.3333333333333333, "label": "geometry_grid", "slope_cells": 3322, "maxima": {"upper": 2, "total": 3, "upper_with_lower": 1}, "best": {"m": 0.4299870787282644, "c": 2.8376391124453937, "upper": 2, "lower": 0, "normalized_level_gap": 3.1295924095898816e-07}, "five_candidate": null}
{"a": -3.0, "b": 1.3333333333333333, "label": "geometry_grid", "slope_cells": 3322, "maxima": {"upper": 3, "total": 3, "upper_with_lower": 1}, "best": {"m": 0.8003096579100959, "c": 1.5998451510477816, "upper": 3, "lower": 0, "normalized_level_gap": 2.125211726048957e-09}, "five_candidate": null}
{"a": -4.0, "b": 1.3333333333333333, "label": "geometry_grid", "slope_cells": 3322, "maxima": {"upper": 2, "total": 2, "upper_with_lower": 1}, "best": {"m": -0.9989967148890776, "c": 2.499498323259787, "upper": 2, "lower": 0, "normalized_level_gap": 2.4412839355752763e-09}, "five_candidate": null}
{"a": -2.9188888888888886, "b": 1.3333333333333333, "label": "near_focus_line", "slope_cells": 3322, "maxima": {"upper": 3, "total": 3, "upper_with_lower": 1}, "best": {"m": 1.0457010509906417, "c": 1.4771494512683456, "upper": 3, "lower": 0, "normalized_level_gap": 2.059908738437665e-09}, "five_candidate": null}
{"a": -2.858888888888889, "b": 1.3333333333333333, "label": "near_focus_line", "slope_cells": 3322, "maxima": {"upper": 2, "total": 3, "upper_with_lower": 1}, "best": {"m": 0.2237237159249351, "c": 2.022470019106443, "upper": 2, "lower": 0, "normalized_level_gap": 1.0647503512800878e-07}, "five_candidate": null}
{"a": -1.807777777777778, "b": 1.3333333333333333, "label": "near_focus_line", "slope_cells": 3322, "maxima": {"upper": 2, "total": 4, "upper_with_lower": 2}, "best": {"m": 12.86505029368647, "c": -4.432525284351561, "upper": 2, "lower": 1, "normalized_level_gap": 2.1055579113767903e-09}, "five_candidate": null}
{"a": -1.7477777777777779, "b": 1.3333333333333333, "label": "near_focus_line", "slope_cells": 3322, "maxima": {"upper": 2, "total": 3, "upper_with_lower": 2}, "best": {"m": 15.308126035514604, "c": -5.654063186200972, "upper": 2, "lower": 1, "normalized_level_gap": 2.477777087521961e-09}, "five_candidate": null}
{"a": -0.4, "b": 1.6666666666666667, "label": "geometry_grid", "slope_cells": 3322, "maxima": {"upper": 2, "total": 3, "upper_with_lower": 1}, "best": {"m": -84051481364017.53, "c": 9471366885008.527, "upper": 2, "lower": 0, "normalized_level_gap": 4.507195659697331e-05}, "five_candidate": null}
{"a": -0.75, "b": 1.6666666666666667, "label": "geometry_grid", "slope_cells": 3322, "maxima": {"upper": 2, "total": 3, "upper_with_lower": 1}, "best": {"m": -3555687017.0707083, "c": 617672398.8870548, "upper": 2, "lower": 0, "normalized_level_gap": 1.946826950612843e-05}, "five_candidate": null}
{"a": -1.25, "b": 1.6666666666666667, "label": "geometry_grid", "slope_cells": 3322, "maxima": {"upper": 2, "total": 4, "upper_with_lower": 1}, "best": {"m": -44264012.39996704, "c": 12796911.858998794, "upper": 2, "lower": 0, "normalized_level_gap": 9.625641599631627e-06}, "five_candidate": null}
{"a": -1.75, "b": 1.6666666666666667, "label": "geometry_grid", "slope_cells": 3322, "maxima": {"upper": 2, "total": 4, "upper_with_lower": 2}, "best": {"m": 92.07822656111898, "c": -44.039114336999646, "upper": 2, "lower": 1, "normalized_level_gap": 2.488575782004066e-09}, "five_candidate": null}
{"a": -2.25, "b": 1.6666666666666667, "label": "geometry_grid", "slope_cells": 3322, "maxima": {"upper": 2, "total": 3, "upper_with_lower": 1}, "best": {"m": 0.699045451259134, "c": 3.1501935261328913, "upper": 2, "lower": 0, "normalized_level_gap": 3.7710763906868355e-07}, "five_candidate": null}
{"a": -3.0, "b": 1.6666666666666667, "label": "geometry_grid", "slope_cells": 3322, "maxima": {"upper": 2, "total": 2, "upper_with_lower": 1}, "best": {"m": 0.27172714627561567, "c": 2.0166185504467506, "upper": 2, "lower": 0, "normalized_level_gap": 1.043858253306113e-07}, "five_candidate": null}
{"a": -4.0, "b": 1.6666666666666667, "label": "geometry_grid", "slope_cells": 3322, "maxima": {"upper": 2, "total": 2, "upper_with_lower": 1}, "best": {"m": -0.5707366218413724, "c": 2.2853682876212855, "upper": 2, "lower": 0, "normalized_level_gap": 2.0232849546374024e-09}, "five_candidate": null}
{"a": -3.4744444444444444, "b": 1.6666666666666667, "label": "near_focus_line", "slope_cells": 3322, "maxima": {"upper": 3, "total": 3, "upper_with_lower": 1}, "best": {"m": 0.42549733914768006, "c": 1.787251311330417, "upper": 3, "lower": 0, "normalized_level_gap": 2.138319989682434e-09}, "five_candidate": null}
{"a": -3.414444444444445, "b": 1.6666666666666667, "label": "near_focus_line", "slope_cells": 3322, "maxima": {"upper": 2, "total": 2, "upper_with_lower": 1}, "best": {"m": 0.13201167758256277, "c": 1.9719316716226698, "upper": 2, "lower": 0, "normalized_level_gap": 4.307599366593346e-08}, "five_candidate": null}
{"a": -1.2522222222222221, "b": 1.6666666666666667, "label": "near_focus_line", "slope_cells": 3322, "maxima": {"upper": 2, "total": 4, "upper_with_lower": 1}, "best": {"m": -43001129.67278181, "c": 12461475.662166514, "upper": 2, "lower": 0, "normalized_level_gap": 9.690029889130583e-06}, "five_candidate": null}
{"a": -1.192222222222222, "b": 1.6666666666666667, "label": "near_focus_line", "slope_cells": 3322, "maxima": {"upper": 2, "total": 3, "upper_with_lower": 1}, "best": {"m": -102509198.92836319, "c": 27879643.832781207, "upper": 2, "lower": 0, "normalized_level_gap": 7.82425593260451e-06}, "five_candidate": null}
saved /workspace/scratch/97757d9f13f6/H16P/reversible_reseed/data/moment_search.json seconds 3.5598204900015844
