engine: ENGINE cusp_engine binary128 (113-bit mantissa) order=26 jetdeg=4

eps=0.05    D(s_c)=3.85186e-34  D_s(s_c)=1.598961e-6 (target 1.598961e-6)  T=0.00054735682  detJ=51.649424
   predicted roots at s = 2.501449761, 2.588052302, 2.674654842
   domain ['1.002', '6.992']
   LOCAL cycles (3): ['2.50220492199', '2.58805230176', '2.6754411193']
   stationary   (3): ['1.476280301', '2.539046983', '2.639028987']

eps=0.10    D(s_c)=-1.92593e-33  D_s(s_c)=6.395844e-6 (target 6.395844e-6)  T=0.0005420109  detJ=51.649485
   predicted roots at s = 2.414847221, 2.588052302, 2.761257383
   domain ['1.002', '6.992']
   LOCAL cycles (3): ['2.41780279368', '2.58805230176', '2.76446244531']
   stationary   (3): ['1.473072192', '2.492069489', '2.691926022']

eps=0.20    D(s_c)=-3.85186e-34  D_s(s_c)=2.5583376e-5 (target 2.5583376e-5)  T=0.00052062751  detJ=51.649725
   predicted roots at s = 2.24164214, 2.588052302, 2.934462463
   domain ['1.002', '6.992']
   LOCAL cycles (3): ['2.25291387134', '2.58805230176', '2.94774849807']
   stationary   (3): ['1.460107314', '2.404440671', '2.803309547']

eps=0.35    D(s_c)=3.08149e-33  D_s(s_c)=7.8349089e-5 (target 7.8349089e-5)  T=0.00046182567  detJ=51.650387
   predicted roots at s = 1.981834519, 2.588052302, 3.194270084
   domain ['1.002', '6.992']
   LOCAL cycles (3): ['2.01349388292', '2.58805230176', '3.23702236977']
   stationary   (3): ['1.42343092', '2.289690617', '2.983895925']

eps=0.50    D(s_c)=1.82193e-31  D_s(s_c)=0.0001598961 (target 0.0001598961)  T=0.00037095732  detJ=51.65141
   predicted roots at s = 1.722026898, 2.588052302, 3.454077706
   domain ['1.002', '6.992']
   LOCAL cycles (3): ['1.7794068893', '2.58805230176', '3.54542720465']
   stationary   (3): ['1.364053591', '2.195869454', '3.18030765']

calls: 4880
