cubic-scaling test along the path  (delta = (s_f-s_i)/2):
   step   delta        |h_i|        |D_ss(s_f)|   |h_i|/delta^3   |D_ss|/delta
   0      0.59143      0.000250023  0.00129003    0.00120857      0.00218121
   1      0.473711     0.000112745  0.000919263   0.00106062      0.00194056
   2      0.352356     4.16101e-5   0.000605706   0.00095116      0.00171902
   3      0.205492     7.63329e-6   0.000309331   0.000879681     0.00150532
   4      0.102131     9.14552e-7   0.000141318   0.000858489     0.00138369
   5      0.0695589    2.8786e-7    9.3831e-5     0.000855308     0.00134894
   6      0.0329164    3.04333e-8   4.31699e-5    0.000853317     0.0013115
   7      0.0214337    8.39931e-9   2.78657e-5    0.000853004     0.00130009
   8      0.00703185   2.96522e-10  9.04281e-6    0.000852803     0.00128598
   9      0.00571595   1.59261e-10  7.34328e-6    0.000852795     0.0012847
   10     0.00521691   1.21083e-10  6.69965e-6    0.000852792     0.00128422
   11     0.00504406   1.09442e-10  6.47682e-6    0.000852791     0.00128405

engine: ENGINE cusp_engine binary128 (113-bit mantissa) order=26 jetdeg=4

Newton on  D = D_s = D_ss = 0  in (a11, a01, a10, s):
   it0   scaled-res=2.5842e-08  D=-5.480e-11 D_s=1.627e-08 D_ss=1.228e-08  s=2.588062378259
   it1   scaled-res=2.9999e-13  D=1.640e-13 D_s=1.889e-13 D_ss=-1.171e-13  s=2.588052301939
   it2   scaled-res=5.9319e-23  D=3.359e-23 D_s=-5.747e-25 D_ss=-4.704e-23  s=2.588052301762
   it3   scaled-res=2.1409e-33  D=1.156e-33 D_s=1.348e-33 D_ss=-4.574e-34  s=2.588052301762

*** TERMINAL OBJECT ***
   a    = 0.7266687384078295434888743
   a20  = -12.00139906654482774401223
   a11  = 2.149360603432544109053414
   a01  = 0.3045260121871923258255834
   a10  = -26.49779478462597842880328
   a00  = 40.22641172838271306420563
   s_c  = 2.5880523017615422998
   D=1.1556e-33  D_s=1.3482e-33  D_ss=-4.5741e-34  D_sss=-0.00127916880373  D_ssss=-0.00289501591506
   T = 0.000549138804077   detJ = 51.6494043823
   inventory  domain=['1.002', '6.997']
      cycles     = ['2.58805230157']
      stationary = ['1.47734665662']
   remote: (-3.2028,0.3122) tr -5.8135 cycles=0

calls: 1343
