shape accepted 12 lambda 0.43531249999999994 q [-1.3146875   0.33333333 -0.36363636  0.05491702 -3.4767766 ] roots [-4.11500807e-01 -1.79483999e-03  6.53463581e-01  5.73343637e+00] outer Ds [-1.6218124922473542e-06, -1.6516465865257235e-05, -0.0005347280080388317, -0.015912932810915548, -0.6175480354847805] stationary 0 calls 322
shape rejected 0.4753124999999999 upper simple-root derivative below discovery floor calls 334
shape accepted 13 lambda 0.45531249999999995 q [-1.2946875   0.33333333 -0.36363636  0.12916492 -3.59608286] roots [-0.53360539 -0.12389942  0.531359    5.62768638] outer Ds [-1.3592064363465717e-06, -1.5472241373493123e-05, -0.0005706190425716073, -0.019463207366818724, -1.1545843604940846] stationary 0 calls 361
shape rejected 0.4803125 outside outer section partition calls 362
shape rejected 0.46781249999999996 upper simple-root derivative below discovery floor calls 368
shape accepted 14 lambda 0.46156249999999993 q [-1.2884375   0.33333333 -0.36363636  0.15250726 -3.63366233] roots [-0.57685677 -0.1671508   0.48810762  5.59508879] outer Ds [-1.2583068387805874e-06, -1.49797977662125e-05, -0.0005796001199744327, -0.020672866546224133, -1.5002967745047138] stationary 0 calls 392
shape rejected 0.46937499999999993 upper simple-root derivative below discovery floor calls 395
shape rejected 0.46546874999999993 upper simple-root derivative below discovery floor calls 398
shape accepted 15 lambda 0.46351562499999993 q [-1.28648438  0.33333333 -0.36363636  0.15981314 -3.64543003] roots [-0.59104264 -0.18133668  0.47392174  5.58494373] outer Ds [-1.2246442537278135e-06, -1.4805553988583853e-05, -0.0005820806531023903, -0.021058306606629773, -1.6472484880457297] stationary 0 calls 422
shape rejected 0.46595703124999993 upper simple-root derivative below discovery floor calls 425
shape rejected 0.46473632812499993 upper simple-root derivative below discovery floor calls 428
shape accepted 16 lambda 0.46412597656249993 q [-1.28587402  0.33333333 -0.36363636  0.16209726 -3.64910962] roots [-0.59554897 -0.18584301  0.46941541  5.58177669] outer Ds [-1.213904019414791e-06, -1.4748937038289167e-05, -0.000582819282218261, -0.02117935319410713, -1.6984797832386693] stationary 0 calls 448
shape rejected 0.46488891601562493 upper simple-root derivative below discovery floor calls 451
shape rejected 0.46450744628906243 upper simple-root derivative below discovery floor calls 454
shape rejected 0.4643167114257812 upper simple-root derivative below discovery floor calls 457
shape rejected 0.46422134399414056 upper simple-root derivative below discovery floor calls 460
shape accepted 17 lambda 0.46417366027832024 q [-1.28582634  0.33333333 -0.36363636  0.16227572 -3.64939713] roots [-0.59590244 -0.18619647  0.46906195  5.58152939] outer Ds [-1.21306120098863e-06, -1.4744473060324115e-05, -0.0005828762757370543, -0.02118882238795672, -1.7026015764396185] stationary 0 calls 477
shape rejected 0.46423326492309563 upper simple-root derivative below discovery floor calls 480
shape rejected 0.46420346260070794 upper simple-root derivative below discovery floor calls 483
shape accepted 18 lambda 0.4641885614395141 q [-1.28581144  0.33333333 -0.36363636  0.1623315  -3.64948697] roots [-0.59601296 -0.186307    0.46895143  5.58145211] outer Ds [-1.212797527627707e-06, -1.4743075948897566e-05, -0.0005828940526169668, -0.02119178155309498, -1.7038932090484726] stationary 0 calls 500
shape STOP 500 paired-evaluation budget reached accepted 18 calls 500
