0 0.0000000001 ['5.5304134744', '8.2378533486'] 1 1 configured_grid_end_not_mathematical_boundary seconds 4.0
1 0.0000000002 ['5.5304134744', '8.2378533487'] 1 1 configured_grid_end_not_mathematical_boundary seconds 3.6
2 0.0000000005 ['5.5304134746', '8.2378533490'] 1 1 configured_grid_end_not_mathematical_boundary seconds 3.5
3 0.000000001 ['5.5304134749', '8.2378533494'] 1 1 configured_grid_end_not_mathematical_boundary seconds 3.2
4 0.000000002 ['5.5304134755', '8.2378533503'] 1 1 configured_grid_end_not_mathematical_boundary seconds 3.3
5 0.000000005 ['5.5304134774', '8.2378533530'] 1 1 configured_grid_end_not_mathematical_boundary seconds 3.3
6 0.00000001 ['5.5304134804', '8.2378533576'] 1 1 configured_grid_end_not_mathematical_boundary seconds 3.2
7 0.00000002 ['5.5304134865', '8.2378533666'] 1 1 configured_grid_end_not_mathematical_boundary seconds 3.3
8 0.00000005 ['5.5304135067', '8.2378533968'] 1 1 configured_grid_end_not_mathematical_boundary seconds 3.3
9 0.0000001 ['5.5304135371', '8.2378534421'] 1 1 configured_grid_end_not_mathematical_boundary seconds 3.2
10 0.0000002 ['5.5304135978', '8.2378535325'] 1 1 configured_grid_end_not_mathematical_boundary seconds 3.4
11 0.0000005 ['5.5304137842', '8.2378538101'] 1 1 configured_grid_end_not_mathematical_boundary seconds 3.6
12 0.000001 ['5.5304140940', '8.2378542716'] 1 1 configured_grid_end_not_mathematical_boundary seconds 3.2
13 0.000002 ['5.5304147116', '8.2378551946'] 1 1 configured_grid_end_not_mathematical_boundary seconds 3.6
14 0.000005 ['5.5304165645', '8.2378579669'] 1 1 configured_grid_end_not_mathematical_boundary seconds 3.6
15 0.00001 ['5.5304196548', '8.2378625823'] 1 1 configured_grid_end_not_mathematical_boundary seconds 3.3
16 0.00002 ['5.5304258353', '8.2378718162'] 1 1 configured_grid_end_not_mathematical_boundary seconds 3.7
17 0.00005 ['5.5304443755', '8.2378995186'] 1 1 configured_grid_end_not_mathematical_boundary seconds 3.5
18 0.0001 ['5.5304752788', '8.2379456951'] 1 1 configured_grid_end_not_mathematical_boundary seconds 3.6
19 0.0002 ['5.5305370902', '8.2380380519'] 1 1 configured_grid_end_not_mathematical_boundary seconds 3.6
20 0.0004 ['5.5306607417', '8.2382228115'] 1 1 configured_grid_end_not_mathematical_boundary seconds 3.5
21 0.0008 ['5.5309081537', '8.2385924900'] 1 1 configured_grid_end_not_mathematical_boundary seconds 3.6
22 0.0012 ['5.5311557103', '8.2389623872'] 1 1 configured_grid_end_not_mathematical_boundary seconds 3.8
23 0.001953125 ['5.5316222081', '8.2396594286'] 1 1 configured_grid_end_not_mathematical_boundary seconds 3.3
