0 0.0000000001 edge bracket 628.7109375 629.296875 ANGULAR_CHART_UNRESOLVED sign None seconds 4.4
1 0.0000000002 edge bracket 607.03125 607.6171875 ANGULAR_CHART_UNRESOLVED sign None seconds 4.3
2 0.0000000005 edge bracket 578.90625 579.296875 ANGULAR_CHART_UNRESOLVED sign 1 seconds 3.5
3 0.000000001 edge bracket 557.8125 558.203125 ANGULAR_CHART_UNRESOLVED sign 1 seconds 3.4
4 0.000000002 edge bracket 536.328125 536.71875 ANGULAR_CHART_UNRESOLVED sign 1 seconds 3.4
5 0.000000005 edge bracket 508.203125 508.59375 ANGULAR_CHART_UNRESOLVED sign 1 seconds 3.3
6 0.00000001 edge bracket 486.71875 487.109375 ANGULAR_CHART_UNRESOLVED sign 1 seconds 3.1
7 0.00000002 edge bracket 465.234375 465.625 ANGULAR_CHART_UNRESOLVED sign 1 seconds 3.1
8 0.00000005 edge bracket 437.109375 437.5 ANGULAR_CHART_UNRESOLVED sign 1 seconds 3.1
9 0.0000001 edge bracket 415.625 416.015625 ANGULAR_CHART_UNRESOLVED sign 1 seconds 3.3
10 0.0000002 edge bracket 394.140625 394.43359375 ANGULAR_CHART_UNRESOLVED sign 1 seconds 2.7
11 0.0000005 edge bracket 366.015625 366.30859375 ANGULAR_CHART_UNRESOLVED sign 1 seconds 2.8
12 0.000001 edge bracket 344.62890625 344.921875 ANGULAR_CHART_UNRESOLVED sign 1 seconds 2.9
13 0.000002 edge bracket 323.2421875 323.53515625 ANGULAR_CHART_UNRESOLVED sign 1 seconds 2.7
14 0.000005 edge bracket 294.82421875 295.1171875 ANGULAR_CHART_UNRESOLVED sign 1 seconds 2.7
15 0.00001 edge bracket 273.4375 273.73046875 ANGULAR_CHART_UNRESOLVED sign 1 seconds 2.8
16 0.00002 edge bracket 252.05078125 252.34375 ANGULAR_CHART_UNRESOLVED sign 1 seconds 2.7
17 0.00005 edge bracket 223.80859375 223.984375 ANGULAR_CHART_UNRESOLVED sign 1 seconds 2.3
18 0.0001 edge bracket 202.5390625 202.71484375 ANGULAR_CHART_UNRESOLVED sign 1 seconds 2.3
19 0.0002 edge bracket 181.26953125 181.4453125 ANGULAR_CHART_UNRESOLVED sign 1 seconds 2.2
20 0.0004 edge bracket 160.17578125 160.3515625 ANGULAR_CHART_UNRESOLVED sign 1 seconds 2.2
21 0.0008 edge bracket 139.140625 139.2578125 ANGULAR_CHART_UNRESOLVED sign 1 seconds 1.8
22 0.0012 edge bracket 126.953125 127.0703125 ANGULAR_CHART_UNRESOLVED sign 1 seconds 1.8
23 0.001953125 edge bracket 112.5390625 112.65625 ANGULAR_CHART_UNRESOLVED sign 1 seconds 1.7
