loop: a=-3.000 b=-2.000 l=-1.744017 saddle=[0.3496, -0.0243] trace=-1.3800 eta2=+4.3642e+01
loop: a=-3.000 b=-2.000 l=1.000000 saddle=[0.2774, 0.084] trace=-0.0000 eta2=-4.2215e-09
loop: a=-3.000 b=-3.000 l=-1.938025 saddle=[0.3615, -0.0282] trace=-1.8656 eta2=+5.4583e+01
loop: a=-3.000 b=-3.000 l=1.500000 saddle=[0.2388, 0.0945] trace=-0.0000 eta2=-1.5306e-09
loop: a=-3.000 b=-4.000 l=0.898979 saddle=[0.1808, 0.1144] trace=-0.0000 eta2=-3.0581e-09
loop: a=-3.000 b=-4.000 l=-2.137454 saddle=[0.3771, -0.0328] trace=-2.4042 eta2=+6.3710e+01
loop: a=-3.000 b=-4.000 l=2.000000 saddle=[0.2071, 0.0947] trace=-0.0000 eta2=-2.2332e-08
loop: a=-3.000 b=-1.000 l=-1.554147 saddle=[0.3403, -0.021] trace=-0.9321 eta2=+3.1287e+01
loop: a=-3.000 b=-1.000 l=0.500000 saddle=[0.3158, 0.0526] trace=-0.0000 eta2=-2.0671e-09
loop: a=-3.000 b=2.000 l=-1.464102 saddle=[0.3022, -0.0467] trace=+0.0000 eta2=+1.9761e-09
loop: a=-3.000 b=0.000 l=-1.367397 saddle=[0.3333, -0.018] trace=-0.5106 eta2=+1.7904e+01
loop: a=-3.000 b=0.000 l=-0.000000 saddle=[0.3333, -0.0] trace=-0.0000 eta2=-8.2303e-10
loop: a=-3.000 b=1.000 l=-0.500000 saddle=[0.3173, -0.048] trace=+0.0000 eta2=+1.2794e-09
loop: a=-3.000 b=3.000 l=-1.842329 saddle=[0.2603, -0.0731] trace=+0.0000 eta2=+2.6419e-09
loop: a=-3.000 b=4.000 l=-0.636138 saddle=[0.3226, -0.008] trace=+1.0603 eta2=-3.8470e+01
loop: a=-2.000 b=-4.000 l=0.572599 saddle=[0.1944, 0.1528] trace=-0.0000 eta2=-1.8162e-09
loop: a=-2.000 b=-4.000 l=-2.195413 saddle=[0.6956, -0.0978] trace=-4.4637 eta2=+1.4927e+01
loop: a=-2.000 b=-4.000 l=2.000000 saddle=[0.2384, 0.1308] trace=-0.0000 eta2=-9.8892e-09
loop: a=-2.000 b=-3.000 l=0.464102 saddle=[0.2383, 0.1745] trace=-0.0000 eta2=-5.5475e-10
loop: a=-2.000 b=-3.000 l=-1.968114 saddle=[0.6124, -0.0749] trace=-3.1740 eta2=+1.4133e+01
loop: a=-2.000 b=-3.000 l=1.500000 saddle=[0.2857, 0.1429] trace=-0.0000 eta2=-7.8785e-09
loop: a=-2.000 b=-2.000 l=0.291503 saddle=[0.3038, 0.1962] trace=-0.0000 eta2=-2.1072e-12
loop: a=-2.000 b=-2.000 l=-1.757878 saddle=[0.5598, -0.0598] trace=-2.2170 eta2=+1.2080e+01
loop: a=-2.000 b=-2.000 l=1.000000 saddle=[0.3536, 0.1464] trace=-0.0000 eta2=-1.3994e-09
loop: a=-2.000 b=-1.000 l=-1.559067 saddle=[0.5244, -0.0489] trace=-1.4398 eta2=+9.0575e+00
loop: a=-2.000 b=-1.000 l=0.500000 saddle=[0.4444, 0.1111] trace=-0.0000 eta2=-1.0029e-09
loop: a=-2.000 b=2.000 l=-1.430501 saddle=[0.4114, -0.0886] trace=+0.0000 eta2=+3.2814e-10
loop: a=-2.000 b=1.000 l=-0.500000 saddle=[0.4531, -0.0938] trace=-0.0000 eta2=-4.4537e-10
loop: a=-2.000 b=0.000 l=-1.368038 saddle=[0.5, -0.0404] trace=-0.7680 eta2=+5.3383e+00
loop: a=-2.000 b=0.000 l=-0.000000 saddle=[0.5, -0.0] trace=-0.0000 eta2=-3.7600e-10
loop: a=-2.000 b=3.000 l=-1.732051 saddle=[0.3228, -0.1181] trace=+0.0000 eta2=+4.5009e-10
loop: a=-2.000 b=4.000 l=-0.639675 saddle=[0.4655, -0.0172] trace=+1.5267 eta2=-1.1421e+01
loop: a=-1.500 b=-4.000 l=0.326656 saddle=[0.1985, 0.1756] trace=-0.0000 eta2=-5.8069e-10
loop: a=-1.500 b=-4.000 l=-2.305816 saddle=[1.5578, -0.3342] trace=-10.1096 eta2=+3.9476e+00
loop: a=-1.500 b=-4.000 l=2.000000 saddle=[0.2554, 0.1542] trace=-0.0000 eta2=-2.1886e-09
loop: a=-1.500 b=-3.000 l=0.276172 saddle=[0.2468, 0.2099] trace=-0.0000 eta2=-2.2977e-10
loop: a=-1.500 b=-3.000 l=-2.019999 saddle=[1.0276, -0.1805] trace=-5.3660 eta2=+4.7214e+00
loop: a=-1.500 b=-3.000 l=1.500000 saddle=[0.3119, 0.1774] trace=-0.0000 eta2=-3.7901e-10
loop: a=-1.500 b=-2.000 l=0.186932 saddle=[0.3244, 0.2567] trace=-0.0000 eta2=-4.4283e-11
loop: a=-1.500 b=-2.000 l=-1.779531 saddle=[0.8301, -0.1226] trace=-3.3033 eta2=+4.5835e+00
loop: a=-1.500 b=-2.000 l=1.000000 saddle=[0.4, 0.2] trace=-0.0000 eta2=-7.6420e-10
loop: a=-1.500 b=-1.000 l=-1.566228 saddle=[0.7277, -0.0916] trace=-2.0048 eta2=+3.6942e+00
loop: a=-1.500 b=-1.000 l=0.500000 saddle=[0.5455, 0.1818] trace=-0.0000 eta2=-4.6070e-11
loop: a=-1.500 b=2.000 l=-1.395644 saddle=[0.4932, -0.1301] trace=+0.0000 eta2=+1.0667e-10
loop: a=-1.500 b=1.000 l=-0.500000 saddle=[0.5714, -0.1429] trace=-0.0000 eta2=-4.5930e-10
loop: a=-1.500 b=0.000 l=-1.368928 saddle=[0.6667, -0.0716] trace=-1.0278 eta2=+2.2719e+00
loop: a=-1.500 b=0.000 l=-0.000000 saddle=[0.6667, -0.0] trace=-0.0000 eta2=-1.5701e-10
loop: a=-1.500 b=4.000 l=-0.644247 saddle=[0.5898, -0.0288] trace=+1.9288 eta2=-4.8198e+00
