a=-2.00 b=-4.000 l=-2.195413 which=1 saddle=[0.6956, -0.0978] trace=-4.46366 eta2=+1.4927e+01 FOCUS
a=-2.00 b=-3.500 l=-2.079170 which=1 saddle=[0.6488, -0.085] trace=-3.76192 eta2=+1.4705e+01 FOCUS
a=-2.00 b=-3.000 l=0.464102 which=0 saddle=[0.2383, 0.1745] trace=-0.00000 eta2=-5.5473e-10 CENTER
a=-2.00 b=-3.000 l=-1.968114 which=1 saddle=[0.6124, -0.0749] trace=-3.17400 eta2=+1.4133e+01 FOCUS
a=-2.00 b=-2.500 l=0.388508 which=0 saddle=[0.2677, 0.1858] trace=-0.00000 eta2=-1.2532e-10 CENTER
a=-2.00 b=-2.500 l=-1.861274 which=1 saddle=[0.5834, -0.0667] trace=-2.66626 eta2=+1.3246e+01 FOCUS
a=-2.00 b=-2.000 l=0.291503 which=0 saddle=[0.3038, 0.1962] trace=-0.00000 eta2=-6.6888e-11 CENTER
a=-2.00 b=-2.000 l=-1.757878 which=1 saddle=[0.5598, -0.0598] trace=-2.21703 eta2=+1.2080e+01 FOCUS
a=-2.00 b=-1.500 l=0.165151 which=0 saddle=[0.348, 0.2027] trace=-0.00000 eta2=-5.4343e-11 CENTER
a=-2.00 b=-1.500 l=-1.657307 which=1 saddle=[0.5405, -0.054] trace=-1.81166 eta2=+1.0673e+01 FOCUS
a=-2.00 b=-1.000 l=-1.559067 which=0 saddle=[0.5244, -0.0489] trace=-1.43979 eta2=+9.0575e+00 FOCUS
a=-2.00 b=-1.000 l=0.500000 which=0 saddle=[0.4444, 0.1111] trace=-0.00000 eta2=-1.0027e-09 CENTER
a=-2.00 b=-0.500 l=-1.462755 which=1 saddle=[0.5111, -0.0444] trace=-1.09382 eta2=+7.2685e+00 FOCUS
a=-2.00 b=-0.500 l=0.250000 which=1 saddle=[0.4844, 0.0626] trace=-0.00000 eta2=-4.1658e-10 CENTER
a=-2.00 b=0.000 l=-1.368038 which=1 saddle=[0.5, -0.0404] trace=-0.76799 eta2=+5.3383e+00 FOCUS
a=-2.00 b=0.000 l=-0.000000 which=1 saddle=[0.5, -0.0] trace=-0.00000 eta2=-3.7600e-10 CENTER
a=-2.00 b=0.500 l=-0.250000 which=1 saddle=[0.486, -0.0559] trace=-0.00000 eta2=-1.8036e-10 CENTER
a=-2.00 b=0.500 l=-1.274633 which=2 saddle=[0.4908, -0.0367] trace=-0.45777 eta2=+3.2991e+00 FOCUS
a=-2.00 b=1.000 l=-0.500000 which=1 saddle=[0.4531, -0.0938] trace=-0.00000 eta2=-4.5961e-10 CENTER
a=-2.00 b=1.000 l=-1.182299 which=2 saddle=[0.4833, -0.0334] trace=-0.15952 eta2=+1.1821e+00 FOCUS
a=-2.00 b=1.500 l=-0.750000 which=1 saddle=[0.4137, -0.1151] trace=+0.00000 eta2=+5.8266e-10 CENTER
a=-2.00 b=1.500 l=-1.233030 which=2 saddle=[0.4598, -0.0536] trace=+0.00000 eta2=+2.5610e-10 CENTER
a=-2.00 b=2.000 l=-1.430501 which=2 saddle=[0.4114, -0.0886] trace=+0.00000 eta2=+3.3590e-10 CENTER
a=-2.00 b=2.500 l=-1.595075 which=2 saddle=[0.3645, -0.1084] trace=+0.00000 eta2=+6.0971e-10 CENTER
a=-2.00 b=3.000 l=-1.732051 which=2 saddle=[0.3228, -0.1181] trace=+0.00000 eta2=+4.6873e-10 CENTER
a=-2.00 b=3.000 l=-1.500000 which=2 saddle=[0.3092, -0.1272] trace=+0.00000 eta2=+1.4370e-09 CENTER
a=-2.00 b=3.000 l=-0.819606 which=2 saddle=[0.4668, -0.0221] trace=+0.96928 eta2=-7.4450e+00 FOCUS
a=-2.00 b=3.500 l=-1.846722 which=2 saddle=[0.2872, -0.1216] trace=+0.00000 eta2=+1.5609e-09 CENTER
a=-2.00 b=3.500 l=-1.750000 which=2 saddle=[0.2825, -0.1243] trace=+0.00000 eta2=+8.3106e-10 CENTER
a=-2.00 b=3.500 l=-0.729674 which=2 saddle=[0.4656, -0.0197] trace=+1.24685 eta2=-9.4872e+00 FOCUS
a=-2.00 b=4.000 l=-0.639675 which=2 saddle=[0.4655, -0.0172] trace=+1.52674 eta2=-1.1421e+01 FOCUS
