c* = 0.968620633553494  alpha* = -37.136414809497211
equilibria: [[-3.32605104  4.75596422]
 [ 0.         -0.        ]]
  antisaddle {'pt': (np.float64(-3.3260510425278924), np.float64(4.755964222297682)), 'tr': np.float64(-8.881784197001252e-16), 'det': np.float64(89.0925089039976), 'focus': np.True_}
  antisaddle {'pt': (np.float64(0.0), np.float64(-0.0)), 'tr': np.float64(0.0), 'det': np.float64(37.13641480949721), 'focus': np.True_}
  r=   0.0100  D=-1.687e-14  T=1.0310  st=0
  r=   0.0151  D=-2.117e-14  T=1.0310  st=0
  r=   0.0228  D=-2.739e-14  T=1.0310  st=0
  r=   0.0345  D=-3.658e-14  T=1.0310  st=0
  r=   0.0521  D=-5.029e-14  T=1.0309  st=0
  r=   0.0787  D=-7.025e-14  T=1.0306  st=0
  r=   0.1189  D=-9.814e-14  T=1.0302  st=0
  r=   0.1797  D=-1.297e-13  T=1.0292  st=0
  r=   0.2714  D=-1.390e-13  T=1.0274  st=0
  r=   0.4101  D=-8.049e-15  T=1.0240  st=0
  r=   0.6196  D=+3.130e-13  T=1.0182  st=0
  r=   0.9361  D=+9.246e-13  T=1.0091  st=0
  r=   1.4142  D=+2.015e-12  T=0.9960  st=0
  r=   2.1366  D=+3.604e-12  T=0.9786  st=0
  r=   3.2280  D=+5.176e-12  T=0.9576  st=0
  r=   4.8769  D=+4.018e-12  T=0.9342  st=0
  r=   7.3681  D=-3.682e-12  T=0.9100  st=0
  r=  11.1317  D=-2.145e-11  T=0.8863  st=0
  r=  16.8179  D=-5.613e-11  T=0.8644  st=0
  r=  25.4087  D=-1.251e-10  T=0.8446  st=0
  r=  38.3877  D=-2.615e-10  T=0.8273  st=0
  r=  57.9964  D=-5.375e-10  T=0.8122  st=0
  r=  87.6215  D=-1.094e-09  T=0.7993  st=0
  r= 132.3794  D=-2.213e-09  T=0.7882  st=0
  r= 200.0000  D=-4.446e-09  T=0.7786  st=0
ovals: 45 x0 range 0.05 60.0
singular values: [4.24759727e+00 8.02980671e-02 3.19251731e-03 2.30436290e-14
 1.48404775e-14 1.58012814e-15 8.57805039e-16 6.06760616e-16
 1.32590715e-16 8.68870297e-17 3.46584218e-17 2.43498197e-17]
zero histogram over random directions: {0: 207401, 1: 92245, 2: 342, 3: 12}
max zeros 3 direction [-0.153, 0.0914, 0.8553, 0.1603, -1.985, -0.1656, 0.4418, 1.0694, -0.5551, 0.0301, 0.2701, -0.288]
