seed: 4 [([32657.58958628228], ['U']), ([0.9076795263140006, 314.4959660605581, 2435.0280487040613], ['S', 'U', 'S'])] score 4.0
file seeds loaded: 11 best 4.0
gen 0: sigma 0.03 best score 4.0000 totals {np.int64(0): np.int64(36), np.int64(1): np.int64(37), np.int64(2): np.int64(19), np.int64(3): np.int64(4)} 24s
gen 1: sigma 0.03 best score 4.0000 totals {np.int64(0): np.int64(38), np.int64(1): np.int64(44), np.int64(2): np.int64(13), np.int64(3): np.int64(1)} 18s
gen 2: sigma 0.0291 best score 4.0000 totals {np.int64(0): np.int64(34), np.int64(1): np.int64(45), np.int64(2): np.int64(16), np.int64(3): np.int64(1)} 20s
gen 3: sigma 0.0291 best score 4.0000 totals {np.int64(0): np.int64(30), np.int64(1): np.int64(42), np.int64(2): np.int64(23), np.int64(3): np.int64(1)} 26s
gen 4: sigma 0.0282 best score 4.0000 totals {np.int64(0): np.int64(32), np.int64(1): np.int64(45), np.int64(2): np.int64(19)} 28s
gen 5: sigma 0.0282 best score 4.0000 totals {np.int64(0): np.int64(25), np.int64(1): np.int64(49), np.int64(2): np.int64(19), np.int64(3): np.int64(3)} 26s
gen 6: sigma 0.0274 best score 4.0000 totals {np.int64(0): np.int64(35), np.int64(1): np.int64(47), np.int64(2): np.int64(10), np.int64(3): np.int64(3), np.int64(4): np.int64(1)} 20s
gen 7: sigma 0.0274 best score 4.0000 totals {np.int64(0): np.int64(34), np.int64(1): np.int64(39), np.int64(2): np.int64(20), np.int64(3): np.int64(2), np.int64(4): np.int64(1)} 26s
gen 8: sigma 0.0266 best score 4.0000 totals {np.int64(0): np.int64(28), np.int64(1): np.int64(42), np.int64(2): np.int64(25), np.int64(4): np.int64(1)} 24s
gen 9: sigma 0.0266 best score 4.0000 totals {np.int64(0): np.int64(42), np.int64(1): np.int64(29), np.int64(2): np.int64(24), np.int64(3): np.int64(1)} 29s
gen 10: sigma 0.0258 best score 4.0000 totals {np.int64(0): np.int64(40), np.int64(1): np.int64(32), np.int64(2): np.int64(21), np.int64(3): np.int64(2), np.int64(4): np.int64(1)} 31s
gen 11: sigma 0.0258 best score 4.0000 totals {np.int64(0): np.int64(30), np.int64(1): np.int64(41), np.int64(2): np.int64(23), np.int64(3): np.int64(1), np.int64(4): np.int64(1)} 31s
gen 12: sigma 0.025 best score 4.0000 totals {np.int64(0): np.int64(32), np.int64(1): np.int64(39), np.int64(2): np.int64(24), np.int64(3): np.int64(1)} 34s
gen 13: sigma 0.025 best score 4.0000 totals {np.int64(0): np.int64(22), np.int64(1): np.int64(41), np.int64(2): np.int64(28), np.int64(3): np.int64(5)} 39s
gen 14: sigma 0.0242 best score 4.0000 totals {np.int64(0): np.int64(34), np.int64(1): np.int64(37), np.int64(2): np.int64(23), np.int64(3): np.int64(2)} 30s
gen 15: sigma 0.0242 best score 4.0000 totals {np.int64(0): np.int64(25), np.int64(1): np.int64(38), np.int64(2): np.int64(28), np.int64(3): np.int64(4), np.int64(4): np.int64(1)} 36s
gen 16: sigma 0.0235 best score 4.0000 totals {np.int64(0): np.int64(27), np.int64(1): np.int64(42), np.int64(2): np.int64(23), np.int64(3): np.int64(3), np.int64(4): np.int64(1)} 35s
gen 17: sigma 0.0235 best score 4.0000 totals {np.int64(0): np.int64(32), np.int64(1): np.int64(32), np.int64(2): np.int64(26), np.int64(3): np.int64(5), np.int64(4): np.int64(1)} 40s
gen 18: sigma 0.0228 best score 4.0000 totals {np.int64(0): np.int64(28), np.int64(1): np.int64(38), np.int64(2): np.int64(28), np.int64(3): np.int64(2)} 41s
gen 19: sigma 0.0228 best score 4.0000 totals {np.int64(0): np.int64(29), np.int64(1): np.int64(28), np.int64(2): np.int64(37), np.int64(3): np.int64(1), np.int64(4): np.int64(1)} 41s
gen 20: sigma 0.0221 best score 4.0000 totals {np.int64(0): np.int64(23), np.int64(1): np.int64(39), np.int64(2): np.int64(29), np.int64(3): np.int64(3), np.int64(4): np.int64(2)} 35s
gen 21: sigma 0.0221 best score 4.0000 totals {np.int64(0): np.int64(25), np.int64(1): np.int64(29), np.int64(2): np.int64(36), np.int64(3): np.int64(5), np.int64(4): np.int64(1)} 42s
gen 22: sigma 0.0215 best score 4.0000 totals {np.int64(0): np.int64(28), np.int64(1): np.int64(32), np.int64(2): np.int64(30), np.int64(3): np.int64(6)} 40s
gen 23: sigma 0.0215 best score 4.0000 totals {np.int64(0): np.int64(34), np.int64(1): np.int64(24), np.int64(2): np.int64(33), np.int64(3): np.int64(2), np.int64(4): np.int64(3)} 40s
gen 24: sigma 0.0208 best score 4.0000 totals {np.int64(0): np.int64(29), np.int64(1): np.int64(27), np.int64(2): np.int64(38), np.int64(4): np.int64(2)} 39s
gen 25: sigma 0.0208 best score 4.0000 totals {np.int64(0): np.int64(23), np.int64(1): np.int64(32), np.int64(2): np.int64(36), np.int64(3): np.int64(2), np.int64(4): np.int64(3)} 39s
gen 26: sigma 0.0202 best score 4.0000 totals {np.int64(0): np.int64(29), np.int64(1): np.int64(31), np.int64(2): np.int64(31), np.int64(3): np.int64(3), np.int64(4): np.int64(2)} 37s
gen 27: sigma 0.0202 best score 4.0000 totals {np.int64(0): np.int64(27), np.int64(1): np.int64(34), np.int64(2): np.int64(29), np.int64(3): np.int64(4), np.int64(4): np.int64(2)} 37s
gen 28: sigma 0.0196 best score 4.0000 totals {np.int64(0): np.int64(28), np.int64(1): np.int64(38), np.int64(2): np.int64(27), np.int64(3): np.int64(1), np.int64(4): np.int64(2)} 35s
gen 29: sigma 0.0196 best score 4.0000 totals {np.int64(0): np.int64(28), np.int64(1): np.int64(32), np.int64(2): np.int64(30), np.int64(3): np.int64(4), np.int64(4): np.int64(2)} 37s
gen 30: sigma 0.019 best score 4.0000 totals {np.int64(0): np.int64(31), np.int64(1): np.int64(24), np.int64(2): np.int64(39), np.int64(3): np.int64(1), np.int64(4): np.int64(1)} 41s
gen 31: sigma 0.019 best score 4.0000 totals {np.int64(0): np.int64(31), np.int64(1): np.int64(26), np.int64(2): np.int64(34), np.int64(3): np.int64(2), np.int64(4): np.int64(3)} 36s
gen 32: sigma 0.0184 best score 4.0000 totals {np.int64(0): np.int64(26), np.int64(1): np.int64(29), np.int64(2): np.int64(37), np.int64(3): np.int64(2), np.int64(4): np.int64(2)} 40s
gen 33: sigma 0.0184 best score 4.0000 totals {np.int64(0): np.int64(31), np.int64(1): np.int64(27), np.int64(2): np.int64(33), np.int64(3): np.int64(3), np.int64(4): np.int64(2)} 41s
gen 34: sigma 0.0179 best score 4.0000 totals {np.int64(0): np.int64(31), np.int64(1): np.int64(26), np.int64(2): np.int64(36), np.int64(3): np.int64(2), np.int64(4): np.int64(1)} 39s
gen 35: sigma 0.0179 best score 4.0000 totals {np.int64(0): np.int64(24), np.int64(1): np.int64(36), np.int64(2): np.int64(27), np.int64(3): np.int64(6), np.int64(4): np.int64(3)} 38s
gen 36: sigma 0.0173 best score 4.0000 totals {np.int64(0): np.int64(26), np.int64(1): np.int64(32), np.int64(2): np.int64(34), np.int64(3): np.int64(2), np.int64(4): np.int64(2)} 37s
gen 37: sigma 0.0173 best score 4.0000 totals {np.int64(0): np.int64(21), np.int64(1): np.int64(30), np.int64(2): np.int64(41), np.int64(3): np.int64(4)} 38s
gen 38: sigma 0.0168 best score 4.0000 totals {np.int64(0): np.int64(28), np.int64(1): np.int64(24), np.int64(2): np.int64(35), np.int64(3): np.int64(5), np.int64(4): np.int64(4)} 39s
gen 39: sigma 0.0168 best score 4.0000 totals {np.int64(0): np.int64(18), np.int64(1): np.int64(32), np.int64(2): np.int64(39), np.int64(3): np.int64(5), np.int64(4): np.int64(2)} 40s
gen 40: sigma 0.0163 best score 4.0000 totals {np.int64(0): np.int64(32), np.int64(1): np.int64(23), np.int64(2): np.int64(35), np.int64(3): np.int64(5), np.int64(4): np.int64(1)} 37s
gen 41: sigma 0.0163 best score 4.0000 totals {np.int64(0): np.int64(21), np.int64(1): np.int64(30), np.int64(2): np.int64(39), np.int64(3): np.int64(3), np.int64(4): np.int64(3)} 39s
gen 42: sigma 0.0158 best score 4.0000 totals {np.int64(0): np.int64(34), np.int64(1): np.int64(25), np.int64(2): np.int64(34), np.int64(3): np.int64(2), np.int64(4): np.int64(1)} 38s
gen 43: sigma 0.0158 best score 4.0000 totals {np.int64(0): np.int64(23), np.int64(1): np.int64(42), np.int64(2): np.int64(27), np.int64(3): np.int64(4)} 35s
gen 44: sigma 0.0153 best score 4.0000 totals {np.int64(0): np.int64(34), np.int64(1): np.int64(23), np.int64(2): np.int64(34), np.int64(3): np.int64(3), np.int64(4): np.int64(2)} 40s
gen 45: sigma 0.0153 best score 4.0000 totals {np.int64(0): np.int64(30), np.int64(1): np.int64(29), np.int64(2): np.int64(33), np.int64(3): np.int64(2), np.int64(4): np.int64(2)} 40s
gen 46: sigma 0.0149 best score 4.0000 totals {np.int64(0): np.int64(29), np.int64(1): np.int64(28), np.int64(2): np.int64(37), np.int64(3): np.int64(1), np.int64(4): np.int64(1)} 49s
gen 47: sigma 0.0149 best score 4.0000 totals {np.int64(0): np.int64(38), np.int64(1): np.int64(26), np.int64(2): np.int64(28), np.int64(3): np.int64(2), np.int64(4): np.int64(2)} 47s
gen 48: sigma 0.0144 best score 4.0000 totals {np.int64(0): np.int64(28), np.int64(1): np.int64(32), np.int64(2): np.int64(31), np.int64(3): np.int64(1), np.int64(4): np.int64(4)} 48s
gen 49: sigma 0.0144 best score 4.0000 totals {np.int64(0): np.int64(34), np.int64(1): np.int64(21), np.int64(2): np.int64(38), np.int64(4): np.int64(3)} 49s
gen 50: sigma 0.014 best score 4.0000 totals {np.int64(0): np.int64(35), np.int64(1): np.int64(26), np.int64(2): np.int64(32), np.int64(3): np.int64(2), np.int64(4): np.int64(1)} 49s
gen 51: sigma 0.014 best score 4.0000 totals {np.int64(0): np.int64(32), np.int64(1): np.int64(31), np.int64(2): np.int64(28), np.int64(3): np.int64(3), np.int64(4): np.int64(2)} 35s
gen 52: sigma 0.0136 best score 4.0000 totals {np.int64(0): np.int64(26), np.int64(1): np.int64(29), np.int64(2): np.int64(33), np.int64(3): np.int64(2), np.int64(4): np.int64(6)} 47s
