b=0.5 da=-0.020 mag=0.0001 total=1 per nest=[(1, 'S'), (0, '')] 1s
b=0.5 da=-0.020 mag=0.0001 total=0 per nest=[(0, ''), (0, '')] 1s
b=0.5 da=-0.020 mag=0.0001 total=1 per nest=[(1, 'S'), (0, '')] 2s
b=0.5 da=-0.020 mag=0.0001 total=0 per nest=[(0, ''), (0, '')] 2s
b=0.5 da=-0.020 mag=0.0001 total=1 per nest=[(0, ''), (1, 'U')] 3s
b=0.5 da=-0.020 mag=0.0001 total=0 per nest=[(0, ''), (0, '')] 4s
b=0.5 da=-0.020 mag=0.001 total=0 per nest=[(0, ''), (0, '')] 4s
b=0.5 da=-0.020 mag=0.001 total=1 per nest=[(1, 'U'), (0, '')] 5s
b=0.5 da=-0.020 mag=0.001 total=0 per nest=[(0, ''), (0, '')] 5s
b=0.5 da=-0.020 mag=0.001 total=0 per nest=[(0, ''), (0, '')] 6s
b=0.5 da=-0.020 mag=0.001 total=0 per nest=[(0, ''), (0, '')] 6s
b=0.5 da=-0.020 mag=0.001 total=1 per nest=[(0, ''), (1, 'S')] 6s
b=0.5 da=-0.020 mag=0.01 total=1 per nest=[(0, ''), (1, 'S')] 7s
b=0.5 da=-0.020 mag=0.01 total=0 per nest=[(0, ''), (0, '')] 8s
b=0.5 da=-0.020 mag=0.01 total=0 per nest=[(0, ''), (0, '')] 8s
b=0.5 da=-0.020 mag=0.01 total=0 per nest=[(0, ''), (0, '')] 9s
b=0.5 da=-0.020 mag=0.01 total=0 per nest=[(0, ''), (0, '')] 9s
b=0.5 da=-0.020 mag=0.01 total=0 per nest=[(0, ''), (0, '')] 10s
b=0.5 da=-0.005 mag=0.0001 total=1 per nest=[(0, ''), (1, 'S')] 10s
b=0.5 da=-0.005 mag=0.0001 total=0 per nest=[(0, ''), (0, '')] 11s
b=0.5 da=-0.005 mag=0.0001 total=1 per nest=[(0, ''), (1, 'U')] 11s
b=0.5 da=-0.005 mag=0.0001 total=0 per nest=[(0, ''), (0, '')] 12s
b=0.5 da=-0.005 mag=0.0001 total=0 per nest=[(0, ''), (0, '')] 12s
b=0.5 da=-0.005 mag=0.0001 total=1 per nest=[(0, ''), (1, 'S')] 13s
b=0.5 da=-0.005 mag=0.001 total=0 per nest=[(0, ''), (0, '')] 13s
b=0.5 da=-0.005 mag=0.001 total=0 per nest=[(0, ''), (0, '')] 14s
b=0.5 da=-0.005 mag=0.001 total=1 per nest=[(0, ''), (1, 'S')] 15s
b=0.5 da=-0.005 mag=0.001 total=1 per nest=[(0, ''), (1, 'S')] 15s
b=0.5 da=-0.005 mag=0.001 total=1 per nest=[(1, 'U'), (0, '')] 16s
b=0.5 da=-0.005 mag=0.001 total=0 per nest=[(0, ''), (0, '')] 16s
b=0.5 da=-0.005 mag=0.01 total=1 per nest=[(0, ''), (1, 'S')] 17s
b=0.5 da=-0.005 mag=0.01 total=0 per nest=[(0, ''), (0, '')] 17s
b=0.5 da=-0.005 mag=0.01 total=1 per nest=[(0, ''), (1, 'S')] 18s
b=0.5 da=-0.005 mag=0.01 total=0 per nest=[(0, ''), (0, '')] 18s
b=0.5 da=-0.005 mag=0.01 total=1 per nest=[(1, 'S'), (0, '')] 19s
b=0.5 da=-0.005 mag=0.01 total=0 per nest=[(0, ''), (0, '')] 19s
b=0.5 da=+0.000 mag=0.0001 total=0 per nest=[(0, ''), (0, '')] 20s
b=0.5 da=+0.000 mag=0.0001 total=1 per nest=[(0, ''), (1, 'U')] 20s
b=0.5 da=+0.000 mag=0.0001 total=1 per nest=[(0, ''), (1, 'U')] 21s
b=0.5 da=+0.000 mag=0.0001 total=0 per nest=[(0, ''), (0, '')] 22s
b=0.5 da=+0.000 mag=0.0001 total=1 per nest=[(0, ''), (1, 'U')] 22s
b=0.5 da=+0.000 mag=0.0001 total=0 per nest=[(0, ''), (0, '')] 23s
b=0.5 da=+0.000 mag=0.001 total=1 per nest=[(0, ''), (1, 'S')] 23s
b=0.5 da=+0.000 mag=0.001 total=1 per nest=[(0, ''), (1, 'U')] 24s
b=0.5 da=+0.000 mag=0.001 total=1 per nest=[(0, ''), (1, 'U')] 24s
b=0.5 da=+0.000 mag=0.001 total=0 per nest=[(0, ''), (0, '')] 25s
b=0.5 da=+0.000 mag=0.001 total=0 per nest=[(0, ''), (0, '')] 25s
b=0.5 da=+0.000 mag=0.001 total=1 per nest=[(0, ''), (1, 'S')] 26s
b=0.5 da=+0.000 mag=0.01 total=0 per nest=[(0, ''), (0, '')] 26s
b=0.5 da=+0.000 mag=0.01 total=1 per nest=[(0, ''), (1, 'S')] 27s
b=0.5 da=+0.000 mag=0.01 total=0 per nest=[(0, ''), (0, '')] 27s
b=0.5 da=+0.000 mag=0.01 total=0 per nest=[(0, ''), (0, '')] 28s
b=0.5 da=+0.000 mag=0.01 total=0 per nest=[(0, ''), (0, '')] 28s
b=0.5 da=+0.000 mag=0.01 total=0 per nest=[(0, ''), (0, '')] 29s
b=0.5 da=+0.005 mag=0.0001 total=0 per nest=[(0, ''), (0, '')] 29s
b=0.5 da=+0.005 mag=0.0001 total=0 per nest=[(0, ''), (0, '')] 30s
b=0.5 da=+0.005 mag=0.0001 total=2 per nest=[(1, 'U'), (1, 'S')] 30s
b=0.5 da=+0.005 mag=0.0001 total=0 per nest=[(0, ''), (0, '')] 31s
b=0.5 da=+0.005 mag=0.0001 total=0 per nest=[(0, ''), (0, '')] 31s
b=0.5 da=+0.005 mag=0.0001 total=0 per nest=[(0, ''), (0, '')] 32s
b=0.5 da=+0.005 mag=0.001 total=0 per nest=[(0, ''), (0, '')] 32s
b=0.5 da=+0.005 mag=0.001 total=0 per nest=[(0, ''), (0, '')] 33s
b=0.5 da=+0.005 mag=0.001 total=0 per nest=[(0, ''), (0, '')] 33s
b=0.5 da=+0.005 mag=0.001 total=0 per nest=[(0, ''), (0, '')] 33s
b=0.5 da=+0.005 mag=0.001 total=0 per nest=[(0, ''), (0, '')] 34s
b=0.5 da=+0.005 mag=0.001 total=0 per nest=[(0, ''), (0, '')] 34s
b=0.5 da=+0.005 mag=0.01 total=1 per nest=[(0, ''), (1, 'S')] 35s
b=0.5 da=+0.005 mag=0.01 total=0 per nest=[(0, ''), (0, '')] 35s
b=0.5 da=+0.005 mag=0.01 total=0 per nest=[(0, ''), (0, '')] 35s
b=0.5 da=+0.005 mag=0.01 total=1 per nest=[(0, ''), (1, 'S')] 36s
b=0.5 da=+0.005 mag=0.01 total=3 per nest=[(2, 'SU'), (1, 'S')] 36s
b=0.5 da=+0.005 mag=0.01 total=0 per nest=[(0, ''), (0, '')] 37s
b=0.5 da=+0.020 mag=0.0001 total=1 per nest=[(0, ''), (1, 'S')] 38s
b=0.5 da=+0.020 mag=0.0001 total=0 per nest=[(0, ''), (0, '')] 38s
b=0.5 da=+0.020 mag=0.0001 total=0 per nest=[(0, ''), (0, '')] 39s
b=0.5 da=+0.020 mag=0.0001 total=0 per nest=[(0, ''), (0, '')] 39s
b=0.5 da=+0.020 mag=0.0001 total=0 per nest=[(0, ''), (0, '')] 40s
b=0.5 da=+0.020 mag=0.0001 total=0 per nest=[(0, ''), (0, '')] 40s
b=0.5 da=+0.020 mag=0.001 total=1 per nest=[(0, ''), (1, 'U')] 41s
b=0.5 da=+0.020 mag=0.001 total=2 per nest=[(1, 'U'), (1, 'S')] 41s
b=0.5 da=+0.020 mag=0.001 total=1 per nest=[(0, ''), (1, 'S')] 42s
b=0.5 da=+0.020 mag=0.001 total=1 per nest=[(0, ''), (1, 'U')] 43s
b=0.5 da=+0.020 mag=0.001 total=1 per nest=[(1, 'U'), (0, '')] 43s
b=0.5 da=+0.020 mag=0.001 total=0 per nest=[(0, ''), (0, '')] 44s
b=0.5 da=+0.020 mag=0.01 total=0 per nest=[(0, ''), (0, '')] 44s
b=0.5 da=+0.020 mag=0.01 total=0 per nest=[(0, ''), (0, '')] 44s
b=0.5 da=+0.020 mag=0.01 total=1 per nest=[(0, ''), (1, 'U')] 45s
b=0.5 da=+0.020 mag=0.01 total=0 per nest=[(0, ''), (0, '')] 45s
b=0.5 da=+0.020 mag=0.01 total=1 per nest=[(0, ''), (1, 'S')] 46s
b=0.5 da=+0.020 mag=0.01 total=0 per nest=[(0, ''), (0, '')] 46s
b=1.0 da=-0.020 mag=0.0001 total=1 per nest=[(1, 'U'), (0, '')] 47s
b=1.0 da=-0.020 mag=0.0001 total=0 per nest=[(0, ''), (0, '')] 47s
b=1.0 da=-0.020 mag=0.0001 total=1 per nest=[(1, 'U'), (0, '')] 48s
b=1.0 da=-0.020 mag=0.0001 total=2 per nest=[(1, 'S'), (1, 'U')] 48s
b=1.0 da=-0.020 mag=0.0001 total=0 per nest=[(0, ''), (0, '')] 49s
b=1.0 da=-0.020 mag=0.0001 total=0 per nest=[(0, ''), (0, '')] 49s
b=1.0 da=-0.020 mag=0.001 total=0 per nest=[(0, ''), (0, '')] 50s
b=1.0 da=-0.020 mag=0.001 total=0 per nest=[(0, ''), (0, '')] 50s
b=1.0 da=-0.020 mag=0.001 total=0 per nest=[(0, ''), (0, '')] 50s
b=1.0 da=-0.020 mag=0.001 total=0 per nest=[(0, ''), (0, '')] 51s
b=1.0 da=-0.020 mag=0.001 total=0 per nest=[(0, ''), (0, '')] 51s
b=1.0 da=-0.020 mag=0.001 total=0 per nest=[(0, ''), (0, '')] 52s
b=1.0 da=-0.020 mag=0.01 total=0 per nest=[(0, ''), (0, '')] 52s
b=1.0 da=-0.020 mag=0.01 total=0 per nest=[(0, ''), (0, '')] 52s
b=1.0 da=-0.020 mag=0.01 total=0 per nest=[(0, ''), (0, '')] 53s
b=1.0 da=-0.020 mag=0.01 total=1 per nest=[(1, 'U'), (0, '')] 53s
b=1.0 da=-0.020 mag=0.01 total=0 per nest=[(0, ''), (0, '')] 54s
b=1.0 da=-0.020 mag=0.01 total=0 per nest=[(0, ''), (0, '')] 54s
b=1.0 da=-0.005 mag=0.0001 total=0 per nest=[(0, ''), (0, '')] 54s
b=1.0 da=-0.005 mag=0.0001 total=0 per nest=[(0, ''), (0, '')] 55s
b=1.0 da=-0.005 mag=0.0001 total=0 per nest=[(0, ''), (0, '')] 55s
b=1.0 da=-0.005 mag=0.0001 total=0 per nest=[(0, ''), (0, '')] 56s
b=1.0 da=-0.005 mag=0.0001 total=0 per nest=[(0, ''), (0, '')] 56s
b=1.0 da=-0.005 mag=0.0001 total=0 per nest=[(0, ''), (0, '')] 57s
b=1.0 da=-0.005 mag=0.001 total=0 per nest=[(0, ''), (0, '')] 57s
b=1.0 da=-0.005 mag=0.001 total=0 per nest=[(0, ''), (0, '')] 57s
b=1.0 da=-0.005 mag=0.001 total=0 per nest=[(0, ''), (0, '')] 58s
b=1.0 da=-0.005 mag=0.001 total=0 per nest=[(0, ''), (0, '')] 58s
b=1.0 da=-0.005 mag=0.001 total=0 per nest=[(0, ''), (0, '')] 59s
b=1.0 da=-0.005 mag=0.001 total=1 per nest=[(1, 'S'), (0, '')] 59s
b=1.0 da=-0.005 mag=0.01 total=1 per nest=[(1, 'S'), (0, '')] 60s
b=1.0 da=-0.005 mag=0.01 total=1 per nest=[(1, 'U'), (0, '')] 60s
b=1.0 da=-0.005 mag=0.01 total=0 per nest=[(0, ''), (0, '')] 61s
b=1.0 da=-0.005 mag=0.01 total=0 per nest=[(0, ''), (0, '')] 61s
b=1.0 da=-0.005 mag=0.01 total=0 per nest=[(0, ''), (0, '')] 61s
b=1.0 da=-0.005 mag=0.01 total=0 per nest=[(0, ''), (0, '')] 61s
b=1.0 da=+0.000 mag=0.0001 total=0 per nest=[(0, ''), (0, '')] 62s
b=1.0 da=+0.000 mag=0.0001 total=0 per nest=[(0, ''), (0, '')] 63s
b=1.0 da=+0.000 mag=0.0001 total=0 per nest=[(0, ''), (0, '')] 63s
b=1.0 da=+0.000 mag=0.0001 total=0 per nest=[(0, ''), (0, '')] 64s
b=1.0 da=+0.000 mag=0.0001 total=0 per nest=[(0, ''), (0, '')] 64s
b=1.0 da=+0.000 mag=0.0001 total=0 per nest=[(0, ''), (0, '')] 65s
b=1.0 da=+0.000 mag=0.001 total=0 per nest=[(0, ''), (0, '')] 65s
b=1.0 da=+0.000 mag=0.001 total=0 per nest=[(0, ''), (0, '')] 66s
b=1.0 da=+0.000 mag=0.001 total=0 per nest=[(0, ''), (0, '')] 66s
b=1.0 da=+0.000 mag=0.001 total=0 per nest=[(0, ''), (0, '')] 67s
b=1.0 da=+0.000 mag=0.001 total=1 per nest=[(1, 'U'), (0, '')] 67s
b=1.0 da=+0.000 mag=0.001 total=0 per nest=[(0, ''), (0, '')] 68s
b=1.0 da=+0.000 mag=0.01 total=0 per nest=[(0, ''), (0, '')] 68s
b=1.0 da=+0.000 mag=0.01 total=1 per nest=[(1, 'S'), (0, '')] 69s
b=1.0 da=+0.000 mag=0.01 total=1 per nest=[(1, 'U'), (0, '')] 69s
b=1.0 da=+0.000 mag=0.01 total=0 per nest=[(0, ''), (0, '')] 69s
b=1.0 da=+0.000 mag=0.01 total=0 per nest=[(0, ''), (0, '')] 70s
b=1.0 da=+0.000 mag=0.01 total=0 per nest=[(0, ''), (0, '')] 70s
b=1.0 da=+0.005 mag=0.0001 total=0 per nest=[(0, ''), (0, '')] 71s
b=1.0 da=+0.005 mag=0.0001 total=0 per nest=[(0, ''), (0, '')] 71s
b=1.0 da=+0.005 mag=0.0001 total=0 per nest=[(0, ''), (0, '')] 72s
b=1.0 da=+0.005 mag=0.0001 total=0 per nest=[(0, ''), (0, '')] 73s
b=1.0 da=+0.005 mag=0.0001 total=0 per nest=[(0, ''), (0, '')] 73s
b=1.0 da=+0.005 mag=0.0001 total=0 per nest=[(0, ''), (0, '')] 74s
b=1.0 da=+0.005 mag=0.001 total=1 per nest=[(1, 'S'), (0, '')] 74s
b=1.0 da=+0.005 mag=0.001 total=0 per nest=[(0, ''), (0, '')] 75s
b=1.0 da=+0.005 mag=0.001 total=0 per nest=[(0, ''), (0, '')] 75s
b=1.0 da=+0.005 mag=0.001 total=0 per nest=[(0, ''), (0, '')] 76s
b=1.0 da=+0.005 mag=0.001 total=0 per nest=[(0, ''), (0, '')] 76s
b=1.0 da=+0.005 mag=0.001 total=0 per nest=[(0, ''), (0, '')] 77s
b=1.0 da=+0.005 mag=0.01 total=0 per nest=[(0, ''), (0, '')] 77s
b=1.0 da=+0.005 mag=0.01 total=0 per nest=[(0, ''), (0, '')] 77s
b=1.0 da=+0.005 mag=0.01 total=0 per nest=[(0, ''), (0, '')] 78s
b=1.0 da=+0.005 mag=0.01 total=0 per nest=[(0, ''), (0, '')] 78s
b=1.0 da=+0.005 mag=0.01 total=0 per nest=[(0, ''), (0, '')] 79s
b=1.0 da=+0.005 mag=0.01 total=1 per nest=[(1, 'S'), (0, '')] 79s
b=1.0 da=+0.020 mag=0.0001 total=0 per nest=[(0, ''), (0, '')] 80s
b=1.0 da=+0.020 mag=0.0001 total=0 per nest=[(0, ''), (0, '')] 80s
b=1.0 da=+0.020 mag=0.0001 total=0 per nest=[(0, ''), (0, '')] 80s
b=1.0 da=+0.020 mag=0.0001 total=0 per nest=[(0, ''), (0, '')] 81s
b=1.0 da=+0.020 mag=0.0001 total=0 per nest=[(0, ''), (0, '')] 81s
b=1.0 da=+0.020 mag=0.0001 total=0 per nest=[(0, ''), (0, '')] 81s
b=1.0 da=+0.020 mag=0.001 total=0 per nest=[(0, ''), (0, '')] 82s
b=1.0 da=+0.020 mag=0.001 total=0 per nest=[(0, ''), (0, '')] 82s
b=1.0 da=+0.020 mag=0.001 total=2 per nest=[(1, 'U'), (1, 'S')] 83s
b=1.0 da=+0.020 mag=0.001 total=0 per nest=[(0, ''), (0, '')] 83s
b=1.0 da=+0.020 mag=0.001 total=0 per nest=[(0, ''), (0, '')] 84s
b=1.0 da=+0.020 mag=0.001 total=1 per nest=[(1, 'U'), (0, '')] 84s
b=1.0 da=+0.020 mag=0.01 total=1 per nest=[(1, 'U'), (0, '')] 84s
b=1.0 da=+0.020 mag=0.01 total=0 per nest=[(0, ''), (0, '')] 85s
b=1.0 da=+0.020 mag=0.01 total=0 per nest=[(0, ''), (0, '')] 85s
b=1.0 da=+0.020 mag=0.01 total=0 per nest=[(0, ''), (0, '')] 86s
b=1.0 da=+0.020 mag=0.01 total=0 per nest=[(0, ''), (0, '')] 86s
b=1.0 da=+0.020 mag=0.01 total=0 per nest=[(0, ''), (0, '')] 87s
b=1.5 da=-0.020 mag=0.0001 total=0 per nest=[(0, ''), (0, '')] 87s
b=1.5 da=-0.020 mag=0.0001 total=0 per nest=[(0, ''), (0, '')] 88s
b=1.5 da=-0.020 mag=0.0001 total=0 per nest=[(0, ''), (0, '')] 88s
b=1.5 da=-0.020 mag=0.0001 total=0 per nest=[(0, ''), (0, '')] 89s
b=1.5 da=-0.020 mag=0.0001 total=0 per nest=[(0, ''), (0, '')] 90s
b=1.5 da=-0.020 mag=0.0001 total=0 per nest=[(0, ''), (0, '')] 90s
b=1.5 da=-0.020 mag=0.001 total=0 per nest=[(0, ''), (0, '')] 91s
b=1.5 da=-0.020 mag=0.001 total=0 per nest=[(0, ''), (0, '')] 91s
b=1.5 da=-0.020 mag=0.001 total=0 per nest=[(0, ''), (0, '')] 92s
b=1.5 da=-0.020 mag=0.001 total=0 per nest=[(0, ''), (0, '')] 92s
b=1.5 da=-0.020 mag=0.001 total=0 per nest=[(0, ''), (0, '')] 93s
b=1.5 da=-0.020 mag=0.001 total=0 per nest=[(0, ''), (0, '')] 93s
b=1.5 da=-0.020 mag=0.01 total=0 per nest=[(0, ''), (0, '')] 94s
b=1.5 da=-0.020 mag=0.01 total=0 per nest=[(0, ''), (0, '')] 94s
b=1.5 da=-0.020 mag=0.01 total=0 per nest=[(0, ''), (0, '')] 94s
b=1.5 da=-0.020 mag=0.01 total=0 per nest=[(0, ''), (0, '')] 95s
b=1.5 da=-0.020 mag=0.01 total=0 per nest=[(0, ''), (0, '')] 95s
b=1.5 da=-0.020 mag=0.01 total=0 per nest=[(0, ''), (0, '')] 96s
b=1.5 da=-0.005 mag=0.0001 total=0 per nest=[(0, ''), (0, '')] 96s
b=1.5 da=-0.005 mag=0.0001 total=0 per nest=[(0, ''), (0, '')] 97s
b=1.5 da=-0.005 mag=0.0001 total=0 per nest=[(0, ''), (0, '')] 98s
b=1.5 da=-0.005 mag=0.0001 total=0 per nest=[(0, ''), (0, '')] 98s
b=1.5 da=-0.005 mag=0.0001 total=0 per nest=[(0, ''), (0, '')] 99s
b=1.5 da=-0.005 mag=0.0001 total=0 per nest=[(0, ''), (0, '')] 99s
b=1.5 da=-0.005 mag=0.001 total=0 per nest=[(0, ''), (0, '')] 99s
b=1.5 da=-0.005 mag=0.001 total=0 per nest=[(0, ''), (0, '')] 100s
b=1.5 da=-0.005 mag=0.001 total=0 per nest=[(0, ''), (0, '')] 100s
b=1.5 da=-0.005 mag=0.001 total=0 per nest=[(0, ''), (0, '')] 101s
b=1.5 da=-0.005 mag=0.001 total=0 per nest=[(0, ''), (0, '')] 101s
b=1.5 da=-0.005 mag=0.001 total=0 per nest=[(0, ''), (0, '')] 102s
b=1.5 da=-0.005 mag=0.01 total=1 per nest=[(0, ''), (1, 'S')] 102s
b=1.5 da=-0.005 mag=0.01 total=0 per nest=[(0, ''), (0, '')] 103s
b=1.5 da=-0.005 mag=0.01 total=0 per nest=[(0, ''), (0, '')] 103s
b=1.5 da=-0.005 mag=0.01 total=0 per nest=[(0, ''), (0, '')] 103s
b=1.5 da=-0.005 mag=0.01 total=0 per nest=[(0, ''), (0, '')] 104s
b=1.5 da=-0.005 mag=0.01 total=0 per nest=[(0, ''), (0, '')] 104s
b=1.5 da=+0.000 mag=0.0001 total=0 per nest=[(0, ''), (0, '')] 105s
b=1.5 da=+0.000 mag=0.0001 total=0 per nest=[(0, ''), (0, '')] 105s
b=1.5 da=+0.000 mag=0.0001 total=0 per nest=[(0, ''), (0, '')] 106s
b=1.5 da=+0.000 mag=0.0001 total=0 per nest=[(0, ''), (0, '')] 106s
b=1.5 da=+0.000 mag=0.0001 total=0 per nest=[(0, ''), (0, '')] 107s
b=1.5 da=+0.000 mag=0.0001 total=0 per nest=[(0, ''), (0, '')] 107s
b=1.5 da=+0.000 mag=0.001 total=1 per nest=[(0, ''), (1, 'S')] 108s
b=1.5 da=+0.000 mag=0.001 total=1 per nest=[(0, ''), (1, 'U')] 108s
b=1.5 da=+0.000 mag=0.001 total=0 per nest=[(0, ''), (0, '')] 109s
b=1.5 da=+0.000 mag=0.001 total=0 per nest=[(0, ''), (0, '')] 109s
b=1.5 da=+0.000 mag=0.001 total=0 per nest=[(0, ''), (0, '')] 110s
b=1.5 da=+0.000 mag=0.001 total=0 per nest=[(0, ''), (0, '')] 110s
b=1.5 da=+0.000 mag=0.01 total=0 per nest=[(0, ''), (0, '')] 111s
b=1.5 da=+0.000 mag=0.01 total=1 per nest=[(0, ''), (1, 'U')] 111s
b=1.5 da=+0.000 mag=0.01 total=0 per nest=[(0, ''), (0, '')] 111s
b=1.5 da=+0.000 mag=0.01 total=0 per nest=[(0, ''), (0, '')] 112s
b=1.5 da=+0.000 mag=0.01 total=0 per nest=[(0, ''), (0, '')] 112s
b=1.5 da=+0.000 mag=0.01 total=0 per nest=[(0, ''), (0, '')] 113s
b=1.5 da=+0.005 mag=0.0001 total=0 per nest=[(0, ''), (0, '')] 113s
b=1.5 da=+0.005 mag=0.0001 total=0 per nest=[(0, ''), (0, '')] 114s
b=1.5 da=+0.005 mag=0.0001 total=0 per nest=[(0, ''), (0, '')] 115s
b=1.5 da=+0.005 mag=0.0001 total=0 per nest=[(0, ''), (0, '')] 115s
b=1.5 da=+0.005 mag=0.0001 total=0 per nest=[(0, ''), (0, '')] 116s
b=1.5 da=+0.005 mag=0.0001 total=0 per nest=[(0, ''), (0, '')] 116s
b=1.5 da=+0.005 mag=0.001 total=0 per nest=[(0, ''), (0, '')] 117s
b=1.5 da=+0.005 mag=0.001 total=0 per nest=[(0, ''), (0, '')] 117s
b=1.5 da=+0.005 mag=0.001 total=0 per nest=[(0, ''), (0, '')] 118s
b=1.5 da=+0.005 mag=0.001 total=0 per nest=[(0, ''), (0, '')] 118s
b=1.5 da=+0.005 mag=0.001 total=1 per nest=[(1, 'U'), (0, '')] 119s
b=1.5 da=+0.005 mag=0.001 total=0 per nest=[(0, ''), (0, '')] 119s
b=1.5 da=+0.005 mag=0.01 total=0 per nest=[(0, ''), (0, '')] 120s
b=1.5 da=+0.005 mag=0.01 total=0 per nest=[(0, ''), (0, '')] 120s
b=1.5 da=+0.005 mag=0.01 total=0 per nest=[(0, ''), (0, '')] 120s
b=1.5 da=+0.005 mag=0.01 total=0 per nest=[(0, ''), (0, '')] 121s
b=1.5 da=+0.005 mag=0.01 total=0 per nest=[(0, ''), (0, '')] 121s
b=1.5 da=+0.005 mag=0.01 total=0 per nest=[(0, ''), (0, '')] 122s
b=1.5 da=+0.020 mag=0.0001 total=0 per nest=[(0, ''), (0, '')] 122s
b=1.5 da=+0.020 mag=0.0001 total=0 per nest=[(0, ''), (0, '')] 123s
b=1.5 da=+0.020 mag=0.0001 total=0 per nest=[(0, ''), (0, '')] 123s
b=1.5 da=+0.020 mag=0.0001 total=0 per nest=[(0, ''), (0, '')] 124s
b=1.5 da=+0.020 mag=0.0001 total=0 per nest=[(0, ''), (0, '')] 125s
b=1.5 da=+0.020 mag=0.0001 total=0 per nest=[(0, ''), (0, '')] 125s
b=1.5 da=+0.020 mag=0.001 total=0 per nest=[(0, ''), (0, '')] 126s
b=1.5 da=+0.020 mag=0.001 total=0 per nest=[(0, ''), (0, '')] 126s
b=1.5 da=+0.020 mag=0.001 total=0 per nest=[(0, ''), (0, '')] 127s
b=1.5 da=+0.020 mag=0.001 total=0 per nest=[(0, ''), (0, '')] 127s
b=1.5 da=+0.020 mag=0.001 total=1 per nest=[(0, ''), (1, 'U')] 128s
b=1.5 da=+0.020 mag=0.001 total=0 per nest=[(0, ''), (0, '')] 128s
b=1.5 da=+0.020 mag=0.01 total=1 per nest=[(0, ''), (1, 'U')] 129s
b=1.5 da=+0.020 mag=0.01 total=0 per nest=[(0, ''), (0, '')] 129s
b=1.5 da=+0.020 mag=0.01 total=0 per nest=[(0, ''), (0, '')] 129s
b=1.5 da=+0.020 mag=0.01 total=0 per nest=[(0, ''), (0, '')] 129s
b=1.5 da=+0.020 mag=0.01 total=0 per nest=[(0, ''), (0, '')] 130s
b=1.5 da=+0.020 mag=0.01 total=0 per nest=[(0, ''), (0, '')] 130s
DONE {0: 213, 1: 52, 2: 4, 3: 1}
