b=0.5 e1=+0.01 da=+0.0001 done 11s hist {0: 8, 1: 13, 2: 4}
b=0.5 e1=+0.01 da=+0.001 done 21s hist {0: 16, 1: 26, 2: 8}
b=0.5 e1=+0.01 da=+0.01 done 33s hist {0: 24, 1: 39, 2: 12}
b=0.5 e1=+0.01 da=+0.03 done 44s hist {0: 31, 1: 52, 2: 17}
b=0.5 e1=+0.01 da=-0.0001 done 56s hist {0: 39, 1: 64, 2: 22}
b=0.5 e1=+0.01 da=-0.001 done 68s hist {0: 47, 1: 76, 2: 27}
b=0.5 e1=+0.01 da=-0.01 done 79s hist {0: 55, 1: 88, 2: 32}
b=0.5 e1=+0.01 da=-0.03 done 89s hist {0: 63, 1: 99, 2: 37, 3: 1}
b=0.5 e1=+0.001 da=+0.0001 done 101s hist {0: 71, 1: 112, 2: 41, 3: 1}
b=0.5 e1=+0.001 da=+0.001 done 113s hist {0: 79, 1: 125, 2: 45, 3: 1}
b=0.5 e1=+0.001 da=+0.01 done 125s hist {0: 87, 1: 138, 2: 49, 3: 1}
b=0.5 e1=+0.001 da=+0.03 done 138s hist {0: 94, 1: 151, 2: 54, 3: 1}
b=0.5 e1=+0.001 da=-0.0001 done 149s hist {0: 102, 1: 163, 2: 59, 3: 1}
b=0.5 e1=+0.001 da=-0.001 done 161s hist {0: 110, 1: 175, 2: 64, 3: 1}
b=0.5 e1=+0.001 da=-0.01 done 174s hist {0: 118, 1: 187, 2: 69, 3: 1}
b=0.5 e1=+0.001 da=-0.03 done 187s hist {0: 126, 1: 198, 2: 74, 3: 2}
b=0.5 e1=+0.0001 da=+0.0001 done 200s hist {0: 134, 1: 211, 2: 78, 3: 2}
b=0.5 e1=+0.0001 da=+0.001 done 212s hist {0: 142, 1: 224, 2: 82, 3: 2}
b=0.5 e1=+0.0001 da=+0.01 done 224s hist {0: 150, 1: 237, 2: 86, 3: 2}
b=0.5 e1=+0.0001 da=+0.03 done 238s hist {0: 157, 1: 250, 2: 91, 3: 2}
b=0.5 e1=+0.0001 da=-0.0001 done 250s hist {0: 165, 1: 262, 2: 96, 3: 2}
b=0.5 e1=+0.0001 da=-0.001 done 262s hist {0: 173, 1: 274, 2: 101, 3: 2}
b=0.5 e1=+0.0001 da=-0.01 done 274s hist {0: 181, 1: 286, 2: 106, 3: 2}
b=0.5 e1=+0.0001 da=-0.03 done 286s hist {0: 189, 1: 297, 2: 111, 3: 3}
b=0.5 e1=-0.01 da=+0.0001 done 297s hist {0: 199, 1: 310, 2: 113, 3: 3}
b=0.5 e1=-0.01 da=+0.001 done 308s hist {0: 209, 1: 323, 2: 115, 3: 3}
b=0.5 e1=-0.01 da=+0.01 done 318s hist {0: 219, 1: 336, 2: 117, 3: 3}
b=0.5 e1=-0.01 da=+0.03 done 329s hist {0: 228, 1: 349, 2: 120, 3: 3}
b=0.5 e1=-0.01 da=-0.0001 done 340s hist {0: 239, 1: 361, 2: 122, 3: 3}
b=0.5 e1=-0.01 da=-0.001 done 351s hist {0: 250, 1: 373, 2: 124, 3: 3}
b=0.5 e1=-0.01 da=-0.01 done 361s hist {0: 261, 1: 385, 2: 126, 3: 3}
b=0.5 e1=-0.01 da=-0.03 done 371s hist {0: 272, 1: 396, 2: 128, 3: 4}
b=0.5 e1=-0.001 da=+0.0001 done 383s hist {0: 282, 1: 409, 2: 130, 3: 4}
b=0.5 e1=-0.001 da=+0.001 done 394s hist {0: 292, 1: 422, 2: 132, 3: 4}
b=0.5 e1=-0.001 da=+0.01 done 407s hist {0: 302, 1: 435, 2: 134, 3: 4}
b=0.5 e1=-0.001 da=+0.03 done 418s hist {0: 311, 1: 448, 2: 137, 3: 4}
b=0.5 e1=-0.001 da=-0.0001 done 430s hist {0: 322, 1: 460, 2: 139, 3: 4}
b=0.5 e1=-0.001 da=-0.001 done 441s hist {0: 333, 1: 472, 2: 141, 3: 4}
b=0.5 e1=-0.001 da=-0.01 done 449s hist {0: 344, 1: 484, 2: 143, 3: 4}
b=0.5 e1=-0.001 da=-0.03 done 457s hist {0: 355, 1: 495, 2: 145, 3: 5}
b=0.5 e1=-0.0001 da=+0.0001 done 465s hist {0: 365, 1: 508, 2: 147, 3: 5}
b=0.5 e1=-0.0001 da=+0.001 done 473s hist {0: 375, 1: 521, 2: 149, 3: 5}
b=0.5 e1=-0.0001 da=+0.01 done 480s hist {0: 385, 1: 534, 2: 151, 3: 5}
b=0.5 e1=-0.0001 da=+0.03 done 487s hist {0: 394, 1: 547, 2: 154, 3: 5}
b=0.5 e1=-0.0001 da=-0.0001 done 494s hist {0: 405, 1: 559, 2: 156, 3: 5}
b=0.5 e1=-0.0001 da=-0.001 done 501s hist {0: 416, 1: 571, 2: 158, 3: 5}
b=0.5 e1=-0.0001 da=-0.01 done 507s hist {0: 427, 1: 583, 2: 160, 3: 5}
b=0.5 e1=-0.0001 da=-0.03 done 513s hist {0: 438, 1: 594, 2: 162, 3: 6}
b=1.5 e1=+0.01 da=+0.0001 done 518s hist {0: 443, 1: 604, 2: 170, 3: 8}
b=1.5 e1=+0.01 da=+0.001 done 523s hist {0: 448, 1: 614, 2: 178, 3: 10}
b=1.5 e1=+0.01 da=+0.01 done 528s hist {0: 453, 1: 624, 2: 186, 3: 12}
b=1.5 e1=+0.01 da=+0.03 done 533s hist {0: 458, 1: 634, 2: 194, 3: 14}
b=1.5 e1=+0.01 da=-0.0001 done 538s hist {0: 463, 1: 644, 2: 202, 3: 16}
b=1.5 e1=+0.01 da=-0.001 done 543s hist {0: 468, 1: 654, 2: 210, 3: 18}
b=1.5 e1=+0.01 da=-0.01 done 548s hist {0: 473, 1: 664, 2: 218, 3: 20}
b=1.5 e1=+0.01 da=-0.03 done 555s hist {0: 478, 1: 674, 2: 226, 3: 22}
b=1.5 e1=+0.001 da=+0.0001 done 561s hist {0: 483, 1: 684, 2: 234, 3: 24}
b=1.5 e1=+0.001 da=+0.001 done 567s hist {0: 488, 1: 694, 2: 242, 3: 26}
b=1.5 e1=+0.001 da=+0.01 done 573s hist {0: 493, 1: 704, 2: 250, 3: 28}
b=1.5 e1=+0.001 da=+0.03 done 579s hist {0: 498, 1: 714, 2: 258, 3: 30}
b=1.5 e1=+0.001 da=-0.0001 done 584s hist {0: 503, 1: 724, 2: 266, 3: 32}
b=1.5 e1=+0.001 da=-0.001 done 590s hist {0: 508, 1: 734, 2: 274, 3: 34}
b=1.5 e1=+0.001 da=-0.01 done 596s hist {0: 513, 1: 744, 2: 282, 3: 36}
b=1.5 e1=+0.001 da=-0.03 done 601s hist {0: 518, 1: 754, 2: 290, 3: 38}
b=1.5 e1=+0.0001 da=+0.0001 done 606s hist {0: 523, 1: 764, 2: 298, 3: 40}
b=1.5 e1=+0.0001 da=+0.001 done 611s hist {0: 528, 1: 774, 2: 306, 3: 42}
b=1.5 e1=+0.0001 da=+0.01 done 616s hist {0: 533, 1: 784, 2: 314, 3: 44}
b=1.5 e1=+0.0001 da=+0.03 done 621s hist {0: 538, 1: 794, 2: 322, 3: 46}
b=1.5 e1=+0.0001 da=-0.0001 done 626s hist {0: 543, 1: 804, 2: 330, 3: 48}
b=1.5 e1=+0.0001 da=-0.001 done 632s hist {0: 548, 1: 814, 2: 338, 3: 50}
b=1.5 e1=+0.0001 da=-0.01 done 637s hist {0: 553, 1: 824, 2: 346, 3: 52}
b=1.5 e1=+0.0001 da=-0.03 done 643s hist {0: 558, 1: 834, 2: 354, 3: 54}
b=1.5 e1=-0.01 da=+0.0001 done 647s hist {0: 566, 1: 846, 2: 359, 3: 54}
b=1.5 e1=-0.01 da=+0.001 done 652s hist {0: 574, 1: 858, 2: 364, 3: 54}
b=1.5 e1=-0.01 da=+0.01 done 657s hist {0: 582, 1: 870, 2: 369, 3: 54}
b=1.5 e1=-0.01 da=+0.03 done 661s hist {0: 590, 1: 882, 2: 374, 3: 54}
b=1.5 e1=-0.01 da=-0.0001 done 666s hist {0: 598, 1: 894, 2: 379, 3: 54}
b=1.5 e1=-0.01 da=-0.001 done 671s hist {0: 606, 1: 906, 2: 384, 3: 54}
b=1.5 e1=-0.01 da=-0.01 done 677s hist {0: 614, 1: 918, 2: 389, 3: 54}
b=1.5 e1=-0.01 da=-0.03 done 682s hist {0: 622, 1: 930, 2: 394, 3: 54}
b=1.5 e1=-0.001 da=+0.0001 done 688s hist {0: 630, 1: 942, 2: 399, 3: 54}
b=1.5 e1=-0.001 da=+0.001 done 694s hist {0: 638, 1: 954, 2: 404, 3: 54}
b=1.5 e1=-0.001 da=+0.01 done 700s hist {0: 646, 1: 966, 2: 409, 3: 54}
b=1.5 e1=-0.001 da=+0.03 done 706s hist {0: 654, 1: 978, 2: 414, 3: 54}
b=1.5 e1=-0.001 da=-0.0001 done 711s hist {0: 662, 1: 990, 2: 419, 3: 54}
b=1.5 e1=-0.001 da=-0.001 done 717s hist {0: 670, 1: 1002, 2: 424, 3: 54}
b=1.5 e1=-0.001 da=-0.01 done 723s hist {0: 678, 1: 1014, 2: 429, 3: 54}
b=1.5 e1=-0.001 da=-0.03 done 729s hist {0: 686, 1: 1026, 2: 434, 3: 54}
b=1.5 e1=-0.0001 da=+0.0001 done 733s hist {0: 694, 1: 1038, 2: 439, 3: 54}
b=1.5 e1=-0.0001 da=+0.001 done 737s hist {0: 702, 1: 1050, 2: 444, 3: 54}
b=1.5 e1=-0.0001 da=+0.01 done 742s hist {0: 710, 1: 1062, 2: 449, 3: 54}
b=1.5 e1=-0.0001 da=+0.03 done 748s hist {0: 718, 1: 1074, 2: 454, 3: 54}
b=1.5 e1=-0.0001 da=-0.0001 done 752s hist {0: 726, 1: 1086, 2: 459, 3: 54}
b=1.5 e1=-0.0001 da=-0.001 done 757s hist {0: 734, 1: 1098, 2: 464, 3: 54}
b=1.5 e1=-0.0001 da=-0.01 done 763s hist {0: 742, 1: 1110, 2: 469, 3: 54}
b=1.5 e1=-0.0001 da=-0.03 done 768s hist {0: 750, 1: 1122, 2: 474, 3: 54}
DONE {0: 750, 1: 1122, 2: 474, 3: 54}
