seeds 24 best 5.5
gen 0: sigma 0.03 best 5.50 totals {np.int64(0): np.int64(8), np.int64(1): np.int64(29), np.int64(2): np.int64(26), np.int64(3): np.int64(1)} 8s
gen 1: sigma 0.03 best 5.50 totals {np.int64(0): np.int64(8), np.int64(1): np.int64(33), np.int64(2): np.int64(21), np.int64(3): np.int64(2)} 8s
gen 2: sigma 0.0291 best 5.50 totals {np.int64(0): np.int64(9), np.int64(1): np.int64(36), np.int64(2): np.int64(19)} 7s
gen 3: sigma 0.0291 best 5.50 totals {np.int64(0): np.int64(17), np.int64(1): np.int64(24), np.int64(2): np.int64(22), np.int64(3): np.int64(1)} 8s
gen 4: sigma 0.0282 best 5.50 totals {np.int64(0): np.int64(11), np.int64(1): np.int64(28), np.int64(2): np.int64(21), np.int64(3): np.int64(4)} 8s
gen 5: sigma 0.0282 best 5.50 totals {np.int64(0): np.int64(14), np.int64(1): np.int64(27), np.int64(2): np.int64(21), np.int64(3): np.int64(2)} 7s
gen 6: sigma 0.0274 best 5.50 totals {np.int64(0): np.int64(15), np.int64(1): np.int64(29), np.int64(2): np.int64(19), np.int64(3): np.int64(1)} 8s
gen 7: sigma 0.0274 best 5.50 totals {np.int64(0): np.int64(11), np.int64(1): np.int64(28), np.int64(2): np.int64(23), np.int64(3): np.int64(2)} 8s
gen 8: sigma 0.0266 best 5.50 totals {np.int64(0): np.int64(8), np.int64(1): np.int64(25), np.int64(2): np.int64(31)} 8s
gen 9: sigma 0.0266 best 5.50 totals {np.int64(0): np.int64(18), np.int64(1): np.int64(24), np.int64(2): np.int64(21), np.int64(3): np.int64(1)} 7s
gen 10: sigma 0.0258 best 5.50 totals {np.int64(0): np.int64(9), np.int64(1): np.int64(30), np.int64(2): np.int64(22), np.int64(3): np.int64(2), np.int64(4): np.int64(1)} 8s
gen 11: sigma 0.0258 best 5.50 totals {np.int64(0): np.int64(8), np.int64(1): np.int64(36), np.int64(2): np.int64(17), np.int64(3): np.int64(3)} 8s
gen 12: sigma 0.025 best 5.50 totals {np.int64(0): np.int64(13), np.int64(1): np.int64(25), np.int64(2): np.int64(25), np.int64(3): np.int64(1)} 8s
gen 13: sigma 0.025 best 5.50 totals {np.int64(0): np.int64(11), np.int64(1): np.int64(27), np.int64(2): np.int64(20), np.int64(3): np.int64(6)} 8s
gen 14: sigma 0.0242 best 5.50 totals {np.int64(0): np.int64(15), np.int64(1): np.int64(26), np.int64(2): np.int64(21), np.int64(3): np.int64(2)} 8s
gen 15: sigma 0.0242 best 5.50 totals {np.int64(0): np.int64(17), np.int64(1): np.int64(20), np.int64(2): np.int64(24), np.int64(3): np.int64(3)} 8s
gen 16: sigma 0.0235 best 5.50 totals {np.int64(0): np.int64(8), np.int64(1): np.int64(30), np.int64(2): np.int64(21), np.int64(3): np.int64(5)} 8s
gen 17: sigma 0.0235 best 5.50 totals {np.int64(0): np.int64(9), np.int64(1): np.int64(24), np.int64(2): np.int64(22), np.int64(3): np.int64(9)} 8s
gen 18: sigma 0.0228 best 5.50 totals {np.int64(0): np.int64(10), np.int64(1): np.int64(26), np.int64(2): np.int64(27), np.int64(3): np.int64(1)} 9s
gen 19: sigma 0.0228 best 5.50 totals {np.int64(0): np.int64(6), np.int64(1): np.int64(26), np.int64(2): np.int64(28), np.int64(3): np.int64(4)} 8s
gen 20: sigma 0.0221 best 5.50 totals {np.int64(0): np.int64(8), np.int64(1): np.int64(30), np.int64(2): np.int64(23), np.int64(3): np.int64(3)} 8s
gen 21: sigma 0.0221 best 5.50 totals {np.int64(0): np.int64(11), np.int64(1): np.int64(33), np.int64(2): np.int64(16), np.int64(3): np.int64(4)} 8s
gen 22: sigma 0.0215 best 5.50 totals {np.int64(0): np.int64(15), np.int64(1): np.int64(30), np.int64(2): np.int64(18), np.int64(3): np.int64(1)} 8s
gen 23: sigma 0.0215 best 5.50 totals {np.int64(0): np.int64(10), np.int64(1): np.int64(27), np.int64(2): np.int64(24), np.int64(3): np.int64(3)} 8s
gen 24: sigma 0.0208 best 5.50 totals {np.int64(0): np.int64(11), np.int64(1): np.int64(33), np.int64(2): np.int64(17), np.int64(3): np.int64(3)} 8s
gen 25: sigma 0.0208 best 5.50 totals {np.int64(0): np.int64(11), np.int64(1): np.int64(26), np.int64(2): np.int64(24), np.int64(3): np.int64(3)} 8s
gen 26: sigma 0.0202 best 5.50 totals {np.int64(0): np.int64(8), np.int64(1): np.int64(29), np.int64(2): np.int64(23), np.int64(3): np.int64(4)} 8s
gen 27: sigma 0.0202 best 5.50 totals {np.int64(0): np.int64(6), np.int64(1): np.int64(37), np.int64(2): np.int64(20), np.int64(3): np.int64(1)} 8s
gen 28: sigma 0.0196 best 5.50 totals {np.int64(0): np.int64(14), np.int64(1): np.int64(28), np.int64(2): np.int64(19), np.int64(3): np.int64(3)} 8s
gen 29: sigma 0.0196 best 5.50 totals {np.int64(0): np.int64(11), np.int64(1): np.int64(24), np.int64(2): np.int64(27), np.int64(3): np.int64(2)} 8s
gen 30: sigma 0.019 best 5.50 totals {np.int64(0): np.int64(6), np.int64(1): np.int64(32), np.int64(2): np.int64(26)} 8s
gen 31: sigma 0.019 best 5.50 totals {np.int64(0): np.int64(13), np.int64(1): np.int64(27), np.int64(2): np.int64(20), np.int64(3): np.int64(4)} 8s
gen 32: sigma 0.0184 best 5.50 totals {np.int64(0): np.int64(12), np.int64(1): np.int64(29), np.int64(2): np.int64(22), np.int64(3): np.int64(1)} 8s
gen 33: sigma 0.0184 best 5.50 totals {np.int64(0): np.int64(5), np.int64(1): np.int64(30), np.int64(2): np.int64(26), np.int64(3): np.int64(3)} 8s
gen 34: sigma 0.0179 best 5.50 totals {np.int64(0): np.int64(7), np.int64(1): np.int64(33), np.int64(2): np.int64(21), np.int64(3): np.int64(3)} 8s
gen 35: sigma 0.0179 best 5.50 totals {np.int64(0): np.int64(7), np.int64(1): np.int64(32), np.int64(2): np.int64(20), np.int64(3): np.int64(5)} 8s
gen 36: sigma 0.0173 best 5.50 totals {np.int64(0): np.int64(9), np.int64(1): np.int64(32), np.int64(2): np.int64(21), np.int64(3): np.int64(2)} 8s
gen 37: sigma 0.0173 best 5.50 totals {np.int64(0): np.int64(11), np.int64(1): np.int64(20), np.int64(2): np.int64(27), np.int64(3): np.int64(6)} 8s
gen 38: sigma 0.0168 best 5.50 totals {np.int64(0): np.int64(10), np.int64(1): np.int64(26), np.int64(2): np.int64(25), np.int64(3): np.int64(3)} 8s
gen 39: sigma 0.0168 best 5.50 totals {np.int64(0): np.int64(6), np.int64(1): np.int64(29), np.int64(2): np.int64(27), np.int64(3): np.int64(2)} 8s
DONE best_total 4
